Microchip MPLAB XC8 Compiler V1.34 ()

Linker command line:

--edf=C:\Program Files (x86)\Microchip\xc8\v1.34\dat\en_msgs.txt -cs \
  -h+dist/default/production\PIC_DISPLAY_SEVEN_SEGMENTS.production.sym \
  --cmf=dist/default/production\PIC_DISPLAY_SEVEN_SEGMENTS.production.cmf \
  -z -Q18F26J50 -oC:\Users\ddavi\AppData\Local\Temp\s90k.6 \
  -Mdist/default/production/PIC_DISPLAY_SEVEN_SEGMENTS.production.map -E1 \
  -ver=XC8 -ASTACK=060h-0ebfh -pstack=STACK -ACODE=00h-0FFF7h \
  -ACONST=00h-0FFF7h -ASMALLCONST=0F00h-0FFFhx240,0FF00h-0FFF7h \
  -AMEDIUMCONST=0F00h-0FFF7h -ACOMRAM=01h-05Fh -AABS1=00h-0EBFh \
  -ABIGRAM=01h-0EBFh -ARAM=060h-0FFh,0100h-01FFhx13,0E00h-0EBFh \
  -ABANK0=060h-0FFh -ABANK1=0100h-01FFh -ABANK2=0200h-02FFh \
  -ABANK3=0300h-03FFh -ABANK4=0400h-04FFh -ABANK5=0500h-05FFh \
  -ABANK6=0600h-06FFh -ABANK7=0700h-07FFh -ABANK8=0800h-08FFh \
  -ABANK9=0900h-09FFh -ABANK10=0A00h-0AFFh -ABANK11=0B00h-0BFFh \
  -ABANK12=0C00h-0CFFh -ABANK13=0D00h-0DFFh -ABANK14=0E00h-0EBFh \
  -ASFR=0EC0h-0EFFh,0F00h-0F5Fh,0F60h-0FFFh \
  -preset_vec=00h,intcode,intcodelo,powerup,init,end_init -pramtop=0F00h \
  -psmallconst=SMALLCONST -pmediumconst=MEDIUMCONST -pconst=CONST \
  -AFARRAM=00h-00h -ACONFIG=0FFF8h-0FFFFh -pconfig=CONFIG \
  -pjflash_buffer=0F800h \
  -prdata=COMRAM,nvrram=COMRAM,nvbit=COMRAM,rbss=COMRAM,rbit=COMRAM \
  -pfarbss=FARRAM,fardata=FARRAM,nvFARRAM=FARRAM \
  -pintsave_regs=BIGRAM,bigbss=BIGRAM,bigdata=BIGRAM -pbss=RAM \
  -pidata=CODE,irdata=CODE,ibigdata=CODE,ifardata=CODE -prparam=COMRAM \
  C:\Users\ddavi\AppData\Local\Temp\s90k.obj \
  dist/default/production\PIC_DISPLAY_SEVEN_SEGMENTS.production.obj 

Object code version is 3.11

Machine type is 18F26J50

Call graph: (short form)




                Name                               Link     Load   Length Selector   Space Scale
C:\Users\ddavi\AppData\Local\Temp\s90k.obj
                end_init                              0        0        4        0       0
                config                             FFF8     FFF8        8     FFF8       0
dist/default/production\PIC_DISPLAY_SEVEN_SEGMENTS.production.obj
                text12                             FDE0     FDE0       10     7EF0       0
                text11                             FDF0     FDF0       10     7EF8       0
                text10                             FE00     FE00       10     7F00       0
                text9                              FE10     FE10       10     7F08       0
                text8                              FE20     FE20       10     7F10       0
                text7                              FE30     FE30       10     7F18       0
                text6                              FE40     FE40       10     7F20       0
                text5                              FE50     FE50       10     7F28       0
                text4                              FE60     FE60       10     7F30       0
                text3                              FE70     FE70       10     7F38       0
                text2                              FEB6     FEB6       90     7F5B       0
                text1                              FE80     FE80       36     7F40       0
                cstackCOMRAM                          1        1        9        1       1
                cinit                              FDD6     FDD6        A     7EEB       0
                text0                              FF46     FF46       B2     7FA3       0

TOTAL           Name                               Link     Load   Length     Space
        CLASS   STACK          

        CLASS   CODE           
                end_init                              0        0        4         0
                text12                             FDE0     FDE0       10         0
                text11                             FDF0     FDF0       10         0
                text10                             FE00     FE00       10         0
                text9                              FE10     FE10       10         0
                text8                              FE20     FE20       10         0
                text7                              FE30     FE30       10         0
                text6                              FE40     FE40       10         0
                text5                              FE50     FE50       10         0
                text4                              FE60     FE60       10         0
                text3                              FE70     FE70       10         0
                text2                              FEB6     FEB6       90         0
                text1                              FE80     FE80       36         0
                cinit                              FDD6     FDD6        A         0
                text0                              FF46     FF46       B2         0

        CLASS   CONST          

        CLASS   SMALLCONST     

        CLASS   MEDIUMCONST    

        CLASS   COMRAM         
                cstackCOMRAM                          1        1        9         1

        CLASS   ABS1           

        CLASS   BIGRAM         

        CLASS   RAM            

        CLASS   BANK0          

        CLASS   BANK1          

        CLASS   BANK2          

        CLASS   BANK3          

        CLASS   BANK4          

        CLASS   BANK5          

        CLASS   BANK6          

        CLASS   BANK7          

        CLASS   BANK8          

        CLASS   BANK9          

        CLASS   BANK10         

        CLASS   BANK11         

        CLASS   BANK12         

        CLASS   BANK13         

        CLASS   BANK14         

        CLASS   SFR            

        CLASS   FARRAM         

        CLASS   CONFIG         
                config                             FFF8     FFF8        8         0

        CLASS   IDLOC          



SEGMENTS        Name                           Load    Length   Top    Selector   Space  Class

                reset_vec                      000000  000004  000004         0       0  CODE    
                cstackCOMRAM                   000001  000009  00000A         1       1  COMRAM  
                cinit                          00FDD6  00000A  00FDE0      7EEB       0  CODE    
                text12                         00FDE0  000010  00FDF0      7EF0       0  CODE    
                text11                         00FDF0  000010  00FE00      7EF8       0  CODE    
                text10                         00FE00  000010  00FE10      7F00       0  CODE    
                text9                          00FE10  000010  00FE20      7F08       0  CODE    
                text8                          00FE20  000010  00FE30      7F10       0  CODE    
                text7                          00FE30  000010  00FE40      7F18       0  CODE    
                text6                          00FE40  000010  00FE50      7F20       0  CODE    
                text5                          00FE50  000010  00FE60      7F28       0  CODE    
                text4                          00FE60  000010  00FE70      7F30       0  CODE    
                text3                          00FE70  000010  00FE80      7F38       0  CODE    
                text1                          00FE80  000036  00FEB6      7F40       0  CODE    
                text2                          00FEB6  000090  00FF46      7F5B       0  CODE    
                text0                          00FF46  0000B2  00FFF8      7FA3       0  CODE    
                config                         00FFF8  000008  010000      FFF8       0  CONFIG  


UNUSED ADDRESS RANGES

        Name                Unused          Largest block    Delta
        BANK0            00060-000FF              A0
        BANK1            00100-001FF             100
        BANK10           00A00-00AFF             100
        BANK11           00B00-00BFF             100
        BANK12           00C00-00CFF             100
        BANK13           00D00-00DFF             100
        BANK14           00E00-00EBF              C0
        BANK2            00200-002FF             100
        BANK3            00300-003FF             100
        BANK4            00400-004FF             100
        BANK5            00500-005FF             100
        BANK6            00600-006FF             100
        BANK7            00700-007FF             100
        BANK8            00800-008FF             100
        BANK9            00900-009FF             100
        BIGRAM           0000A-00EBF             EB6
        CODE             00004-0FDD5            FDD2
        COMRAM           0000A-0005F              56
        CONST            00004-0FDD5            FDD2
        MEDIUMCONST      00F00-0FDD5            EED6
        RAM              00060-00EBF             100
        SFR              00EC0-00FFF              60
        SMALLCONST       00F00-0FDD5             100
        STACK            00060-00EBF             E60

                                  Symbol Table

_ADCON0                     (abs)         00FC2
_ADCON1                     (abs)         00FC1
_ANCON0                     (abs)         00F48
_ANCON1                     (abs)         00F49
_LATCbits                   (abs)         00F8B
_OSCCONbits                 (abs)         00FD3
_OSCTUNEbits                (abs)         00F9B
_PORTBbits                  (abs)         00F81
_PORTCbits                  (abs)         00F82
_RTCCFGbits                 (abs)         00F3F
_T1CONbits                  (abs)         00FCD
_TRISA                      (abs)         00F92
_TRISB                      (abs)         00F93
_TRISC                      (abs)         00F94
__CFG_CP0$OFF               (abs)         00000
__CFG_CPUDIV$OSC1           (abs)         00000
__CFG_DSBOREN$OFF           (abs)         00000
__CFG_DSWDTEN$OFF           (abs)         00000
__CFG_DSWDTOSC$INTOSCREF    (abs)         00000
__CFG_DSWDTPS$G2            (abs)         00000
__CFG_FCMEN$OFF             (abs)         00000
__CFG_IESO$OFF              (abs)         00000
__CFG_IOL1WAY$OFF           (abs)         00000
__CFG_LPT1OSC$OFF           (abs)         00000
__CFG_MSSP7B_EN$MSK7        (abs)         00000
__CFG_OSC$INTOSC            (abs)         00000
__CFG_PLLDIV$1              (abs)         00000
__CFG_RTCOSC$T1OSCREF       (abs)         00000
__CFG_STVREN$ON             (abs)         00000
__CFG_T1DIG$ON              (abs)         00000
__CFG_WDTEN$OFF             (abs)         00000
__CFG_WDTPS$32768           (abs)         00000
__CFG_WPCFG$OFF             (abs)         00000
__CFG_WPDIS$OFF             (abs)         00000
__CFG_XINST$OFF             (abs)         00000
__HRAM                      (abs)         00000
__Habs1                     abs1          00000
__Hbank0                    bank0         00000
__Hbank1                    bank1         00000
__Hbank10                   bank10        00000
__Hbank11                   bank11        00000
__Hbank12                   bank12        00000
__Hbank13                   bank13        00000
__Hbank14                   bank14        00000
__Hbank2                    bank2         00000
__Hbank3                    bank3         00000
__Hbank4                    bank4         00000
__Hbank5                    bank5         00000
__Hbank6                    bank6         00000
__Hbank7                    bank7         00000
__Hbank8                    bank8         00000
__Hbank9                    bank9         00000
__Hbigbss                   bigbss        00000
__Hbigdata                  bigdata       00000
__Hbigram                   bigram        00000
__Hbss                      bss           00000
__Hcinit                    cinit         00000
__Hclrtext                  clrtext       00000
__Hcomram                   comram        00000
__Hconfig                   config        10000
__Hconst                    const         00000
__HcstackCOMRAM             cstackCOMRAM  00000
__Hdata                     data          00000
__Hend_init                 end_init      00004
__Hfarbss                   farbss        00000
__Hfardata                  fardata       00000
__Hibigdata                 ibigdata      00000
__Hidata                    idata         00000
__Hidloc                    idloc         00000
__Hifardata                 ifardata      00000
__Hinit                     init          00000
__Hintcode                  intcode       00000
__Hintcode_body             intcode_body  00000
__Hintcodelo                intcodelo     00000
__Hintentry                 intentry      00000
__Hintret                   intret        00000
__Hintsave_regs             intsave_regs  00000
__Hirdata                   irdata        00000
__Hjflash_buffer            jflash_buffer 0F800
__Hmediumconst              mediumconst   00000
__HnvFARRAM                 nvFARRAM      00000
__Hnvbit                    nvbit         00000
__Hnvrram                   nvrram        00000
__Hparam                    rparam        00000
__Hpowerup                  powerup       00000
__Hram                      ram           00000
__Hramtop                   ramtop        00F00
__Hrbit                     rbit          00000
__Hrbss                     rbss          00000
__Hrdata                    rdata         00000
__Hreset_vec                reset_vec     00000
__Hrparam                   rparam        00000
__Hsfr                      sfr           00000
__Hsmallconst               smallconst    00000
__Hspace_0                  (abs)         10000
__Hspace_1                  (abs)         0000A
__Hspace_2                  (abs)         00000
__Hstack                    stack         00000
__Hstruct                   struct        00000
__Htemp                     temp          00000
__Htext                     text          00000
__Htext0                    text0         00000
__Htext1                    text1         00000
__Htext10                   text10        00000
__Htext11                   text11        00000
__Htext12                   text12        00000
__Htext2                    text2         00000
__Htext3                    text3         00000
__Htext4                    text4         00000
__Htext5                    text5         00000
__Htext6                    text6         00000
__Htext7                    text7         00000
__Htext8                    text8         00000
__Htext9                    text9         00000
__LRAM                      (abs)         00001
__Labs1                     abs1          00000
__Lbank0                    bank0         00000
__Lbank1                    bank1         00000
__Lbank10                   bank10        00000
__Lbank11                   bank11        00000
__Lbank12                   bank12        00000
__Lbank13                   bank13        00000
__Lbank14                   bank14        00000
__Lbank2                    bank2         00000
__Lbank3                    bank3         00000
__Lbank4                    bank4         00000
__Lbank5                    bank5         00000
__Lbank6                    bank6         00000
__Lbank7                    bank7         00000
__Lbank8                    bank8         00000
__Lbank9                    bank9         00000
__Lbigbss                   bigbss        00000
__Lbigdata                  bigdata       00000
__Lbigram                   bigram        00000
__Lbss                      bss           00000
__Lcinit                    cinit         00000
__Lclrtext                  clrtext       00000
__Lcomram                   comram        00000
__Lconfig                   config        0FFF8
__Lconst                    const         00000
__LcstackCOMRAM             cstackCOMRAM  00000
__Ldata                     data          00000
__Lend_init                 end_init      00000
__Lfarbss                   farbss        00000
__Lfardata                  fardata       00000
__Libigdata                 ibigdata      00000
__Lidata                    idata         00000
__Lidloc                    idloc         00000
__Lifardata                 ifardata      00000
__Linit                     init          00000
__Lintcode                  intcode       00000
__Lintcode_body             intcode_body  00000
__Lintcodelo                intcodelo     00000
__Lintentry                 intentry      00000
__Lintret                   intret        00000
__Lintsave_regs             intsave_regs  00000
__Lirdata                   irdata        00000
__Ljflash_buffer            jflash_buffer 0F800
__Lmediumconst              mediumconst   00000
__LnvFARRAM                 nvFARRAM      00000
__Lnvbit                    nvbit         00000
__Lnvrram                   nvrram        00000
__Lparam                    rparam        00000
__Lpowerup                  powerup       00000
__Lram                      ram           00000
__Lramtop                   ramtop        00F00
__Lrbit                     rbit          00000
__Lrbss                     rbss          00000
__Lrdata                    rdata         00000
__Lreset_vec                reset_vec     00000
__Lrparam                   rparam        00000
__Lsfr                      sfr           00000
__Lsmallconst               smallconst    00000
__Lspace_0                  (abs)         00000
__Lspace_1                  (abs)         00000
__Lspace_2                  (abs)         00000
__Lstack                    stack         00000
__Lstruct                   struct        00000
__Ltemp                     temp          00000
__Ltext                     text          00000
__Ltext0                    text0         00000
__Ltext1                    text1         00000
__Ltext10                   text10        00000
__Ltext11                   text11        00000
__Ltext12                   text12        00000
__Ltext2                    text2         00000
__Ltext3                    text3         00000
__Ltext4                    text4         00000
__Ltext5                    text5         00000
__Ltext6                    text6         00000
__Ltext7                    text7         00000
__Ltext8                    text8         00000
__Ltext9                    text9         00000
__S0                        (abs)         10000
__S1                        (abs)         0000A
__S2                        (abs)         00000
___inthi_sp                 stack         00000
___intlo_sp                 stack         00000
___param_bank               (abs)         00010
___rparam_used              (abs)         00001
___sp                       stack         00000
__accesstop                 (abs)         00060
__activetblptr              (abs)         00002
__end_of__initialization    cinit         0FDD6
__end_of_main               text0         0FFF8
__end_of_number_0           text12        0FDF0
__end_of_number_1           text11        0FE00
__end_of_number_2           text10        0FE10
__end_of_number_3           text9         0FE20
__end_of_number_4           text8         0FE30
__end_of_number_5           text7         0FE40
__end_of_number_6           text6         0FE50
__end_of_number_7           text5         0FE60
__end_of_number_8           text4         0FE70
__end_of_number_9           text3         0FE80
__end_of_number_to_segment  text2         0FF46
__end_of_setup              text1         0FEB6
__initialization            cinit         0FDD6
__mediumconst               mediumconst   00000
__pcinit                    cinit         0FDD6
__pcstackCOMRAM             cstackCOMRAM  00001
__ptext0                    text0         0FF46
__ptext1                    text1         0FE80
__ptext10                   text10        0FE00
__ptext11                   text11        0FDF0
__ptext12                   text12        0FDE0
__ptext2                    text2         0FEB6
__ptext3                    text3         0FE70
__ptext4                    text4         0FE60
__ptext5                    text5         0FE50
__ptext6                    text6         0FE40
__ptext7                    text7         0FE30
__ptext8                    text8         0FE20
__ptext9                    text9         0FE10
__ramtop                    ramtop        00F00
__size_of_main              (abs)         00000
__size_of_number_0          (abs)         00000
__size_of_number_1          (abs)         00000
__size_of_number_2          (abs)         00000
__size_of_number_3          (abs)         00000
__size_of_number_4          (abs)         00000
__size_of_number_5          (abs)         00000
__size_of_number_6          (abs)         00000
__size_of_number_7          (abs)         00000
__size_of_number_8          (abs)         00000
__size_of_number_9          (abs)         00000
__size_of_number_to_segment (abs)         00000
__size_of_setup             (abs)         00000
__smallconst                smallconst    00000
_main                       text0         0FF46
_number_0                   text12        0FDE0
_number_1                   text11        0FDF0
_number_2                   text10        0FE00
_number_3                   text9         0FE10
_number_4                   text8         0FE20
_number_5                   text7         0FE30
_number_6                   text6         0FE40
_number_7                   text5         0FE50
_number_8                   text4         0FE60
_number_9                   text3         0FE70
_number_to_segment          text2         0FEB6
_setup                      text1         0FE80
end_of_initialization       cinit         0FDD6
intlevel0                   text          00000
intlevel1                   text          00000
intlevel2                   text          00000
intlevel3                   text          00000
main@decena                 cstackCOMRAM  00006
main@unidad                 cstackCOMRAM  00008
number_to_segment@number    cstackCOMRAM  00001
stackhi                     (abs)         00EBF
stacklo                     (abs)         00060
start                       init          00000
start_initialization        cinit         0FDD6


FUNCTION INFORMATION:

 *************** function _main *****************
 Defined at:
		line 188 in file "main.c"
 Parameters:    Size  Location     Type
		None
 Auto vars:     Size  Location     Type
  unidad          2    7[COMRAM] int 
  decena          2    5[COMRAM] int 
 Return value:  Size  Location     Type
                  2   80[None  ] int 
 Registers used:
		wreg, status,2, status,0, cstack
 Tracked objects:
		On entry : 
		On exit  : 
		Unchanged: 
 Data sizes:     COMRAM   BANK0   BANK1   BANK2   BANK3   BANK4   BANK5   BANK6   BANK7   BANK8   BANK9  BANK10  BANK11  BANK12  BANK13  BANK14
      Params:         0       0       0       0       0       0       0       0       0       0       0       0       0       0       0       0
      Locals:         4       0       0       0       0       0       0       0       0       0       0       0       0       0       0       0
      Temps:          1       0       0       0       0       0       0       0       0       0       0       0       0       0       0       0
      Totals:         5       0       0       0       0       0       0       0       0       0       0       0       0       0       0       0
Total ram usage:        5 bytes
 Hardware stack levels required when called:    2
 This function calls:
		_number_to_segment
		_setup
 This function is called by:
		Startup code after reset
 This function uses a non-reentrant model


 *************** function _setup *****************
 Defined at:
		line 26 in file "main.c"
 Parameters:    Size  Location     Type
		None
 Auto vars:     Size  Location     Type
		None
 Return value:  Size  Location     Type
		None               void
 Registers used:
		wreg, status,2
 Tracked objects:
		On entry : 
		On exit  : 
		Unchanged: 
 Data sizes:     COMRAM   BANK0   BANK1   BANK2   BANK3   BANK4   BANK5   BANK6   BANK7   BANK8   BANK9  BANK10  BANK11  BANK12  BANK13  BANK14
      Params:         0       0       0       0       0       0       0       0       0       0       0       0       0       0       0       0
      Locals:         0       0       0       0       0       0       0       0       0       0       0       0       0       0       0       0
      Temps:          0       0       0       0       0       0       0       0       0       0       0       0       0       0       0       0
      Totals:         0       0       0       0       0       0       0       0       0       0       0       0       0       0       0       0
Total ram usage:        0 bytes
 Hardware stack levels used:    1
 This function calls:
		Nothing
 This function is called by:
		_main
 This function uses a non-reentrant model


 *************** function _number_to_segment *****************
 Defined at:
		line 152 in file "main.c"
 Parameters:    Size  Location     Type
  number          2    0[COMRAM] int 
 Auto vars:     Size  Location     Type
		None
 Return value:  Size  Location     Type
		None               void
 Registers used:
		wreg, status,2, status,0, cstack
 Tracked objects:
		On entry : 
		On exit  : 
		Unchanged: 
 Data sizes:     COMRAM   BANK0   BANK1   BANK2   BANK3   BANK4   BANK5   BANK6   BANK7   BANK8   BANK9  BANK10  BANK11  BANK12  BANK13  BANK14
      Params:         2       0       0       0       0       0       0       0       0       0       0       0       0       0       0       0
      Locals:         0       0       0       0       0       0       0       0       0       0       0       0       0       0       0       0
      Temps:          2       0       0       0       0       0       0       0       0       0       0       0       0       0       0       0
      Totals:         4       0       0       0       0       0       0       0       0       0       0       0       0       0       0       0
Total ram usage:        4 bytes
 Hardware stack levels used:    1
 Hardware stack levels required when called:    1
 This function calls:
		_number_0
		_number_1
		_number_2
		_number_3
		_number_4
		_number_5
		_number_6
		_number_7
		_number_8
		_number_9
 This function is called by:
		_main
 This function uses a non-reentrant model


 *************** function _number_9 *****************
 Defined at:
		line 142 in file "main.c"
 Parameters:    Size  Location     Type
		None
 Auto vars:     Size  Location     Type
		None
 Return value:  Size  Location     Type
		None               void
 Registers used:
		None
 Tracked objects:
		On entry : 
		On exit  : 
		Unchanged: 
 Data sizes:     COMRAM   BANK0   BANK1   BANK2   BANK3   BANK4   BANK5   BANK6   BANK7   BANK8   BANK9  BANK10  BANK11  BANK12  BANK13  BANK14
      Params:         0       0       0       0       0       0       0       0       0       0       0       0       0       0       0       0
      Locals:         0       0       0       0       0       0       0       0       0       0       0       0       0       0       0       0
      Temps:          0       0       0       0       0       0       0       0       0       0       0       0       0       0       0       0
      Totals:         0       0       0       0       0       0       0       0       0       0       0       0       0       0       0       0
Total ram usage:        0 bytes
 Hardware stack levels used:    1
 This function calls:
		Nothing
 This function is called by:
		_number_to_segment
 This function uses a non-reentrant model


 *************** function _number_8 *****************
 Defined at:
		line 132 in file "main.c"
 Parameters:    Size  Location     Type
		None
 Auto vars:     Size  Location     Type
		None
 Return value:  Size  Location     Type
		None               void
 Registers used:
		None
 Tracked objects:
		On entry : 
		On exit  : 
		Unchanged: 
 Data sizes:     COMRAM   BANK0   BANK1   BANK2   BANK3   BANK4   BANK5   BANK6   BANK7   BANK8   BANK9  BANK10  BANK11  BANK12  BANK13  BANK14
      Params:         0       0       0       0       0       0       0       0       0       0       0       0       0       0       0       0
      Locals:         0       0       0       0       0       0       0       0       0       0       0       0       0       0       0       0
      Temps:          0       0       0       0       0       0       0       0       0       0       0       0       0       0       0       0
      Totals:         0       0       0       0       0       0       0       0       0       0       0       0       0       0       0       0
Total ram usage:        0 bytes
 Hardware stack levels used:    1
 This function calls:
		Nothing
 This function is called by:
		_number_to_segment
 This function uses a non-reentrant model


 *************** function _number_7 *****************
 Defined at:
		line 122 in file "main.c"
 Parameters:    Size  Location     Type
		None
 Auto vars:     Size  Location     Type
		None
 Return value:  Size  Location     Type
		None               void
 Registers used:
		None
 Tracked objects:
		On entry : 
		On exit  : 
		Unchanged: 
 Data sizes:     COMRAM   BANK0   BANK1   BANK2   BANK3   BANK4   BANK5   BANK6   BANK7   BANK8   BANK9  BANK10  BANK11  BANK12  BANK13  BANK14
      Params:         0       0       0       0       0       0       0       0       0       0       0       0       0       0       0       0
      Locals:         0       0       0       0       0       0       0       0       0       0       0       0       0       0       0       0
      Temps:          0       0       0       0       0       0       0       0       0       0       0       0       0       0       0       0
      Totals:         0       0       0       0       0       0       0       0       0       0       0       0       0       0       0       0
Total ram usage:        0 bytes
 Hardware stack levels used:    1
 This function calls:
		Nothing
 This function is called by:
		_number_to_segment
 This function uses a non-reentrant model


 *************** function _number_6 *****************
 Defined at:
		line 112 in file "main.c"
 Parameters:    Size  Location     Type
		None
 Auto vars:     Size  Location     Type
		None
 Return value:  Size  Location     Type
		None               void
 Registers used:
		None
 Tracked objects:
		On entry : 
		On exit  : 
		Unchanged: 
 Data sizes:     COMRAM   BANK0   BANK1   BANK2   BANK3   BANK4   BANK5   BANK6   BANK7   BANK8   BANK9  BANK10  BANK11  BANK12  BANK13  BANK14
      Params:         0       0       0       0       0       0       0       0       0       0       0       0       0       0       0       0
      Locals:         0       0       0       0       0       0       0       0       0       0       0       0       0       0       0       0
      Temps:          0       0       0       0       0       0       0       0       0       0       0       0       0       0       0       0
      Totals:         0       0       0       0       0       0       0       0       0       0       0       0       0       0       0       0
Total ram usage:        0 bytes
 Hardware stack levels used:    1
 This function calls:
		Nothing
 This function is called by:
		_number_to_segment
 This function uses a non-reentrant model


 *************** function _number_5 *****************
 Defined at:
		line 102 in file "main.c"
 Parameters:    Size  Location     Type
		None
 Auto vars:     Size  Location     Type
		None
 Return value:  Size  Location     Type
		None               void
 Registers used:
		None
 Tracked objects:
		On entry : 
		On exit  : 
		Unchanged: 
 Data sizes:     COMRAM   BANK0   BANK1   BANK2   BANK3   BANK4   BANK5   BANK6   BANK7   BANK8   BANK9  BANK10  BANK11  BANK12  BANK13  BANK14
      Params:         0       0       0       0       0       0       0       0       0       0       0       0       0       0       0       0
      Locals:         0       0       0       0       0       0       0       0       0       0       0       0       0       0       0       0
      Temps:          0       0       0       0       0       0       0       0       0       0       0       0       0       0       0       0
      Totals:         0       0       0       0       0       0       0       0       0       0       0       0       0       0       0       0
Total ram usage:        0 bytes
 Hardware stack levels used:    1
 This function calls:
		Nothing
 This function is called by:
		_number_to_segment
 This function uses a non-reentrant model


 *************** function _number_4 *****************
 Defined at:
		line 92 in file "main.c"
 Parameters:    Size  Location     Type
		None
 Auto vars:     Size  Location     Type
		None
 Return value:  Size  Location     Type
		None               void
 Registers used:
		None
 Tracked objects:
		On entry : 
		On exit  : 
		Unchanged: 
 Data sizes:     COMRAM   BANK0   BANK1   BANK2   BANK3   BANK4   BANK5   BANK6   BANK7   BANK8   BANK9  BANK10  BANK11  BANK12  BANK13  BANK14
      Params:         0       0       0       0       0       0       0       0       0       0       0       0       0       0       0       0
      Locals:         0       0       0       0       0       0       0       0       0       0       0       0       0       0       0       0
      Temps:          0       0       0       0       0       0       0       0       0       0       0       0       0       0       0       0
      Totals:         0       0       0       0       0       0       0       0       0       0       0       0       0       0       0       0
Total ram usage:        0 bytes
 Hardware stack levels used:    1
 This function calls:
		Nothing
 This function is called by:
		_number_to_segment
 This function uses a non-reentrant model


 *************** function _number_3 *****************
 Defined at:
		line 82 in file "main.c"
 Parameters:    Size  Location     Type
		None
 Auto vars:     Size  Location     Type
		None
 Return value:  Size  Location     Type
		None               void
 Registers used:
		None
 Tracked objects:
		On entry : 
		On exit  : 
		Unchanged: 
 Data sizes:     COMRAM   BANK0   BANK1   BANK2   BANK3   BANK4   BANK5   BANK6   BANK7   BANK8   BANK9  BANK10  BANK11  BANK12  BANK13  BANK14
      Params:         0       0       0       0       0       0       0       0       0       0       0       0       0       0       0       0
      Locals:         0       0       0       0       0       0       0       0       0       0       0       0       0       0       0       0
      Temps:          0       0       0       0       0       0       0       0       0       0       0       0       0       0       0       0
      Totals:         0       0       0       0       0       0       0       0       0       0       0       0       0       0       0       0
Total ram usage:        0 bytes
 Hardware stack levels used:    1
 This function calls:
		Nothing
 This function is called by:
		_number_to_segment
 This function uses a non-reentrant model


 *************** function _number_2 *****************
 Defined at:
		line 72 in file "main.c"
 Parameters:    Size  Location     Type
		None
 Auto vars:     Size  Location     Type
		None
 Return value:  Size  Location     Type
		None               void
 Registers used:
		None
 Tracked objects:
		On entry : 
		On exit  : 
		Unchanged: 
 Data sizes:     COMRAM   BANK0   BANK1   BANK2   BANK3   BANK4   BANK5   BANK6   BANK7   BANK8   BANK9  BANK10  BANK11  BANK12  BANK13  BANK14
      Params:         0       0       0       0       0       0       0       0       0       0       0       0       0       0       0       0
      Locals:         0       0       0       0       0       0       0       0       0       0       0       0       0       0       0       0
      Temps:          0       0       0       0       0       0       0       0       0       0       0       0       0       0       0       0
      Totals:         0       0       0       0       0       0       0       0       0       0       0       0       0       0       0       0
Total ram usage:        0 bytes
 Hardware stack levels used:    1
 This function calls:
		Nothing
 This function is called by:
		_number_to_segment
 This function uses a non-reentrant model


 *************** function _number_1 *****************
 Defined at:
		line 62 in file "main.c"
 Parameters:    Size  Location     Type
		None
 Auto vars:     Size  Location     Type
		None
 Return value:  Size  Location     Type
		None               void
 Registers used:
		None
 Tracked objects:
		On entry : 
		On exit  : 
		Unchanged: 
 Data sizes:     COMRAM   BANK0   BANK1   BANK2   BANK3   BANK4   BANK5   BANK6   BANK7   BANK8   BANK9  BANK10  BANK11  BANK12  BANK13  BANK14
      Params:         0       0       0       0       0       0       0       0       0       0       0       0       0       0       0       0
      Locals:         0       0       0       0       0       0       0       0       0       0       0       0       0       0       0       0
      Temps:          0       0       0       0       0       0       0       0       0       0       0       0       0       0       0       0
      Totals:         0       0       0       0       0       0       0       0       0       0       0       0       0       0       0       0
Total ram usage:        0 bytes
 Hardware stack levels used:    1
 This function calls:
		Nothing
 This function is called by:
		_number_to_segment
 This function uses a non-reentrant model


 *************** function _number_0 *****************
 Defined at:
		line 52 in file "main.c"
 Parameters:    Size  Location     Type
		None
 Auto vars:     Size  Location     Type
		None
 Return value:  Size  Location     Type
		None               void
 Registers used:
		None
 Tracked objects:
		On entry : 
		On exit  : 
		Unchanged: 
 Data sizes:     COMRAM   BANK0   BANK1   BANK2   BANK3   BANK4   BANK5   BANK6   BANK7   BANK8   BANK9  BANK10  BANK11  BANK12  BANK13  BANK14
      Params:         0       0       0       0       0       0       0       0       0       0       0       0       0       0       0       0
      Locals:         0       0       0       0       0       0       0       0       0       0       0       0       0       0       0       0
      Temps:          0       0       0       0       0       0       0       0       0       0       0       0       0       0       0       0
      Totals:         0       0       0       0       0       0       0       0       0       0       0       0       0       0       0       0
Total ram usage:        0 bytes
 Hardware stack levels used:    1
 This function calls:
		Nothing
 This function is called by:
		_number_to_segment
 This function uses a non-reentrant model



MODULE INFORMATION

Module		Function		Class		Link	Load	Size
shared
		__initializatio		CODE           	FDD6	0000	1

shared estimated size: 1

main.c
		_number_to_segm		CODE           	FEB6	0000	145
		_main          		CODE           	FF46	0000	179
		_setup         		CODE           	FE80	0000	55
		_number_0      		CODE           	FDE0	0000	17
		_number_1      		CODE           	FDF0	0000	17
		_number_2      		CODE           	FE00	0000	17
		_number_3      		CODE           	FE10	0000	17
		_number_4      		CODE           	FE20	0000	17
		_number_5      		CODE           	FE30	0000	17
		_number_6      		CODE           	FE40	0000	17
		_number_7      		CODE           	FE50	0000	17
		_number_8      		CODE           	FE60	0000	17
		_number_9      		CODE           	FE70	0000	17

main.c estimated size: 549

