Microchip MPLAB XC8 Compiler V1.34 ()

Linker command line:

--edf=C:\Program Files (x86)\Microchip\xc8\v1.34\dat\en_msgs.txt -cs \
  -h+dist/default/production\PIC_DISPLAY_SEVEN_SEGMENTS.production.sym \
  --cmf=dist/default/production\PIC_DISPLAY_SEVEN_SEGMENTS.production.cmf \
  -z -Q18F26J50 -oC:\Users\ddavi\AppData\Local\Temp\s4pg.6 \
  -Mdist/default/production/PIC_DISPLAY_SEVEN_SEGMENTS.production.map -E1 \
  -ver=XC8 -ASTACK=060h-0ebfh -pstack=STACK -ACODE=00h-0FFF7h \
  -ACONST=00h-0FFF7h -ASMALLCONST=0F00h-0FFFhx240,0FF00h-0FFF7h \
  -AMEDIUMCONST=0F00h-0FFF7h -ACOMRAM=01h-05Fh -AABS1=00h-0EBFh \
  -ABIGRAM=01h-0EBFh -ARAM=060h-0FFh,0100h-01FFhx13,0E00h-0EBFh \
  -ABANK0=060h-0FFh -ABANK1=0100h-01FFh -ABANK2=0200h-02FFh \
  -ABANK3=0300h-03FFh -ABANK4=0400h-04FFh -ABANK5=0500h-05FFh \
  -ABANK6=0600h-06FFh -ABANK7=0700h-07FFh -ABANK8=0800h-08FFh \
  -ABANK9=0900h-09FFh -ABANK10=0A00h-0AFFh -ABANK11=0B00h-0BFFh \
  -ABANK12=0C00h-0CFFh -ABANK13=0D00h-0DFFh -ABANK14=0E00h-0EBFh \
  -ASFR=0EC0h-0EFFh,0F00h-0F5Fh,0F60h-0FFFh \
  -preset_vec=00h,intcode,intcodelo,powerup,init,end_init -pramtop=0F00h \
  -psmallconst=SMALLCONST -pmediumconst=MEDIUMCONST -pconst=CONST \
  -AFARRAM=00h-00h -ACONFIG=0FFF8h-0FFFFh -pconfig=CONFIG \
  -pjflash_buffer=0F800h \
  -prdata=COMRAM,nvrram=COMRAM,nvbit=COMRAM,rbss=COMRAM,rbit=COMRAM \
  -pfarbss=FARRAM,fardata=FARRAM,nvFARRAM=FARRAM \
  -pintsave_regs=BIGRAM,bigbss=BIGRAM,bigdata=BIGRAM -pbss=RAM \
  -pidata=CODE,irdata=CODE,ibigdata=CODE,ifardata=CODE -prparam=COMRAM \
  C:\Users\ddavi\AppData\Local\Temp\s4pg.obj \
  dist/default/production\PIC_DISPLAY_SEVEN_SEGMENTS.production.obj 

Object code version is 3.11

Machine type is 18F26J50

Call graph: (short form)




                Name                               Link     Load   Length Selector   Space Scale
C:\Users\ddavi\AppData\Local\Temp\s4pg.obj
                end_init                              0        0        4        0       0
                config                             FFF8     FFF8        8     FFF8       0
dist/default/production\PIC_DISPLAY_SEVEN_SEGMENTS.production.obj
                text24                             FEAE     FEAE       96     7F57       0
                text23                             FD56     FD56       28     7EAB       0
                text22                             FC76     FC76       10     7E3B       0
                text21                             FC86     FC86       10     7E43       0
                text20                             FC0E     FC0E        A     7E07       0
                text19                             FC18     FC18        A     7E0C       0
                text18                             FC22     FC22        A     7E11       0
                text17                             FC2C     FC2C        A     7E16       0
                text16                             FC36     FC36        A     7E1B       0
                text15                             FC40     FC40        A     7E20       0
                text14                             FCEA     FCEA       1A     7E75       0
                text13                             FC4A     FC4A        A     7E25       0
                text12                             FC54     FC54        A     7E2A       0
                text11                             FCA8     FCA8       16     7E54       0
                text10                             FCBE     FCBE       16     7E5F       0
                text9                              FC96     FC96       12     7E4B       0
                text8                              FCD4     FCD4       16     7E6A       0
                text7                              FD04     FD04       1A     7E82       0
                text6                              FC68     FC68        E     7E34       0
                text5                              FD38     FD38       1E     7E9C       0
                text4                              FD1E     FD1E       1A     7E8F       0
                text3                              FE1A     FE1A       94     7F0D       0
                text2                              FDB4     FDB4       66     7EDA       0
                text1                              FD7E     FD7E       36     7EBF       0
                cstackCOMRAM                          1        1       16        1       1
                cinit                              FC5E     FC5E        A     7E2F       0
                text0                              FF44     FF44       B4     7FA2       0

TOTAL           Name                               Link     Load   Length     Space
        CLASS   STACK          

        CLASS   CODE           
                end_init                              0        0        4         0
                text24                             FEAE     FEAE       96         0
                text23                             FD56     FD56       28         0
                text22                             FC76     FC76       10         0
                text21                             FC86     FC86       10         0
                text20                             FC0E     FC0E        A         0
                text19                             FC18     FC18        A         0
                text18                             FC22     FC22        A         0
                text17                             FC2C     FC2C        A         0
                text16                             FC36     FC36        A         0
                text15                             FC40     FC40        A         0
                text14                             FCEA     FCEA       1A         0
                text13                             FC4A     FC4A        A         0
                text12                             FC54     FC54        A         0
                text11                             FCA8     FCA8       16         0
                text10                             FCBE     FCBE       16         0
                text9                              FC96     FC96       12         0
                text8                              FCD4     FCD4       16         0
                text7                              FD04     FD04       1A         0
                text6                              FC68     FC68        E         0
                text5                              FD38     FD38       1E         0
                text4                              FD1E     FD1E       1A         0
                text3                              FE1A     FE1A       94         0
                text2                              FDB4     FDB4       66         0
                text1                              FD7E     FD7E       36         0
                cinit                              FC5E     FC5E        A         0
                text0                              FF44     FF44       B4         0

        CLASS   CONST          

        CLASS   SMALLCONST     

        CLASS   MEDIUMCONST    

        CLASS   COMRAM         
                cstackCOMRAM                          1        1       16         1

        CLASS   ABS1           

        CLASS   BIGRAM         

        CLASS   RAM            

        CLASS   BANK0          

        CLASS   BANK1          

        CLASS   BANK2          

        CLASS   BANK3          

        CLASS   BANK4          

        CLASS   BANK5          

        CLASS   BANK6          

        CLASS   BANK7          

        CLASS   BANK8          

        CLASS   BANK9          

        CLASS   BANK10         

        CLASS   BANK11         

        CLASS   BANK12         

        CLASS   BANK13         

        CLASS   BANK14         

        CLASS   SFR            

        CLASS   FARRAM         

        CLASS   CONFIG         
                config                             FFF8     FFF8        8         0

        CLASS   IDLOC          



SEGMENTS        Name                           Load    Length   Top    Selector   Space  Class

                reset_vec                      000000  000004  000004         0       0  CODE    
                cstackCOMRAM                   000001  000016  000017         1       1  COMRAM  
                text20                         00FC0E  00000A  00FC18      7E07       0  CODE    
                text19                         00FC18  00000A  00FC22      7E0C       0  CODE    
                text18                         00FC22  00000A  00FC2C      7E11       0  CODE    
                text17                         00FC2C  00000A  00FC36      7E16       0  CODE    
                text16                         00FC36  00000A  00FC40      7E1B       0  CODE    
                text15                         00FC40  00000A  00FC4A      7E20       0  CODE    
                text13                         00FC4A  00000A  00FC54      7E25       0  CODE    
                text12                         00FC54  00000A  00FC5E      7E2A       0  CODE    
                cinit                          00FC5E  00000A  00FC68      7E2F       0  CODE    
                text6                          00FC68  00000E  00FC76      7E34       0  CODE    
                text22                         00FC76  000010  00FC86      7E3B       0  CODE    
                text21                         00FC86  000010  00FC96      7E43       0  CODE    
                text9                          00FC96  000012  00FCA8      7E4B       0  CODE    
                text11                         00FCA8  000016  00FCBE      7E54       0  CODE    
                text10                         00FCBE  000016  00FCD4      7E5F       0  CODE    
                text8                          00FCD4  000016  00FCEA      7E6A       0  CODE    
                text14                         00FCEA  00001A  00FD04      7E75       0  CODE    
                text7                          00FD04  00001A  00FD1E      7E82       0  CODE    
                text4                          00FD1E  00001A  00FD38      7E8F       0  CODE    
                text5                          00FD38  00001E  00FD56      7E9C       0  CODE    
                text23                         00FD56  000028  00FD7E      7EAB       0  CODE    
                text1                          00FD7E  000036  00FDB4      7EBF       0  CODE    
                text2                          00FDB4  000066  00FE1A      7EDA       0  CODE    
                text3                          00FE1A  000094  00FEAE      7F0D       0  CODE    
                text24                         00FEAE  000096  00FF44      7F57       0  CODE    
                text0                          00FF44  0000B4  00FFF8      7FA2       0  CODE    
                config                         00FFF8  000008  010000      FFF8       0  CONFIG  


UNUSED ADDRESS RANGES

        Name                Unused          Largest block    Delta
        BANK0            00060-000FF              A0
        BANK1            00100-001FF             100
        BANK10           00A00-00AFF             100
        BANK11           00B00-00BFF             100
        BANK12           00C00-00CFF             100
        BANK13           00D00-00DFF             100
        BANK14           00E00-00EBF              C0
        BANK2            00200-002FF             100
        BANK3            00300-003FF             100
        BANK4            00400-004FF             100
        BANK5            00500-005FF             100
        BANK6            00600-006FF             100
        BANK7            00700-007FF             100
        BANK8            00800-008FF             100
        BANK9            00900-009FF             100
        BIGRAM           00017-00EBF             EA9
        CODE             00004-0FC0D            FC0A
        COMRAM           00017-0005F              49
        CONST            00004-0FC0D            FC0A
        MEDIUMCONST      00F00-0FC0D            ED0E
        RAM              00060-00EBF             100
        SFR              00EC0-00FFF              60
        SMALLCONST       00F00-0FC0D             100
        STACK            00060-00EBF             E60

                                  Symbol Table

?___awdiv                           cstackCOMRAM  00001
?___wmul                            cstackCOMRAM  00001
_ADCON0                             (abs)         00FC2
_ADCON1                             (abs)         00FC1
_ANCON0                             (abs)         00F48
_ANCON1                             (abs)         00F49
_LATBbits                           (abs)         00F8A
_LATCbits                           (abs)         00F8B
_OSCCONbits                         (abs)         00FD3
_OSCTUNEbits                        (abs)         00F9B
_PORTBbits                          (abs)         00F81
_RTCCFGbits                         (abs)         00F3F
_T1CONbits                          (abs)         00FCD
_TRISA                              (abs)         00F92
_TRISB                              (abs)         00F93
_TRISC                              (abs)         00F94
__CFG_CP0$OFF                       (abs)         00000
__CFG_CPUDIV$OSC1                   (abs)         00000
__CFG_DSBOREN$OFF                   (abs)         00000
__CFG_DSWDTEN$OFF                   (abs)         00000
__CFG_DSWDTOSC$INTOSCREF            (abs)         00000
__CFG_DSWDTPS$G2                    (abs)         00000
__CFG_FCMEN$OFF                     (abs)         00000
__CFG_IESO$OFF                      (abs)         00000
__CFG_IOL1WAY$OFF                   (abs)         00000
__CFG_LPT1OSC$OFF                   (abs)         00000
__CFG_MSSP7B_EN$MSK7                (abs)         00000
__CFG_OSC$INTOSC                    (abs)         00000
__CFG_PLLDIV$1                      (abs)         00000
__CFG_RTCOSC$T1OSCREF               (abs)         00000
__CFG_STVREN$ON                     (abs)         00000
__CFG_T1DIG$ON                      (abs)         00000
__CFG_WDTEN$OFF                     (abs)         00000
__CFG_WDTPS$32768                   (abs)         00000
__CFG_WPCFG$OFF                     (abs)         00000
__CFG_WPDIS$OFF                     (abs)         00000
__CFG_XINST$OFF                     (abs)         00000
__HRAM                              (abs)         00000
__Habs1                             abs1          00000
__Hbank0                            bank0         00000
__Hbank1                            bank1         00000
__Hbank10                           bank10        00000
__Hbank11                           bank11        00000
__Hbank12                           bank12        00000
__Hbank13                           bank13        00000
__Hbank14                           bank14        00000
__Hbank2                            bank2         00000
__Hbank3                            bank3         00000
__Hbank4                            bank4         00000
__Hbank5                            bank5         00000
__Hbank6                            bank6         00000
__Hbank7                            bank7         00000
__Hbank8                            bank8         00000
__Hbank9                            bank9         00000
__Hbigbss                           bigbss        00000
__Hbigdata                          bigdata       00000
__Hbigram                           bigram        00000
__Hbss                              bss           00000
__Hcinit                            cinit         00000
__Hclrtext                          clrtext       00000
__Hcomram                           comram        00000
__Hconfig                           config        10000
__Hconst                            const         00000
__HcstackCOMRAM                     cstackCOMRAM  00000
__Hdata                             data          00000
__Hend_init                         end_init      00004
__Hfarbss                           farbss        00000
__Hfardata                          fardata       00000
__Hibigdata                         ibigdata      00000
__Hidata                            idata         00000
__Hidloc                            idloc         00000
__Hifardata                         ifardata      00000
__Hinit                             init          00000
__Hintcode                          intcode       00000
__Hintcode_body                     intcode_body  00000
__Hintcodelo                        intcodelo     00000
__Hintentry                         intentry      00000
__Hintret                           intret        00000
__Hintsave_regs                     intsave_regs  00000
__Hirdata                           irdata        00000
__Hjflash_buffer                    jflash_buffer 0F800
__Hmediumconst                      mediumconst   00000
__HnvFARRAM                         nvFARRAM      00000
__Hnvbit                            nvbit         00000
__Hnvrram                           nvrram        00000
__Hparam                            rparam        00000
__Hpowerup                          powerup       00000
__Hram                              ram           00000
__Hramtop                           ramtop        00F00
__Hrbit                             rbit          00000
__Hrbss                             rbss          00000
__Hrdata                            rdata         00000
__Hreset_vec                        reset_vec     00000
__Hrparam                           rparam        00000
__Hsfr                              sfr           00000
__Hsmallconst                       smallconst    00000
__Hspace_0                          (abs)         10000
__Hspace_1                          (abs)         00017
__Hspace_2                          (abs)         00000
__Hstack                            stack         00000
__Hstruct                           struct        00000
__Htemp                             temp          00000
__Htext                             text          00000
__Htext0                            text0         00000
__Htext1                            text1         00000
__Htext10                           text10        00000
__Htext11                           text11        00000
__Htext12                           text12        00000
__Htext13                           text13        00000
__Htext14                           text14        00000
__Htext15                           text15        00000
__Htext16                           text16        00000
__Htext17                           text17        00000
__Htext18                           text18        00000
__Htext19                           text19        00000
__Htext2                            text2         00000
__Htext20                           text20        00000
__Htext21                           text21        00000
__Htext22                           text22        00000
__Htext23                           text23        00000
__Htext24                           text24        00000
__Htext3                            text3         00000
__Htext4                            text4         00000
__Htext5                            text5         00000
__Htext6                            text6         00000
__Htext7                            text7         00000
__Htext8                            text8         00000
__Htext9                            text9         00000
__LRAM                              (abs)         00001
__Labs1                             abs1          00000
__Lbank0                            bank0         00000
__Lbank1                            bank1         00000
__Lbank10                           bank10        00000
__Lbank11                           bank11        00000
__Lbank12                           bank12        00000
__Lbank13                           bank13        00000
__Lbank14                           bank14        00000
__Lbank2                            bank2         00000
__Lbank3                            bank3         00000
__Lbank4                            bank4         00000
__Lbank5                            bank5         00000
__Lbank6                            bank6         00000
__Lbank7                            bank7         00000
__Lbank8                            bank8         00000
__Lbank9                            bank9         00000
__Lbigbss                           bigbss        00000
__Lbigdata                          bigdata       00000
__Lbigram                           bigram        00000
__Lbss                              bss           00000
__Lcinit                            cinit         00000
__Lclrtext                          clrtext       00000
__Lcomram                           comram        00000
__Lconfig                           config        0FFF8
__Lconst                            const         00000
__LcstackCOMRAM                     cstackCOMRAM  00000
__Ldata                             data          00000
__Lend_init                         end_init      00000
__Lfarbss                           farbss        00000
__Lfardata                          fardata       00000
__Libigdata                         ibigdata      00000
__Lidata                            idata         00000
__Lidloc                            idloc         00000
__Lifardata                         ifardata      00000
__Linit                             init          00000
__Lintcode                          intcode       00000
__Lintcode_body                     intcode_body  00000
__Lintcodelo                        intcodelo     00000
__Lintentry                         intentry      00000
__Lintret                           intret        00000
__Lintsave_regs                     intsave_regs  00000
__Lirdata                           irdata        00000
__Ljflash_buffer                    jflash_buffer 0F800
__Lmediumconst                      mediumconst   00000
__LnvFARRAM                         nvFARRAM      00000
__Lnvbit                            nvbit         00000
__Lnvrram                           nvrram        00000
__Lparam                            rparam        00000
__Lpowerup                          powerup       00000
__Lram                              ram           00000
__Lramtop                           ramtop        00F00
__Lrbit                             rbit          00000
__Lrbss                             rbss          00000
__Lrdata                            rdata         00000
__Lreset_vec                        reset_vec     00000
__Lrparam                           rparam        00000
__Lsfr                              sfr           00000
__Lsmallconst                       smallconst    00000
__Lspace_0                          (abs)         00000
__Lspace_1                          (abs)         00000
__Lspace_2                          (abs)         00000
__Lstack                            stack         00000
__Lstruct                           struct        00000
__Ltemp                             temp          00000
__Ltext                             text          00000
__Ltext0                            text0         00000
__Ltext1                            text1         00000
__Ltext10                           text10        00000
__Ltext11                           text11        00000
__Ltext12                           text12        00000
__Ltext13                           text13        00000
__Ltext14                           text14        00000
__Ltext15                           text15        00000
__Ltext16                           text16        00000
__Ltext17                           text17        00000
__Ltext18                           text18        00000
__Ltext19                           text19        00000
__Ltext2                            text2         00000
__Ltext20                           text20        00000
__Ltext21                           text21        00000
__Ltext22                           text22        00000
__Ltext23                           text23        00000
__Ltext24                           text24        00000
__Ltext3                            text3         00000
__Ltext4                            text4         00000
__Ltext5                            text5         00000
__Ltext6                            text6         00000
__Ltext7                            text7         00000
__Ltext8                            text8         00000
__Ltext9                            text9         00000
__S0                                (abs)         10000
__S1                                (abs)         00017
__S2                                (abs)         00000
___awdiv                            text24        0FEAE
___awdiv@counter                    cstackCOMRAM  00005
___awdiv@dividend                   cstackCOMRAM  00001
___awdiv@divisor                    cstackCOMRAM  00003
___awdiv@quotient                   cstackCOMRAM  00007
___awdiv@sign                       cstackCOMRAM  00006
___inthi_sp                         stack         00000
___intlo_sp                         stack         00000
___param_bank                       (abs)         00010
___rparam_used                      (abs)         00001
___sp                               stack         00000
___wmul                             text23        0FD56
___wmul@multiplicand                cstackCOMRAM  00003
___wmul@multiplier                  cstackCOMRAM  00001
___wmul@product                     cstackCOMRAM  00005
__accesstop                         (abs)         00060
__activetblptr                      (abs)         00002
__end_of___awdiv                    text24        0FF44
__end_of___wmul                     text23        0FD7E
__end_of__initialization            cinit         0FC5E
__end_of_apagar_segmentos           text22        0FC86
__end_of_construir_numero           text3         0FEAE
__end_of_encender_A                 text20        0FC18
__end_of_encender_B                 text19        0FC22
__end_of_encender_C                 text18        0FC2C
__end_of_encender_D                 text17        0FC36
__end_of_encender_E                 text16        0FC40
__end_of_encender_F                 text15        0FC4A
__end_of_encender_G                 text12        0FC5E
__end_of_imprimir_temperatura       text2         0FE1A
__end_of_main                       text0         0FFF8
__end_of_number_0                   text14        0FD04
__end_of_number_1                   text13        0FC54
__end_of_number_2                   text11        0FCBE
__end_of_number_3                   text10        0FCD4
__end_of_number_4                   text9         0FCA8
__end_of_number_5                   text8         0FCEA
__end_of_number_6                   text7         0FD1E
__end_of_number_7                   text6         0FC76
__end_of_number_8                   text5         0FD56
__end_of_number_9                   text4         0FD38
__end_of_setup                      text1         0FDB4
__end_of_tiempo_encendido_segmento  text21        0FC96
__initialization                    cinit         0FC5E
__mediumconst                       mediumconst   00000
__pcinit                            cinit         0FC5E
__pcstackCOMRAM                     cstackCOMRAM  00001
__ptext0                            text0         0FF44
__ptext1                            text1         0FD7E
__ptext10                           text10        0FCBE
__ptext11                           text11        0FCA8
__ptext12                           text12        0FC54
__ptext13                           text13        0FC4A
__ptext14                           text14        0FCEA
__ptext15                           text15        0FC40
__ptext16                           text16        0FC36
__ptext17                           text17        0FC2C
__ptext18                           text18        0FC22
__ptext19                           text19        0FC18
__ptext2                            text2         0FDB4
__ptext20                           text20        0FC0E
__ptext21                           text21        0FC86
__ptext22                           text22        0FC76
__ptext23                           text23        0FD56
__ptext24                           text24        0FEAE
__ptext3                            text3         0FE1A
__ptext4                            text4         0FD1E
__ptext5                            text5         0FD38
__ptext6                            text6         0FC68
__ptext7                            text7         0FD04
__ptext8                            text8         0FCD4
__ptext9                            text9         0FC96
__ramtop                            ramtop        00F00
__size_of___awdiv                   (abs)         00000
__size_of___wmul                    (abs)         00000
__size_of_apagar_segmentos          (abs)         00000
__size_of_construir_numero          (abs)         00000
__size_of_encender_A                (abs)         00000
__size_of_encender_B                (abs)         00000
__size_of_encender_C                (abs)         00000
__size_of_encender_D                (abs)         00000
__size_of_encender_E                (abs)         00000
__size_of_encender_F                (abs)         00000
__size_of_encender_G                (abs)         00000
__size_of_imprimir_temperatura      (abs)         00000
__size_of_main                      (abs)         00000
__size_of_number_0                  (abs)         00000
__size_of_number_1                  (abs)         00000
__size_of_number_2                  (abs)         00000
__size_of_number_3                  (abs)         00000
__size_of_number_4                  (abs)         00000
__size_of_number_5                  (abs)         00000
__size_of_number_6                  (abs)         00000
__size_of_number_7                  (abs)         00000
__size_of_number_8                  (abs)         00000
__size_of_number_9                  (abs)         00000
__size_of_setup                     (abs)         00000
__size_of_tiempo_encendido_segmento (abs)         00000
__smallconst                        smallconst    00000
_apagar_segmentos                   text22        0FC76
_construir_numero                   text3         0FE1A
_encender_A                         text20        0FC0E
_encender_B                         text19        0FC18
_encender_C                         text18        0FC22
_encender_D                         text17        0FC2C
_encender_E                         text16        0FC36
_encender_F                         text15        0FC40
_encender_G                         text12        0FC54
_imprimir_temperatura               text2         0FDB4
_main                               text0         0FF44
_number_0                           text14        0FCEA
_number_1                           text13        0FC4A
_number_2                           text11        0FCA8
_number_3                           text10        0FCBE
_number_4                           text9         0FC96
_number_5                           text8         0FCD4
_number_6                           text7         0FD04
_number_7                           text6         0FC68
_number_8                           text5         0FD38
_number_9                           text4         0FD1E
_setup                              text1         0FD7E
_tiempo_encendido_segmento          text21        0FC86
construir_numero@number             cstackCOMRAM  00002
end_of_initialization               cinit         0FC5E
imprimir_temperatura@decena         cstackCOMRAM  0000D
imprimir_temperatura@temp           cstackCOMRAM  00009
imprimir_temperatura@unidad         cstackCOMRAM  0000B
intlevel0                           text          00000
intlevel1                           text          00000
intlevel2                           text          00000
intlevel3                           text          00000
main@contador                       cstackCOMRAM  00011
main@dec                            cstackCOMRAM  00013
main@temperatura                    cstackCOMRAM  0000F
main@uni                            cstackCOMRAM  00015
stackhi                             (abs)         00EBF
stacklo                             (abs)         00060
start                               init          00000
start_initialization                cinit         0FC5E


FUNCTION INFORMATION:

 *************** function _main *****************
 Defined at:
		line 68 in file "main.c"
 Parameters:    Size  Location     Type
		None
 Auto vars:     Size  Location     Type
  uni             2   20[COMRAM] int 
  dec             2   18[COMRAM] int 
  contador        2   16[COMRAM] int 
  temperatura     2   14[COMRAM] int 
 Return value:  Size  Location     Type
                  2   36[None  ] int 
 Registers used:
		wreg, status,2, status,0, prodl, prodh, cstack
 Tracked objects:
		On entry : 
		On exit  : 
		Unchanged: 
 Data sizes:     COMRAM   BANK0   BANK1   BANK2   BANK3   BANK4   BANK5   BANK6   BANK7   BANK8   BANK9  BANK10  BANK11  BANK12  BANK13  BANK14
      Params:         0       0       0       0       0       0       0       0       0       0       0       0       0       0       0       0
      Locals:         8       0       0       0       0       0       0       0       0       0       0       0       0       0       0       0
      Temps:          0       0       0       0       0       0       0       0       0       0       0       0       0       0       0       0
      Totals:         8       0       0       0       0       0       0       0       0       0       0       0       0       0       0       0
Total ram usage:        8 bytes
 Hardware stack levels required when called:    5
 This function calls:
		___wmul
		_imprimir_temperatura
		_setup
 This function is called by:
		Startup code after reset
 This function uses a non-reentrant model


 *************** function _setup *****************
 Defined at:
		line 28 in file "main.c"
 Parameters:    Size  Location     Type
		None
 Auto vars:     Size  Location     Type
		None
 Return value:  Size  Location     Type
		None               void
 Registers used:
		wreg, status,2
 Tracked objects:
		On entry : 
		On exit  : 
		Unchanged: 
 Data sizes:     COMRAM   BANK0   BANK1   BANK2   BANK3   BANK4   BANK5   BANK6   BANK7   BANK8   BANK9  BANK10  BANK11  BANK12  BANK13  BANK14
      Params:         0       0       0       0       0       0       0       0       0       0       0       0       0       0       0       0
      Locals:         0       0       0       0       0       0       0       0       0       0       0       0       0       0       0       0
      Temps:          0       0       0       0       0       0       0       0       0       0       0       0       0       0       0       0
      Totals:         0       0       0       0       0       0       0       0       0       0       0       0       0       0       0       0
Total ram usage:        0 bytes
 Hardware stack levels used:    1
 This function calls:
		Nothing
 This function is called by:
		_main
 This function uses a non-reentrant model


 *************** function _imprimir_temperatura *****************
 Defined at:
		line 53 in file "main.c"
 Parameters:    Size  Location     Type
  temp            2    8[COMRAM] int 
 Auto vars:     Size  Location     Type
  decena          2   12[COMRAM] int 
  unidad          2   10[COMRAM] int 
 Return value:  Size  Location     Type
		None               void
 Registers used:
		wreg, status,2, status,0, prodl, prodh, cstack
 Tracked objects:
		On entry : 
		On exit  : 
		Unchanged: 
 Data sizes:     COMRAM   BANK0   BANK1   BANK2   BANK3   BANK4   BANK5   BANK6   BANK7   BANK8   BANK9  BANK10  BANK11  BANK12  BANK13  BANK14
      Params:         2       0       0       0       0       0       0       0       0       0       0       0       0       0       0       0
      Locals:         4       0       0       0       0       0       0       0       0       0       0       0       0       0       0       0
      Temps:          0       0       0       0       0       0       0       0       0       0       0       0       0       0       0       0
      Totals:         6       0       0       0       0       0       0       0       0       0       0       0       0       0       0       0
Total ram usage:        6 bytes
 Hardware stack levels used:    1
 Hardware stack levels required when called:    4
 This function calls:
		___awdiv
		___wmul
		_construir_numero
 This function is called by:
		_main
 This function uses a non-reentrant model


 *************** function _construir_numero *****************
 Defined at:
		line 137 in file "Unimic/unmc_01/headers/unmc_display.c"
 Parameters:    Size  Location     Type
  number          2    1[COMRAM] int 
 Auto vars:     Size  Location     Type
		None
 Return value:  Size  Location     Type
		None               void
 Registers used:
		wreg, status,2, status,0, cstack
 Tracked objects:
		On entry : 
		On exit  : 
		Unchanged: 
 Data sizes:     COMRAM   BANK0   BANK1   BANK2   BANK3   BANK4   BANK5   BANK6   BANK7   BANK8   BANK9  BANK10  BANK11  BANK12  BANK13  BANK14
      Params:         2       0       0       0       0       0       0       0       0       0       0       0       0       0       0       0
      Locals:         0       0       0       0       0       0       0       0       0       0       0       0       0       0       0       0
      Temps:          2       0       0       0       0       0       0       0       0       0       0       0       0       0       0       0
      Totals:         4       0       0       0       0       0       0       0       0       0       0       0       0       0       0       0
Total ram usage:        4 bytes
 Hardware stack levels used:    1
 Hardware stack levels required when called:    3
 This function calls:
		_apagar_segmentos
		_number_0
		_number_1
		_number_2
		_number_3
		_number_4
		_number_5
		_number_6
		_number_7
		_number_8
		_number_9
 This function is called by:
		_imprimir_temperatura
 This function uses a non-reentrant model


 *************** function _number_9 *****************
 Defined at:
		line 128 in file "Unimic/unmc_01/headers/unmc_display.c"
 Parameters:    Size  Location     Type
		None
 Auto vars:     Size  Location     Type
		None
 Return value:  Size  Location     Type
		None               void
 Registers used:
		wreg, cstack
 Tracked objects:
		On entry : 
		On exit  : 
		Unchanged: 
 Data sizes:     COMRAM   BANK0   BANK1   BANK2   BANK3   BANK4   BANK5   BANK6   BANK7   BANK8   BANK9  BANK10  BANK11  BANK12  BANK13  BANK14
      Params:         0       0       0       0       0       0       0       0       0       0       0       0       0       0       0       0
      Locals:         0       0       0       0       0       0       0       0       0       0       0       0       0       0       0       0
      Temps:          0       0       0       0       0       0       0       0       0       0       0       0       0       0       0       0
      Totals:         0       0       0       0       0       0       0       0       0       0       0       0       0       0       0       0
Total ram usage:        0 bytes
 Hardware stack levels used:    1
 Hardware stack levels required when called:    2
 This function calls:
		_encender_A
		_encender_B
		_encender_C
		_encender_D
		_encender_F
		_encender_G
 This function is called by:
		_construir_numero
 This function uses a non-reentrant model


 *************** function _number_8 *****************
 Defined at:
		line 118 in file "Unimic/unmc_01/headers/unmc_display.c"
 Parameters:    Size  Location     Type
		None
 Auto vars:     Size  Location     Type
		None
 Return value:  Size  Location     Type
		None               void
 Registers used:
		wreg, cstack
 Tracked objects:
		On entry : 
		On exit  : 
		Unchanged: 
 Data sizes:     COMRAM   BANK0   BANK1   BANK2   BANK3   BANK4   BANK5   BANK6   BANK7   BANK8   BANK9  BANK10  BANK11  BANK12  BANK13  BANK14
      Params:         0       0       0       0       0       0       0       0       0       0       0       0       0       0       0       0
      Locals:         0       0       0       0       0       0       0       0       0       0       0       0       0       0       0       0
      Temps:          0       0       0       0       0       0       0       0       0       0       0       0       0       0       0       0
      Totals:         0       0       0       0       0       0       0       0       0       0       0       0       0       0       0       0
Total ram usage:        0 bytes
 Hardware stack levels used:    1
 Hardware stack levels required when called:    2
 This function calls:
		_encender_A
		_encender_B
		_encender_C
		_encender_D
		_encender_E
		_encender_F
		_encender_G
 This function is called by:
		_construir_numero
 This function uses a non-reentrant model


 *************** function _number_7 *****************
 Defined at:
		line 112 in file "Unimic/unmc_01/headers/unmc_display.c"
 Parameters:    Size  Location     Type
		None
 Auto vars:     Size  Location     Type
		None
 Return value:  Size  Location     Type
		None               void
 Registers used:
		wreg, cstack
 Tracked objects:
		On entry : 
		On exit  : 
		Unchanged: 
 Data sizes:     COMRAM   BANK0   BANK1   BANK2   BANK3   BANK4   BANK5   BANK6   BANK7   BANK8   BANK9  BANK10  BANK11  BANK12  BANK13  BANK14
      Params:         0       0       0       0       0       0       0       0       0       0       0       0       0       0       0       0
      Locals:         0       0       0       0       0       0       0       0       0       0       0       0       0       0       0       0
      Temps:          0       0       0       0       0       0       0       0       0       0       0       0       0       0       0       0
      Totals:         0       0       0       0       0       0       0       0       0       0       0       0       0       0       0       0
Total ram usage:        0 bytes
 Hardware stack levels used:    1
 Hardware stack levels required when called:    2
 This function calls:
		_encender_A
		_encender_B
		_encender_C
 This function is called by:
		_construir_numero
 This function uses a non-reentrant model


 *************** function _number_6 *****************
 Defined at:
		line 103 in file "Unimic/unmc_01/headers/unmc_display.c"
 Parameters:    Size  Location     Type
		None
 Auto vars:     Size  Location     Type
		None
 Return value:  Size  Location     Type
		None               void
 Registers used:
		wreg, cstack
 Tracked objects:
		On entry : 
		On exit  : 
		Unchanged: 
 Data sizes:     COMRAM   BANK0   BANK1   BANK2   BANK3   BANK4   BANK5   BANK6   BANK7   BANK8   BANK9  BANK10  BANK11  BANK12  BANK13  BANK14
      Params:         0       0       0       0       0       0       0       0       0       0       0       0       0       0       0       0
      Locals:         0       0       0       0       0       0       0       0       0       0       0       0       0       0       0       0
      Temps:          0       0       0       0       0       0       0       0       0       0       0       0       0       0       0       0
      Totals:         0       0       0       0       0       0       0       0       0       0       0       0       0       0       0       0
Total ram usage:        0 bytes
 Hardware stack levels used:    1
 Hardware stack levels required when called:    2
 This function calls:
		_encender_A
		_encender_C
		_encender_D
		_encender_E
		_encender_F
		_encender_G
 This function is called by:
		_construir_numero
 This function uses a non-reentrant model


 *************** function _number_5 *****************
 Defined at:
		line 95 in file "Unimic/unmc_01/headers/unmc_display.c"
 Parameters:    Size  Location     Type
		None
 Auto vars:     Size  Location     Type
		None
 Return value:  Size  Location     Type
		None               void
 Registers used:
		wreg, cstack
 Tracked objects:
		On entry : 
		On exit  : 
		Unchanged: 
 Data sizes:     COMRAM   BANK0   BANK1   BANK2   BANK3   BANK4   BANK5   BANK6   BANK7   BANK8   BANK9  BANK10  BANK11  BANK12  BANK13  BANK14
      Params:         0       0       0       0       0       0       0       0       0       0       0       0       0       0       0       0
      Locals:         0       0       0       0       0       0       0       0       0       0       0       0       0       0       0       0
      Temps:          0       0       0       0       0       0       0       0       0       0       0       0       0       0       0       0
      Totals:         0       0       0       0       0       0       0       0       0       0       0       0       0       0       0       0
Total ram usage:        0 bytes
 Hardware stack levels used:    1
 Hardware stack levels required when called:    2
 This function calls:
		_encender_A
		_encender_C
		_encender_D
		_encender_F
		_encender_G
 This function is called by:
		_construir_numero
 This function uses a non-reentrant model


 *************** function _number_4 *****************
 Defined at:
		line 88 in file "Unimic/unmc_01/headers/unmc_display.c"
 Parameters:    Size  Location     Type
		None
 Auto vars:     Size  Location     Type
		None
 Return value:  Size  Location     Type
		None               void
 Registers used:
		wreg, cstack
 Tracked objects:
		On entry : 
		On exit  : 
		Unchanged: 
 Data sizes:     COMRAM   BANK0   BANK1   BANK2   BANK3   BANK4   BANK5   BANK6   BANK7   BANK8   BANK9  BANK10  BANK11  BANK12  BANK13  BANK14
      Params:         0       0       0       0       0       0       0       0       0       0       0       0       0       0       0       0
      Locals:         0       0       0       0       0       0       0       0       0       0       0       0       0       0       0       0
      Temps:          0       0       0       0       0       0       0       0       0       0       0       0       0       0       0       0
      Totals:         0       0       0       0       0       0       0       0       0       0       0       0       0       0       0       0
Total ram usage:        0 bytes
 Hardware stack levels used:    1
 Hardware stack levels required when called:    2
 This function calls:
		_encender_B
		_encender_C
		_encender_F
		_encender_G
 This function is called by:
		_construir_numero
 This function uses a non-reentrant model


 *************** function _number_3 *****************
 Defined at:
		line 80 in file "Unimic/unmc_01/headers/unmc_display.c"
 Parameters:    Size  Location     Type
		None
 Auto vars:     Size  Location     Type
		None
 Return value:  Size  Location     Type
		None               void
 Registers used:
		wreg, cstack
 Tracked objects:
		On entry : 
		On exit  : 
		Unchanged: 
 Data sizes:     COMRAM   BANK0   BANK1   BANK2   BANK3   BANK4   BANK5   BANK6   BANK7   BANK8   BANK9  BANK10  BANK11  BANK12  BANK13  BANK14
      Params:         0       0       0       0       0       0       0       0       0       0       0       0       0       0       0       0
      Locals:         0       0       0       0       0       0       0       0       0       0       0       0       0       0       0       0
      Temps:          0       0       0       0       0       0       0       0       0       0       0       0       0       0       0       0
      Totals:         0       0       0       0       0       0       0       0       0       0       0       0       0       0       0       0
Total ram usage:        0 bytes
 Hardware stack levels used:    1
 Hardware stack levels required when called:    2
 This function calls:
		_encender_A
		_encender_B
		_encender_C
		_encender_D
		_encender_G
 This function is called by:
		_construir_numero
 This function uses a non-reentrant model


 *************** function _number_2 *****************
 Defined at:
		line 72 in file "Unimic/unmc_01/headers/unmc_display.c"
 Parameters:    Size  Location     Type
		None
 Auto vars:     Size  Location     Type
		None
 Return value:  Size  Location     Type
		None               void
 Registers used:
		wreg, cstack
 Tracked objects:
		On entry : 
		On exit  : 
		Unchanged: 
 Data sizes:     COMRAM   BANK0   BANK1   BANK2   BANK3   BANK4   BANK5   BANK6   BANK7   BANK8   BANK9  BANK10  BANK11  BANK12  BANK13  BANK14
      Params:         0       0       0       0       0       0       0       0       0       0       0       0       0       0       0       0
      Locals:         0       0       0       0       0       0       0       0       0       0       0       0       0       0       0       0
      Temps:          0       0       0       0       0       0       0       0       0       0       0       0       0       0       0       0
      Totals:         0       0       0       0       0       0       0       0       0       0       0       0       0       0       0       0
Total ram usage:        0 bytes
 Hardware stack levels used:    1
 Hardware stack levels required when called:    2
 This function calls:
		_encender_A
		_encender_B
		_encender_D
		_encender_E
		_encender_G
 This function is called by:
		_construir_numero
 This function uses a non-reentrant model


 *************** function _encender_G *****************
 Defined at:
		line 42 in file "Unimic/unmc_01/headers/unmc_display.c"
 Parameters:    Size  Location     Type
		None
 Auto vars:     Size  Location     Type
		None
 Return value:  Size  Location     Type
		None               void
 Registers used:
		wreg, cstack
 Tracked objects:
		On entry : 
		On exit  : 
		Unchanged: 
 Data sizes:     COMRAM   BANK0   BANK1   BANK2   BANK3   BANK4   BANK5   BANK6   BANK7   BANK8   BANK9  BANK10  BANK11  BANK12  BANK13  BANK14
      Params:         0       0       0       0       0       0       0       0       0       0       0       0       0       0       0       0
      Locals:         0       0       0       0       0       0       0       0       0       0       0       0       0       0       0       0
      Temps:          0       0       0       0       0       0       0       0       0       0       0       0       0       0       0       0
      Totals:         0       0       0       0       0       0       0       0       0       0       0       0       0       0       0       0
Total ram usage:        0 bytes
 Hardware stack levels used:    1
 Hardware stack levels required when called:    1
 This function calls:
		_tiempo_encendido_segmento
 This function is called by:
		_number_2
		_number_3
		_number_4
		_number_5
		_number_6
		_number_8
		_number_9
 This function uses a non-reentrant model


 *************** function _number_1 *****************
 Defined at:
		line 67 in file "Unimic/unmc_01/headers/unmc_display.c"
 Parameters:    Size  Location     Type
		None
 Auto vars:     Size  Location     Type
		None
 Return value:  Size  Location     Type
		None               void
 Registers used:
		wreg, cstack
 Tracked objects:
		On entry : 
		On exit  : 
		Unchanged: 
 Data sizes:     COMRAM   BANK0   BANK1   BANK2   BANK3   BANK4   BANK5   BANK6   BANK7   BANK8   BANK9  BANK10  BANK11  BANK12  BANK13  BANK14
      Params:         0       0       0       0       0       0       0       0       0       0       0       0       0       0       0       0
      Locals:         0       0       0       0       0       0       0       0       0       0       0       0       0       0       0       0
      Temps:          0       0       0       0       0       0       0       0       0       0       0       0       0       0       0       0
      Totals:         0       0       0       0       0       0       0       0       0       0       0       0       0       0       0       0
Total ram usage:        0 bytes
 Hardware stack levels used:    1
 Hardware stack levels required when called:    2
 This function calls:
		_encender_B
		_encender_C
 This function is called by:
		_construir_numero
 This function uses a non-reentrant model


 *************** function _number_0 *****************
 Defined at:
		line 58 in file "Unimic/unmc_01/headers/unmc_display.c"
 Parameters:    Size  Location     Type
		None
 Auto vars:     Size  Location     Type
		None
 Return value:  Size  Location     Type
		None               void
 Registers used:
		wreg, cstack
 Tracked objects:
		On entry : 
		On exit  : 
		Unchanged: 
 Data sizes:     COMRAM   BANK0   BANK1   BANK2   BANK3   BANK4   BANK5   BANK6   BANK7   BANK8   BANK9  BANK10  BANK11  BANK12  BANK13  BANK14
      Params:         0       0       0       0       0       0       0       0       0       0       0       0       0       0       0       0
      Locals:         0       0       0       0       0       0       0       0       0       0       0       0       0       0       0       0
      Temps:          0       0       0       0       0       0       0       0       0       0       0       0       0       0       0       0
      Totals:         0       0       0       0       0       0       0       0       0       0       0       0       0       0       0       0
Total ram usage:        0 bytes
 Hardware stack levels used:    1
 Hardware stack levels required when called:    2
 This function calls:
		_encender_A
		_encender_B
		_encender_C
		_encender_D
		_encender_E
		_encender_F
 This function is called by:
		_construir_numero
 This function uses a non-reentrant model


 *************** function _encender_F *****************
 Defined at:
		line 36 in file "Unimic/unmc_01/headers/unmc_display.c"
 Parameters:    Size  Location     Type
		None
 Auto vars:     Size  Location     Type
		None
 Return value:  Size  Location     Type
		None               void
 Registers used:
		wreg, cstack
 Tracked objects:
		On entry : 
		On exit  : 
		Unchanged: 
 Data sizes:     COMRAM   BANK0   BANK1   BANK2   BANK3   BANK4   BANK5   BANK6   BANK7   BANK8   BANK9  BANK10  BANK11  BANK12  BANK13  BANK14
      Params:         0       0       0       0       0       0       0       0       0       0       0       0       0       0       0       0
      Locals:         0       0       0       0       0       0       0       0       0       0       0       0       0       0       0       0
      Temps:          0       0       0       0       0       0       0       0       0       0       0       0       0       0       0       0
      Totals:         0       0       0       0       0       0       0       0       0       0       0       0       0       0       0       0
Total ram usage:        0 bytes
 Hardware stack levels used:    1
 Hardware stack levels required when called:    1
 This function calls:
		_tiempo_encendido_segmento
 This function is called by:
		_number_0
		_number_4
		_number_5
		_number_6
		_number_8
		_number_9
 This function uses a non-reentrant model


 *************** function _encender_E *****************
 Defined at:
		line 30 in file "Unimic/unmc_01/headers/unmc_display.c"
 Parameters:    Size  Location     Type
		None
 Auto vars:     Size  Location     Type
		None
 Return value:  Size  Location     Type
		None               void
 Registers used:
		wreg, cstack
 Tracked objects:
		On entry : 
		On exit  : 
		Unchanged: 
 Data sizes:     COMRAM   BANK0   BANK1   BANK2   BANK3   BANK4   BANK5   BANK6   BANK7   BANK8   BANK9  BANK10  BANK11  BANK12  BANK13  BANK14
      Params:         0       0       0       0       0       0       0       0       0       0       0       0       0       0       0       0
      Locals:         0       0       0       0       0       0       0       0       0       0       0       0       0       0       0       0
      Temps:          0       0       0       0       0       0       0       0       0       0       0       0       0       0       0       0
      Totals:         0       0       0       0       0       0       0       0       0       0       0       0       0       0       0       0
Total ram usage:        0 bytes
 Hardware stack levels used:    1
 Hardware stack levels required when called:    1
 This function calls:
		_tiempo_encendido_segmento
 This function is called by:
		_number_0
		_number_2
		_number_6
		_number_8
 This function uses a non-reentrant model


 *************** function _encender_D *****************
 Defined at:
		line 24 in file "Unimic/unmc_01/headers/unmc_display.c"
 Parameters:    Size  Location     Type
		None
 Auto vars:     Size  Location     Type
		None
 Return value:  Size  Location     Type
		None               void
 Registers used:
		wreg, cstack
 Tracked objects:
		On entry : 
		On exit  : 
		Unchanged: 
 Data sizes:     COMRAM   BANK0   BANK1   BANK2   BANK3   BANK4   BANK5   BANK6   BANK7   BANK8   BANK9  BANK10  BANK11  BANK12  BANK13  BANK14
      Params:         0       0       0       0       0       0       0       0       0       0       0       0       0       0       0       0
      Locals:         0       0       0       0       0       0       0       0       0       0       0       0       0       0       0       0
      Temps:          0       0       0       0       0       0       0       0       0       0       0       0       0       0       0       0
      Totals:         0       0       0       0       0       0       0       0       0       0       0       0       0       0       0       0
Total ram usage:        0 bytes
 Hardware stack levels used:    1
 Hardware stack levels required when called:    1
 This function calls:
		_tiempo_encendido_segmento
 This function is called by:
		_number_0
		_number_2
		_number_3
		_number_5
		_number_6
		_number_8
		_number_9
 This function uses a non-reentrant model


 *************** function _encender_C *****************
 Defined at:
		line 18 in file "Unimic/unmc_01/headers/unmc_display.c"
 Parameters:    Size  Location     Type
		None
 Auto vars:     Size  Location     Type
		None
 Return value:  Size  Location     Type
		None               void
 Registers used:
		wreg, cstack
 Tracked objects:
		On entry : 
		On exit  : 
		Unchanged: 
 Data sizes:     COMRAM   BANK0   BANK1   BANK2   BANK3   BANK4   BANK5   BANK6   BANK7   BANK8   BANK9  BANK10  BANK11  BANK12  BANK13  BANK14
      Params:         0       0       0       0       0       0       0       0       0       0       0       0       0       0       0       0
      Locals:         0       0       0       0       0       0       0       0       0       0       0       0       0       0       0       0
      Temps:          0       0       0       0       0       0       0       0       0       0       0       0       0       0       0       0
      Totals:         0       0       0       0       0       0       0       0       0       0       0       0       0       0       0       0
Total ram usage:        0 bytes
 Hardware stack levels used:    1
 Hardware stack levels required when called:    1
 This function calls:
		_tiempo_encendido_segmento
 This function is called by:
		_number_0
		_number_1
		_number_3
		_number_4
		_number_5
		_number_6
		_number_7
		_number_8
		_number_9
 This function uses a non-reentrant model


 *************** function _encender_B *****************
 Defined at:
		line 12 in file "Unimic/unmc_01/headers/unmc_display.c"
 Parameters:    Size  Location     Type
		None
 Auto vars:     Size  Location     Type
		None
 Return value:  Size  Location     Type
		None               void
 Registers used:
		wreg, cstack
 Tracked objects:
		On entry : 
		On exit  : 
		Unchanged: 
 Data sizes:     COMRAM   BANK0   BANK1   BANK2   BANK3   BANK4   BANK5   BANK6   BANK7   BANK8   BANK9  BANK10  BANK11  BANK12  BANK13  BANK14
      Params:         0       0       0       0       0       0       0       0       0       0       0       0       0       0       0       0
      Locals:         0       0       0       0       0       0       0       0       0       0       0       0       0       0       0       0
      Temps:          0       0       0       0       0       0       0       0       0       0       0       0       0       0       0       0
      Totals:         0       0       0       0       0       0       0       0       0       0       0       0       0       0       0       0
Total ram usage:        0 bytes
 Hardware stack levels used:    1
 Hardware stack levels required when called:    1
 This function calls:
		_tiempo_encendido_segmento
 This function is called by:
		_number_0
		_number_1
		_number_2
		_number_3
		_number_4
		_number_7
		_number_8
		_number_9
 This function uses a non-reentrant model


 *************** function _encender_A *****************
 Defined at:
		line 6 in file "Unimic/unmc_01/headers/unmc_display.c"
 Parameters:    Size  Location     Type
		None
 Auto vars:     Size  Location     Type
		None
 Return value:  Size  Location     Type
		None               void
 Registers used:
		wreg, cstack
 Tracked objects:
		On entry : 
		On exit  : 
		Unchanged: 
 Data sizes:     COMRAM   BANK0   BANK1   BANK2   BANK3   BANK4   BANK5   BANK6   BANK7   BANK8   BANK9  BANK10  BANK11  BANK12  BANK13  BANK14
      Params:         0       0       0       0       0       0       0       0       0       0       0       0       0       0       0       0
      Locals:         0       0       0       0       0       0       0       0       0       0       0       0       0       0       0       0
      Temps:          0       0       0       0       0       0       0       0       0       0       0       0       0       0       0       0
      Totals:         0       0       0       0       0       0       0       0       0       0       0       0       0       0       0       0
Total ram usage:        0 bytes
 Hardware stack levels used:    1
 Hardware stack levels required when called:    1
 This function calls:
		_tiempo_encendido_segmento
 This function is called by:
		_number_0
		_number_2
		_number_3
		_number_5
		_number_6
		_number_7
		_number_8
		_number_9
 This function uses a non-reentrant model


 *************** function _tiempo_encendido_segmento *****************
 Defined at:
		line 3 in file "Unimic/unmc_01/headers/unmc_display.c"
 Parameters:    Size  Location     Type
		None
 Auto vars:     Size  Location     Type
		None
 Return value:  Size  Location     Type
		None               void
 Registers used:
		wreg
 Tracked objects:
		On entry : 
		On exit  : 
		Unchanged: 
 Data sizes:     COMRAM   BANK0   BANK1   BANK2   BANK3   BANK4   BANK5   BANK6   BANK7   BANK8   BANK9  BANK10  BANK11  BANK12  BANK13  BANK14
      Params:         0       0       0       0       0       0       0       0       0       0       0       0       0       0       0       0
      Locals:         0       0       0       0       0       0       0       0       0       0       0       0       0       0       0       0
      Temps:          1       0       0       0       0       0       0       0       0       0       0       0       0       0       0       0
      Totals:         1       0       0       0       0       0       0       0       0       0       0       0       0       0       0       0
Total ram usage:        1 bytes
 Hardware stack levels used:    1
 This function calls:
		Nothing
 This function is called by:
		_encender_A
		_encender_B
		_encender_C
		_encender_D
		_encender_E
		_encender_F
		_encender_G
 This function uses a non-reentrant model


 *************** function _apagar_segmentos *****************
 Defined at:
		line 48 in file "Unimic/unmc_01/headers/unmc_display.c"
 Parameters:    Size  Location     Type
		None
 Auto vars:     Size  Location     Type
		None
 Return value:  Size  Location     Type
		None               void
 Registers used:
		None
 Tracked objects:
		On entry : 
		On exit  : 
		Unchanged: 
 Data sizes:     COMRAM   BANK0   BANK1   BANK2   BANK3   BANK4   BANK5   BANK6   BANK7   BANK8   BANK9  BANK10  BANK11  BANK12  BANK13  BANK14
      Params:         0       0       0       0       0       0       0       0       0       0       0       0       0       0       0       0
      Locals:         0       0       0       0       0       0       0       0       0       0       0       0       0       0       0       0
      Temps:          0       0       0       0       0       0       0       0       0       0       0       0       0       0       0       0
      Totals:         0       0       0       0       0       0       0       0       0       0       0       0       0       0       0       0
Total ram usage:        0 bytes
 Hardware stack levels used:    1
 This function calls:
		Nothing
 This function is called by:
		_construir_numero
 This function uses a non-reentrant model


 *************** function ___wmul *****************
 Defined at:
		line 15 in file "C:\Program Files (x86)\Microchip\xc8\v1.34\sources\common\Umul16.c"
 Parameters:    Size  Location     Type
  multiplier      2    0[COMRAM] unsigned int 
  multiplicand    2    2[COMRAM] unsigned int 
 Auto vars:     Size  Location     Type
  product         2    4[COMRAM] unsigned int 
 Return value:  Size  Location     Type
                  2    0[COMRAM] unsigned int 
 Registers used:
		wreg, status,2, status,0, prodl, prodh
 Tracked objects:
		On entry : 
		On exit  : 
		Unchanged: 
 Data sizes:     COMRAM   BANK0   BANK1   BANK2   BANK3   BANK4   BANK5   BANK6   BANK7   BANK8   BANK9  BANK10  BANK11  BANK12  BANK13  BANK14
      Params:         4       0       0       0       0       0       0       0       0       0       0       0       0       0       0       0
      Locals:         2       0       0       0       0       0       0       0       0       0       0       0       0       0       0       0
      Temps:          0       0       0       0       0       0       0       0       0       0       0       0       0       0       0       0
      Totals:         6       0       0       0       0       0       0       0       0       0       0       0       0       0       0       0
Total ram usage:        6 bytes
 Hardware stack levels used:    1
 This function calls:
		Nothing
 This function is called by:
		_imprimir_temperatura
		_main
 This function uses a non-reentrant model


 *************** function ___awdiv *****************
 Defined at:
		line 8 in file "C:\Program Files (x86)\Microchip\xc8\v1.34\sources\common\awdiv.c"
 Parameters:    Size  Location     Type
  dividend        2    0[COMRAM] int 
  divisor         2    2[COMRAM] int 
 Auto vars:     Size  Location     Type
  quotient        2    6[COMRAM] int 
  sign            1    5[COMRAM] unsigned char 
  counter         1    4[COMRAM] unsigned char 
 Return value:  Size  Location     Type
                  2    0[COMRAM] int 
 Registers used:
		wreg, status,2, status,0
 Tracked objects:
		On entry : 
		On exit  : 
		Unchanged: 
 Data sizes:     COMRAM   BANK0   BANK1   BANK2   BANK3   BANK4   BANK5   BANK6   BANK7   BANK8   BANK9  BANK10  BANK11  BANK12  BANK13  BANK14
      Params:         4       0       0       0       0       0       0       0       0       0       0       0       0       0       0       0
      Locals:         4       0       0       0       0       0       0       0       0       0       0       0       0       0       0       0
      Temps:          0       0       0       0       0       0       0       0       0       0       0       0       0       0       0       0
      Totals:         8       0       0       0       0       0       0       0       0       0       0       0       0       0       0       0
Total ram usage:        8 bytes
 Hardware stack levels used:    1
 This function calls:
		Nothing
 This function is called by:
		_imprimir_temperatura
 This function uses a non-reentrant model



MODULE INFORMATION

Module		Function		Class		Link	Load	Size
shared
		__initializatio		CODE           	FC5E	0000	1

shared estimated size: 1

C:\Program Files (x86)\Microchip\xc8\v1.34\sources\common\awdiv.c
		___awdiv       		CODE           	FEAE	0000	151

C:\Program Files (x86)\Microchip\xc8\v1.34\sources\common\awdiv.c estimated size: 151

Unimic/unmc_01/headers/unmc_display.c
		_apagar_segment		CODE           	FC76	0000	17
		_tiempo_encendi		CODE           	FC86	0000	17
		_encender_A    		CODE           	FC0E	0000	11
		_encender_B    		CODE           	FC18	0000	11
		_encender_C    		CODE           	FC22	0000	11
		_encender_D    		CODE           	FC2C	0000	11
		_encender_E    		CODE           	FC36	0000	11
		_encender_F    		CODE           	FC40	0000	11
		_encender_G    		CODE           	FC54	0000	11
		_number_0      		CODE           	FCEA	0000	27
		_number_1      		CODE           	FC4A	0000	11
		_number_2      		CODE           	FCA8	0000	23
		_number_3      		CODE           	FCBE	0000	23
		_number_4      		CODE           	FC96	0000	19
		_number_5      		CODE           	FCD4	0000	23
		_number_6      		CODE           	FD04	0000	27
		_number_7      		CODE           	FC68	0000	15
		_number_8      		CODE           	FD38	0000	31
		_number_9      		CODE           	FD1E	0000	27
		_construir_nume		CODE           	FE1A	0000	149

Unimic/unmc_01/headers/unmc_display.c estimated size: 486

main.c
		_imprimir_tempe		CODE           	FDB4	0000	103
		_main          		CODE           	FF44	0000	181
		_setup         		CODE           	FD7E	0000	55

main.c estimated size: 339

C:\Program Files (x86)\Microchip\xc8\v1.34\sources\common\Umul16.c
		___wmul        		CODE           	FD56	0000	41

C:\Program Files (x86)\Microchip\xc8\v1.34\sources\common\Umul16.c estimated size: 41

