Microchip MPLAB XC8 Compiler V1.34 ()

Linker command line:

--edf=C:\Program Files (x86)\Microchip\xc8\v1.34\dat\en_msgs.txt -cs \
  -h+dist/default/production\UNMC.production.sym \
  --cmf=dist/default/production\UNMC.production.cmf -z -Q18F26J50 \
  -oC:\Users\ddavi\AppData\Local\Temp\s84s.6 \
  -Mdist/default/production/UNMC.production.map -E1 -ver=XC8 \
  -ASTACK=0110h-0ebfh -pstack=STACK -ACODE=00h-0FFF7h -ACONST=00h-0FFF7h \
  -ASMALLCONST=0F00h-0FFFhx240,0FF00h-0FFF7h -AMEDIUMCONST=0F00h-0FFF7h \
  -ACOMRAM=01h-05Fh -AABS1=00h-0EBFh -ABIGRAM=01h-0EBFh \
  -ARAM=060h-0FFh,0100h-01FFhx13,0E00h-0EBFh -ABANK0=060h-0FFh \
  -ABANK1=0100h-01FFh -ABANK2=0200h-02FFh -ABANK3=0300h-03FFh \
  -ABANK4=0400h-04FFh -ABANK5=0500h-05FFh -ABANK6=0600h-06FFh \
  -ABANK7=0700h-07FFh -ABANK8=0800h-08FFh -ABANK9=0900h-09FFh \
  -ABANK10=0A00h-0AFFh -ABANK11=0B00h-0BFFh -ABANK12=0C00h-0CFFh \
  -ABANK13=0D00h-0DFFh -ABANK14=0E00h-0EBFh \
  -ASFR=0EC0h-0EFFh,0F00h-0F5Fh,0F60h-0FFFh \
  -preset_vec=00h,intcode,intcodelo,powerup,init,end_init -pramtop=0F00h \
  -psmallconst=SMALLCONST -pmediumconst=MEDIUMCONST -pconst=CONST \
  -AFARRAM=00h-00h -ACONFIG=0FFF8h-0FFFFh -pconfig=CONFIG \
  -pjflash_buffer=0F800h \
  -prdata=COMRAM,nvrram=COMRAM,nvbit=COMRAM,rbss=COMRAM,rbit=COMRAM \
  -pfarbss=FARRAM,fardata=FARRAM,nvFARRAM=FARRAM \
  -pintsave_regs=BIGRAM,bigbss=BIGRAM,bigdata=BIGRAM -pbss=RAM \
  -pidata=CODE,irdata=CODE,ibigdata=CODE,ifardata=CODE -prparam=COMRAM \
  C:\Users\ddavi\AppData\Local\Temp\s84s.obj \
  dist/default/production\UNMC.production.obj 

Object code version is 3.11

Machine type is 18F26J50

Call graph: (short form)




                Name                               Link     Load   Length Selector   Space Scale
C:\Users\ddavi\AppData\Local\Temp\s84s.obj
                end_init                              0        0        4        0       0
                config                             FFF8     FFF8        8     FFF8       0
dist/default/production\UNMC.production.obj
                mediumconst                        FEA2     FEA2      156     7F51       0
                text78                             EA96     EA96       8E     754B       0
                text77                             E4F6     E4F6       6E     727B       0
                text76                             F374     F374      122     79BA       0
                text75                             DE12     DE12       12     6F09       0
                text74                             F5C8     F5C8      146     7AE4       0
                text73                             F268     F268      10C     7934       0
                text72                             EBB2     EBB2       96     75D9       0
                text71                             F864     F864      186     7C32       0
                text70                             DE24     DE24       12     6F12       0
                text69                             E6B6     E6B6       76     735B       0
                text68                             E1D4     E1D4       32     70EA       0
                text67                             DDC2     DDC2        E     6EE1       0
                text66                             DE36     DE36       12     6F1B       0
                text65                             E914     E914       80     748A       0
                text64                             E24C     E24C       48     7126       0
                text63                             DD90     DD90        8     6EC8       0
                text62                             E002     E002       24     7001       0
                text61                             E294     E294       4C     714A       0
                text60                             E32C     E32C       54     7196       0
                text59                             E3DA     E3DA       5C     71ED       0
                text58                             E2E0     E2E0       4C     7170       0
                text57                             E04A     E04A       28     7025       0
                text56                             DF9C     DF9C       22     6FCE       0
                text55                             FBAA     FBAA      2F8     7DD5       0
                text54                             EEFA     EEFA       D6     777D       0
                text53                             DDB6     DDB6        C     6EDB       0
                text52                             DE6C     DE6C       16     6F36       0
                text51                             E072     E072       2A     7039       0
                text50                             E178     E178       2E     70BC       0
                text49                             DF5C     DF5C       20     6FAE       0
                text48                             DFBE     DFBE       22     6FDF       0
                text47                             E896     E896       7E     744B       0
                text46                             ED76     ED76       B0     76BB       0
                text45                             E09C     E09C       2C     704E       0
                text44                             DEB0     DEB0       1C     6F58       0
                text43                             DE48     DE48       12     6F24       0
                text42                             DDD0     DDD0       10     6EE8       0
                text41                             DDE0     DDE0       10     6EF0       0
                text40                             DE5A     DE5A       12     6F2D       0
                text39                             DDF0     DDF0       10     6EF8       0
                text38                             DD98     DD98        A     6ECC       0
                text37                             DDA2     DDA2        A     6ED1       0
                text36                             E026     E026       24     7013       0
                text35                             DF7C     DF7C       20     6FBE       0
                text34                             DE82     DE82       16     6F41       0
                text33                             DF20     DF20       1E     6F90       0
                text32                             DFE0     DFE0       22     6FF0       0
                text31                             EE26     EE26       D4     7713       0
                text30                             DF3E     DF3E       1E     6F9F       0
                text29                             F9EA     F9EA      1C0     7CF5       0
                text28                             EA14     EA14       82     750A       0
                text27                             F17E     F17E       EA     78BF       0
                text26                             E72C     E72C       76     7396       0
                text25                             DECC     DECC       1C     6F66       0
                text24                             EB24     EB24       8E     7592       0
                text23                             ECDE     ECDE       98     766F       0
                text22                             E206     E206       46     7103       0
                text21                             E436     E436       60     721B       0
                text20                             DEE8     DEE8       1C     6F74       0
                text19                             DF04     DF04       1C     6F82       0
                text18                             E0C8     E0C8       2C     7064       0
                text17                             E81A     E81A       7C     740D       0
                text16                             E564     E564       6E     72B2       0
                text15                             E380     E380       5A     71C0       0
                text14                             E642     E642       74     7321       0
                text13                             E496     E496       60     724B       0
                text12                             E0F4     E0F4       2C     707A       0
                text11                             E120     E120       2C     7090       0
                text10                             E14C     E14C       2C     70A6       0
                text9                              DDAC     DDAC        A     6ED6       0
                text8                              E994     E994       80     74CA       0
                text7                              F70E     F70E      156     7B87       0
                text6                              E1A6     E1A6       2E     70D3       0
                text5                              DE98     DE98       18     6F4C       0
                text4                              EFD0     EFD0       D6     77E8       0
                text3                              EC48     EC48       96     7624       0
                text2                              E7A2     E7A2       78     73D1       0
                text1                              F0A6     F0A6       D8     7853       0
                text0                              F496     F496      132     7A4B       0
                cstackCOMRAM                          1        1       44        1       1
                bssBANK1                            100      100       10      100       1
                dataBANK0                            E2       E2       11       60       1
                bssBANK0                             60       60       82       60       1
                dataCOMRAM                           5A       5A        4        1       1
                bssCOMRAM                            45       45       15        1       1
                bitbssCOMRAM                        2F8       5F        1        1       1     8
                cinit                              E5D2     E5D2       70     72E9       0
                nvBANK0                              F3       F3        C       60       1
                nvCOMRAM                             5E       5E        1        1       1
                idataBANK0                         DE01     DE01       11     DE01       0
                idataCOMRAM                        DD8C     DD8C        4     DD8C       0

TOTAL           Name                               Link     Load   Length     Space
        CLASS   STACK          

        CLASS   CODE           
                end_init                              0        0        4         0
                text78                             EA96     EA96       8E         0
                text77                             E4F6     E4F6       6E         0
                text76                             F374     F374      122         0
                text75                             DE12     DE12       12         0
                text74                             F5C8     F5C8      146         0
                text73                             F268     F268      10C         0
                text72                             EBB2     EBB2       96         0
                text71                             F864     F864      186         0
                text70                             DE24     DE24       12         0
                text69                             E6B6     E6B6       76         0
                text68                             E1D4     E1D4       32         0
                text67                             DDC2     DDC2        E         0
                text66                             DE36     DE36       12         0
                text65                             E914     E914       80         0
                text64                             E24C     E24C       48         0
                text63                             DD90     DD90        8         0
                text62                             E002     E002       24         0
                text61                             E294     E294       4C         0
                text60                             E32C     E32C       54         0
                text59                             E3DA     E3DA       5C         0
                text58                             E2E0     E2E0       4C         0
                text57                             E04A     E04A       28         0
                text56                             DF9C     DF9C       22         0
                text55                             FBAA     FBAA      2F8         0
                text54                             EEFA     EEFA       D6         0
                text53                             DDB6     DDB6        C         0
                text52                             DE6C     DE6C       16         0
                text51                             E072     E072       2A         0
                text50                             E178     E178       2E         0
                text49                             DF5C     DF5C       20         0
                text48                             DFBE     DFBE       22         0
                text47                             E896     E896       7E         0
                text46                             ED76     ED76       B0         0
                text45                             E09C     E09C       2C         0
                text44                             DEB0     DEB0       1C         0
                text43                             DE48     DE48       12         0
                text42                             DDD0     DDD0       10         0
                text41                             DDE0     DDE0       10         0
                text40                             DE5A     DE5A       12         0
                text39                             DDF0     DDF0       10         0
                text38                             DD98     DD98        A         0
                text37                             DDA2     DDA2        A         0
                text36                             E026     E026       24         0
                text35                             DF7C     DF7C       20         0
                text34                             DE82     DE82       16         0
                text33                             DF20     DF20       1E         0
                text32                             DFE0     DFE0       22         0
                text31                             EE26     EE26       D4         0
                text30                             DF3E     DF3E       1E         0
                text29                             F9EA     F9EA      1C0         0
                text28                             EA14     EA14       82         0
                text27                             F17E     F17E       EA         0
                text26                             E72C     E72C       76         0
                text25                             DECC     DECC       1C         0
                text24                             EB24     EB24       8E         0
                text23                             ECDE     ECDE       98         0
                text22                             E206     E206       46         0
                text21                             E436     E436       60         0
                text20                             DEE8     DEE8       1C         0
                text19                             DF04     DF04       1C         0
                text18                             E0C8     E0C8       2C         0
                text17                             E81A     E81A       7C         0
                text16                             E564     E564       6E         0
                text15                             E380     E380       5A         0
                text14                             E642     E642       74         0
                text13                             E496     E496       60         0
                text12                             E0F4     E0F4       2C         0
                text11                             E120     E120       2C         0
                text10                             E14C     E14C       2C         0
                text9                              DDAC     DDAC        A         0
                text8                              E994     E994       80         0
                text7                              F70E     F70E      156         0
                text6                              E1A6     E1A6       2E         0
                text5                              DE98     DE98       18         0
                text4                              EFD0     EFD0       D6         0
                text3                              EC48     EC48       96         0
                text2                              E7A2     E7A2       78         0
                text1                              F0A6     F0A6       D8         0
                text0                              F496     F496      132         0
                cinit                              E5D2     E5D2       70         0
                idataBANK0                         DE01     DE01       11         0
                idataCOMRAM                        DD8C     DD8C        4         0

        CLASS   CONST          

        CLASS   SMALLCONST     

        CLASS   MEDIUMCONST    
                mediumconst                        FEA2     FEA2      156         0

        CLASS   COMRAM         
                cstackCOMRAM                          1        1       44         1
                dataCOMRAM                           5A       5A        4         1
                bssCOMRAM                            45       45       15         1
                bitbssCOMRAM                        2F8       5F        1         1
                nvCOMRAM                             5E       5E        1         1

        CLASS   ABS1           

        CLASS   BIGRAM         

        CLASS   RAM            

        CLASS   BANK0          
                dataBANK0                            E2       E2       11         1
                bssBANK0                             60       60       82         1
                nvBANK0                              F3       F3        C         1

        CLASS   BANK1          
                bssBANK1                            100      100       10         1

        CLASS   BANK2          

        CLASS   BANK3          

        CLASS   BANK4          

        CLASS   BANK5          

        CLASS   BANK6          

        CLASS   BANK7          

        CLASS   BANK8          

        CLASS   BANK9          

        CLASS   BANK10         

        CLASS   BANK11         

        CLASS   BANK12         

        CLASS   BANK13         

        CLASS   BANK14         

        CLASS   SFR            

        CLASS   FARRAM         

        CLASS   CONFIG         
                config                             FFF8     FFF8        8         0

        CLASS   IDLOC          



SEGMENTS        Name                           Load    Length   Top    Selector   Space  Class

                reset_vec                      000000  000004  000004         0       0  CODE    
                cstackCOMRAM                   000001  00005F  000060         1       1  COMRAM  
                bssBANK0                       000060  00009F  0000FF        60       1  BANK0   
                bssBANK1                       000100  000010  000110       100       1  BANK1   
                idataCOMRAM                    00DD8C  000004  00DD90      DD8C       0  CODE    
                text63                         00DD90  000008  00DD98      6EC8       0  CODE    
                text38                         00DD98  00000A  00DDA2      6ECC       0  CODE    
                text37                         00DDA2  00000A  00DDAC      6ED1       0  CODE    
                text9                          00DDAC  00000A  00DDB6      6ED6       0  CODE    
                text53                         00DDB6  00000C  00DDC2      6EDB       0  CODE    
                text67                         00DDC2  00000E  00DDD0      6EE1       0  CODE    
                text42                         00DDD0  000010  00DDE0      6EE8       0  CODE    
                text41                         00DDE0  000010  00DDF0      6EF0       0  CODE    
                text39                         00DDF0  000010  00DE00      6EF8       0  CODE    
                idataBANK0                     00DE01  000011  00DE12      DE01       0  CODE    
                text75                         00DE12  000012  00DE24      6F09       0  CODE    
                text70                         00DE24  000012  00DE36      6F12       0  CODE    
                text66                         00DE36  000012  00DE48      6F1B       0  CODE    
                text43                         00DE48  000012  00DE5A      6F24       0  CODE    
                text40                         00DE5A  000012  00DE6C      6F2D       0  CODE    
                text52                         00DE6C  000016  00DE82      6F36       0  CODE    
                text34                         00DE82  000016  00DE98      6F41       0  CODE    
                text5                          00DE98  000018  00DEB0      6F4C       0  CODE    
                text44                         00DEB0  00001C  00DECC      6F58       0  CODE    
                text25                         00DECC  00001C  00DEE8      6F66       0  CODE    
                text20                         00DEE8  00001C  00DF04      6F74       0  CODE    
                text19                         00DF04  00001C  00DF20      6F82       0  CODE    
                text33                         00DF20  00001E  00DF3E      6F90       0  CODE    
                text30                         00DF3E  00001E  00DF5C      6F9F       0  CODE    
                text49                         00DF5C  000020  00DF7C      6FAE       0  CODE    
                text35                         00DF7C  000020  00DF9C      6FBE       0  CODE    
                text56                         00DF9C  000022  00DFBE      6FCE       0  CODE    
                text48                         00DFBE  000022  00DFE0      6FDF       0  CODE    
                text32                         00DFE0  000022  00E002      6FF0       0  CODE    
                text62                         00E002  000024  00E026      7001       0  CODE    
                text36                         00E026  000024  00E04A      7013       0  CODE    
                text57                         00E04A  000028  00E072      7025       0  CODE    
                text51                         00E072  00002A  00E09C      7039       0  CODE    
                text45                         00E09C  00002C  00E0C8      704E       0  CODE    
                text18                         00E0C8  00002C  00E0F4      7064       0  CODE    
                text12                         00E0F4  00002C  00E120      707A       0  CODE    
                text11                         00E120  00002C  00E14C      7090       0  CODE    
                text10                         00E14C  00002C  00E178      70A6       0  CODE    
                text50                         00E178  00002E  00E1A6      70BC       0  CODE    
                text6                          00E1A6  00002E  00E1D4      70D3       0  CODE    
                text68                         00E1D4  000032  00E206      70EA       0  CODE    
                text22                         00E206  000046  00E24C      7103       0  CODE    
                text64                         00E24C  000048  00E294      7126       0  CODE    
                text61                         00E294  00004C  00E2E0      714A       0  CODE    
                text58                         00E2E0  00004C  00E32C      7170       0  CODE    
                text60                         00E32C  000054  00E380      7196       0  CODE    
                text15                         00E380  00005A  00E3DA      71C0       0  CODE    
                text59                         00E3DA  00005C  00E436      71ED       0  CODE    
                text21                         00E436  000060  00E496      721B       0  CODE    
                text13                         00E496  000060  00E4F6      724B       0  CODE    
                text77                         00E4F6  00006E  00E564      727B       0  CODE    
                text16                         00E564  00006E  00E5D2      72B2       0  CODE    
                cinit                          00E5D2  000070  00E642      72E9       0  CODE    
                text14                         00E642  000074  00E6B6      7321       0  CODE    
                text69                         00E6B6  000076  00E72C      735B       0  CODE    
                text26                         00E72C  000076  00E7A2      7396       0  CODE    
                text2                          00E7A2  000078  00E81A      73D1       0  CODE    
                text17                         00E81A  00007C  00E896      740D       0  CODE    
                text47                         00E896  00007E  00E914      744B       0  CODE    
                text65                         00E914  000080  00E994      748A       0  CODE    
                text8                          00E994  000080  00EA14      74CA       0  CODE    
                text28                         00EA14  000082  00EA96      750A       0  CODE    
                text78                         00EA96  00008E  00EB24      754B       0  CODE    
                text24                         00EB24  00008E  00EBB2      7592       0  CODE    
                text72                         00EBB2  000096  00EC48      75D9       0  CODE    
                text3                          00EC48  000096  00ECDE      7624       0  CODE    
                text23                         00ECDE  000098  00ED76      766F       0  CODE    
                text46                         00ED76  0000B0  00EE26      76BB       0  CODE    
                text31                         00EE26  0000D4  00EEFA      7713       0  CODE    
                text54                         00EEFA  0000D6  00EFD0      777D       0  CODE    
                text4                          00EFD0  0000D6  00F0A6      77E8       0  CODE    
                text1                          00F0A6  0000D8  00F17E      7853       0  CODE    
                text27                         00F17E  0000EA  00F268      78BF       0  CODE    
                text73                         00F268  00010C  00F374      7934       0  CODE    
                text76                         00F374  000122  00F496      79BA       0  CODE    
                text0                          00F496  000132  00F5C8      7A4B       0  CODE    
                text74                         00F5C8  000146  00F70E      7AE4       0  CODE    
                text7                          00F70E  000156  00F864      7B87       0  CODE    
                text71                         00F864  000186  00F9EA      7C32       0  CODE    
                text29                         00F9EA  0001C0  00FBAA      7CF5       0  CODE    
                text55                         00FBAA  0002F8  00FEA2      7DD5       0  CODE    
                mediumconst                    00FEA2  000156  00FFF8      7F51       0  MEDIUMCO
                config                         00FFF8  000008  010000      FFF8       0  CONFIG  


UNUSED ADDRESS RANGES

        Name                Unused          Largest block    Delta
        BANK0            000FF-000FF               1
        BANK1            00110-001FF              F0
        BANK10           00A00-00AFF             100
        BANK11           00B00-00BFF             100
        BANK12           00C00-00CFF             100
        BANK13           00D00-00DFF             100
        BANK14           00E00-00EBF              C0
        BANK2            00200-002FF             100
        BANK3            00300-003FF             100
        BANK4            00400-004FF             100
        BANK5            00500-005FF             100
        BANK6            00600-006FF             100
        BANK7            00700-007FF             100
        BANK8            00800-008FF             100
        BANK9            00900-009FF             100
        BIGRAM           000FF-000FF               1
                         00110-00EBF             DB0
        CODE             00004-0DD8B            DD88
                         0DE00-0DE00               1
        CONST            00004-0DD8B            DD88
                         0DE00-0DE00               1
        MEDIUMCONST      00F00-0DD8B            CE8C
                         0DE00-0DE00               1
        RAM              000FF-000FF               1
                         00110-00EBF             100
        SFR              00EC0-00FFF              60
        SMALLCONST       00F00-0DD8B             100
                         0DE00-0DE00               1
        STACK            00110-00EBF             DB0

                                  Symbol Table

?___awdiv                                   cstackCOMRAM  00001
?___awmod                                   cstackCOMRAM  00001
?___lwdiv                                   cstackCOMRAM  00001
?___lwmod                                   cstackCOMRAM  00008
?___wmul                                    cstackCOMRAM  00001
?_atoi                                      cstackCOMRAM  00007
?_sprintf                                   cstackCOMRAM  0000D
Delay100TCYx@unit                           cstackCOMRAM  00001
Delay1KTCYx@unit                            cstackCOMRAM  00001
RtccReadDate@pDt                            cstackCOMRAM  00001
RtccReadDate@rTD0                           cstackCOMRAM  0000B
RtccReadDate@rTD1                           cstackCOMRAM  00003
RtccReadTime@pTm                            cstackCOMRAM  00001
RtccReadTime@rTD0                           cstackCOMRAM  0000B
RtccReadTime@rTD1                           cstackCOMRAM  00003
RtccWriteDate@di                            cstackCOMRAM  00003
RtccWriteDate@pDt                           cstackCOMRAM  00001
RtccWriteDate@tempDayMonth                  cstackCOMRAM  0000A
RtccWriteDate@tempHourWDay                  cstackCOMRAM  0000C
RtccWriteDate@tempYear                      cstackCOMRAM  00007
RtccWriteDate@wasAlrm                       cstackCOMRAM  00006
RtccWriteDate@wasOn                         cstackCOMRAM  00005
RtccWriteDate@wasWrEn                       cstackCOMRAM  00009
RtccWriteTime@di                            cstackCOMRAM  00003
RtccWriteTime@pTm                           cstackCOMRAM  00001
RtccWriteTime@tempHourWDay                  cstackCOMRAM  0000A
RtccWriteTime@tempMinSec                    cstackCOMRAM  00008
RtccWriteTime@wasAlrm                       cstackCOMRAM  00006
RtccWriteTime@wasOn                         cstackCOMRAM  00005
RtccWriteTime@wasWrEn                       cstackCOMRAM  00007
_ADCON0                                     (abs)         00FC2
_ADCON1                                     (abs)         00FC1
_ALRMCFGbits                                (abs)         00F91
_ANCON0                                     (abs)         00F48
_ANCON1                                     (abs)         00F49
_Delay100TCYx                               text70        0DE24
_Delay1KTCYx                                text66        0DE36
_EECON2                                     (abs)         00FA7
_INTCONbits                                 (abs)         00FF2
_LATAbits                                   (abs)         00F89
_LATBbits                                   (abs)         00F8A
_LATCbits                                   (abs)         00F8B
_LCD_INIT_STRING                            mediumconst   0FEAD
_OSCCONbits                                 (abs)         00FD3
_OSCTUNEbits                                (abs)         00F9B
_PIE3bits                                   (abs)         00FA3
_PORTAbits                                  (abs)         00F80
_PORTCbits                                  (abs)         00F82
_RTCCFG                                     (abs)         00F3F
_RTCCFGbits                                 (abs)         00F3F
_RTCVALH                                    (abs)         00F99
_RTCVALL                                    (abs)         00F98
_Read_RTC                                   text76        0F374
_RtccAlrmTimeDate                           bssBANK1      00100
_RtccDate                                   bssCOMRAM     0004A
_RtccReadDate                               text78        0EA96
_RtccReadTime                               text77        0E4F6
_RtccTime                                   bssCOMRAM     0004E
_RtccTimeDate                               bssBANK0      00060
_RtccTimeVal                                bssBANK0      00068
_RtccWrOn                                   text75        0DE12
_RtccWriteDate                              text74        0F5C8
_RtccWriteTime                              text73        0F268
_Rtcc_read_TimeDate                         bssBANK1      00108
_Setup                                      text64        0E24C
_T1CONbits                                  (abs)         00FCD
_TRISA                                      (abs)         00F92
_TRISB                                      (abs)         00F93
_TRISBbits                                  (abs)         00F93
_TRISC                                      (abs)         00F94
_Write_RTC                                  text71        0F864
__CFG_CP0$OFF                               (abs)         00000
__CFG_CPUDIV$OSC1                           (abs)         00000
__CFG_DSBOREN$OFF                           (abs)         00000
__CFG_DSWDTEN$OFF                           (abs)         00000
__CFG_DSWDTOSC$INTOSCREF                    (abs)         00000
__CFG_DSWDTPS$G2                            (abs)         00000
__CFG_FCMEN$OFF                             (abs)         00000
__CFG_IESO$OFF                              (abs)         00000
__CFG_IOL1WAY$OFF                           (abs)         00000
__CFG_LPT1OSC$OFF                           (abs)         00000
__CFG_MSSP7B_EN$MSK7                        (abs)         00000
__CFG_OSC$INTOSC                            (abs)         00000
__CFG_PLLDIV$1                              (abs)         00000
__CFG_RTCOSC$T1OSCREF                       (abs)         00000
__CFG_STVREN$ON                             (abs)         00000
__CFG_T1DIG$ON                              (abs)         00000
__CFG_WDTEN$OFF                             (abs)         00000
__CFG_WDTPS$32768                           (abs)         00000
__CFG_WPCFG$OFF                             (abs)         00000
__CFG_WPDIS$OFF                             (abs)         00000
__CFG_XINST$OFF                             (abs)         00000
__HRAM                                      (abs)         00000
__Habs1                                     abs1          00000
__Hbank0                                    bank0         00000
__Hbank1                                    bank1         00000
__Hbank10                                   bank10        00000
__Hbank11                                   bank11        00000
__Hbank12                                   bank12        00000
__Hbank13                                   bank13        00000
__Hbank14                                   bank14        00000
__Hbank2                                    bank2         00000
__Hbank3                                    bank3         00000
__Hbank4                                    bank4         00000
__Hbank5                                    bank5         00000
__Hbank6                                    bank6         00000
__Hbank7                                    bank7         00000
__Hbank8                                    bank8         00000
__Hbank9                                    bank9         00000
__Hbigbss                                   bigbss        00000
__Hbigdata                                  bigdata       00000
__Hbigram                                   bigram        00000
__HbitbssCOMRAM                             bitbssCOMRAM  00000
__Hbss                                      bss           00000
__HbssBANK0                                 bssBANK0      00000
__HbssBANK1                                 bssBANK1      00000
__HbssCOMRAM                                bssCOMRAM     00000
__Hcinit                                    cinit         00000
__Hclrtext                                  clrtext       00000
__Hcomram                                   comram        00000
__Hconfig                                   config        10000
__Hconst                                    const         00000
__HcstackCOMRAM                             cstackCOMRAM  00000
__Hdata                                     data          00000
__HdataBANK0                                dataBANK0     00000
__HdataCOMRAM                               dataCOMRAM    00000
__Hend_init                                 end_init      00004
__Hfarbss                                   farbss        00000
__Hfardata                                  fardata       00000
__Hibigdata                                 ibigdata      00000
__Hidata                                    idata         00000
__HidataBANK0                               idataBANK0    00000
__HidataCOMRAM                              idataCOMRAM   00000
__Hidloc                                    idloc         00000
__Hifardata                                 ifardata      00000
__Hinit                                     init          00000
__Hintcode                                  intcode       00000
__Hintcode_body                             intcode_body  00000
__Hintcodelo                                intcodelo     00000
__Hintentry                                 intentry      00000
__Hintret                                   intret        00000
__Hintsave_regs                             intsave_regs  00000
__Hirdata                                   irdata        00000
__Hjflash_buffer                            jflash_buffer 0F800
__Hmediumconst                              mediumconst   0FFF8
__HnvBANK0                                  nvBANK0       00000
__HnvCOMRAM                                 nvCOMRAM      00000
__HnvFARRAM                                 nvFARRAM      00000
__Hnvbit                                    nvbit         00000
__Hnvrram                                   nvrram        00000
__Hparam                                    rparam        00000
__Hpowerup                                  powerup       00000
__Hram                                      ram           00000
__Hramtop                                   ramtop        00F00
__Hrbit                                     rbit          00000
__Hrbss                                     rbss          00000
__Hrdata                                    rdata         00000
__Hreset_vec                                reset_vec     00000
__Hrparam                                   rparam        00000
__Hsfr                                      sfr           00000
__Hsmallconst                               smallconst    00000
__Hspace_0                                  (abs)         10000
__Hspace_1                                  (abs)         002F9
__Hspace_2                                  (abs)         00000
__Hstack                                    stack         00000
__Hstruct                                   struct        00000
__Htemp                                     temp          00000
__Htext                                     text          00000
__Htext0                                    text0         00000
__Htext1                                    text1         00000
__Htext10                                   text10        00000
__Htext11                                   text11        00000
__Htext12                                   text12        00000
__Htext13                                   text13        00000
__Htext14                                   text14        00000
__Htext15                                   text15        00000
__Htext16                                   text16        00000
__Htext17                                   text17        00000
__Htext18                                   text18        00000
__Htext19                                   text19        00000
__Htext2                                    text2         00000
__Htext20                                   text20        00000
__Htext21                                   text21        00000
__Htext22                                   text22        00000
__Htext23                                   text23        00000
__Htext24                                   text24        00000
__Htext25                                   text25        00000
__Htext26                                   text26        00000
__Htext27                                   text27        00000
__Htext28                                   text28        00000
__Htext29                                   text29        00000
__Htext3                                    text3         00000
__Htext30                                   text30        00000
__Htext31                                   text31        00000
__Htext32                                   text32        00000
__Htext33                                   text33        00000
__Htext34                                   text34        00000
__Htext35                                   text35        00000
__Htext36                                   text36        00000
__Htext37                                   text37        00000
__Htext38                                   text38        00000
__Htext39                                   text39        00000
__Htext4                                    text4         00000
__Htext40                                   text40        00000
__Htext41                                   text41        00000
__Htext42                                   text42        00000
__Htext43                                   text43        00000
__Htext44                                   text44        00000
__Htext45                                   text45        00000
__Htext46                                   text46        00000
__Htext47                                   text47        00000
__Htext48                                   text48        00000
__Htext49                                   text49        00000
__Htext5                                    text5         00000
__Htext50                                   text50        00000
__Htext51                                   text51        00000
__Htext52                                   text52        00000
__Htext53                                   text53        00000
__Htext54                                   text54        00000
__Htext55                                   text55        00000
__Htext56                                   text56        00000
__Htext57                                   text57        00000
__Htext58                                   text58        00000
__Htext59                                   text59        00000
__Htext6                                    text6         00000
__Htext60                                   text60        00000
__Htext61                                   text61        00000
__Htext62                                   text62        00000
__Htext63                                   text63        00000
__Htext64                                   text64        00000
__Htext65                                   text65        00000
__Htext66                                   text66        00000
__Htext67                                   text67        00000
__Htext68                                   text68        00000
__Htext69                                   text69        00000
__Htext7                                    text7         00000
__Htext70                                   text70        00000
__Htext71                                   text71        00000
__Htext72                                   text72        00000
__Htext73                                   text73        00000
__Htext74                                   text74        00000
__Htext75                                   text75        00000
__Htext76                                   text76        00000
__Htext77                                   text77        00000
__Htext78                                   text78        00000
__Htext79                                   text79        00000
__Htext8                                    text8         00000
__Htext9                                    text9         00000
__LRAM                                      (abs)         00001
__Labs1                                     abs1          00000
__Lbank0                                    bank0         00000
__Lbank1                                    bank1         00000
__Lbank10                                   bank10        00000
__Lbank11                                   bank11        00000
__Lbank12                                   bank12        00000
__Lbank13                                   bank13        00000
__Lbank14                                   bank14        00000
__Lbank2                                    bank2         00000
__Lbank3                                    bank3         00000
__Lbank4                                    bank4         00000
__Lbank5                                    bank5         00000
__Lbank6                                    bank6         00000
__Lbank7                                    bank7         00000
__Lbank8                                    bank8         00000
__Lbank9                                    bank9         00000
__Lbigbss                                   bigbss        00000
__Lbigdata                                  bigdata       00000
__Lbigram                                   bigram        00000
__LbitbssCOMRAM                             bitbssCOMRAM  00000
__Lbss                                      bss           00000
__LbssBANK0                                 bssBANK0      00000
__LbssBANK1                                 bssBANK1      00000
__LbssCOMRAM                                bssCOMRAM     00000
__Lcinit                                    cinit         00000
__Lclrtext                                  clrtext       00000
__Lcomram                                   comram        00000
__Lconfig                                   config        0FFF8
__Lconst                                    const         00000
__LcstackCOMRAM                             cstackCOMRAM  00000
__Ldata                                     data          00000
__LdataBANK0                                dataBANK0     00000
__LdataCOMRAM                               dataCOMRAM    00000
__Lend_init                                 end_init      00000
__Lfarbss                                   farbss        00000
__Lfardata                                  fardata       00000
__Libigdata                                 ibigdata      00000
__Lidata                                    idata         00000
__LidataBANK0                               idataBANK0    00000
__LidataCOMRAM                              idataCOMRAM   00000
__Lidloc                                    idloc         00000
__Lifardata                                 ifardata      00000
__Linit                                     init          00000
__Lintcode                                  intcode       00000
__Lintcode_body                             intcode_body  00000
__Lintcodelo                                intcodelo     00000
__Lintentry                                 intentry      00000
__Lintret                                   intret        00000
__Lintsave_regs                             intsave_regs  00000
__Lirdata                                   irdata        00000
__Ljflash_buffer                            jflash_buffer 0F800
__Lmediumconst                              mediumconst   0FEA2
__LnvBANK0                                  nvBANK0       00000
__LnvCOMRAM                                 nvCOMRAM      00000
__LnvFARRAM                                 nvFARRAM      00000
__Lnvbit                                    nvbit         00000
__Lnvrram                                   nvrram        00000
__Lparam                                    rparam        00000
__Lpowerup                                  powerup       00000
__Lram                                      ram           00000
__Lramtop                                   ramtop        00F00
__Lrbit                                     rbit          00000
__Lrbss                                     rbss          00000
__Lrdata                                    rdata         00000
__Lreset_vec                                reset_vec     00000
__Lrparam                                   rparam        00000
__Lsfr                                      sfr           00000
__Lsmallconst                               smallconst    00000
__Lspace_0                                  (abs)         00000
__Lspace_1                                  (abs)         00000
__Lspace_2                                  (abs)         00000
__Lstack                                    stack         00000
__Lstruct                                   struct        00000
__Ltemp                                     temp          00000
__Ltext                                     text          00000
__Ltext0                                    text0         00000
__Ltext1                                    text1         00000
__Ltext10                                   text10        00000
__Ltext11                                   text11        00000
__Ltext12                                   text12        00000
__Ltext13                                   text13        00000
__Ltext14                                   text14        00000
__Ltext15                                   text15        00000
__Ltext16                                   text16        00000
__Ltext17                                   text17        00000
__Ltext18                                   text18        00000
__Ltext19                                   text19        00000
__Ltext2                                    text2         00000
__Ltext20                                   text20        00000
__Ltext21                                   text21        00000
__Ltext22                                   text22        00000
__Ltext23                                   text23        00000
__Ltext24                                   text24        00000
__Ltext25                                   text25        00000
__Ltext26                                   text26        00000
__Ltext27                                   text27        00000
__Ltext28                                   text28        00000
__Ltext29                                   text29        00000
__Ltext3                                    text3         00000
__Ltext30                                   text30        00000
__Ltext31                                   text31        00000
__Ltext32                                   text32        00000
__Ltext33                                   text33        00000
__Ltext34                                   text34        00000
__Ltext35                                   text35        00000
__Ltext36                                   text36        00000
__Ltext37                                   text37        00000
__Ltext38                                   text38        00000
__Ltext39                                   text39        00000
__Ltext4                                    text4         00000
__Ltext40                                   text40        00000
__Ltext41                                   text41        00000
__Ltext42                                   text42        00000
__Ltext43                                   text43        00000
__Ltext44                                   text44        00000
__Ltext45                                   text45        00000
__Ltext46                                   text46        00000
__Ltext47                                   text47        00000
__Ltext48                                   text48        00000
__Ltext49                                   text49        00000
__Ltext5                                    text5         00000
__Ltext50                                   text50        00000
__Ltext51                                   text51        00000
__Ltext52                                   text52        00000
__Ltext53                                   text53        00000
__Ltext54                                   text54        00000
__Ltext55                                   text55        00000
__Ltext56                                   text56        00000
__Ltext57                                   text57        00000
__Ltext58                                   text58        00000
__Ltext59                                   text59        00000
__Ltext6                                    text6         00000
__Ltext60                                   text60        00000
__Ltext61                                   text61        00000
__Ltext62                                   text62        00000
__Ltext63                                   text63        00000
__Ltext64                                   text64        00000
__Ltext65                                   text65        00000
__Ltext66                                   text66        00000
__Ltext67                                   text67        00000
__Ltext68                                   text68        00000
__Ltext69                                   text69        00000
__Ltext7                                    text7         00000
__Ltext70                                   text70        00000
__Ltext71                                   text71        00000
__Ltext72                                   text72        00000
__Ltext73                                   text73        00000
__Ltext74                                   text74        00000
__Ltext75                                   text75        00000
__Ltext76                                   text76        00000
__Ltext77                                   text77        00000
__Ltext78                                   text78        00000
__Ltext79                                   text79        00000
__Ltext8                                    text8         00000
__Ltext9                                    text9         00000
__S0                                        (abs)         10000
__S1                                        (abs)         00110
__S2                                        (abs)         00000
___awdiv                                    text72        0EBB2
___awdiv@counter                            cstackCOMRAM  00005
___awdiv@dividend                           cstackCOMRAM  00001
___awdiv@divisor                            cstackCOMRAM  00003
___awdiv@quotient                           cstackCOMRAM  00007
___awdiv@sign                               cstackCOMRAM  00006
___awmod                                    text28        0EA14
___awmod@counter                            cstackCOMRAM  00005
___awmod@dividend                           cstackCOMRAM  00001
___awmod@divisor                            cstackCOMRAM  00003
___awmod@sign                               cstackCOMRAM  00006
___inthi_sp                                 stack         00000
___intlo_sp                                 stack         00000
___lwdiv                                    text59        0E3DA
___lwdiv@counter                            cstackCOMRAM  00007
___lwdiv@dividend                           cstackCOMRAM  00001
___lwdiv@divisor                            cstackCOMRAM  00003
___lwdiv@quotient                           cstackCOMRAM  00005
___lwmod                                    text58        0E2E0
___lwmod@counter                            cstackCOMRAM  0000C
___lwmod@dividend                           cstackCOMRAM  00008
___lwmod@divisor                            cstackCOMRAM  0000A
___param_bank                               (abs)         00010
___rparam_used                              (abs)         00001
___sp                                       stack         00000
___wmul                                     text57        0E04A
___wmul@multiplicand                        cstackCOMRAM  00003
___wmul@multiplier                          cstackCOMRAM  00001
___wmul@product                             cstackCOMRAM  00005
__accesstop                                 (abs)         00060
__activetblptr                              (abs)         00002
__end_of_Delay100TCYx                       text70        0DE36
__end_of_Delay1KTCYx                        text66        0DE48
__end_of_LCD_INIT_STRING                    mediumconst   0FEB1
__end_of_Read_RTC                           text76        0F496
__end_of_RtccReadDate                       text78        0EB24
__end_of_RtccReadTime                       text77        0E564
__end_of_RtccWrOn                           text75        0DE24
__end_of_RtccWriteDate                      text74        0F70E
__end_of_RtccWriteTime                      text73        0F374
__end_of_Setup                              text64        0E294
__end_of_Write_RTC                          text71        0F9EA
__end_of___awdiv                            text72        0EC48
__end_of___awmod                            text28        0EA96
__end_of___lwdiv                            text59        0E436
__end_of___lwmod                            text58        0E32C
__end_of___wmul                             text57        0E072
__end_of__initialization                    cinit         0E638
__end_of_activar_sonido_alarma              text63        0DD98
__end_of_actualiza_dia                      text33        0DF3E
__end_of_actualiza_elemento                 text34        0DE98
__end_of_actualizar_hora                    text32        0E002
__end_of_actualizar_minutos                 text35        0DF9C
__end_of_actualizar_password                text23        0ED76
__end_of_atoi                               text31        0EEFA
__end_of_borrar_anio                        text43        0DE5A
__end_of_borrar_dia                         text41        0DDF0
__end_of_borrar_hora                        text39        0DE00
__end_of_borrar_mes                         text42        0DDE0
__end_of_borrar_minutos                     text40        0DE6C
__end_of_cambiar_anio                       text17        0E896
__end_of_cambiar_dia                        text15        0E3DA
__end_of_cambiar_hora                       text13        0E4F6
__end_of_cambiar_mes                        text16        0E5D2
__end_of_cambiar_minutos                    text14        0E6B6
__end_of_cancelar_cambio_fecha              text38        0DDA2
__end_of_cancelar_cambio_hora               text37        0DDAC
__end_of_cancelar_cambio_password           text36        0E04A
__end_of_caratula                           text54        0EFD0
__end_of_clear_display                      text48        0DFE0
__end_of_confirmar_actualizar_password      text10        0E178
__end_of_confirmar_nuevo_password           text24        0EBB2
__end_of_convertir_a_int                    text30        0DF5C
__end_of_desactivar_alarma                  text45        0E0C8
__end_of_desactivar_sonido_alarma           text52        0DE82
__end_of_dpowers                            mediumconst   0FEAD
__end_of_guardar_comando                    text21        0E496
__end_of_guardar_current_password           text25        0DEE8
__end_of_guardar_elemento                   text29        0FBAA
__end_of_guardar_elemento_arreglo           text26        0E7A2
__end_of_guardar_nuevo_password             text20        0DF04
__end_of_guardar_password_temporal          text19        0DF20
__end_of_guardar_tecla_presionada           text8         0EA14
__end_of_imprimir_tecla                     text22        0E24C
__end_of_ingresar_comando                   text9         0DDB6
__end_of_inicializar_fecha                  text50        0E1A6
__end_of_inicializar_hora                   text49        0DF7C
__end_of_inicializar_intentos_fallidos      text53        0DDC2
__end_of_inicializar_teclado                text51        0E09C
__end_of_isdigit                            text56        0DFBE
__end_of_lcd_comand                         text67        0DDD0
__end_of_lcd_gotoxy                         text62        0E026
__end_of_lcd_init                           text65        0E994
__end_of_lcd_putc                           text61        0E2E0
__end_of_lcd_putrs                          text60        0E380
__end_of_lcd_send_byte                      text68        0E206
__end_of_lcd_send_nibble                    text69        0E72C
__end_of_leer_teclado                       text7         0F864
__end_of_main                               text0         0F5C8
__end_of_mensaje_alarma_activada            text6         0E1D4
__end_of_menu_cambiar_fecha                 text4         0F0A6
__end_of_menu_cambiar_horario               text3         0ECDE
__end_of_menu_cambiar_password              text1         0F17E
__end_of_menu_ingresar_password             text46        0EE26
__end_of_mostrar_guardar_nuevo_password     text11        0E14C
__end_of_mostrar_guardar_password           text12        0E120
__end_of_mostrar_guardar_temporal_password  text18        0E0F4
__end_of_mostrar_titulo_menu                text5         0DEB0
__end_of_obtener_dia_mes                    text27        0F268
__end_of_restaurar_comando                  text44        0DECC
__end_of_sprintf                            text55        0FEA2
__end_of_validar_password                   text47        0E914
__end_of_verficar_password                  text2         0E81A
__initialization                            cinit         0E5D2
__mediumconst                               mediumconst   0FEA2
__pbitbssCOMRAM                             bitbssCOMRAM  002F8
__pbssBANK0                                 bssBANK0      00060
__pbssBANK1                                 bssBANK1      00100
__pbssCOMRAM                                bssCOMRAM     00045
__pcinit                                    cinit         0E5D2
__pcstackCOMRAM                             cstackCOMRAM  00001
__pdataBANK0                                dataBANK0     000E2
__pdataCOMRAM                               dataCOMRAM    0005A
__pidataBANK0                               idataBANK0    0DE01
__pidataCOMRAM                              idataCOMRAM   0DD8C
__pmediumconst                              mediumconst   0FEA2
__pnvBANK0                                  nvBANK0       000F3
__pnvCOMRAM                                 nvCOMRAM      0005E
__ptext0                                    text0         0F496
__ptext1                                    text1         0F0A6
__ptext10                                   text10        0E14C
__ptext11                                   text11        0E120
__ptext12                                   text12        0E0F4
__ptext13                                   text13        0E496
__ptext14                                   text14        0E642
__ptext15                                   text15        0E380
__ptext16                                   text16        0E564
__ptext17                                   text17        0E81A
__ptext18                                   text18        0E0C8
__ptext19                                   text19        0DF04
__ptext2                                    text2         0E7A2
__ptext20                                   text20        0DEE8
__ptext21                                   text21        0E436
__ptext22                                   text22        0E206
__ptext23                                   text23        0ECDE
__ptext24                                   text24        0EB24
__ptext25                                   text25        0DECC
__ptext26                                   text26        0E72C
__ptext27                                   text27        0F17E
__ptext28                                   text28        0EA14
__ptext29                                   text29        0F9EA
__ptext3                                    text3         0EC48
__ptext30                                   text30        0DF3E
__ptext31                                   text31        0EE26
__ptext32                                   text32        0DFE0
__ptext33                                   text33        0DF20
__ptext34                                   text34        0DE82
__ptext35                                   text35        0DF7C
__ptext36                                   text36        0E026
__ptext37                                   text37        0DDA2
__ptext38                                   text38        0DD98
__ptext39                                   text39        0DDF0
__ptext4                                    text4         0EFD0
__ptext40                                   text40        0DE5A
__ptext41                                   text41        0DDE0
__ptext42                                   text42        0DDD0
__ptext43                                   text43        0DE48
__ptext44                                   text44        0DEB0
__ptext45                                   text45        0E09C
__ptext46                                   text46        0ED76
__ptext47                                   text47        0E896
__ptext48                                   text48        0DFBE
__ptext49                                   text49        0DF5C
__ptext5                                    text5         0DE98
__ptext50                                   text50        0E178
__ptext51                                   text51        0E072
__ptext52                                   text52        0DE6C
__ptext53                                   text53        0DDB6
__ptext54                                   text54        0EEFA
__ptext55                                   text55        0FBAA
__ptext56                                   text56        0DF9C
__ptext57                                   text57        0E04A
__ptext58                                   text58        0E2E0
__ptext59                                   text59        0E3DA
__ptext6                                    text6         0E1A6
__ptext60                                   text60        0E32C
__ptext61                                   text61        0E294
__ptext62                                   text62        0E002
__ptext63                                   text63        0DD90
__ptext64                                   text64        0E24C
__ptext65                                   text65        0E914
__ptext66                                   text66        0DE36
__ptext67                                   text67        0DDC2
__ptext68                                   text68        0E1D4
__ptext69                                   text69        0E6B6
__ptext7                                    text7         0F70E
__ptext70                                   text70        0DE24
__ptext71                                   text71        0F864
__ptext72                                   text72        0EBB2
__ptext73                                   text73        0F268
__ptext74                                   text74        0F5C8
__ptext75                                   text75        0DE12
__ptext76                                   text76        0F374
__ptext77                                   text77        0E4F6
__ptext78                                   text78        0EA96
__ptext79                                   text79        00000
__ptext8                                    text8         0E994
__ptext9                                    text9         0DDAC
__ramtop                                    ramtop        00F00
__size_of_Delay100TCYx                      (abs)         00000
__size_of_Delay1KTCYx                       (abs)         00000
__size_of_Read_RTC                          (abs)         00000
__size_of_RtccReadDate                      (abs)         00000
__size_of_RtccReadTime                      (abs)         00000
__size_of_RtccWrOn                          (abs)         00000
__size_of_RtccWriteDate                     (abs)         00000
__size_of_RtccWriteTime                     (abs)         00000
__size_of_Setup                             (abs)         00000
__size_of_Write_RTC                         (abs)         00000
__size_of___awdiv                           (abs)         00000
__size_of___awmod                           (abs)         00000
__size_of___lwdiv                           (abs)         00000
__size_of___lwmod                           (abs)         00000
__size_of___wmul                            (abs)         00000
__size_of_activar_sonido_alarma             (abs)         00000
__size_of_actualiza_dia                     (abs)         00000
__size_of_actualiza_elemento                (abs)         00000
__size_of_actualizar_hora                   (abs)         00000
__size_of_actualizar_minutos                (abs)         00000
__size_of_actualizar_password               (abs)         00000
__size_of_atoi                              (abs)         00000
__size_of_borrar_anio                       (abs)         00000
__size_of_borrar_dia                        (abs)         00000
__size_of_borrar_hora                       (abs)         00000
__size_of_borrar_mes                        (abs)         00000
__size_of_borrar_minutos                    (abs)         00000
__size_of_cambiar_anio                      (abs)         00000
__size_of_cambiar_dia                       (abs)         00000
__size_of_cambiar_hora                      (abs)         00000
__size_of_cambiar_mes                       (abs)         00000
__size_of_cambiar_minutos                   (abs)         00000
__size_of_cancelar_cambio_fecha             (abs)         00000
__size_of_cancelar_cambio_hora              (abs)         00000
__size_of_cancelar_cambio_password          (abs)         00000
__size_of_caratula                          (abs)         00000
__size_of_clear_display                     (abs)         00000
__size_of_confirmar_actualizar_password     (abs)         00000
__size_of_confirmar_nuevo_password          (abs)         00000
__size_of_convertir_a_int                   (abs)         00000
__size_of_desactivar_alarma                 (abs)         00000
__size_of_desactivar_sonido_alarma          (abs)         00000
__size_of_guardar_comando                   (abs)         00000
__size_of_guardar_current_password          (abs)         00000
__size_of_guardar_elemento                  (abs)         00000
__size_of_guardar_elemento_arreglo          (abs)         00000
__size_of_guardar_nuevo_password            (abs)         00000
__size_of_guardar_password_temporal         (abs)         00000
__size_of_guardar_tecla_presionada          (abs)         00000
__size_of_imprimir_tecla                    (abs)         00000
__size_of_ingresar_comando                  (abs)         00000
__size_of_inicializar_fecha                 (abs)         00000
__size_of_inicializar_hora                  (abs)         00000
__size_of_inicializar_intentos_fallidos     (abs)         00000
__size_of_inicializar_teclado               (abs)         00000
__size_of_isdigit                           (abs)         00000
__size_of_lcd_comand                        (abs)         00000
__size_of_lcd_gotoxy                        (abs)         00000
__size_of_lcd_init                          (abs)         00000
__size_of_lcd_putc                          (abs)         00000
__size_of_lcd_putrs                         (abs)         00000
__size_of_lcd_send_byte                     (abs)         00000
__size_of_lcd_send_nibble                   (abs)         00000
__size_of_leer_teclado                      (abs)         00000
__size_of_main                              (abs)         00000
__size_of_mensaje_alarma_activada           (abs)         00000
__size_of_menu_cambiar_fecha                (abs)         00000
__size_of_menu_cambiar_horario              (abs)         00000
__size_of_menu_cambiar_password             (abs)         00000
__size_of_menu_ingresar_password            (abs)         00000
__size_of_mostrar_guardar_nuevo_password    (abs)         00000
__size_of_mostrar_guardar_password          (abs)         00000
__size_of_mostrar_guardar_temporal_password (abs)         00000
__size_of_mostrar_titulo_menu               (abs)         00000
__size_of_obtener_dia_mes                   (abs)         00000
__size_of_restaurar_comando                 (abs)         00000
__size_of_sprintf                           (abs)         00000
__size_of_validar_password                  (abs)         00000
__size_of_verficar_password                 (abs)         00000
__smallconst                                smallconst    00000
_a                                          bssBANK0      0007B
_activada                                   bssBANK0      0007D
_activar_sonido_alarma                      text63        0DD90
_actualiza_dia                              text33        0DF20
_actualiza_elemento                         text34        0DE82
_actualizar_hora                            text32        0DFE0
_actualizar_minutos                         text35        0DF7C
_actualizar_password                        text23        0ECDE
_anio                                       dataCOMRAM    0005A
_anio_d                                     nvBANK0       000F3
_anio_u                                     nvBANK0       000F4
_atoi                                       text31        0EE26
_autorizado                                 bssCOMRAM     00045
_b                                          bssBANK0      0007F
_borrar_anio                                text43        0DE48
_borrar_dia                                 text41        0DDE0
_borrar_hora                                text39        0DDF0
_borrar_mes                                 text42        0DDD0
_borrar_minutos                             text40        0DE5A
_buffer2                                    bssBANK0      000A1
_c                                          bssBANK0      00081
_cambiar_anio                               text17        0E81A
_cambiar_anio$1395                          cstackCOMRAM  00038
_cambiar_dia                                text15        0E380
_cambiar_hora                               text13        0E496
_cambiar_mes                                text16        0E564
_cambiar_mes$1391                           cstackCOMRAM  00038
_cambiar_minutos                            text14        0E642
_cambiar_minutos$1414                       cstackCOMRAM  00038
_cancelar_cambio_fecha                      text38        0DD98
_cancelar_cambio_hora                       text37        0DDA2
_cancelar_cambio_password                   text36        0E026
_caratula                                   text54        0EEFA
_caratula$650                               cstackCOMRAM  00026
_clear_display                              text48        0DFBE
_comando                                    bssBANK0      000CA
_confirmar_actualizar_password              text10        0E14C
_confirmar_nuevo_password                   text24        0EB24
_convertir_a_int                            text30        0DF3E
_current_password                           bssBANK0      000B5
_desactivar_alarma                          text45        0E09C
_desactivar_sonido_alarma                   text52        0DE6C
_dia                                        dataBANK0     000ED
_dia_semana                                 nvBANK0       000F5
_diasem                                     dataBANK0     000E9
_dpowers                                    mediumconst   0FEA3
_encendida                                  dataBANK0     000EB
_fecha_d                                    nvBANK0       000F6
_fecha_u                                    nvBANK0       000F7
_flag                                       bitbssCOMRAM  002F8
_funcion_pulsador_B                         bssBANK0      00083
_funcion_pulsador_C                         bssBANK0      00085
_funcion_pulsador_D                         bssBANK0      00087
_guardar_comando                            text21        0E436
_guardar_current_password                   text25        0DECC
_guardar_elemento                           text29        0F9EA
_guardar_elemento_arreglo                   text26        0E72C
_guardar_nuevo_password                     text20        0DEE8
_guardar_password_temporal                  text19        0DF04
_guardar_tecla_presionada                   text8         0E994
_hora                                       dataBANK0     000EF
_hora_d                                     nvBANK0       000F8
_hora_u                                     nvBANK0       000F9
_i                                          bssBANK0      00089
_imprimir_tecla                             text22        0E206
_ingresar_comando                           text9         0DDAC
_inicializar_fecha                          text50        0E178
_inicializar_hora                           text49        0DF5C
_inicializar_intentos_fallidos              text53        0DDB6
_inicializar_teclado                        text51        0E072
_intentos                                   bssBANK0      0008B
_intentos_fallidos                          bssBANK0      0008D
_isdigit                                    text56        0DF9C
_isdigit$2710                               cstackCOMRAM  00002
_j                                          bssBANK0      0008F
_k                                          bssBANK0      00091
_key                                        bssCOMRAM     00049
_lcd_comand                                 text67        0DDC2
_lcd_gotoxy                                 text62        0E002
_lcd_init                                   text65        0E914
_lcd_putc                                   text61        0E294
_lcd_putrs                                  text60        0E32C
_lcd_send_byte                              text68        0E1D4
_lcd_send_nibble                            text69        0E6B6
_leer_teclado                               text7         0F70E
_main                                       text0         0F496
_mensaje_alarma_activada                    text6         0E1A6
_menu_cambiar_fecha                         text4         0EFD0
_menu_cambiar_horario                       text3         0EC48
[...]
Total ram usage:        1 bytes
 Hardware stack levels used:    1
 This function calls:
		Nothing
 This function is called by:
		_lcd_send_byte
 This function uses a non-reentrant model


 *************** function _Write_RTC *****************
 Defined at:
		line 35 in file "../../../../../../Program Files/Unimic/unmc_01/sources/unmc_rtcc_02.c"
 Parameters:    Size  Location     Type
		None
 Auto vars:     Size  Location     Type
		None
 Return value:  Size  Location     Type
		None               void
 Registers used:
		wreg, fsr2l, fsr2h, status,2, status,0, prodl, prodh, cstack
 Tracked objects:
		On entry : 
		On exit  : 
		Unchanged: 
 Data sizes:     COMRAM   BANK0   BANK1   BANK2   BANK3   BANK4   BANK5   BANK6   BANK7   BANK8   BANK9  BANK10  BANK11  BANK12  BANK13  BANK14
      Params:         0       0       0       0       0       0       0       0       0       0       0       0       0       0       0       0
      Locals:         0       0       0       0       0       0       0       0       0       0       0       0       0       0       0       0
      Temps:          0       0       0       0       0       0       0       0       0       0       0       0       0       0       0       0
      Totals:         0       0       0       0       0       0       0       0       0       0       0       0       0       0       0       0
Total ram usage:        0 bytes
 Hardware stack levels used:    1
 Hardware stack levels required when called:    2
 This function calls:
		_RtccWrOn
		_RtccWriteDate
		_RtccWriteTime
		___awdiv
 This function is called by:
		_Setup
		_actualiza_elemento
		_actualizar_hora
		_actualizar_minutos
 This function uses a non-reentrant model


 *************** function ___awdiv *****************
 Defined at:
		line 8 in file "C:\Program Files (x86)\Microchip\xc8\v1.34\sources\common\awdiv.c"
 Parameters:    Size  Location     Type
  dividend        2    0[COMRAM] int 
  divisor         2    2[COMRAM] int 
 Auto vars:     Size  Location     Type
  quotient        2    6[COMRAM] int 
  sign            1    5[COMRAM] unsigned char 
  counter         1    4[COMRAM] unsigned char 
 Return value:  Size  Location     Type
                  2    0[COMRAM] int 
 Registers used:
		wreg, status,2, status,0
 Tracked objects:
		On entry : 
		On exit  : 
		Unchanged: 
 Data sizes:     COMRAM   BANK0   BANK1   BANK2   BANK3   BANK4   BANK5   BANK6   BANK7   BANK8   BANK9  BANK10  BANK11  BANK12  BANK13  BANK14
      Params:         4       0       0       0       0       0       0       0       0       0       0       0       0       0       0       0
      Locals:         4       0       0       0       0       0       0       0       0       0       0       0       0       0       0       0
      Temps:          0       0       0       0       0       0       0       0       0       0       0       0       0       0       0       0
      Totals:         8       0       0       0       0       0       0       0       0       0       0       0       0       0       0       0
Total ram usage:        8 bytes
 Hardware stack levels used:    1
 This function calls:
		Nothing
 This function is called by:
		_Write_RTC
 This function uses a non-reentrant model


 *************** function _RtccWriteTime *****************
 Defined at:
		line 34 in file "C:\Program Files (x86)\Microchip\xc8\v1.34\sources\pic18\plib\rtcc\RtccWriteTime.c"
 Parameters:    Size  Location     Type
  pTm             2    0[COMRAM] PTR const struct .
		 -> RtccTime(4), 
  di              1    2[COMRAM] enum E7121
 Auto vars:     Size  Location     Type
  tempHourWDay    2    9[COMRAM] struct .
  tempMinSec      2    7[COMRAM] struct .
  wasWrEn         1    6[COMRAM] enum E7121
  wasAlrm         1    5[COMRAM] enum E7121
  wasOn           1    4[COMRAM] enum E7121
 Return value:  Size  Location     Type
                  1    wreg      enum E7121
 Registers used:
		wreg, fsr2l, fsr2h, status,2, status,0, cstack
 Tracked objects:
		On entry : 
		On exit  : 
		Unchanged: 
 Data sizes:     COMRAM   BANK0   BANK1   BANK2   BANK3   BANK4   BANK5   BANK6   BANK7   BANK8   BANK9  BANK10  BANK11  BANK12  BANK13  BANK14
      Params:         3       0       0       0       0       0       0       0       0       0       0       0       0       0       0       0
      Locals:         7       0       0       0       0       0       0       0       0       0       0       0       0       0       0       0
      Temps:          1       0       0       0       0       0       0       0       0       0       0       0       0       0       0       0
      Totals:        11       0       0       0       0       0       0       0       0       0       0       0       0       0       0       0
Total ram usage:       11 bytes
 Hardware stack levels used:    1
 Hardware stack levels required when called:    1
 This function calls:
		_RtccWrOn
 This function is called by:
		_Write_RTC
 This function uses a non-reentrant model


 *************** function _RtccWriteDate *****************
 Defined at:
		line 35 in file "C:\Program Files (x86)\Microchip\xc8\v1.34\sources\pic18\plib\rtcc\RtccWriteDate.c"
 Parameters:    Size  Location     Type
  pDt             2    0[COMRAM] PTR const struct .
		 -> RtccDate(4), 
  di              1    2[COMRAM] enum E7121
 Auto vars:     Size  Location     Type
  tempHourWDay    2   11[COMRAM] struct .
  tempDayMonth    2    9[COMRAM] struct .
  tempYear        2    6[COMRAM] struct .
  wasWrEn         1    8[COMRAM] enum E7121
  wasAlrm         1    5[COMRAM] enum E7121
  wasOn           1    4[COMRAM] enum E7121
 Return value:  Size  Location     Type
                  1    wreg      enum E7121
 Registers used:
		wreg, fsr2l, fsr2h, status,2, status,0, cstack
 Tracked objects:
		On entry : 
		On exit  : 
		Unchanged: 
 Data sizes:     COMRAM   BANK0   BANK1   BANK2   BANK3   BANK4   BANK5   BANK6   BANK7   BANK8   BANK9  BANK10  BANK11  BANK12  BANK13  BANK14
      Params:         3       0       0       0       0       0       0       0       0       0       0       0       0       0       0       0
      Locals:         9       0       0       0       0       0       0       0       0       0       0       0       0       0       0       0
      Temps:          1       0       0       0       0       0       0       0       0       0       0       0       0       0       0       0
      Totals:        13       0       0       0       0       0       0       0       0       0       0       0       0       0       0       0
Total ram usage:       13 bytes
 Hardware stack levels used:    1
 Hardware stack levels required when called:    1
 This function calls:
		_RtccWrOn
 This function is called by:
		_Write_RTC
 This function uses a non-reentrant model


 *************** function _RtccWrOn *****************
 Defined at:
		line 21 in file "C:\Program Files (x86)\Microchip\xc8\v1.34\sources\pic18\plib\rtcc\RtccWrOn.c"
 Parameters:    Size  Location     Type
		None
 Auto vars:     Size  Location     Type
  data            2    0        unsigned int 
 Return value:  Size  Location     Type
		None               void
 Registers used:
		wreg, status,2
 Tracked objects:
		On entry : 
		On exit  : 
		Unchanged: 
 Data sizes:     COMRAM   BANK0   BANK1   BANK2   BANK3   BANK4   BANK5   BANK6   BANK7   BANK8   BANK9  BANK10  BANK11  BANK12  BANK13  BANK14
      Params:         0       0       0       0       0       0       0       0       0       0       0       0       0       0       0       0
      Locals:         0       0       0       0       0       0       0       0       0       0       0       0       0       0       0       0
      Temps:          0       0       0       0       0       0       0       0       0       0       0       0       0       0       0       0
      Totals:         0       0       0       0       0       0       0       0       0       0       0       0       0       0       0       0
Total ram usage:        0 bytes
 Hardware stack levels used:    1
 This function calls:
		Nothing
 This function is called by:
		_Write_RTC
		_RtccWriteDate
		_RtccWriteTime
 This function uses a non-reentrant model


 *************** function _Read_RTC *****************
 Defined at:
		line 72 in file "../../../../../../Program Files/Unimic/unmc_01/sources/unmc_rtcc_02.c"
 Parameters:    Size  Location     Type
		None
 Auto vars:     Size  Location     Type
		None
 Return value:  Size  Location     Type
		None               void
 Registers used:
		wreg, fsr2l, fsr2h, status,2, status,0, prodl, prodh, cstack
 Tracked objects:
		On entry : 
		On exit  : 
		Unchanged: 
 Data sizes:     COMRAM   BANK0   BANK1   BANK2   BANK3   BANK4   BANK5   BANK6   BANK7   BANK8   BANK9  BANK10  BANK11  BANK12  BANK13  BANK14
      Params:         0       0       0       0       0       0       0       0       0       0       0       0       0       0       0       0
      Locals:         0       0       0       0       0       0       0       0       0       0       0       0       0       0       0       0
      Temps:          0       0       0       0       0       0       0       0       0       0       0       0       0       0       0       0
      Totals:         0       0       0       0       0       0       0       0       0       0       0       0       0       0       0       0
Total ram usage:        0 bytes
 Hardware stack levels used:    1
 Hardware stack levels required when called:    1
 This function calls:
		_RtccReadDate
		_RtccReadTime
 This function is called by:
		_main
 This function uses a non-reentrant model


 *************** function _RtccReadTime *****************
 Defined at:
		line 23 in file "C:\Program Files (x86)\Microchip\xc8\v1.34\sources\pic18\plib\rtcc\RtccReadTime.c"
 Parameters:    Size  Location     Type
  pTm             2    0[COMRAM] PTR struct .
		 -> RtccTime(4), 
 Auto vars:     Size  Location     Type
  rTD0            8   10[COMRAM] struct .
  rTD1            8    2[COMRAM] struct .
 Return value:  Size  Location     Type
		None               void
 Registers used:
		wreg, fsr2l, fsr2h, status,2, status,0
 Tracked objects:
		On entry : 
		On exit  : 
		Unchanged: 
 Data sizes:     COMRAM   BANK0   BANK1   BANK2   BANK3   BANK4   BANK5   BANK6   BANK7   BANK8   BANK9  BANK10  BANK11  BANK12  BANK13  BANK14
      Params:         2       0       0       0       0       0       0       0       0       0       0       0       0       0       0       0
      Locals:        16       0       0       0       0       0       0       0       0       0       0       0       0       0       0       0
      Temps:          0       0       0       0       0       0       0       0       0       0       0       0       0       0       0       0
      Totals:        18       0       0       0       0       0       0       0       0       0       0       0       0       0       0       0
Total ram usage:       18 bytes
 Hardware stack levels used:    1
 This function calls:
		Nothing
 This function is called by:
		_Read_RTC
 This function uses a non-reentrant model


 *************** function _RtccReadDate *****************
 Defined at:
		line 23 in file "C:\Program Files (x86)\Microchip\xc8\v1.34\sources\pic18\plib\rtcc\RtccReadDate.c"
 Parameters:    Size  Location     Type
  pDt             2    0[COMRAM] PTR struct .
		 -> RtccDate(4), 
 Auto vars:     Size  Location     Type
  rTD0            8   10[COMRAM] struct .
  rTD1            8    2[COMRAM] struct .
 Return value:  Size  Location     Type
		None               void
 Registers used:
		wreg, fsr2l, fsr2h, status,2, status,0
 Tracked objects:
		On entry : 
		On exit  : 
		Unchanged: 
 Data sizes:     COMRAM   BANK0   BANK1   BANK2   BANK3   BANK4   BANK5   BANK6   BANK7   BANK8   BANK9  BANK10  BANK11  BANK12  BANK13  BANK14
      Params:         2       0       0       0       0       0       0       0       0       0       0       0       0       0       0       0
      Locals:        16       0       0       0       0       0       0       0       0       0       0       0       0       0       0       0
      Temps:          0       0       0       0       0       0       0       0       0       0       0       0       0       0       0       0
      Totals:        18       0       0       0       0       0       0       0       0       0       0       0       0       0       0       0
Total ram usage:       18 bytes
 Hardware stack levels used:    1
 This function calls:
		Nothing
 This function is called by:
		_Read_RTC
 This function uses a non-reentrant model



MODULE INFORMATION

Module		Function		Class		Link	Load	Size
C:\Program Files (x86)\Microchip\xc8\v1.34\sources\pic18\plib\rtcc\RtccReadDate.c
		_RtccReadDate  		CODE           	EA96	0000	143

C:\Program Files (x86)\Microchip\xc8\v1.34\sources\pic18\plib\rtcc\RtccReadDate.c estimated size: 143

C:\Program Files (x86)\Microchip\xc8\v1.34\sources\pic18\d1ktcyx.c
		_Delay1KTCYx   		CODE           	DE36	0000	19

C:\Program Files (x86)\Microchip\xc8\v1.34\sources\pic18\d1ktcyx.c estimated size: 19

C:\Program Files (x86)\Microchip\xc8\v1.34\sources\pic18\plib\rtcc\RtccWriteTime.c
		_RtccWriteTime 		CODE           	F268	0000	269

C:\Program Files (x86)\Microchip\xc8\v1.34\sources\pic18\plib\rtcc\RtccWriteTime.c estimated size: 269

../../../../../../Program Files/Unimic/unmc_01/sources/alarma.c
		_cancelar_cambi		CODE           	E026	0000	37
		_inicializar_in		CODE           	DDB6	0000	13
		_guardar_nuevo_		CODE           	DEE8	0000	29
		_validar_passwo		CODE           	E896	0000	127
		_verficar_passw		CODE           	E7A2	0000	121
		_actualizar_pas		CODE           	ECDE	0000	153
		_confirmar_nuev		CODE           	EB24	0000	143
		_guardar_elemen		CODE           	E72C	0000	119
		_guardar_passwo		CODE           	DF04	0000	29
		_guardar_curren		CODE           	DECC	0000	29

../../../../../../Program Files/Unimic/unmc_01/sources/alarma.c estimated size: 800

C:\Program Files (x86)\Microchip\xc8\v1.34\sources\common\atoi.c
		_atoi          		CODE           	EE26	0000	213

C:\Program Files (x86)\Microchip\xc8\v1.34\sources\common\atoi.c estimated size: 213

C:\Program Files (x86)\Microchip\xc8\v1.34\sources\common\lwmod.c
		___lwmod       		CODE           	E2E0	0000	77

C:\Program Files (x86)\Microchip\xc8\v1.34\sources\common\lwmod.c estimated size: 77

C:\Program Files (x86)\Microchip\xc8\v1.34\sources\common\awmod.c
		___awmod       		CODE           	EA14	0000	131

C:\Program Files (x86)\Microchip\xc8\v1.34\sources\common\awmod.c estimated size: 131

C:\Program Files (x86)\Microchip\xc8\v1.34\sources\pic18\plib\rtcc\RtccWrOn.c
		_RtccWrOn      		CODE           	DE12	0000	19

C:\Program Files (x86)\Microchip\xc8\v1.34\sources\pic18\plib\rtcc\RtccWrOn.c estimated size: 19

C:\Program Files (x86)\Microchip\xc8\v1.34\sources\pic18\plib\rtcc\RtccReadTime.c
		_RtccReadTime  		CODE           	E4F6	0000	111

C:\Program Files (x86)\Microchip\xc8\v1.34\sources\pic18\plib\rtcc\RtccReadTime.c estimated size: 111

../../../../../../Program Files/Unimic/unmc_01/sources/fecha.c
		_actualiza_elem		CODE           	DE82	0000	23
		_cambiar_dia   		CODE           	E380	0000	91
		_cambiar_mes   		CODE           	E564	0000	111
		_actualizar_min		CODE           	DF7C	0000	33
		_cambiar_hora  		CODE           	E496	0000	97
		_cambiar_anio  		CODE           	E81A	0000	125
		_convertir_a_in		CODE           	DF3E	0000	31
		_inicializar_ho		CODE           	DF5C	0000	33
		_inicializar_fe		CODE           	E178	0000	47
		_borrar_dia    		CODE           	DDE0	0000	17
		_borrar_mes    		CODE           	DDD0	0000	17
		_actualiza_dia 		CODE           	DF20	0000	31
		_borrar_hora   		CODE           	DDF0	0000	17
		_borrar_anio   		CODE           	DE48	0000	19
		_cancelar_cambi		CODE           	DDA2	0000	11
		_obtener_dia_me		CODE           	F17E	0000	235
		_borrar_minutos		CODE           	DE5A	0000	19
		_cambiar_minuto		CODE           	E642	0000	117
		_guardar_elemen		CODE           	F9EA	0000	449
		_actualizar_hor		CODE           	DFE0	0000	35
		_cancelar_cambi		CODE           	DD98	0000	11

../../../../../../Program Files/Unimic/unmc_01/sources/fecha.c estimated size: 1569

C:\Program Files (x86)\Microchip\xc8\v1.34\sources\common\isdigit.c
		_isdigit       		CODE           	DF9C	0000	35

C:\Program Files (x86)\Microchip\xc8\v1.34\sources\common\isdigit.c estimated size: 35

../../../../../../Program Files/Unimic/unmc_01/sources/teclado.c
		_restaurar_coma		CODE           	DEB0	0000	29
		_imprimir_tecla		CODE           	E206	0000	71
		_guardar_comand		CODE           	E436	0000	97
		_leer_teclado  		CODE           	F70E	0000	343
		_inicializar_te		CODE           	E072	0000	43
		_guardar_tecla_		CODE           	E994	0000	129

../../../../../../Program Files/Unimic/unmc_01/sources/teclado.c estimated size: 712

shared
		_dpowers       		MEDIUMCONST    	FEA3	0000	11
		_LCD_INIT_STRIN		MEDIUMCONST    	FEAD	0000	5
		__initializatio		CODE           	E5D2	0000	103

shared estimated size: 119

C:\Program Files (x86)\Microchip\xc8\v1.34\sources\common\lwdiv.c
		___lwdiv       		CODE           	E3DA	0000	93

C:\Program Files (x86)\Microchip\xc8\v1.34\sources\common\lwdiv.c estimated size: 93

C:\Program Files (x86)\Microchip\xc8\v1.34\sources\common\awdiv.c
		___awdiv       		CODE           	EBB2	0000	151

C:\Program Files (x86)\Microchip\xc8\v1.34\sources\common\awdiv.c estimated size: 151

C:\Program Files (x86)\Microchip\xc8\v1.34\sources\pic18\d100tcyx.c
		_Delay100TCYx  		CODE           	DE24	0000	19

C:\Program Files (x86)\Microchip\xc8\v1.34\sources\pic18\d100tcyx.c estimated size: 19

C:\Program Files (x86)\Microchip\xc8\v1.34\sources\common\doprnt.c
		_sprintf       		CODE           	FBAA	0000	761

C:\Program Files (x86)\Microchip\xc8\v1.34\sources\common\doprnt.c estimated size: 761

C:\Program Files (x86)\Microchip\xc8\v1.34\sources\pic18\plib\rtcc\RtccWriteDate.c
		_RtccWriteDate 		CODE           	F5C8	0000	327

C:\Program Files (x86)\Microchip\xc8\v1.34\sources\pic18\plib\rtcc\RtccWriteDate.c estimated size: 327

C:/Archivos de programa/Unimic/unmc_01/sources/unmc_lcd_216.c
		_lcd_comand    		CODE           	DDC2	0000	15
		_lcd_putc      		CODE           	E294	0000	77
		_lcd_putrs     		CODE           	E32C	0000	85
		_lcd_send_byte 		CODE           	E1D4	0000	51
		_lcd_gotoxy    		CODE           	E002	0000	37
		_lcd_send_nibbl		CODE           	E6B6	0000	119
		_lcd_init      		CODE           	E914	0000	129

C:/Archivos de programa/Unimic/unmc_01/sources/unmc_lcd_216.c estimated size: 513

main.c
		_menu_cambiar_p		CODE           	F0A6	0000	217
		_menu_cambiar_h		CODE           	EC48	0000	151
		_mostrar_guarda		CODE           	E0C8	0000	45
		_mostrar_guarda		CODE           	E0F4	0000	45
		_main          		CODE           	F496	0000	307
		_mostrar_guarda		CODE           	E120	0000	45
		_clear_display 		CODE           	DFBE	0000	35
		_Setup         		CODE           	E24C	0000	73
		_desactivar_son		CODE           	DE6C	0000	23
		_mostrar_titulo		CODE           	DE98	0000	25
		_ingresar_coman		CODE           	DDAC	0000	11
		_menu_cambiar_f		CODE           	EFD0	0000	215
		_activar_sonido		CODE           	DD90	0000	9
		_mensaje_alarma		CODE           	E1A6	0000	47
		_menu_ingresar_		CODE           	ED76	0000	177
		_confirmar_actu		CODE           	E14C	0000	45
		_caratula      		CODE           	EEFA	0000	215
		_desactivar_ala		CODE           	E09C	0000	45

main.c estimated size: 1730

../../../../../../Program Files/Unimic/unmc_01/sources/unmc_rtcc_02.c
		_Read_RTC      		CODE           	F374	0000	291
		_Write_RTC     		CODE           	F864	0000	391

../../../../../../Program Files/Unimic/unmc_01/sources/unmc_rtcc_02.c estimated size: 682

C:\Program Files (x86)\Microchip\xc8\v1.34\sources\common\Umul16.c
		___wmul        		CODE           	E04A	0000	41

C:\Program Files (x86)\Microchip\xc8\v1.34\sources\common\Umul16.c estimated size: 41

