Microchip MPLAB XC8 Compiler V1.34 ()

Linker command line:

--edf=C:\Program Files (x86)\Microchip\xc8\v1.34\dat\en_msgs.txt -cs \
  -h+dist/default/production\UNMC.production.sym \
  --cmf=dist/default/production\UNMC.production.cmf -z -Q18F26J50 \
  -oC:\Users\ddavi\AppData\Local\Temp\s7rs.6 \
  -Mdist/default/production/UNMC.production.map -E1 -ver=XC8 \
  -ASTACK=0110h-0ebfh -pstack=STACK -ACODE=00h-0FFF7h -ACONST=00h-0FFF7h \
  -ASMALLCONST=0F00h-0FFFhx240,0FF00h-0FFF7h -AMEDIUMCONST=0F00h-0FFF7h \
  -ACOMRAM=01h-05Fh -AABS1=00h-0EBFh -ABIGRAM=01h-0EBFh \
  -ARAM=060h-0FFh,0100h-01FFhx13,0E00h-0EBFh -ABANK0=060h-0FFh \
  -ABANK1=0100h-01FFh -ABANK2=0200h-02FFh -ABANK3=0300h-03FFh \
  -ABANK4=0400h-04FFh -ABANK5=0500h-05FFh -ABANK6=0600h-06FFh \
  -ABANK7=0700h-07FFh -ABANK8=0800h-08FFh -ABANK9=0900h-09FFh \
  -ABANK10=0A00h-0AFFh -ABANK11=0B00h-0BFFh -ABANK12=0C00h-0CFFh \
  -ABANK13=0D00h-0DFFh -ABANK14=0E00h-0EBFh \
  -ASFR=0EC0h-0EFFh,0F00h-0F5Fh,0F60h-0FFFh \
  -preset_vec=00h,intcode,intcodelo,powerup,init,end_init -pramtop=0F00h \
  -psmallconst=SMALLCONST -pmediumconst=MEDIUMCONST -pconst=CONST \
  -AFARRAM=00h-00h -ACONFIG=0FFF8h-0FFFFh -pconfig=CONFIG \
  -pjflash_buffer=0F800h \
  -prdata=COMRAM,nvrram=COMRAM,nvbit=COMRAM,rbss=COMRAM,rbit=COMRAM \
  -pfarbss=FARRAM,fardata=FARRAM,nvFARRAM=FARRAM \
  -pintsave_regs=BIGRAM,bigbss=BIGRAM,bigdata=BIGRAM -pbss=RAM \
  -pidata=CODE,irdata=CODE,ibigdata=CODE,ifardata=CODE -prparam=COMRAM \
  C:\Users\ddavi\AppData\Local\Temp\s7rs.obj \
  dist/default/production\UNMC.production.obj 

Object code version is 3.11

Machine type is 18F26J50

Call graph: (short form)




                Name                               Link     Load   Length Selector   Space Scale
C:\Users\ddavi\AppData\Local\Temp\s7rs.obj
                end_init                              0        0        4        0       0
                config                             FFF8     FFF8        8     FFF8       0
dist/default/production\UNMC.production.obj
                mediumconst                        FE8A     FE8A      16E     7F45       0
                text84                             E990     E990       8E     74C8       0
                text83                             E386     E386       6E     71C3       0
                text82                             F296     F296      122     794B       0
                text81                             DC10     DC10       12     6E08       0
                text80                             F3B8     F3B8      146     79DC       0
                text79                             F18A     F18A      10C     78C5       0
                text78                             EAAC     EAAC       96     7556       0
                text77                             F66C     F66C      186     7B36       0
                text76                             DC22     DC22       12     6E11       0
                text75                             E5B8     E5B8       76     72DC       0
                text74                             DFFE     DFFE       32     6FFF       0
                text73                             DBB2     DBB2        E     6DD9       0
                text72                             DC34     DC34       12     6E1A       0
                text71                             E80E     E80E       80     7407       0
                text70                             E076     E076       48     703B       0
                text69                             DB7A     DB7A        6     6DBD       0
                text68                             DE2A     DE2A       24     6F15       0
                text67                             E0BE     E0BE       4C     705F       0
                text66                             E156     E156       54     70AB       0
                text65                             E204     E204       5C     7102       0
                text64                             E10A     E10A       4C     7085       0
                text63                             DE72     DE72       28     6F39       0
                text62                             DDC4     DDC4       22     6EE2       0
                text61                             FB92     FB92      2F8     7DC9       0
                text60                             EDF8     EDF8       D6     76FC       0
                text59                             DBA6     DBA6        C     6DD3       0
                text58                             DC7C     DC7C       14     6E3E       0
                text57                             E62E     E62E       76     7317       0
                text56                             DE9A     DE9A       2A     6F4D       0
                text55                             DDE6     DDE6       22     6EF3       0
                text54                             E4D2     E4D2       72     7269       0
                text53                             EC70     EC70       B4     7638       0
                text52                             DF72     DF72       2E     6FB9       0
                text51                             DD84     DD84       20     6EC2       0
                text50                             DEC4     DEC4       2A     6F62       0
                text49                             DCD8     DCD8       1C     6E6C       0
                text48                             DC46     DC46       12     6E23       0
                text47                             DBC0     DBC0       10     6DE0       0
                text46                             DBD0     DBD0       10     6DE8       0
                text45                             DC58     DC58       12     6E2C       0
                text44                             DBE0     DBE0       10     6DF0       0
                text43                             DBF0     DBF0       10     6DF8       0
                text42                             DC6A     DC6A       12     6E35       0
                text41                             DC00     DC00       10     6E00       0
                text40                             DB88     DB88        A     6DC4       0
                text39                             DB92     DB92        A     6DC9       0
                text38                             DE4E     DE4E       24     6F27       0
                text37                             DDA4     DDA4       20     6ED2       0
                text36                             DC90     DC90       16     6E48       0
                text35                             DD48     DD48       1E     6EA4       0
                text34                             DE08     DE08       22     6F04       0
                text33                             ED24     ED24       D4     7692       0
                text32                             DD66     DD66       1E     6EB3       0
                text31                             F7F2     F7F2      1C0     7BF9       0
                text30                             E90E     E90E       82     7487       0
                text29                             EFA4     EFA4       EA     77D2       0
                text28                             E6A4     E6A4       76     7352       0
                text27                             DCF4     DCF4       1C     6E7A       0
                text26                             EA1E     EA1E       8E     750F       0
                text25                             EBD8     EBD8       98     75EC       0
                text24                             E030     E030       46     7018       0
                text23                             E260     E260       60     7130       0
                text22                             DD10     DD10       1C     6E88       0
                text21                             DD2C     DD2C       1C     6E96       0
                text20                             DEEE     DEEE       2C     6F77       0
                text19                             E792     E792       7C     73C9       0
                text18                             E3F4     E3F4       6E     71FA       0
                text17                             E1AA     E1AA       5A     70D5       0
                text16                             E544     E544       74     72A2       0
                text15                             E2C0     E2C0       60     7160       0
                text14                             DFCE     DFCE       30     6FE7       0
                text13                             DF1A     DF1A       2C     6F8D       0
                text12                             DF46     DF46       2C     6FA3       0
                text11                             DB9C     DB9C        A     6DCE       0
                text10                             E320     E320       66     7190       0
                text9                              E88E     E88E       80     7447       0
                text8                              F4FE     F4FE      16E     7A7F       0
                text7                              DFA0     DFA0       2E     6FD0       0
                text6                              DCA6     DCA6       18     6E53       0
                text5                              EECE     EECE       D6     7767       0
                text4                              EB42     EB42       96     75A1       0
                text3                              E71A     E71A       78     738D       0
                text2                              F08E     F08E       FC     7847       0
                text1                              DCBE     DCBE       1A     6E5F       0
                text0                              F9B2     F9B2      1E0     7CD9       0
                cstackCOMRAM                          1        1       44        1       1
                bssBANK1                            100      100       10      100       1
                dataBANK0                            F7       F7        8       60       1
                bssBANK0                             60       60       8B       60       1
                dataCOMRAM                           5A       5A        4        1       1
                bssCOMRAM                            45       45       15        1       1
                bitbssCOMRAM                        2F8       5F        1        1       1     8
                cinit                              E462     E462       70     7231       0
                nvBANK0                              EB       EB        C       60       1
                nvCOMRAM                             5E       5E        1        1       1
                idataBANK0                         DB80     DB80        8     DB80       0
                idataCOMRAM                        DB76     DB76        4     DB76       0

TOTAL           Name                               Link     Load   Length     Space
        CLASS   STACK          

        CLASS   CODE           
                end_init                              0        0        4         0
                text84                             E990     E990       8E         0
                text83                             E386     E386       6E         0
                text82                             F296     F296      122         0
                text81                             DC10     DC10       12         0
                text80                             F3B8     F3B8      146         0
                text79                             F18A     F18A      10C         0
                text78                             EAAC     EAAC       96         0
                text77                             F66C     F66C      186         0
                text76                             DC22     DC22       12         0
                text75                             E5B8     E5B8       76         0
                text74                             DFFE     DFFE       32         0
                text73                             DBB2     DBB2        E         0
                text72                             DC34     DC34       12         0
                text71                             E80E     E80E       80         0
                text70                             E076     E076       48         0
                text69                             DB7A     DB7A        6         0
                text68                             DE2A     DE2A       24         0
                text67                             E0BE     E0BE       4C         0
                text66                             E156     E156       54         0
                text65                             E204     E204       5C         0
                text64                             E10A     E10A       4C         0
                text63                             DE72     DE72       28         0
                text62                             DDC4     DDC4       22         0
                text61                             FB92     FB92      2F8         0
                text60                             EDF8     EDF8       D6         0
                text59                             DBA6     DBA6        C         0
                text58                             DC7C     DC7C       14         0
                text57                             E62E     E62E       76         0
                text56                             DE9A     DE9A       2A         0
                text55                             DDE6     DDE6       22         0
                text54                             E4D2     E4D2       72         0
                text53                             EC70     EC70       B4         0
                text52                             DF72     DF72       2E         0
                text51                             DD84     DD84       20         0
                text50                             DEC4     DEC4       2A         0
                text49                             DCD8     DCD8       1C         0
                text48                             DC46     DC46       12         0
                text47                             DBC0     DBC0       10         0
                text46                             DBD0     DBD0       10         0
                text45                             DC58     DC58       12         0
                text44                             DBE0     DBE0       10         0
                text43                             DBF0     DBF0       10         0
                text42                             DC6A     DC6A       12         0
                text41                             DC00     DC00       10         0
                text40                             DB88     DB88        A         0
                text39                             DB92     DB92        A         0
                text38                             DE4E     DE4E       24         0
                text37                             DDA4     DDA4       20         0
                text36                             DC90     DC90       16         0
                text35                             DD48     DD48       1E         0
                text34                             DE08     DE08       22         0
                text33                             ED24     ED24       D4         0
                text32                             DD66     DD66       1E         0
                text31                             F7F2     F7F2      1C0         0
                text30                             E90E     E90E       82         0
                text29                             EFA4     EFA4       EA         0
                text28                             E6A4     E6A4       76         0
                text27                             DCF4     DCF4       1C         0
                text26                             EA1E     EA1E       8E         0
                text25                             EBD8     EBD8       98         0
                text24                             E030     E030       46         0
                text23                             E260     E260       60         0
                text22                             DD10     DD10       1C         0
                text21                             DD2C     DD2C       1C         0
                text20                             DEEE     DEEE       2C         0
                text19                             E792     E792       7C         0
                text18                             E3F4     E3F4       6E         0
                text17                             E1AA     E1AA       5A         0
                text16                             E544     E544       74         0
                text15                             E2C0     E2C0       60         0
                text14                             DFCE     DFCE       30         0
                text13                             DF1A     DF1A       2C         0
                text12                             DF46     DF46       2C         0
                text11                             DB9C     DB9C        A         0
                text10                             E320     E320       66         0
                text9                              E88E     E88E       80         0
                text8                              F4FE     F4FE      16E         0
                text7                              DFA0     DFA0       2E         0
                text6                              DCA6     DCA6       18         0
                text5                              EECE     EECE       D6         0
                text4                              EB42     EB42       96         0
                text3                              E71A     E71A       78         0
                text2                              F08E     F08E       FC         0
                text1                              DCBE     DCBE       1A         0
                text0                              F9B2     F9B2      1E0         0
                cinit                              E462     E462       70         0
                idataBANK0                         DB80     DB80        8         0
                idataCOMRAM                        DB76     DB76        4         0

        CLASS   CONST          

        CLASS   SMALLCONST     

        CLASS   MEDIUMCONST    
                mediumconst                        FE8A     FE8A      16E         0

        CLASS   COMRAM         
                cstackCOMRAM                          1        1       44         1
                dataCOMRAM                           5A       5A        4         1
                bssCOMRAM                            45       45       15         1
                bitbssCOMRAM                        2F8       5F        1         1
                nvCOMRAM                             5E       5E        1         1

        CLASS   ABS1           

        CLASS   BIGRAM         

        CLASS   RAM            

        CLASS   BANK0          
                dataBANK0                            F7       F7        8         1
                bssBANK0                             60       60       8B         1
                nvBANK0                              EB       EB        C         1

        CLASS   BANK1          
                bssBANK1                            100      100       10         1

        CLASS   BANK2          

        CLASS   BANK3          

        CLASS   BANK4          

        CLASS   BANK5          

        CLASS   BANK6          

        CLASS   BANK7          

        CLASS   BANK8          

        CLASS   BANK9          

        CLASS   BANK10         

        CLASS   BANK11         

        CLASS   BANK12         

        CLASS   BANK13         

        CLASS   BANK14         

        CLASS   SFR            

        CLASS   FARRAM         

        CLASS   CONFIG         
                config                             FFF8     FFF8        8         0

        CLASS   IDLOC          



SEGMENTS        Name                           Load    Length   Top    Selector   Space  Class

                reset_vec                      000000  000004  000004         0       0  CODE    
                cstackCOMRAM                   000001  00005F  000060         1       1  COMRAM  
                bssBANK0                       000060  00009F  0000FF        60       1  BANK0   
                bssBANK1                       000100  000010  000110       100       1  BANK1   
                idataCOMRAM                    00DB76  000004  00DB7A      DB76       0  CODE    
                text69                         00DB7A  000006  00DB80      6DBD       0  CODE    
                idataBANK0                     00DB80  000008  00DB88      DB80       0  CODE    
                text40                         00DB88  00000A  00DB92      6DC4       0  CODE    
                text39                         00DB92  00000A  00DB9C      6DC9       0  CODE    
                text11                         00DB9C  00000A  00DBA6      6DCE       0  CODE    
                text59                         00DBA6  00000C  00DBB2      6DD3       0  CODE    
                text73                         00DBB2  00000E  00DBC0      6DD9       0  CODE    
                text47                         00DBC0  000010  00DBD0      6DE0       0  CODE    
                text46                         00DBD0  000010  00DBE0      6DE8       0  CODE    
                text44                         00DBE0  000010  00DBF0      6DF0       0  CODE    
                text43                         00DBF0  000010  00DC00      6DF8       0  CODE    
                text41                         00DC00  000010  00DC10      6E00       0  CODE    
                text81                         00DC10  000012  00DC22      6E08       0  CODE    
                text76                         00DC22  000012  00DC34      6E11       0  CODE    
                text72                         00DC34  000012  00DC46      6E1A       0  CODE    
                text48                         00DC46  000012  00DC58      6E23       0  CODE    
                text45                         00DC58  000012  00DC6A      6E2C       0  CODE    
                text42                         00DC6A  000012  00DC7C      6E35       0  CODE    
                text58                         00DC7C  000014  00DC90      6E3E       0  CODE    
                text36                         00DC90  000016  00DCA6      6E48       0  CODE    
                text6                          00DCA6  000018  00DCBE      6E53       0  CODE    
                text1                          00DCBE  00001A  00DCD8      6E5F       0  CODE    
                text49                         00DCD8  00001C  00DCF4      6E6C       0  CODE    
                text27                         00DCF4  00001C  00DD10      6E7A       0  CODE    
                text22                         00DD10  00001C  00DD2C      6E88       0  CODE    
                text21                         00DD2C  00001C  00DD48      6E96       0  CODE    
                text35                         00DD48  00001E  00DD66      6EA4       0  CODE    
                text32                         00DD66  00001E  00DD84      6EB3       0  CODE    
                text51                         00DD84  000020  00DDA4      6EC2       0  CODE    
                text37                         00DDA4  000020  00DDC4      6ED2       0  CODE    
                text62                         00DDC4  000022  00DDE6      6EE2       0  CODE    
                text55                         00DDE6  000022  00DE08      6EF3       0  CODE    
                text34                         00DE08  000022  00DE2A      6F04       0  CODE    
                text68                         00DE2A  000024  00DE4E      6F15       0  CODE    
                text38                         00DE4E  000024  00DE72      6F27       0  CODE    
                text63                         00DE72  000028  00DE9A      6F39       0  CODE    
                text56                         00DE9A  00002A  00DEC4      6F4D       0  CODE    
                text50                         00DEC4  00002A  00DEEE      6F62       0  CODE    
                text20                         00DEEE  00002C  00DF1A      6F77       0  CODE    
                text13                         00DF1A  00002C  00DF46      6F8D       0  CODE    
                text12                         00DF46  00002C  00DF72      6FA3       0  CODE    
                text52                         00DF72  00002E  00DFA0      6FB9       0  CODE    
                text7                          00DFA0  00002E  00DFCE      6FD0       0  CODE    
                text14                         00DFCE  000030  00DFFE      6FE7       0  CODE    
                text74                         00DFFE  000032  00E030      6FFF       0  CODE    
                text24                         00E030  000046  00E076      7018       0  CODE    
                text70                         00E076  000048  00E0BE      703B       0  CODE    
                text67                         00E0BE  00004C  00E10A      705F       0  CODE    
                text64                         00E10A  00004C  00E156      7085       0  CODE    
                text66                         00E156  000054  00E1AA      70AB       0  CODE    
                text17                         00E1AA  00005A  00E204      70D5       0  CODE    
                text65                         00E204  00005C  00E260      7102       0  CODE    
                text23                         00E260  000060  00E2C0      7130       0  CODE    
                text15                         00E2C0  000060  00E320      7160       0  CODE    
                text10                         00E320  000066  00E386      7190       0  CODE    
                text83                         00E386  00006E  00E3F4      71C3       0  CODE    
                text18                         00E3F4  00006E  00E462      71FA       0  CODE    
                cinit                          00E462  000070  00E4D2      7231       0  CODE    
                text54                         00E4D2  000072  00E544      7269       0  CODE    
                text16                         00E544  000074  00E5B8      72A2       0  CODE    
                text75                         00E5B8  000076  00E62E      72DC       0  CODE    
                text57                         00E62E  000076  00E6A4      7317       0  CODE    
                text28                         00E6A4  000076  00E71A      7352       0  CODE    
                text3                          00E71A  000078  00E792      738D       0  CODE    
                text19                         00E792  00007C  00E80E      73C9       0  CODE    
                text71                         00E80E  000080  00E88E      7407       0  CODE    
                text9                          00E88E  000080  00E90E      7447       0  CODE    
                text30                         00E90E  000082  00E990      7487       0  CODE    
                text84                         00E990  00008E  00EA1E      74C8       0  CODE    
                text26                         00EA1E  00008E  00EAAC      750F       0  CODE    
                text78                         00EAAC  000096  00EB42      7556       0  CODE    
                text4                          00EB42  000096  00EBD8      75A1       0  CODE    
                text25                         00EBD8  000098  00EC70      75EC       0  CODE    
                text53                         00EC70  0000B4  00ED24      7638       0  CODE    
                text33                         00ED24  0000D4  00EDF8      7692       0  CODE    
                text60                         00EDF8  0000D6  00EECE      76FC       0  CODE    
                text5                          00EECE  0000D6  00EFA4      7767       0  CODE    
                text29                         00EFA4  0000EA  00F08E      77D2       0  CODE    
                text2                          00F08E  0000FC  00F18A      7847       0  CODE    
                text79                         00F18A  00010C  00F296      78C5       0  CODE    
                text82                         00F296  000122  00F3B8      794B       0  CODE    
                text80                         00F3B8  000146  00F4FE      79DC       0  CODE    
                text8                          00F4FE  00016E  00F66C      7A7F       0  CODE    
                text77                         00F66C  000186  00F7F2      7B36       0  CODE    
                text31                         00F7F2  0001C0  00F9B2      7BF9       0  CODE    
                text0                          00F9B2  0001E0  00FB92      7CD9       0  CODE    
                text61                         00FB92  0002F8  00FE8A      7DC9       0  CODE    
                mediumconst                    00FE8A  00016E  00FFF8      7F45       0  MEDIUMCO
                config                         00FFF8  000008  010000      FFF8       0  CONFIG  


UNUSED ADDRESS RANGES

        Name                Unused          Largest block    Delta
        BANK0            000FF-000FF               1
        BANK1            00110-001FF              F0
        BANK10           00A00-00AFF             100
        BANK11           00B00-00BFF             100
        BANK12           00C00-00CFF             100
        BANK13           00D00-00DFF             100
        BANK14           00E00-00EBF              C0
        BANK2            00200-002FF             100
        BANK3            00300-003FF             100
        BANK4            00400-004FF             100
        BANK5            00500-005FF             100
        BANK6            00600-006FF             100
        BANK7            00700-007FF             100
        BANK8            00800-008FF             100
        BANK9            00900-009FF             100
        BIGRAM           000FF-000FF               1
                         00110-00EBF             DB0
        CODE             00004-0DB75            DB72
        CONST            00004-0DB75            DB72
        MEDIUMCONST      00F00-0DB75            CC76
        RAM              000FF-000FF               1
                         00110-00EBF             100
        SFR              00EC0-00FFF              60
        SMALLCONST       00F00-0DB75             100
        STACK            00110-00EBF             DB0

                                  Symbol Table

?___awdiv                                   cstackCOMRAM  00001
?___awmod                                   cstackCOMRAM  00001
?___lwdiv                                   cstackCOMRAM  00001
?___lwmod                                   cstackCOMRAM  00008
?___wmul                                    cstackCOMRAM  00001
?_atoi                                      cstackCOMRAM  00007
?_sprintf                                   cstackCOMRAM  0000D
Delay100TCYx@unit                           cstackCOMRAM  00001
Delay1KTCYx@unit                            cstackCOMRAM  00001
RtccReadDate@pDt                            cstackCOMRAM  00001
RtccReadDate@rTD0                           cstackCOMRAM  0000B
RtccReadDate@rTD1                           cstackCOMRAM  00003
RtccReadTime@pTm                            cstackCOMRAM  00001
RtccReadTime@rTD0                           cstackCOMRAM  0000B
RtccReadTime@rTD1                           cstackCOMRAM  00003
RtccWriteDate@di                            cstackCOMRAM  00003
RtccWriteDate@pDt                           cstackCOMRAM  00001
RtccWriteDate@tempDayMonth                  cstackCOMRAM  0000A
RtccWriteDate@tempHourWDay                  cstackCOMRAM  0000C
RtccWriteDate@tempYear                      cstackCOMRAM  00007
RtccWriteDate@wasAlrm                       cstackCOMRAM  00006
RtccWriteDate@wasOn                         cstackCOMRAM  00005
RtccWriteDate@wasWrEn                       cstackCOMRAM  00009
RtccWriteTime@di                            cstackCOMRAM  00003
RtccWriteTime@pTm                           cstackCOMRAM  00001
RtccWriteTime@tempHourWDay                  cstackCOMRAM  0000A
RtccWriteTime@tempMinSec                    cstackCOMRAM  00008
RtccWriteTime@wasAlrm                       cstackCOMRAM  00006
RtccWriteTime@wasOn                         cstackCOMRAM  00005
RtccWriteTime@wasWrEn                       cstackCOMRAM  00007
_ADCON0                                     (abs)         00FC2
_ADCON1                                     (abs)         00FC1
_ALRMCFGbits                                (abs)         00F91
_ANCON0                                     (abs)         00F48
_ANCON1                                     (abs)         00F49
_Delay100TCYx                               text76        0DC22
_Delay1KTCYx                                text72        0DC34
_EECON2                                     (abs)         00FA7
_INTCONbits                                 (abs)         00FF2
_LATAbits                                   (abs)         00F89
_LATBbits                                   (abs)         00F8A
_LATCbits                                   (abs)         00F8B
_LCD_INIT_STRING                            mediumconst   0FE95
_OSCCONbits                                 (abs)         00FD3
_OSCTUNEbits                                (abs)         00F9B
_PIE3bits                                   (abs)         00FA3
_PORTAbits                                  (abs)         00F80
_PORTCbits                                  (abs)         00F82
_RTCCFG                                     (abs)         00F3F
_RTCCFGbits                                 (abs)         00F3F
_RTCVALH                                    (abs)         00F99
_RTCVALL                                    (abs)         00F98
_Read_RTC                                   text82        0F296
_RtccAlrmTimeDate                           bssBANK1      00100
_RtccDate                                   bssCOMRAM     0004A
_RtccReadDate                               text84        0E990
_RtccReadTime                               text83        0E386
_RtccTime                                   bssCOMRAM     0004E
_RtccTimeDate                               bssBANK0      00060
_RtccTimeVal                                bssBANK0      0006F
_RtccWrOn                                   text81        0DC10
_RtccWriteDate                              text80        0F3B8
_RtccWriteTime                              text79        0F18A
_Rtcc_read_TimeDate                         bssBANK1      00108
_Setup                                      text70        0E076
_T1CONbits                                  (abs)         00FCD
_TRISA                                      (abs)         00F92
_TRISB                                      (abs)         00F93
_TRISBbits                                  (abs)         00F93
_TRISC                                      (abs)         00F94
_Write_RTC                                  text77        0F66C
__CFG_CP0$OFF                               (abs)         00000
__CFG_CPUDIV$OSC1                           (abs)         00000
__CFG_DSBOREN$OFF                           (abs)         00000
__CFG_DSWDTEN$OFF                           (abs)         00000
__CFG_DSWDTOSC$INTOSCREF                    (abs)         00000
__CFG_DSWDTPS$G2                            (abs)         00000
__CFG_FCMEN$OFF                             (abs)         00000
__CFG_IESO$OFF                              (abs)         00000
__CFG_IOL1WAY$OFF                           (abs)         00000
__CFG_LPT1OSC$OFF                           (abs)         00000
__CFG_MSSP7B_EN$MSK7                        (abs)         00000
__CFG_OSC$INTOSC                            (abs)         00000
__CFG_PLLDIV$1                              (abs)         00000
__CFG_RTCOSC$T1OSCREF                       (abs)         00000
__CFG_STVREN$ON                             (abs)         00000
__CFG_T1DIG$ON                              (abs)         00000
__CFG_WDTEN$OFF                             (abs)         00000
__CFG_WDTPS$32768                           (abs)         00000
__CFG_WPCFG$OFF                             (abs)         00000
__CFG_WPDIS$OFF                             (abs)         00000
__CFG_XINST$OFF                             (abs)         00000
__HRAM                                      (abs)         00000
__Habs1                                     abs1          00000
__Hbank0                                    bank0         00000
__Hbank1                                    bank1         00000
__Hbank10                                   bank10        00000
__Hbank11                                   bank11        00000
__Hbank12                                   bank12        00000
__Hbank13                                   bank13        00000
__Hbank14                                   bank14        00000
__Hbank2                                    bank2         00000
__Hbank3                                    bank3         00000
__Hbank4                                    bank4         00000
__Hbank5                                    bank5         00000
__Hbank6                                    bank6         00000
__Hbank7                                    bank7         00000
__Hbank8                                    bank8         00000
__Hbank9                                    bank9         00000
__Hbigbss                                   bigbss        00000
__Hbigdata                                  bigdata       00000
__Hbigram                                   bigram        00000
__HbitbssCOMRAM                             bitbssCOMRAM  00000
__Hbss                                      bss           00000
__HbssBANK0                                 bssBANK0      00000
__HbssBANK1                                 bssBANK1      00000
__HbssCOMRAM                                bssCOMRAM     00000
__Hcinit                                    cinit         00000
__Hclrtext                                  clrtext       00000
__Hcomram                                   comram        00000
__Hconfig                                   config        10000
__Hconst                                    const         00000
__HcstackCOMRAM                             cstackCOMRAM  00000
__Hdata                                     data          00000
__HdataBANK0                                dataBANK0     00000
__HdataCOMRAM                               dataCOMRAM    00000
__Hend_init                                 end_init      00004
__Hfarbss                                   farbss        00000
__Hfardata                                  fardata       00000
__Hibigdata                                 ibigdata      00000
__Hidata                                    idata         00000
__HidataBANK0                               idataBANK0    00000
__HidataCOMRAM                              idataCOMRAM   00000
__Hidloc                                    idloc         00000
__Hifardata                                 ifardata      00000
__Hinit                                     init          00000
__Hintcode                                  intcode       00000
__Hintcode_body                             intcode_body  00000
__Hintcodelo                                intcodelo     00000
__Hintentry                                 intentry      00000
__Hintret                                   intret        00000
__Hintsave_regs                             intsave_regs  00000
__Hirdata                                   irdata        00000
__Hjflash_buffer                            jflash_buffer 0F800
__Hmediumconst                              mediumconst   0FFF8
__HnvBANK0                                  nvBANK0       00000
__HnvCOMRAM                                 nvCOMRAM      00000
__HnvFARRAM                                 nvFARRAM      00000
__Hnvbit                                    nvbit         00000
__Hnvrram                                   nvrram        00000
__Hparam                                    rparam        00000
__Hpowerup                                  powerup       00000
__Hram                                      ram           00000
__Hramtop                                   ramtop        00F00
__Hrbit                                     rbit          00000
__Hrbss                                     rbss          00000
__Hrdata                                    rdata         00000
__Hreset_vec                                reset_vec     00000
__Hrparam                                   rparam        00000
__Hsfr                                      sfr           00000
__Hsmallconst                               smallconst    00000
__Hspace_0                                  (abs)         10000
__Hspace_1                                  (abs)         002F9
__Hspace_2                                  (abs)         00000
__Hstack                                    stack         00000
__Hstruct                                   struct        00000
__Htemp                                     temp          00000
__Htext                                     text          00000
__Htext0                                    text0         00000
__Htext1                                    text1         00000
__Htext10                                   text10        00000
__Htext11                                   text11        00000
__Htext12                                   text12        00000
__Htext13                                   text13        00000
__Htext14                                   text14        00000
__Htext15                                   text15        00000
__Htext16                                   text16        00000
__Htext17                                   text17        00000
__Htext18                                   text18        00000
__Htext19                                   text19        00000
__Htext2                                    text2         00000
__Htext20                                   text20        00000
__Htext21                                   text21        00000
__Htext22                                   text22        00000
__Htext23                                   text23        00000
__Htext24                                   text24        00000
__Htext25                                   text25        00000
__Htext26                                   text26        00000
__Htext27                                   text27        00000
__Htext28                                   text28        00000
__Htext29                                   text29        00000
__Htext3                                    text3         00000
__Htext30                                   text30        00000
__Htext31                                   text31        00000
__Htext32                                   text32        00000
__Htext33                                   text33        00000
__Htext34                                   text34        00000
__Htext35                                   text35        00000
__Htext36                                   text36        00000
__Htext37                                   text37        00000
__Htext38                                   text38        00000
__Htext39                                   text39        00000
__Htext4                                    text4         00000
__Htext40                                   text40        00000
__Htext41                                   text41        00000
__Htext42                                   text42        00000
__Htext43                                   text43        00000
__Htext44                                   text44        00000
__Htext45                                   text45        00000
__Htext46                                   text46        00000
__Htext47                                   text47        00000
__Htext48                                   text48        00000
__Htext49                                   text49        00000
__Htext5                                    text5         00000
__Htext50                                   text50        00000
__Htext51                                   text51        00000
__Htext52                                   text52        00000
__Htext53                                   text53        00000
__Htext54                                   text54        00000
__Htext55                                   text55        00000
__Htext56                                   text56        00000
__Htext57                                   text57        00000
__Htext58                                   text58        00000
__Htext59                                   text59        00000
__Htext6                                    text6         00000
__Htext60                                   text60        00000
__Htext61                                   text61        00000
__Htext62                                   text62        00000
__Htext63                                   text63        00000
__Htext64                                   text64        00000
__Htext65                                   text65        00000
__Htext66                                   text66        00000
__Htext67                                   text67        00000
__Htext68                                   text68        00000
__Htext69                                   text69        00000
__Htext7                                    text7         00000
__Htext70                                   text70        00000
__Htext71                                   text71        00000
__Htext72                                   text72        00000
__Htext73                                   text73        00000
__Htext74                                   text74        00000
__Htext75                                   text75        00000
__Htext76                                   text76        00000
__Htext77                                   text77        00000
__Htext78                                   text78        00000
__Htext79                                   text79        00000
__Htext8                                    text8         00000
__Htext80                                   text80        00000
__Htext81                                   text81        00000
__Htext82                                   text82        00000
__Htext83                                   text83        00000
__Htext84                                   text84        00000
__Htext85                                   text85        00000
__Htext9                                    text9         00000
__LRAM                                      (abs)         00001
__Labs1                                     abs1          00000
__Lbank0                                    bank0         00000
__Lbank1                                    bank1         00000
__Lbank10                                   bank10        00000
__Lbank11                                   bank11        00000
__Lbank12                                   bank12        00000
__Lbank13                                   bank13        00000
__Lbank14                                   bank14        00000
__Lbank2                                    bank2         00000
__Lbank3                                    bank3         00000
__Lbank4                                    bank4         00000
__Lbank5                                    bank5         00000
__Lbank6                                    bank6         00000
__Lbank7                                    bank7         00000
__Lbank8                                    bank8         00000
__Lbank9                                    bank9         00000
__Lbigbss                                   bigbss        00000
__Lbigdata                                  bigdata       00000
__Lbigram                                   bigram        00000
__LbitbssCOMRAM                             bitbssCOMRAM  00000
__Lbss                                      bss           00000
__LbssBANK0                                 bssBANK0      00000
__LbssBANK1                                 bssBANK1      00000
__LbssCOMRAM                                bssCOMRAM     00000
__Lcinit                                    cinit         00000
__Lclrtext                                  clrtext       00000
__Lcomram                                   comram        00000
__Lconfig                                   config        0FFF8
__Lconst                                    const         00000
__LcstackCOMRAM                             cstackCOMRAM  00000
__Ldata                                     data          00000
__LdataBANK0                                dataBANK0     00000
__LdataCOMRAM                               dataCOMRAM    00000
__Lend_init                                 end_init      00000
__Lfarbss                                   farbss        00000
__Lfardata                                  fardata       00000
__Libigdata                                 ibigdata      00000
__Lidata                                    idata         00000
__LidataBANK0                               idataBANK0    00000
__LidataCOMRAM                              idataCOMRAM   00000
__Lidloc                                    idloc         00000
__Lifardata                                 ifardata      00000
__Linit                                     init          00000
__Lintcode                                  intcode       00000
__Lintcode_body                             intcode_body  00000
__Lintcodelo                                intcodelo     00000
__Lintentry                                 intentry      00000
__Lintret                                   intret        00000
__Lintsave_regs                             intsave_regs  00000
__Lirdata                                   irdata        00000
__Ljflash_buffer                            jflash_buffer 0F800
__Lmediumconst                              mediumconst   0FE8A
__LnvBANK0                                  nvBANK0       00000
__LnvCOMRAM                                 nvCOMRAM      00000
__LnvFARRAM                                 nvFARRAM      00000
__Lnvbit                                    nvbit         00000
__Lnvrram                                   nvrram        00000
__Lparam                                    rparam        00000
__Lpowerup                                  powerup       00000
__Lram                                      ram           00000
__Lramtop                                   ramtop        00F00
__Lrbit                                     rbit          00000
__Lrbss                                     rbss          00000
__Lrdata                                    rdata         00000
__Lreset_vec                                reset_vec     00000
__Lrparam                                   rparam        00000
__Lsfr                                      sfr           00000
__Lsmallconst                               smallconst    00000
__Lspace_0                                  (abs)         00000
__Lspace_1                                  (abs)         00000
__Lspace_2                                  (abs)         00000
__Lstack                                    stack         00000
__Lstruct                                   struct        00000
__Ltemp                                     temp          00000
__Ltext                                     text          00000
__Ltext0                                    text0         00000
__Ltext1                                    text1         00000
__Ltext10                                   text10        00000
__Ltext11                                   text11        00000
__Ltext12                                   text12        00000
__Ltext13                                   text13        00000
__Ltext14                                   text14        00000
__Ltext15                                   text15        00000
__Ltext16                                   text16        00000
__Ltext17                                   text17        00000
__Ltext18                                   text18        00000
__Ltext19                                   text19        00000
__Ltext2                                    text2         00000
__Ltext20                                   text20        00000
__Ltext21                                   text21        00000
__Ltext22                                   text22        00000
__Ltext23                                   text23        00000
__Ltext24                                   text24        00000
__Ltext25                                   text25        00000
__Ltext26                                   text26        00000
__Ltext27                                   text27        00000
__Ltext28                                   text28        00000
__Ltext29                                   text29        00000
__Ltext3                                    text3         00000
__Ltext30                                   text30        00000
__Ltext31                                   text31        00000
__Ltext32                                   text32        00000
__Ltext33                                   text33        00000
__Ltext34                                   text34        00000
__Ltext35                                   text35        00000
__Ltext36                                   text36        00000
__Ltext37                                   text37        00000
__Ltext38                                   text38        00000
__Ltext39                                   text39        00000
__Ltext4                                    text4         00000
__Ltext40                                   text40        00000
__Ltext41                                   text41        00000
__Ltext42                                   text42        00000
__Ltext43                                   text43        00000
__Ltext44                                   text44        00000
__Ltext45                                   text45        00000
__Ltext46                                   text46        00000
__Ltext47                                   text47        00000
__Ltext48                                   text48        00000
__Ltext49                                   text49        00000
__Ltext5                                    text5         00000
__Ltext50                                   text50        00000
__Ltext51                                   text51        00000
__Ltext52                                   text52        00000
__Ltext53                                   text53        00000
__Ltext54                                   text54        00000
__Ltext55                                   text55        00000
__Ltext56                                   text56        00000
__Ltext57                                   text57        00000
__Ltext58                                   text58        00000
__Ltext59                                   text59        00000
__Ltext6                                    text6         00000
__Ltext60                                   text60        00000
__Ltext61                                   text61        00000
__Ltext62                                   text62        00000
__Ltext63                                   text63        00000
__Ltext64                                   text64        00000
__Ltext65                                   text65        00000
__Ltext66                                   text66        00000
__Ltext67                                   text67        00000
__Ltext68                                   text68        00000
__Ltext69                                   text69        00000
__Ltext7                                    text7         00000
__Ltext70                                   text70        00000
__Ltext71                                   text71        00000
__Ltext72                                   text72        00000
__Ltext73                                   text73        00000
__Ltext74                                   text74        00000
__Ltext75                                   text75        00000
__Ltext76                                   text76        00000
__Ltext77                                   text77        00000
__Ltext78                                   text78        00000
__Ltext79                                   text79        00000
__Ltext8                                    text8         00000
__Ltext80                                   text80        00000
__Ltext81                                   text81        00000
__Ltext82                                   text82        00000
__Ltext83                                   text83        00000
__Ltext84                                   text84        00000
__Ltext85                                   text85        00000
__Ltext9                                    text9         00000
__S0                                        (abs)         10000
__S1                                        (abs)         00110
__S2                                        (abs)         00000
___awdiv                                    text78        0EAAC
___awdiv@counter                            cstackCOMRAM  00005
___awdiv@dividend                           cstackCOMRAM  00001
___awdiv@divisor                            cstackCOMRAM  00003
___awdiv@quotient                           cstackCOMRAM  00007
___awdiv@sign                               cstackCOMRAM  00006
___awmod                                    text30        0E90E
___awmod@counter                            cstackCOMRAM  00005
___awmod@dividend                           cstackCOMRAM  00001
___awmod@divisor                            cstackCOMRAM  00003
___awmod@sign                               cstackCOMRAM  00006
___inthi_sp                                 stack         00000
___intlo_sp                                 stack         00000
___lwdiv                                    text65        0E204
___lwdiv@counter                            cstackCOMRAM  00007
___lwdiv@dividend                           cstackCOMRAM  00001
___lwdiv@divisor                            cstackCOMRAM  00003
___lwdiv@quotient                           cstackCOMRAM  00005
___lwmod                                    text64        0E10A
___lwmod@counter                            cstackCOMRAM  0000C
___lwmod@dividend                           cstackCOMRAM  00008
___lwmod@divisor                            cstackCOMRAM  0000A
___param_bank                               (abs)         00010
___rparam_used                              (abs)         00001
___sp                                       stack         00000
___wmul                                     text63        0DE72
___wmul@multiplicand                        cstackCOMRAM  00003
___wmul@multiplier                          cstackCOMRAM  00001
___wmul@product                             cstackCOMRAM  00005
__accesstop                                 (abs)         00060
__activetblptr                              (abs)         00002
__end_of_Delay100TCYx                       text76        0DC34
__end_of_Delay1KTCYx                        text72        0DC46
__end_of_LCD_INIT_STRING                    mediumconst   0FE99
__end_of_Read_RTC                           text82        0F3B8
__end_of_RtccReadDate                       text84        0EA1E
__end_of_RtccReadTime                       text83        0E3F4
__end_of_RtccWrOn                           text81        0DC22
__end_of_RtccWriteDate                      text80        0F4FE
__end_of_RtccWriteTime                      text79        0F296
__end_of_Setup                              text70        0E0BE
__end_of_Write_RTC                          text77        0F7F2
__end_of___awdiv                            text78        0EB42
__end_of___awmod                            text30        0E990
__end_of___lwdiv                            text65        0E260
__end_of___lwmod                            text64        0E156
__end_of___wmul                             text63        0DE9A
__end_of__initialization                    cinit         0E4C8
__end_of_accionar_alarma                    text10        0E386
__end_of_activar_sonido_alarma              text69        0DB80
__end_of_actualiza_dia                      text35        0DD66
__end_of_actualiza_elemento                 text36        0DCA6
__end_of_actualizar_hora                    text34        0DE2A
__end_of_actualizar_minutos                 text37        0DDC4
__end_of_actualizar_password                text25        0EC70
__end_of_atoi                               text33        0EDF8
__end_of_borrar_anio                        text48        0DC58
__end_of_borrar_current_password            text41        0DC10
__end_of_borrar_dia                         text46        0DBE0
__end_of_borrar_hora                        text44        0DBF0
__end_of_borrar_mes                         text47        0DBD0
__end_of_borrar_minutos                     text45        0DC6A
__end_of_borrar_nuevo_password              text42        0DC7C
__end_of_borrar_temporal_password           text43        0DC00
__end_of_cambiar_anio                       text19        0E80E
__end_of_cambiar_dia                        text17        0E204
__end_of_cambiar_hora                       text15        0E320
__end_of_cambiar_mes                        text18        0E462
__end_of_cambiar_minutos                    text16        0E5B8
__end_of_cancelar_cambio_fecha              text40        0DB92
__end_of_cancelar_cambio_hora               text39        0DB9C
__end_of_cancelar_cambio_password           text38        0DE72
__end_of_caratula                           text60        0EECE
__end_of_clear_display                      text55        0DE08
__end_of_confirmar_actualizar_password      text12        0DF72
__end_of_confirmar_nuevo_password           text26        0EAAC
__end_of_convertir_a_int                    text32        0DD84
__end_of_desactivar_alarma                  text50        0DEEE
__end_of_desactivar_sonido_alarma           text58        0DC90
__end_of_dpowers                            mediumconst   0FE95
__end_of_guardar_comando                    text23        0E2C0
__end_of_guardar_current_password           text27        0DD10
__end_of_guardar_elemento                   text31        0F9B2
__end_of_guardar_elemento_arreglo           text28        0E71A
__end_of_guardar_nuevo_password             text22        0DD2C
__end_of_guardar_password_temporal          text21        0DD48
__end_of_guardar_tecla_presionada           text9         0E90E
__end_of_imprimir_tecla                     text24        0E076
__end_of_ingresar_comando                   text11        0DBA6
__end_of_inicializar_alarma                 text57        0E6A4
__end_of_inicializar_fecha                  text52        0DFA0
__end_of_inicializar_hora                   text51        0DDA4
__end_of_inicializar_intentos_fallidos      text59        0DBB2
__end_of_inicializar_teclado                text56        0DEC4
__end_of_isdigit                            text62        0DDE6
__end_of_lcd_comand                         text73        0DBC0
__end_of_lcd_gotoxy                         text68        0DE4E
__end_of_lcd_init                           text71        0E88E
__end_of_lcd_putc                           text67        0E10A
__end_of_lcd_putrs                          text66        0E1AA
__end_of_lcd_send_byte                      text74        0E030
__end_of_lcd_send_nibble                    text75        0E62E
__end_of_leer_teclado                       text8         0F66C
__end_of_main                               text0         0FB92
__end_of_mensaje_alarma_activada            text7         0DFCE
__end_of_menu_cambiar_fecha                 text5         0EFA4
__end_of_menu_cambiar_horario               text4         0EBD8
__end_of_menu_cambiar_password              text2         0F18A
__end_of_menu_ingresar_password             text53        0ED24
__end_of_mostrar_guardar_nuevo_password     text13        0DF46
__end_of_mostrar_guardar_password           text14        0DFFE
__end_of_mostrar_guardar_temporal_password  text20        0DF1A
__end_of_mostrar_titulo_menu                text6         0DCBE
__end_of_obtener_dia_mes                    text29        0F08E
__end_of_restaurar_comando                  text49        0DCF4
__end_of_setear_comando_alarma              text1         0DCD8
__end_of_sprintf                            text61        0FE8A
__end_of_validar_password                   text54        0E544
__end_of_verficar_password                  text3         0E792
__initialization                            cinit         0E462
__mediumconst                               mediumconst   0FE8A
__pbitbssCOMRAM                             bitbssCOMRAM  002F8
__pbssBANK0                                 bssBANK0      00060
__pbssBANK1                                 bssBANK1      00100
__pbssCOMRAM                                bssCOMRAM     00045
__pcinit                                    cinit         0E462
__pcstackCOMRAM                             cstackCOMRAM  00001
__pdataBANK0                                dataBANK0     000F7
__pdataCOMRAM                               dataCOMRAM    0005A
__pidataBANK0                               idataBANK0    0DB80
__pidataCOMRAM                              idataCOMRAM   0DB76
__pmediumconst                              mediumconst   0FE8A
__pnvBANK0                                  nvBANK0       000EB
__pnvCOMRAM                                 nvCOMRAM      0005E
__ptext0                                    text0         0F9B2
__ptext1                                    text1         0DCBE
__ptext10                                   text10        0E320
__ptext11                                   text11        0DB9C
__ptext12                                   text12        0DF46
__ptext13                                   text13        0DF1A
__ptext14                                   text14        0DFCE
__ptext15                                   text15        0E2C0
__ptext16                                   text16        0E544
__ptext17                                   text17        0E1AA
__ptext18                                   text18        0E3F4
__ptext19                                   text19        0E792
__ptext2                                    text2         0F08E
__ptext20                                   text20        0DEEE
__ptext21                                   text21        0DD2C
__ptext22                                   text22        0DD10
__ptext23                                   text23        0E260
__ptext24                                   text24        0E030
__ptext25                                   text25        0EBD8
__ptext26                                   text26        0EA1E
__ptext27                                   text27        0DCF4
__ptext28                                   text28        0E6A4
__ptext29                                   text29        0EFA4
__ptext3                                    text3         0E71A
__ptext30                                   text30        0E90E
__ptext31                                   text31        0F7F2
__ptext32                                   text32        0DD66
__ptext33                                   text33        0ED24
__ptext34                                   text34        0DE08
__ptext35                                   text35        0DD48
__ptext36                                   text36        0DC90
__ptext37                                   text37        0DDA4
__ptext38                                   text38        0DE4E
__ptext39                                   text39        0DB92
__ptext4                                    text4         0EB42
__ptext40                                   text40        0DB88
__ptext41                                   text41        0DC00
__ptext42                                   text42        0DC6A
__ptext43                                   text43        0DBF0
__ptext44                                   text44        0DBE0
__ptext45                                   text45        0DC58
__ptext46                                   text46        0DBD0
__ptext47                                   text47        0DBC0
__ptext48                                   text48        0DC46
__ptext49                                   text49        0DCD8
__ptext5                                    text5         0EECE
__ptext50                                   text50        0DEC4
__ptext51                                   text51        0DD84
__ptext52                                   text52        0DF72
__ptext53                                   text53        0EC70
__ptext54                                   text54        0E4D2
__ptext55                                   text55        0DDE6
__ptext56                                   text56        0DE9A
__ptext57                                   text57        0E62E
__ptext58                                   text58        0DC7C
__ptext59                                   text59        0DBA6
__ptext6                                    text6         0DCA6
__ptext60                                   text60        0EDF8
__ptext61                                   text61        0FB92
__ptext62                                   text62        0DDC4
__ptext63                                   text63        0DE72
__ptext64                                   text64        0E10A
__ptext65                                   text65        0E204
__ptext66                                   text66        0E156
__ptext67                                   text67        0E0BE
__ptext68                                   text68        0DE2A
__ptext69                                   text69        0DB7A
__ptext7                                    text7         0DFA0
__ptext70                                   text70        0E076
__ptext71                                   text71        0E80E
__ptext72                                   text72        0DC34
__ptext73                                   text73        0DBB2
__ptext74                                   text74        0DFFE
__ptext75                                   text75        0E5B8
__ptext76                                   text76        0DC22
__ptext77                                   text77        0F66C
__ptext78                                   text78        0EAAC
__ptext79                                   text79        0F18A
__ptext8                                    text8         0F4FE
__ptext80                                   text80        0F3B8
__ptext81                                   text81        0DC10
__ptext82                                   text82        0F296
__ptext83                                   text83        0E386
__ptext84                                   text84        0E990
__ptext85                                   text85        00000
__ptext9                                    text9         0E88E
__ramtop                                    ramtop        00F00
__size_of_Delay100TCYx                      (abs)         00000
__size_of_Delay1KTCYx                       (abs)         00000
__size_of_Read_RTC                          (abs)         00000
__size_of_RtccReadDate                      (abs)         00000
__size_of_RtccReadTime                      (abs)         00000
__size_of_RtccWrOn                          (abs)         00000
__size_of_RtccWriteDate                     (abs)         00000
__size_of_RtccWriteTime                     (abs)         00000
__size_of_Setup                             (abs)         00000
__size_of_Write_RTC                         (abs)         00000
__size_of___awdiv                           (abs)         00000
__size_of___awmod                           (abs)         00000
__size_of___lwdiv                           (abs)         00000
__size_of___lwmod                           (abs)         00000
__size_of___wmul                            (abs)         00000
__size_of_accionar_alarma                   (abs)         00000
__size_of_activar_sonido_alarma             (abs)         00000
__size_of_actualiza_dia                     (abs)         00000
__size_of_actualiza_elemento                (abs)         00000
__size_of_actualizar_hora                   (abs)         00000
__size_of_actualizar_minutos                (abs)         00000
__size_of_actualizar_password               (abs)         00000
__size_of_atoi                              (abs)         00000
__size_of_borrar_anio                       (abs)         00000
__size_of_borrar_current_password           (abs)         00000
__size_of_borrar_dia                        (abs)         00000
__size_of_borrar_hora                       (abs)         00000
__size_of_borrar_mes                        (abs)         00000
__size_of_borrar_minutos                    (abs)         00000
__size_of_borrar_nuevo_password             (abs)         00000
__size_of_borrar_temporal_password          (abs)         00000
__size_of_cambiar_anio                      (abs)         00000
__size_of_cambiar_dia                       (abs)         00000
__size_of_cambiar_hora                      (abs)         00000
__size_of_cambiar_mes                       (abs)         00000
__size_of_cambiar_minutos                   (abs)         00000
__size_of_cancelar_cambio_fecha             (abs)         00000
__size_of_cancelar_cambio_hora              (abs)         00000
__size_of_cancelar_cambio_password          (abs)         00000
__size_of_caratula                          (abs)         00000
__size_of_clear_display                     (abs)         00000
__size_of_confirmar_actualizar_password     (abs)         00000
__size_of_confirmar_nuevo_password          (abs)         00000
__size_of_convertir_a_int                   (abs)         00000
__size_of_desactivar_alarma                 (abs)         00000
__size_of_desactivar_sonido_alarma          (abs)         00000
__size_of_guardar_comando                   (abs)         00000
__size_of_guardar_current_password          (abs)         00000
__size_of_guardar_elemento                  (abs)         00000
__size_of_guardar_elemento_arreglo          (abs)         00000
__size_of_guardar_nuevo_password            (abs)         00000
__size_of_guardar_password_temporal         (abs)         00000
__size_of_guardar_tecla_presionada          (abs)         00000
__size_of_imprimir_tecla                    (abs)         00000
__size_of_ingresar_comando                  (abs)         00000
__size_of_inicializar_alarma                (abs)         00000
__size_of_inicializar_fecha                 (abs)         00000
__size_of_inicializar_hora                  (abs)         00000
__size_of_inicializar_intentos_fallidos     (abs)         00000
__size_of_inicializar_teclado               (abs)         00000
__size_of_isdigit                           (abs)         00000
__size_of_lcd_comand                        (abs)         00000
__size_of_lcd_gotoxy                        (abs)         00000
__size_of_lcd_init                          (abs)         00000
__size_of_lcd_putc                          (abs)         00000
__size_of_lcd_putrs                         (abs)         00000
__size_of_lcd_send_byte                     (abs)         00000
__size_of_lcd_send_nibble                   (abs)         00000
__size_of_leer_teclado                      (abs)         00000
__size_of_main                              (abs)         00000
__size_of_mensaje_alarma_activada           (abs)         00000
__size_of_menu_cambiar_fecha                (abs)         00000
__size_of_menu_cambiar_horario              (abs)         00000
__size_of_menu_cambiar_password             (abs)         00000
__size_of_menu_ingresar_password            (abs)         00000
__size_of_mostrar_guardar_nuevo_password    (abs)         00000
__size_of_mostrar_guardar_password          (abs)         00000
__size_of_mostrar_guardar_temporal_password (abs)         00000
__size_of_mostrar_titulo_menu               (abs)         00000
__size_of_obtener_dia_mes                   (abs)         00000
__size_of_restaurar_comando                 (abs)         00000
__size_of_setear_comando_alarma             (abs)         00000
__size_of_sprintf                           (abs)         00000
__size_of_validar_password                  (abs)         00000
__size_of_verficar_password                 (abs)         00000
__smallconst                                smallconst    00000
_a                                          bssBANK0      00082
_accionar_alarma                            text10        0E320
_activada                                   bssBANK0      00084
_activar_sonido_alarma                      text69        0DB7A
_actualiza_dia                              text35        0DD48
_actualiza_elemento                         text36        0DC90
_actualizar_hora                            text34        0DE08
_actualizar_minutos                         text37        0DDA4
_actualizar_password                        text25        0EBD8
_anio                                       dataCOMRAM    0005A
_anio_d                                     nvBANK0       000EB
_anio_u                                     nvBANK0       000EC
_atoi                                       text33        0ED24
_autorizado                                 bssCOMRAM     00045
_b                                          bssBANK0      00086
_borrar_anio                                text48        0DC46
_borrar_current_password                    text41        0DC00
_borrar_dia                                 text46        0DBD0
_borrar_hora                                text44        0DBE0
_borrar_mes                                 text47        0DBC0
_borrar_minutos                             text45        0DC58
_borrar_nuevo_password                      text42        0DC6A
_borrar_temporal_password                   text43        0DBF0
_buffer2                                    bssBANK0      000AA
_c                                          bssBANK0      00088
_cambiar_anio                               text19        0E792
_cambiar_anio$1490                          cstackCOMRAM  00038
_cambiar_dia                                text17        0E1AA
_cambiar_hora                               text15        0E2C0
_cambiar_mes                                text18        0E3F4
_cambiar_mes$1486                           cstackCOMRAM  00038
_cambiar_minutos                            text16        0E544
_cambiar_minutos$1509                       cstackCOMRAM  00038
_cancelar_cambio_fecha                      text40        0DB88
_cancelar_cambio_hora                       text39        0DB92
_cancelar_cambio_password                   text38        0DE4E
_caratula                                   text60        0EDF8
[...]
 Defined at:
		line 35 in file "../../../../../../Program Files/Unimic/unmc_01/sources/unmc_rtcc_02.c"
 Parameters:    Size  Location     Type
		None
 Auto vars:     Size  Location     Type
		None
 Return value:  Size  Location     Type
		None               void
 Registers used:
		wreg, fsr2l, fsr2h, status,2, status,0, prodl, prodh, cstack
 Tracked objects:
		On entry : 
		On exit  : 
		Unchanged: 
 Data sizes:     COMRAM   BANK0   BANK1   BANK2   BANK3   BANK4   BANK5   BANK6   BANK7   BANK8   BANK9  BANK10  BANK11  BANK12  BANK13  BANK14
      Params:         0       0       0       0       0       0       0       0       0       0       0       0       0       0       0       0
      Locals:         0       0       0       0       0       0       0       0       0       0       0       0       0       0       0       0
      Temps:          0       0       0       0       0       0       0       0       0       0       0       0       0       0       0       0
      Totals:         0       0       0       0       0       0       0       0       0       0       0       0       0       0       0       0
Total ram usage:        0 bytes
 Hardware stack levels used:    1
 Hardware stack levels required when called:    2
 This function calls:
		_RtccWrOn
		_RtccWriteDate
		_RtccWriteTime
		___awdiv
 This function is called by:
		_Setup
		_actualiza_elemento
		_actualizar_hora
		_actualizar_minutos
 This function uses a non-reentrant model


 *************** function ___awdiv *****************
 Defined at:
		line 8 in file "C:\Program Files (x86)\Microchip\xc8\v1.34\sources\common\awdiv.c"
 Parameters:    Size  Location     Type
  dividend        2    0[COMRAM] int 
  divisor         2    2[COMRAM] int 
 Auto vars:     Size  Location     Type
  quotient        2    6[COMRAM] int 
  sign            1    5[COMRAM] unsigned char 
  counter         1    4[COMRAM] unsigned char 
 Return value:  Size  Location     Type
                  2    0[COMRAM] int 
 Registers used:
		wreg, status,2, status,0
 Tracked objects:
		On entry : 
		On exit  : 
		Unchanged: 
 Data sizes:     COMRAM   BANK0   BANK1   BANK2   BANK3   BANK4   BANK5   BANK6   BANK7   BANK8   BANK9  BANK10  BANK11  BANK12  BANK13  BANK14
      Params:         4       0       0       0       0       0       0       0       0       0       0       0       0       0       0       0
      Locals:         4       0       0       0       0       0       0       0       0       0       0       0       0       0       0       0
      Temps:          0       0       0       0       0       0       0       0       0       0       0       0       0       0       0       0
      Totals:         8       0       0       0       0       0       0       0       0       0       0       0       0       0       0       0
Total ram usage:        8 bytes
 Hardware stack levels used:    1
 This function calls:
		Nothing
 This function is called by:
		_Write_RTC
 This function uses a non-reentrant model


 *************** function _RtccWriteTime *****************
 Defined at:
		line 34 in file "C:\Program Files (x86)\Microchip\xc8\v1.34\sources\pic18\plib\rtcc\RtccWriteTime.c"
 Parameters:    Size  Location     Type
  pTm             2    0[COMRAM] PTR const struct .
		 -> RtccTime(4), 
  di              1    2[COMRAM] enum E7121
 Auto vars:     Size  Location     Type
  tempHourWDay    2    9[COMRAM] struct .
  tempMinSec      2    7[COMRAM] struct .
  wasWrEn         1    6[COMRAM] enum E7121
  wasAlrm         1    5[COMRAM] enum E7121
  wasOn           1    4[COMRAM] enum E7121
 Return value:  Size  Location     Type
                  1    wreg      enum E7121
 Registers used:
		wreg, fsr2l, fsr2h, status,2, status,0, cstack
 Tracked objects:
		On entry : 
		On exit  : 
		Unchanged: 
 Data sizes:     COMRAM   BANK0   BANK1   BANK2   BANK3   BANK4   BANK5   BANK6   BANK7   BANK8   BANK9  BANK10  BANK11  BANK12  BANK13  BANK14
      Params:         3       0       0       0       0       0       0       0       0       0       0       0       0       0       0       0
      Locals:         7       0       0       0       0       0       0       0       0       0       0       0       0       0       0       0
      Temps:          1       0       0       0       0       0       0       0       0       0       0       0       0       0       0       0
      Totals:        11       0       0       0       0       0       0       0       0       0       0       0       0       0       0       0
Total ram usage:       11 bytes
 Hardware stack levels used:    1
 Hardware stack levels required when called:    1
 This function calls:
		_RtccWrOn
 This function is called by:
		_Write_RTC
 This function uses a non-reentrant model


 *************** function _RtccWriteDate *****************
 Defined at:
		line 35 in file "C:\Program Files (x86)\Microchip\xc8\v1.34\sources\pic18\plib\rtcc\RtccWriteDate.c"
 Parameters:    Size  Location     Type
  pDt             2    0[COMRAM] PTR const struct .
		 -> RtccDate(4), 
  di              1    2[COMRAM] enum E7121
 Auto vars:     Size  Location     Type
  tempHourWDay    2   11[COMRAM] struct .
  tempDayMonth    2    9[COMRAM] struct .
  tempYear        2    6[COMRAM] struct .
  wasWrEn         1    8[COMRAM] enum E7121
  wasAlrm         1    5[COMRAM] enum E7121
  wasOn           1    4[COMRAM] enum E7121
 Return value:  Size  Location     Type
                  1    wreg      enum E7121
 Registers used:
		wreg, fsr2l, fsr2h, status,2, status,0, cstack
 Tracked objects:
		On entry : 
		On exit  : 
		Unchanged: 
 Data sizes:     COMRAM   BANK0   BANK1   BANK2   BANK3   BANK4   BANK5   BANK6   BANK7   BANK8   BANK9  BANK10  BANK11  BANK12  BANK13  BANK14
      Params:         3       0       0       0       0       0       0       0       0       0       0       0       0       0       0       0
      Locals:         9       0       0       0       0       0       0       0       0       0       0       0       0       0       0       0
      Temps:          1       0       0       0       0       0       0       0       0       0       0       0       0       0       0       0
      Totals:        13       0       0       0       0       0       0       0       0       0       0       0       0       0       0       0
Total ram usage:       13 bytes
 Hardware stack levels used:    1
 Hardware stack levels required when called:    1
 This function calls:
		_RtccWrOn
 This function is called by:
		_Write_RTC
 This function uses a non-reentrant model


 *************** function _RtccWrOn *****************
 Defined at:
		line 21 in file "C:\Program Files (x86)\Microchip\xc8\v1.34\sources\pic18\plib\rtcc\RtccWrOn.c"
 Parameters:    Size  Location     Type
		None
 Auto vars:     Size  Location     Type
  data            2    0        unsigned int 
 Return value:  Size  Location     Type
		None               void
 Registers used:
		wreg, status,2
 Tracked objects:
		On entry : 
		On exit  : 
		Unchanged: 
 Data sizes:     COMRAM   BANK0   BANK1   BANK2   BANK3   BANK4   BANK5   BANK6   BANK7   BANK8   BANK9  BANK10  BANK11  BANK12  BANK13  BANK14
      Params:         0       0       0       0       0       0       0       0       0       0       0       0       0       0       0       0
      Locals:         0       0       0       0       0       0       0       0       0       0       0       0       0       0       0       0
      Temps:          0       0       0       0       0       0       0       0       0       0       0       0       0       0       0       0
      Totals:         0       0       0       0       0       0       0       0       0       0       0       0       0       0       0       0
Total ram usage:        0 bytes
 Hardware stack levels used:    1
 This function calls:
		Nothing
 This function is called by:
		_Write_RTC
		_RtccWriteDate
		_RtccWriteTime
 This function uses a non-reentrant model


 *************** function _Read_RTC *****************
 Defined at:
		line 72 in file "../../../../../../Program Files/Unimic/unmc_01/sources/unmc_rtcc_02.c"
 Parameters:    Size  Location     Type
		None
 Auto vars:     Size  Location     Type
		None
 Return value:  Size  Location     Type
		None               void
 Registers used:
		wreg, fsr2l, fsr2h, status,2, status,0, prodl, prodh, cstack
 Tracked objects:
		On entry : 
		On exit  : 
		Unchanged: 
 Data sizes:     COMRAM   BANK0   BANK1   BANK2   BANK3   BANK4   BANK5   BANK6   BANK7   BANK8   BANK9  BANK10  BANK11  BANK12  BANK13  BANK14
      Params:         0       0       0       0       0       0       0       0       0       0       0       0       0       0       0       0
      Locals:         0       0       0       0       0       0       0       0       0       0       0       0       0       0       0       0
      Temps:          0       0       0       0       0       0       0       0       0       0       0       0       0       0       0       0
      Totals:         0       0       0       0       0       0       0       0       0       0       0       0       0       0       0       0
Total ram usage:        0 bytes
 Hardware stack levels used:    1
 Hardware stack levels required when called:    1
 This function calls:
		_RtccReadDate
		_RtccReadTime
 This function is called by:
		_main
 This function uses a non-reentrant model


 *************** function _RtccReadTime *****************
 Defined at:
		line 23 in file "C:\Program Files (x86)\Microchip\xc8\v1.34\sources\pic18\plib\rtcc\RtccReadTime.c"
 Parameters:    Size  Location     Type
  pTm             2    0[COMRAM] PTR struct .
		 -> RtccTime(4), 
 Auto vars:     Size  Location     Type
  rTD0            8   10[COMRAM] struct .
  rTD1            8    2[COMRAM] struct .
 Return value:  Size  Location     Type
		None               void
 Registers used:
		wreg, fsr2l, fsr2h, status,2, status,0
 Tracked objects:
		On entry : 
		On exit  : 
		Unchanged: 
 Data sizes:     COMRAM   BANK0   BANK1   BANK2   BANK3   BANK4   BANK5   BANK6   BANK7   BANK8   BANK9  BANK10  BANK11  BANK12  BANK13  BANK14
      Params:         2       0       0       0       0       0       0       0       0       0       0       0       0       0       0       0
      Locals:        16       0       0       0       0       0       0       0       0       0       0       0       0       0       0       0
      Temps:          0       0       0       0       0       0       0       0       0       0       0       0       0       0       0       0
      Totals:        18       0       0       0       0       0       0       0       0       0       0       0       0       0       0       0
Total ram usage:       18 bytes
 Hardware stack levels used:    1
 This function calls:
		Nothing
 This function is called by:
		_Read_RTC
 This function uses a non-reentrant model


 *************** function _RtccReadDate *****************
 Defined at:
		line 23 in file "C:\Program Files (x86)\Microchip\xc8\v1.34\sources\pic18\plib\rtcc\RtccReadDate.c"
 Parameters:    Size  Location     Type
  pDt             2    0[COMRAM] PTR struct .
		 -> RtccDate(4), 
 Auto vars:     Size  Location     Type
  rTD0            8   10[COMRAM] struct .
  rTD1            8    2[COMRAM] struct .
 Return value:  Size  Location     Type
		None               void
 Registers used:
		wreg, fsr2l, fsr2h, status,2, status,0
 Tracked objects:
		On entry : 
		On exit  : 
		Unchanged: 
 Data sizes:     COMRAM   BANK0   BANK1   BANK2   BANK3   BANK4   BANK5   BANK6   BANK7   BANK8   BANK9  BANK10  BANK11  BANK12  BANK13  BANK14
      Params:         2       0       0       0       0       0       0       0       0       0       0       0       0       0       0       0
      Locals:        16       0       0       0       0       0       0       0       0       0       0       0       0       0       0       0
      Temps:          0       0       0       0       0       0       0       0       0       0       0       0       0       0       0       0
      Totals:        18       0       0       0       0       0       0       0       0       0       0       0       0       0       0       0
Total ram usage:       18 bytes
 Hardware stack levels used:    1
 This function calls:
		Nothing
 This function is called by:
		_Read_RTC
 This function uses a non-reentrant model



MODULE INFORMATION

Module		Function		Class		Link	Load	Size
C:\Program Files (x86)\Microchip\xc8\v1.34\sources\pic18\plib\rtcc\RtccReadDate.c
		_RtccReadDate  		CODE           	E990	0000	143

C:\Program Files (x86)\Microchip\xc8\v1.34\sources\pic18\plib\rtcc\RtccReadDate.c estimated size: 143

C:\Program Files (x86)\Microchip\xc8\v1.34\sources\pic18\d1ktcyx.c
		_Delay1KTCYx   		CODE           	DC34	0000	19

C:\Program Files (x86)\Microchip\xc8\v1.34\sources\pic18\d1ktcyx.c estimated size: 19

C:\Program Files (x86)\Microchip\xc8\v1.34\sources\pic18\plib\rtcc\RtccWriteTime.c
		_RtccWriteTime 		CODE           	F18A	0000	269

C:\Program Files (x86)\Microchip\xc8\v1.34\sources\pic18\plib\rtcc\RtccWriteTime.c estimated size: 269

../../../../../../Program Files/Unimic/unmc_01/sources/alarma.c
		_cancelar_cambi		CODE           	DE4E	0000	37
		_inicializar_in		CODE           	DBA6	0000	13
		_guardar_nuevo_		CODE           	DD10	0000	29
		_borrar_nuevo_p		CODE           	DC6A	0000	19
		_validar_passwo		CODE           	E4D2	0000	115
		_verficar_passw		CODE           	E71A	0000	121
		_borrar_current		CODE           	DC00	0000	17
		_actualizar_pas		CODE           	EBD8	0000	153
		_confirmar_nuev		CODE           	EA1E	0000	143
		_inicializar_al		CODE           	E62E	0000	119
		_borrar_tempora		CODE           	DBF0	0000	17
		_guardar_elemen		CODE           	E6A4	0000	119
		_guardar_passwo		CODE           	DD2C	0000	29
		_guardar_curren		CODE           	DCF4	0000	29

../../../../../../Program Files/Unimic/unmc_01/sources/alarma.c estimated size: 960

C:\Program Files (x86)\Microchip\xc8\v1.34\sources\common\atoi.c
		_atoi          		CODE           	ED24	0000	213

C:\Program Files (x86)\Microchip\xc8\v1.34\sources\common\atoi.c estimated size: 213

C:\Program Files (x86)\Microchip\xc8\v1.34\sources\common\lwmod.c
		___lwmod       		CODE           	E10A	0000	77

C:\Program Files (x86)\Microchip\xc8\v1.34\sources\common\lwmod.c estimated size: 77

C:\Program Files (x86)\Microchip\xc8\v1.34\sources\common\awmod.c
		___awmod       		CODE           	E90E	0000	131

C:\Program Files (x86)\Microchip\xc8\v1.34\sources\common\awmod.c estimated size: 131

C:\Program Files (x86)\Microchip\xc8\v1.34\sources\pic18\plib\rtcc\RtccWrOn.c
		_RtccWrOn      		CODE           	DC10	0000	19

C:\Program Files (x86)\Microchip\xc8\v1.34\sources\pic18\plib\rtcc\RtccWrOn.c estimated size: 19

C:\Program Files (x86)\Microchip\xc8\v1.34\sources\pic18\plib\rtcc\RtccReadTime.c
		_RtccReadTime  		CODE           	E386	0000	111

C:\Program Files (x86)\Microchip\xc8\v1.34\sources\pic18\plib\rtcc\RtccReadTime.c estimated size: 111

../../../../../../Program Files/Unimic/unmc_01/sources/fecha.c
		_actualiza_elem		CODE           	DC90	0000	23
		_cambiar_dia   		CODE           	E1AA	0000	91
		_cambiar_mes   		CODE           	E3F4	0000	111
		_actualizar_min		CODE           	DDA4	0000	33
		_cambiar_hora  		CODE           	E2C0	0000	97
		_cambiar_anio  		CODE           	E792	0000	125
		_convertir_a_in		CODE           	DD66	0000	31
		_inicializar_ho		CODE           	DD84	0000	33
		_inicializar_fe		CODE           	DF72	0000	47
		_borrar_dia    		CODE           	DBD0	0000	17
		_borrar_mes    		CODE           	DBC0	0000	17
		_actualiza_dia 		CODE           	DD48	0000	31
		_borrar_hora   		CODE           	DBE0	0000	17
		_borrar_anio   		CODE           	DC46	0000	19
		_cancelar_cambi		CODE           	DB92	0000	11
		_obtener_dia_me		CODE           	EFA4	0000	235
		_borrar_minutos		CODE           	DC58	0000	19
		_cambiar_minuto		CODE           	E544	0000	117
		_guardar_elemen		CODE           	F7F2	0000	449
		_actualizar_hor		CODE           	DE08	0000	35
		_cancelar_cambi		CODE           	DB88	0000	11

../../../../../../Program Files/Unimic/unmc_01/sources/fecha.c estimated size: 1569

C:\Program Files (x86)\Microchip\xc8\v1.34\sources\common\isdigit.c
		_isdigit       		CODE           	DDC4	0000	35

C:\Program Files (x86)\Microchip\xc8\v1.34\sources\common\isdigit.c estimated size: 35

../../../../../../Program Files/Unimic/unmc_01/sources/teclado.c
		_restaurar_coma		CODE           	DCD8	0000	29
		_imprimir_tecla		CODE           	E030	0000	71
		_guardar_comand		CODE           	E260	0000	97
		_leer_teclado  		CODE           	F4FE	0000	367
		_inicializar_te		CODE           	DE9A	0000	43
		_guardar_tecla_		CODE           	E88E	0000	129

../../../../../../Program Files/Unimic/unmc_01/sources/teclado.c estimated size: 736

shared
		_dpowers       		MEDIUMCONST    	FE8B	0000	11
		_LCD_INIT_STRIN		MEDIUMCONST    	FE95	0000	5
		__initializatio		CODE           	E462	0000	103

shared estimated size: 119

C:\Program Files (x86)\Microchip\xc8\v1.34\sources\common\lwdiv.c
		___lwdiv       		CODE           	E204	0000	93

C:\Program Files (x86)\Microchip\xc8\v1.34\sources\common\lwdiv.c estimated size: 93

C:\Program Files (x86)\Microchip\xc8\v1.34\sources\common\awdiv.c
		___awdiv       		CODE           	EAAC	0000	151

C:\Program Files (x86)\Microchip\xc8\v1.34\sources\common\awdiv.c estimated size: 151

C:\Program Files (x86)\Microchip\xc8\v1.34\sources\pic18\d100tcyx.c
		_Delay100TCYx  		CODE           	DC22	0000	19

C:\Program Files (x86)\Microchip\xc8\v1.34\sources\pic18\d100tcyx.c estimated size: 19

C:\Program Files (x86)\Microchip\xc8\v1.34\sources\common\doprnt.c
		_sprintf       		CODE           	FB92	0000	761

C:\Program Files (x86)\Microchip\xc8\v1.34\sources\common\doprnt.c estimated size: 761

C:\Program Files (x86)\Microchip\xc8\v1.34\sources\pic18\plib\rtcc\RtccWriteDate.c
		_RtccWriteDate 		CODE           	F3B8	0000	327

C:\Program Files (x86)\Microchip\xc8\v1.34\sources\pic18\plib\rtcc\RtccWriteDate.c estimated size: 327

C:/Archivos de programa/Unimic/unmc_01/sources/unmc_lcd_216.c
		_lcd_comand    		CODE           	DBB2	0000	15
		_lcd_putc      		CODE           	E0BE	0000	77
		_lcd_putrs     		CODE           	E156	0000	85
		_lcd_send_byte 		CODE           	DFFE	0000	51
		_lcd_gotoxy    		CODE           	DE2A	0000	37
		_lcd_send_nibbl		CODE           	E5B8	0000	119
		_lcd_init      		CODE           	E80E	0000	129

C:/Archivos de programa/Unimic/unmc_01/sources/unmc_lcd_216.c estimated size: 513

main.c
		_menu_cambiar_p		CODE           	F08E	0000	253
		_menu_cambiar_h		CODE           	EB42	0000	151
		_mostrar_guarda		CODE           	DEEE	0000	45
		_mostrar_guarda		CODE           	DFCE	0000	49
		_main          		CODE           	F9B2	0000	481
		_mostrar_guarda		CODE           	DF1A	0000	45
		_clear_display 		CODE           	DDE6	0000	35
		_Setup         		CODE           	E076	0000	73
		_desactivar_son		CODE           	DC7C	0000	21
		_mostrar_titulo		CODE           	DCA6	0000	25
		_ingresar_coman		CODE           	DB9C	0000	11
		_menu_cambiar_f		CODE           	EECE	0000	215
		_activar_sonido		CODE           	DB7A	0000	7
		_setear_comando		CODE           	DCBE	0000	27
		_accionar_alarm		CODE           	E320	0000	103
		_mensaje_alarma		CODE           	DFA0	0000	47
		_menu_ingresar_		CODE           	EC70	0000	181
		_confirmar_actu		CODE           	DF46	0000	45
		_caratula      		CODE           	EDF8	0000	215
		_desactivar_ala		CODE           	DEC4	0000	43

main.c estimated size: 2072

../../../../../../Program Files/Unimic/unmc_01/sources/unmc_rtcc_02.c
		_Read_RTC      		CODE           	F296	0000	291
		_Write_RTC     		CODE           	F66C	0000	391

../../../../../../Program Files/Unimic/unmc_01/sources/unmc_rtcc_02.c estimated size: 682

C:\Program Files (x86)\Microchip\xc8\v1.34\sources\common\Umul16.c
		___wmul        		CODE           	DE72	0000	41

C:\Program Files (x86)\Microchip\xc8\v1.34\sources\common\Umul16.c estimated size: 41

