Microchip MPLAB XC8 Compiler V1.34 ()

Linker command line:

--edf=C:\Program Files (x86)\Microchip\xc8\v1.34\dat\en_msgs.txt -cs \
  -h+dist/default/production\UNMC.production.sym \
  --cmf=dist/default/production\UNMC.production.cmf -z -Q18F26J50 \
  -oC:\Users\ddavi\AppData\Local\Temp\s69s.6 \
  -Mdist/default/production/UNMC.production.map -E1 -ver=XC8 \
  -ASTACK=0FAh-0ebfh -pstack=STACK -ACODE=00h-0FFF7h -ACONST=00h-0FFF7h \
  -ASMALLCONST=0F00h-0FFFhx240,0FF00h-0FFF7h -AMEDIUMCONST=0F00h-0FFF7h \
  -ACOMRAM=01h-05Fh -AABS1=00h-0EBFh -ABIGRAM=01h-0EBFh \
  -ARAM=060h-0FFh,0100h-01FFhx13,0E00h-0EBFh -ABANK0=060h-0FFh \
  -ABANK1=0100h-01FFh -ABANK2=0200h-02FFh -ABANK3=0300h-03FFh \
  -ABANK4=0400h-04FFh -ABANK5=0500h-05FFh -ABANK6=0600h-06FFh \
  -ABANK7=0700h-07FFh -ABANK8=0800h-08FFh -ABANK9=0900h-09FFh \
  -ABANK10=0A00h-0AFFh -ABANK11=0B00h-0BFFh -ABANK12=0C00h-0CFFh \
  -ABANK13=0D00h-0DFFh -ABANK14=0E00h-0EBFh \
  -ASFR=0EC0h-0EFFh,0F00h-0F5Fh,0F60h-0FFFh \
  -preset_vec=00h,intcode,intcodelo,powerup,init,end_init -pramtop=0F00h \
  -psmallconst=SMALLCONST -pmediumconst=MEDIUMCONST -pconst=CONST \
  -AFARRAM=00h-00h -ACONFIG=0FFF8h-0FFFFh -pconfig=CONFIG \
  -pjflash_buffer=0F800h \
  -prdata=COMRAM,nvrram=COMRAM,nvbit=COMRAM,rbss=COMRAM,rbit=COMRAM \
  -pfarbss=FARRAM,fardata=FARRAM,nvFARRAM=FARRAM \
  -pintsave_regs=BIGRAM,bigbss=BIGRAM,bigdata=BIGRAM -pbss=RAM \
  -pidata=CODE,irdata=CODE,ibigdata=CODE,ifardata=CODE -prparam=COMRAM \
  C:\Users\ddavi\AppData\Local\Temp\s69s.obj \
  dist/default/production\UNMC.production.obj 

Object code version is 3.11

Machine type is 18F26J50

Call graph: (short form)




                Name                               Link     Load   Length Selector   Space Scale
C:\Users\ddavi\AppData\Local\Temp\s69s.obj
                end_init                              0        0        4        0       0
                config                             FFF8     FFF8        8     FFF8       0
dist/default/production\UNMC.production.obj
                mediumconst                        FEC2     FEC2      136     7F61       0
                text55                             EA18     EA18       8E     750C       0
                text54                             E5D4     E5D4       6E     72EA       0
                text53                             F56E     F56E      142     7AB7       0
                text52                             E092     E092       12     7049       0
                text51                             F6B0     F6B0      146     7B58       0
                text50                             F214     F214      10C     790A       0
                text49                             EB36     EB36       96     759B       0
                text48                             F7F6     F7F6      196     7BFB       0
                text47                             E0A4     E0A4       12     7052       0
                text46                             E79A     E79A       76     73CD       0
                text45                             E2B6     E2B6       32     715B       0
                text44                             E084     E084        E     7042       0
                text43                             E0B6     E0B6       12     705B       0
                text42                             E888     E888       80     7444       0
                text41                             E444     E444       48     7222       0
                text40                             E0F8     E0F8       1E     707C       0
                text39                             F43E     F43E      130     7A1F       0
                text38                             E194     E194       24     70CA       0
                text37                             E48C     E48C       4C     7246       0
                text36                             E524     E524       54     7292       0
                text35                             E578     E578       5C     72BC       0
                text34                             E4D8     E4D8       4C     726C       0
                text33                             E1DC     E1DC       28     70EE       0
                text32                             E172     E172       22     70B9       0
                text31                             F98C     F98C      264     7CC6       0
                text30                             F058     F058       D6     782C       0
                text29                             E98E     E98E       8A     74C7       0
                text28                             F12E     F12E       E6     7897       0
                text27                             EF84     EF84       D4     77C2       0
                text26                             E116     E116       1E     708B       0
                text25                             E6B2     E6B2       74     7359       0
                text24                             E288     E288       2E     7144       0
                text23                             E134     E134       1E     709A       0
                text22                             E726     E726       74     7393       0
                text21                             E152     E152       20     70A9       0
                text20                             E32C     E32C       46     7196       0
                text19                             E642     E642       70     7321       0
                text18                             E372     E372       46     71B9       0
                text17                             E3B8     E3B8       46     71DC       0
                text16                             E3FE     E3FE       46     71FF       0
                text15                             E204     E204       2C     7102       0
                text14                             EDEE     EDEE       CA     76F7       0
                text13                             EBCC     EBCC       B6     75E6       0
                text12                             EC82     EC82       B6     7641       0
                text11                             EEB8     EEB8       CC     775C       0
                text10                             ED38     ED38       B6     769C       0
                text9                              E230     E230       2C     7118       0
                text8                              E25C     E25C       2C     712E       0
                text7                              E1B8     E1B8       24     70DC       0
                text6                              E07A     E07A        A     703D       0
                text5                              EAA6     EAA6       90     7553       0
                text4                              F320     F320      11E     7990       0
                text3                              E0C8     E0C8       18     7064       0
                text2                              E908     E908       86     7484       0
                text1                              E810     E810       78     7408       0
                text0                              FBF0     FBF0      2D2     7DF8       0
                cstackCOMRAM                          1        1       52        1       1
                dataBANK0                            D6       D6       18       60       1
                bssBANK0                             60       60       76       60       1
                bssCOMRAM                            53       53        B        1       1
                bitbssCOMRAM                        2F8       5F        1        1       1     8
                cinit                              E2E8     E2E8       44     7174       0
                nvBANK0                              EE       EE        C       60       1
                nvCOMRAM                             5E       5E        1        1       1
                idataBANK0                         E0E0     E0E0       18     E0E0       0

TOTAL           Name                               Link     Load   Length     Space
        CLASS   STACK          

        CLASS   CODE           
                end_init                              0        0        4         0
                text55                             EA18     EA18       8E         0
                text54                             E5D4     E5D4       6E         0
                text53                             F56E     F56E      142         0
                text52                             E092     E092       12         0
                text51                             F6B0     F6B0      146         0
                text50                             F214     F214      10C         0
                text49                             EB36     EB36       96         0
                text48                             F7F6     F7F6      196         0
                text47                             E0A4     E0A4       12         0
                text46                             E79A     E79A       76         0
                text45                             E2B6     E2B6       32         0
                text44                             E084     E084        E         0
                text43                             E0B6     E0B6       12         0
                text42                             E888     E888       80         0
                text41                             E444     E444       48         0
                text40                             E0F8     E0F8       1E         0
                text39                             F43E     F43E      130         0
                text38                             E194     E194       24         0
                text37                             E48C     E48C       4C         0
                text36                             E524     E524       54         0
                text35                             E578     E578       5C         0
                text34                             E4D8     E4D8       4C         0
                text33                             E1DC     E1DC       28         0
                text32                             E172     E172       22         0
                text31                             F98C     F98C      264         0
                text30                             F058     F058       D6         0
                text29                             E98E     E98E       8A         0
                text28                             F12E     F12E       E6         0
                text27                             EF84     EF84       D4         0
                text26                             E116     E116       1E         0
                text25                             E6B2     E6B2       74         0
                text24                             E288     E288       2E         0
                text23                             E134     E134       1E         0
                text22                             E726     E726       74         0
                text21                             E152     E152       20         0
                text20                             E32C     E32C       46         0
                text19                             E642     E642       70         0
                text18                             E372     E372       46         0
                text17                             E3B8     E3B8       46         0
                text16                             E3FE     E3FE       46         0
                text15                             E204     E204       2C         0
                text14                             EDEE     EDEE       CA         0
                text13                             EBCC     EBCC       B6         0
                text12                             EC82     EC82       B6         0
                text11                             EEB8     EEB8       CC         0
                text10                             ED38     ED38       B6         0
                text9                              E230     E230       2C         0
                text8                              E25C     E25C       2C         0
                text7                              E1B8     E1B8       24         0
                text6                              E07A     E07A        A         0
                text5                              EAA6     EAA6       90         0
                text4                              F320     F320      11E         0
                text3                              E0C8     E0C8       18         0
                text2                              E908     E908       86         0
                text1                              E810     E810       78         0
                text0                              FBF0     FBF0      2D2         0
                cinit                              E2E8     E2E8       44         0
                idataBANK0                         E0E0     E0E0       18         0

        CLASS   CONST          

        CLASS   SMALLCONST     

        CLASS   MEDIUMCONST    
                mediumconst                        FEC2     FEC2      136         0

        CLASS   COMRAM         
                cstackCOMRAM                          1        1       52         1
                bssCOMRAM                            53       53        B         1
                bitbssCOMRAM                        2F8       5F        1         1
                nvCOMRAM                             5E       5E        1         1

        CLASS   ABS1           

        CLASS   BIGRAM         

        CLASS   RAM            

        CLASS   BANK0          
                dataBANK0                            D6       D6       18         1
                bssBANK0                             60       60       76         1
                nvBANK0                              EE       EE        C         1

        CLASS   BANK1          

        CLASS   BANK2          

        CLASS   BANK3          

        CLASS   BANK4          

        CLASS   BANK5          

        CLASS   BANK6          

        CLASS   BANK7          

        CLASS   BANK8          

        CLASS   BANK9          

        CLASS   BANK10         

        CLASS   BANK11         

        CLASS   BANK12         

        CLASS   BANK13         

        CLASS   BANK14         

        CLASS   SFR            

        CLASS   FARRAM         

        CLASS   CONFIG         
                config                             FFF8     FFF8        8         0

        CLASS   IDLOC          



SEGMENTS        Name                           Load    Length   Top    Selector   Space  Class

                reset_vec                      000000  000004  000004         0       0  CODE    
                cstackCOMRAM                   000001  00005F  000060         1       1  COMRAM  
                bssBANK0                       000060  00009A  0000FA        60       1  BANK0   
                text6                          00E07A  00000A  00E084      703D       0  CODE    
                text44                         00E084  00000E  00E092      7042       0  CODE    
                text52                         00E092  000012  00E0A4      7049       0  CODE    
                text47                         00E0A4  000012  00E0B6      7052       0  CODE    
                text43                         00E0B6  000012  00E0C8      705B       0  CODE    
                text3                          00E0C8  000018  00E0E0      7064       0  CODE    
                idataBANK0                     00E0E0  000018  00E0F8      E0E0       0  CODE    
                text40                         00E0F8  00001E  00E116      707C       0  CODE    
                text26                         00E116  00001E  00E134      708B       0  CODE    
                text23                         00E134  00001E  00E152      709A       0  CODE    
                text21                         00E152  000020  00E172      70A9       0  CODE    
                text32                         00E172  000022  00E194      70B9       0  CODE    
                text38                         00E194  000024  00E1B8      70CA       0  CODE    
                text7                          00E1B8  000024  00E1DC      70DC       0  CODE    
                text33                         00E1DC  000028  00E204      70EE       0  CODE    
                text15                         00E204  00002C  00E230      7102       0  CODE    
                text9                          00E230  00002C  00E25C      7118       0  CODE    
                text8                          00E25C  00002C  00E288      712E       0  CODE    
                text24                         00E288  00002E  00E2B6      7144       0  CODE    
                text45                         00E2B6  000032  00E2E8      715B       0  CODE    
                cinit                          00E2E8  000044  00E32C      7174       0  CODE    
                text20                         00E32C  000046  00E372      7196       0  CODE    
                text18                         00E372  000046  00E3B8      71B9       0  CODE    
                text17                         00E3B8  000046  00E3FE      71DC       0  CODE    
                text16                         00E3FE  000046  00E444      71FF       0  CODE    
                text41                         00E444  000048  00E48C      7222       0  CODE    
                text37                         00E48C  00004C  00E4D8      7246       0  CODE    
                text34                         00E4D8  00004C  00E524      726C       0  CODE    
                text36                         00E524  000054  00E578      7292       0  CODE    
                text35                         00E578  00005C  00E5D4      72BC       0  CODE    
                text54                         00E5D4  00006E  00E642      72EA       0  CODE    
                text19                         00E642  000070  00E6B2      7321       0  CODE    
                text25                         00E6B2  000074  00E726      7359       0  CODE    
                text22                         00E726  000074  00E79A      7393       0  CODE    
                text46                         00E79A  000076  00E810      73CD       0  CODE    
                text1                          00E810  000078  00E888      7408       0  CODE    
                text42                         00E888  000080  00E908      7444       0  CODE    
                text2                          00E908  000086  00E98E      7484       0  CODE    
                text29                         00E98E  00008A  00EA18      74C7       0  CODE    
                text55                         00EA18  00008E  00EAA6      750C       0  CODE    
                text5                          00EAA6  000090  00EB36      7553       0  CODE    
                text49                         00EB36  000096  00EBCC      759B       0  CODE    
                text13                         00EBCC  0000B6  00EC82      75E6       0  CODE    
                text12                         00EC82  0000B6  00ED38      7641       0  CODE    
                text10                         00ED38  0000B6  00EDEE      769C       0  CODE    
                text14                         00EDEE  0000CA  00EEB8      76F7       0  CODE    
                text11                         00EEB8  0000CC  00EF84      775C       0  CODE    
                text27                         00EF84  0000D4  00F058      77C2       0  CODE    
                text30                         00F058  0000D6  00F12E      782C       0  CODE    
                text28                         00F12E  0000E6  00F214      7897       0  CODE    
                text50                         00F214  00010C  00F320      790A       0  CODE    
                text4                          00F320  00011E  00F43E      7990       0  CODE    
                text39                         00F43E  000130  00F56E      7A1F       0  CODE    
                text53                         00F56E  000142  00F6B0      7AB7       0  CODE    
                text51                         00F6B0  000146  00F7F6      7B58       0  CODE    
                text48                         00F7F6  000196  00F98C      7BFB       0  CODE    
                text31                         00F98C  000264  00FBF0      7CC6       0  CODE    
                text0                          00FBF0  0002D2  00FEC2      7DF8       0  CODE    
                mediumconst                    00FEC2  000136  00FFF8      7F61       0  MEDIUMCO
                config                         00FFF8  000008  010000      FFF8       0  CONFIG  


UNUSED ADDRESS RANGES

        Name                Unused          Largest block    Delta
        BANK0            000FA-000FF               6
        BANK1            00100-001FF             100
        BANK10           00A00-00AFF             100
        BANK11           00B00-00BFF             100
        BANK12           00C00-00CFF             100
        BANK13           00D00-00DFF             100
        BANK14           00E00-00EBF              C0
        BANK2            00200-002FF             100
        BANK3            00300-003FF             100
        BANK4            00400-004FF             100
        BANK5            00500-005FF             100
        BANK6            00600-006FF             100
        BANK7            00700-007FF             100
        BANK8            00800-008FF             100
        BANK9            00900-009FF             100
        BIGRAM           000FA-00EBF             DC6
        CODE             00004-0E079            E076
        CONST            00004-0E079            E076
        MEDIUMCONST      00F00-0E079            D17A
        RAM              000FA-00EBF             100
        SFR              00EC0-00FFF              60
        SMALLCONST       00F00-0E079             100
        STACK            000FA-00EBF             DC6

                                  Symbol Table

?___awdiv                                   cstackCOMRAM  00001
?___lwdiv                                   cstackCOMRAM  00001
?___lwmod                                   cstackCOMRAM  00008
?___wmul                                    cstackCOMRAM  00001
?_atoi                                      cstackCOMRAM  00007
?_sprintf                                   cstackCOMRAM  0000D
Delay100TCYx@unit                           cstackCOMRAM  00001
Delay1KTCYx@unit                            cstackCOMRAM  00001
RtccReadDate@pDt                            cstackCOMRAM  00001
RtccReadDate@rTD0                           cstackCOMRAM  0000B
RtccReadDate@rTD1                           cstackCOMRAM  00003
RtccReadTime@pTm                            cstackCOMRAM  00001
RtccReadTime@rTD0                           cstackCOMRAM  0000B
RtccReadTime@rTD1                           cstackCOMRAM  00003
RtccWriteDate@di                            cstackCOMRAM  00003
RtccWriteDate@pDt                           cstackCOMRAM  00001
RtccWriteDate@tempDayMonth                  cstackCOMRAM  0000A
RtccWriteDate@tempHourWDay                  cstackCOMRAM  0000C
RtccWriteDate@tempYear                      cstackCOMRAM  00007
RtccWriteDate@wasAlrm                       cstackCOMRAM  00006
RtccWriteDate@wasOn                         cstackCOMRAM  00005
RtccWriteDate@wasWrEn                       cstackCOMRAM  00009
RtccWriteTime@di                            cstackCOMRAM  00003
RtccWriteTime@pTm                           cstackCOMRAM  00001
RtccWriteTime@tempHourWDay                  cstackCOMRAM  0000A
RtccWriteTime@tempMinSec                    cstackCOMRAM  00008
RtccWriteTime@wasAlrm                       cstackCOMRAM  00006
RtccWriteTime@wasOn                         cstackCOMRAM  00005
RtccWriteTime@wasWrEn                       cstackCOMRAM  00007
_ADCON0                                     (abs)         00FC2
_ADCON1                                     (abs)         00FC1
_ALRMCFGbits                                (abs)         00F91
_ANCON0                                     (abs)         00F48
_ANCON1                                     (abs)         00F49
_Delay100TCYx                               text47        0E0A4
_Delay1KTCYx                                text43        0E0B6
_EECON2                                     (abs)         00FA7
_INTCONbits                                 (abs)         00FF2
_LATAbits                                   (abs)         00F89
_LATBbits                                   (abs)         00F8A
_LCD_INIT_STRING                            mediumconst   0FECD
_OSCCONbits                                 (abs)         00FD3
_OSCTUNEbits                                (abs)         00F9B
_PIE3bits                                   (abs)         00FA3
_PORTAbits                                  (abs)         00F80
_PORTCbits                                  (abs)         00F82
_RTCCFG                                     (abs)         00F3F
_RTCCFGbits                                 (abs)         00F3F
_RTCVALH                                    (abs)         00F99
_RTCVALL                                    (abs)         00F98
_Read_RTC                                   text53        0F56E
_RtccAlrmTimeDate                           bssBANK0      00060
_RtccDate                                   bssBANK0      000BB
_RtccReadDate                               text55        0EA18
_RtccReadTime                               text54        0E5D4
_RtccTime                                   bssBANK0      000BF
_RtccTimeDate                               bssBANK0      00068
_RtccTimeVal                                bssBANK0      0008D
_RtccWrOn                                   text52        0E092
_RtccWriteDate                              text51        0F6B0
_RtccWriteTime                              text50        0F214
_Rtcc_read_TimeDate                         bssBANK0      00070
_Setup                                      text41        0E444
_T1CONbits                                  (abs)         00FCD
_TRISA                                      (abs)         00F92
_TRISB                                      (abs)         00F93
_TRISBbits                                  (abs)         00F93
_TRISC                                      (abs)         00F94
_Write_RTC                                  text48        0F7F6
__CFG_CP0$OFF                               (abs)         00000
__CFG_CPUDIV$OSC1                           (abs)         00000
__CFG_DSBOREN$OFF                           (abs)         00000
__CFG_DSWDTEN$OFF                           (abs)         00000
__CFG_DSWDTOSC$INTOSCREF                    (abs)         00000
__CFG_DSWDTPS$G2                            (abs)         00000
__CFG_FCMEN$OFF                             (abs)         00000
__CFG_IESO$OFF                              (abs)         00000
__CFG_IOL1WAY$OFF                           (abs)         00000
__CFG_LPT1OSC$OFF                           (abs)         00000
__CFG_MSSP7B_EN$MSK7                        (abs)         00000
__CFG_OSC$INTOSC                            (abs)         00000
__CFG_PLLDIV$1                              (abs)         00000
__CFG_RTCOSC$T1OSCREF                       (abs)         00000
__CFG_STVREN$ON                             (abs)         00000
__CFG_T1DIG$ON                              (abs)         00000
__CFG_WDTEN$OFF                             (abs)         00000
__CFG_WDTPS$32768                           (abs)         00000
__CFG_WPCFG$OFF                             (abs)         00000
__CFG_WPDIS$OFF                             (abs)         00000
__CFG_XINST$OFF                             (abs)         00000
__HRAM                                      (abs)         00000
__Habs1                                     abs1          00000
__Hbank0                                    bank0         00000
__Hbank1                                    bank1         00000
__Hbank10                                   bank10        00000
__Hbank11                                   bank11        00000
__Hbank12                                   bank12        00000
__Hbank13                                   bank13        00000
__Hbank14                                   bank14        00000
__Hbank2                                    bank2         00000
__Hbank3                                    bank3         00000
__Hbank4                                    bank4         00000
__Hbank5                                    bank5         00000
__Hbank6                                    bank6         00000
__Hbank7                                    bank7         00000
__Hbank8                                    bank8         00000
__Hbank9                                    bank9         00000
__Hbigbss                                   bigbss        00000
__Hbigdata                                  bigdata       00000
__Hbigram                                   bigram        00000
__HbitbssCOMRAM                             bitbssCOMRAM  00000
__Hbss                                      bss           00000
__HbssBANK0                                 bssBANK0      00000
__HbssCOMRAM                                bssCOMRAM     00000
__Hcinit                                    cinit         00000
__Hclrtext                                  clrtext       00000
__Hcomram                                   comram        00000
__Hconfig                                   config        10000
__Hconst                                    const         00000
__HcstackCOMRAM                             cstackCOMRAM  00000
__Hdata                                     data          00000
__HdataBANK0                                dataBANK0     00000
__Hend_init                                 end_init      00004
__Hfarbss                                   farbss        00000
__Hfardata                                  fardata       00000
__Hibigdata                                 ibigdata      00000
__Hidata                                    idata         00000
__HidataBANK0                               idataBANK0    00000
__Hidloc                                    idloc         00000
__Hifardata                                 ifardata      00000
__Hinit                                     init          00000
__Hintcode                                  intcode       00000
__Hintcode_body                             intcode_body  00000
__Hintcodelo                                intcodelo     00000
__Hintentry                                 intentry      00000
__Hintret                                   intret        00000
__Hintsave_regs                             intsave_regs  00000
__Hirdata                                   irdata        00000
__Hjflash_buffer                            jflash_buffer 0F800
__Hmediumconst                              mediumconst   0FFF8
__HnvBANK0                                  nvBANK0       00000
__HnvCOMRAM                                 nvCOMRAM      00000
__HnvFARRAM                                 nvFARRAM      00000
__Hnvbit                                    nvbit         00000
__Hnvrram                                   nvrram        00000
__Hparam                                    rparam        00000
__Hpowerup                                  powerup       00000
__Hram                                      ram           00000
__Hramtop                                   ramtop        00F00
__Hrbit                                     rbit          00000
__Hrbss                                     rbss          00000
__Hrdata                                    rdata         00000
__Hreset_vec                                reset_vec     00000
__Hrparam                                   rparam        00000
__Hsfr                                      sfr           00000
__Hsmallconst                               smallconst    00000
__Hspace_0                                  (abs)         10000
__Hspace_1                                  (abs)         002F9
__Hspace_2                                  (abs)         00000
__Hstack                                    stack         00000
__Hstruct                                   struct        00000
__Htemp                                     temp          00000
__Htext                                     text          00000
__Htext0                                    text0         00000
__Htext1                                    text1         00000
__Htext10                                   text10        00000
__Htext11                                   text11        00000
__Htext12                                   text12        00000
__Htext13                                   text13        00000
__Htext14                                   text14        00000
__Htext15                                   text15        00000
__Htext16                                   text16        00000
__Htext17                                   text17        00000
__Htext18                                   text18        00000
__Htext19                                   text19        00000
__Htext2                                    text2         00000
__Htext20                                   text20        00000
__Htext21                                   text21        00000
__Htext22                                   text22        00000
__Htext23                                   text23        00000
__Htext24                                   text24        00000
__Htext25                                   text25        00000
__Htext26                                   text26        00000
__Htext27                                   text27        00000
__Htext28                                   text28        00000
__Htext29                                   text29        00000
__Htext3                                    text3         00000
__Htext30                                   text30        00000
__Htext31                                   text31        00000
__Htext32                                   text32        00000
__Htext33                                   text33        00000
__Htext34                                   text34        00000
__Htext35                                   text35        00000
__Htext36                                   text36        00000
__Htext37                                   text37        00000
__Htext38                                   text38        00000
__Htext39                                   text39        00000
__Htext4                                    text4         00000
__Htext40                                   text40        00000
__Htext41                                   text41        00000
__Htext42                                   text42        00000
__Htext43                                   text43        00000
__Htext44                                   text44        00000
__Htext45                                   text45        00000
__Htext46                                   text46        00000
__Htext47                                   text47        00000
__Htext48                                   text48        00000
__Htext49                                   text49        00000
__Htext5                                    text5         00000
__Htext50                                   text50        00000
__Htext51                                   text51        00000
__Htext52                                   text52        00000
__Htext53                                   text53        00000
__Htext54                                   text54        00000
__Htext55                                   text55        00000
__Htext56                                   text56        00000
__Htext6                                    text6         00000
__Htext7                                    text7         00000
__Htext8                                    text8         00000
__Htext9                                    text9         00000
__LRAM                                      (abs)         00001
__Labs1                                     abs1          00000
__Lbank0                                    bank0         00000
__Lbank1                                    bank1         00000
__Lbank10                                   bank10        00000
__Lbank11                                   bank11        00000
__Lbank12                                   bank12        00000
__Lbank13                                   bank13        00000
__Lbank14                                   bank14        00000
__Lbank2                                    bank2         00000
__Lbank3                                    bank3         00000
__Lbank4                                    bank4         00000
__Lbank5                                    bank5         00000
__Lbank6                                    bank6         00000
__Lbank7                                    bank7         00000
__Lbank8                                    bank8         00000
__Lbank9                                    bank9         00000
__Lbigbss                                   bigbss        00000
__Lbigdata                                  bigdata       00000
__Lbigram                                   bigram        00000
__LbitbssCOMRAM                             bitbssCOMRAM  00000
__Lbss                                      bss           00000
__LbssBANK0                                 bssBANK0      00000
__LbssCOMRAM                                bssCOMRAM     00000
__Lcinit                                    cinit         00000
__Lclrtext                                  clrtext       00000
__Lcomram                                   comram        00000
__Lconfig                                   config        0FFF8
__Lconst                                    const         00000
__LcstackCOMRAM                             cstackCOMRAM  00000
__Ldata                                     data          00000
__LdataBANK0                                dataBANK0     00000
__Lend_init                                 end_init      00000
__Lfarbss                                   farbss        00000
__Lfardata                                  fardata       00000
__Libigdata                                 ibigdata      00000
__Lidata                                    idata         00000
__LidataBANK0                               idataBANK0    00000
__Lidloc                                    idloc         00000
__Lifardata                                 ifardata      00000
__Linit                                     init          00000
__Lintcode                                  intcode       00000
__Lintcode_body                             intcode_body  00000
__Lintcodelo                                intcodelo     00000
__Lintentry                                 intentry      00000
__Lintret                                   intret        00000
__Lintsave_regs                             intsave_regs  00000
__Lirdata                                   irdata        00000
__Ljflash_buffer                            jflash_buffer 0F800
__Lmediumconst                              mediumconst   0FEC2
__LnvBANK0                                  nvBANK0       00000
__LnvCOMRAM                                 nvCOMRAM      00000
__LnvFARRAM                                 nvFARRAM      00000
__Lnvbit                                    nvbit         00000
__Lnvrram                                   nvrram        00000
__Lparam                                    rparam        00000
__Lpowerup                                  powerup       00000
__Lram                                      ram           00000
__Lramtop                                   ramtop        00F00
__Lrbit                                     rbit          00000
__Lrbss                                     rbss          00000
__Lrdata                                    rdata         00000
__Lreset_vec                                reset_vec     00000
__Lrparam                                   rparam        00000
__Lsfr                                      sfr           00000
__Lsmallconst                               smallconst    00000
__Lspace_0                                  (abs)         00000
__Lspace_1                                  (abs)         00000
__Lspace_2                                  (abs)         00000
__Lstack                                    stack         00000
__Lstruct                                   struct        00000
__Ltemp                                     temp          00000
__Ltext                                     text          00000
__Ltext0                                    text0         00000
__Ltext1                                    text1         00000
__Ltext10                                   text10        00000
__Ltext11                                   text11        00000
__Ltext12                                   text12        00000
__Ltext13                                   text13        00000
__Ltext14                                   text14        00000
__Ltext15                                   text15        00000
__Ltext16                                   text16        00000
__Ltext17                                   text17        00000
__Ltext18                                   text18        00000
__Ltext19                                   text19        00000
__Ltext2                                    text2         00000
__Ltext20                                   text20        00000
__Ltext21                                   text21        00000
__Ltext22                                   text22        00000
__Ltext23                                   text23        00000
__Ltext24                                   text24        00000
__Ltext25                                   text25        00000
__Ltext26                                   text26        00000
__Ltext27                                   text27        00000
__Ltext28                                   text28        00000
__Ltext29                                   text29        00000
__Ltext3                                    text3         00000
__Ltext30                                   text30        00000
__Ltext31                                   text31        00000
__Ltext32                                   text32        00000
__Ltext33                                   text33        00000
__Ltext34                                   text34        00000
__Ltext35                                   text35        00000
__Ltext36                                   text36        00000
__Ltext37                                   text37        00000
__Ltext38                                   text38        00000
__Ltext39                                   text39        00000
__Ltext4                                    text4         00000
__Ltext40                                   text40        00000
__Ltext41                                   text41        00000
__Ltext42                                   text42        00000
__Ltext43                                   text43        00000
__Ltext44                                   text44        00000
__Ltext45                                   text45        00000
__Ltext46                                   text46        00000
__Ltext47                                   text47        00000
__Ltext48                                   text48        00000
__Ltext49                                   text49        00000
__Ltext5                                    text5         00000
__Ltext50                                   text50        00000
__Ltext51                                   text51        00000
__Ltext52                                   text52        00000
__Ltext53                                   text53        00000
__Ltext54                                   text54        00000
__Ltext55                                   text55        00000
__Ltext56                                   text56        00000
__Ltext6                                    text6         00000
__Ltext7                                    text7         00000
__Ltext8                                    text8         00000
__Ltext9                                    text9         00000
__S0                                        (abs)         10000
__S1                                        (abs)         000FA
__S2                                        (abs)         00000
___awdiv                                    text49        0EB36
___awdiv@counter                            cstackCOMRAM  00005
___awdiv@dividend                           cstackCOMRAM  00001
___awdiv@divisor                            cstackCOMRAM  00003
___awdiv@quotient                           cstackCOMRAM  00007
___awdiv@sign                               cstackCOMRAM  00006
___inthi_sp                                 stack         00000
___intlo_sp                                 stack         00000
___lwdiv                                    text35        0E578
___lwdiv@counter                            cstackCOMRAM  00007
___lwdiv@dividend                           cstackCOMRAM  00001
___lwdiv@divisor                            cstackCOMRAM  00003
___lwdiv@quotient                           cstackCOMRAM  00005
___lwmod                                    text34        0E4D8
___lwmod@counter                            cstackCOMRAM  0000C
___lwmod@dividend                           cstackCOMRAM  00008
___lwmod@divisor                            cstackCOMRAM  0000A
___param_bank                               (abs)         00010
___rparam_used                              (abs)         00001
___sp                                       stack         00000
___wmul                                     text33        0E1DC
___wmul@multiplicand                        cstackCOMRAM  00003
___wmul@multiplier                          cstackCOMRAM  00001
___wmul@product                             cstackCOMRAM  00005
__accesstop                                 (abs)         00060
__activetblptr                              (abs)         00002
__end_of_Delay100TCYx                       text47        0E0B6
__end_of_Delay1KTCYx                        text43        0E0C8
__end_of_LCD_INIT_STRING                    mediumconst   0FED1
__end_of_Read_RTC                           text53        0F6B0
__end_of_RtccReadDate                       text55        0EAA6
__end_of_RtccReadTime                       text54        0E642
__end_of_RtccWrOn                           text52        0E0A4
__end_of_RtccWriteDate                      text51        0F7F6
__end_of_RtccWriteTime                      text50        0F320
__end_of_Setup                              text41        0E48C
__end_of_Write_RTC                          text48        0F98C
__end_of___awdiv                            text49        0EBCC
__end_of___lwdiv                            text35        0E5D4
__end_of___lwmod                            text34        0E524
__end_of___wmul                             text33        0E204
__end_of__initialization                    cinit         0E322
__end_of_actualizar_password                text39        0F56E
__end_of_atoi                               text27        0F058
__end_of_cambiar_anio                       text14        0EEB8
__end_of_cambiar_dia                        text12        0ED38
__end_of_cambiar_hora                       text10        0EDEE
__end_of_cambiar_mes                        text13        0EC82
__end_of_cambiar_minutos                    text11        0EF84
__end_of_caratula                           text30        0F12E
__end_of_confirmar_actualizar_password      text7         0E1DC
__end_of_convertir_a_int_fecha              text26        0E134
__end_of_convertir_a_int_hora               text23        0E152
__end_of_dpowers                            mediumconst   0FECD
__end_of_guardar_comando                    text19        0E6B2
__end_of_guardar_current_password           text17        0E3FE
__end_of_guardar_elemento_fecha             text25        0E726
__end_of_guardar_elemento_hora              text22        0E79A
__end_of_guardar_nuevo_password             text18        0E3B8
__end_of_guardar_password_temporal          text16        0E444
__end_of_guardar_tecla_presionada           text5         0EB36
__end_of_imprimir_tecla                     text20        0E372
__end_of_ingresar_comando                   text6         0E084
__end_of_ingresar_password                  text28        0F214
__end_of_inicializar_fecha                  text24        0E2B6
__end_of_inicializar_hora                   text21        0E172
__end_of_isdigit                            text32        0E194
__end_of_lcd_comand                         text44        0E092
__end_of_lcd_gotoxy                         text38        0E1B8
__end_of_lcd_init                           text42        0E908
__end_of_lcd_putc                           text37        0E4D8
__end_of_lcd_putrs                          text36        0E578
__end_of_lcd_send_byte                      text45        0E2E8
__end_of_lcd_send_nibble                    text46        0E810
__end_of_leer_teclado                       text4         0F43E
__end_of_main                               text0         0FEC2
__end_of_mostrar_guardar_nuevo_password     text8         0E288
__end_of_mostrar_guardar_password           text9         0E25C
__end_of_mostrar_guardar_temporal_password  text15        0E230
__end_of_mostrar_menu                       text3         0E0E0
__end_of_restaurar_comando                  text40        0E116
__end_of_sprintf                            text31        0FBF0
__end_of_validar_comando                    text2         0E98E
__end_of_validar_password                   text29        0EA18
__end_of_verficar_password                  text1         0E888
__initialization                            cinit         0E2E8
__mediumconst                               mediumconst   0FEC2
__pbitbssCOMRAM                             bitbssCOMRAM  002F8
__pbssBANK0                                 bssBANK0      00060
__pbssCOMRAM                                bssCOMRAM     00053
__pcinit                                    cinit         0E2E8
__pcstackCOMRAM                             cstackCOMRAM  00001
__pdataBANK0                                dataBANK0     000D6
__pidataBANK0                               idataBANK0    0E0E0
__pmediumconst                              mediumconst   0FEC2
__pnvBANK0                                  nvBANK0       000EE
__pnvCOMRAM                                 nvCOMRAM      0005E
__ptext0                                    text0         0FBF0
__ptext1                                    text1         0E810
__ptext10                                   text10        0ED38
__ptext11                                   text11        0EEB8
__ptext12                                   text12        0EC82
__ptext13                                   text13        0EBCC
__ptext14                                   text14        0EDEE
__ptext15                                   text15        0E204
__ptext16                                   text16        0E3FE
__ptext17                                   text17        0E3B8
__ptext18                                   text18        0E372
__ptext19                                   text19        0E642
__ptext2                                    text2         0E908
__ptext20                                   text20        0E32C
__ptext21                                   text21        0E152
__ptext22                                   text22        0E726
__ptext23                                   text23        0E134
__ptext24                                   text24        0E288
__ptext25                                   text25        0E6B2
__ptext26                                   text26        0E116
__ptext27                                   text27        0EF84
__ptext28                                   text28        0F12E
__ptext29                                   text29        0E98E
__ptext3                                    text3         0E0C8
__ptext30                                   text30        0F058
__ptext31                                   text31        0F98C
__ptext32                                   text32        0E172
__ptext33                                   text33        0E1DC
__ptext34                                   text34        0E4D8
__ptext35                                   text35        0E578
__ptext36                                   text36        0E524
__ptext37                                   text37        0E48C
__ptext38                                   text38        0E194
__ptext39                                   text39        0F43E
__ptext4                                    text4         0F320
__ptext40                                   text40        0E0F8
__ptext41                                   text41        0E444
__ptext42                                   text42        0E888
__ptext43                                   text43        0E0B6
__ptext44                                   text44        0E084
__ptext45                                   text45        0E2B6
__ptext46                                   text46        0E79A
__ptext47                                   text47        0E0A4
__ptext48                                   text48        0F7F6
__ptext49                                   text49        0EB36
__ptext5                                    text5         0EAA6
__ptext50                                   text50        0F214
__ptext51                                   text51        0F6B0
__ptext52                                   text52        0E092
__ptext53                                   text53        0F56E
__ptext54                                   text54        0E5D4
__ptext55                                   text55        0EA18
__ptext56                                   text56        00000
__ptext6                                    text6         0E07A
__ptext7                                    text7         0E1B8
__ptext8                                    text8         0E25C
__ptext9                                    text9         0E230
__ramtop                                    ramtop        00F00
__size_of_Delay100TCYx                      (abs)         00000
__size_of_Delay1KTCYx                       (abs)         00000
__size_of_Read_RTC                          (abs)         00000
__size_of_RtccReadDate                      (abs)         00000
__size_of_RtccReadTime                      (abs)         00000
__size_of_RtccWrOn                          (abs)         00000
__size_of_RtccWriteDate                     (abs)         00000
__size_of_RtccWriteTime                     (abs)         00000
__size_of_Setup                             (abs)         00000
__size_of_Write_RTC                         (abs)         00000
__size_of___awdiv                           (abs)         00000
__size_of___lwdiv                           (abs)         00000
__size_of___lwmod                           (abs)         00000
__size_of___wmul                            (abs)         00000
__size_of_actualizar_password               (abs)         00000
__size_of_atoi                              (abs)         00000
__size_of_cambiar_anio                      (abs)         00000
__size_of_cambiar_dia                       (abs)         00000
__size_of_cambiar_hora                      (abs)         00000
__size_of_cambiar_mes                       (abs)         00000
__size_of_cambiar_minutos                   (abs)         00000
__size_of_caratula                          (abs)         00000
__size_of_confirmar_actualizar_password     (abs)         00000
__size_of_convertir_a_int_fecha             (abs)         00000
__size_of_convertir_a_int_hora              (abs)         00000
__size_of_guardar_comando                   (abs)         00000
__size_of_guardar_current_password          (abs)         00000
__size_of_guardar_elemento_fecha            (abs)         00000
__size_of_guardar_elemento_hora             (abs)         00000
__size_of_guardar_nuevo_password            (abs)         00000
__size_of_guardar_password_temporal         (abs)         00000
__size_of_guardar_tecla_presionada          (abs)         00000
__size_of_imprimir_tecla                    (abs)         00000
__size_of_ingresar_comando                  (abs)         00000
__size_of_ingresar_password                 (abs)         00000
__size_of_inicializar_fecha                 (abs)         00000
__size_of_inicializar_hora                  (abs)         00000
__size_of_isdigit                           (abs)         00000
__size_of_lcd_comand                        (abs)         00000
__size_of_lcd_gotoxy                        (abs)         00000
__size_of_lcd_init                          (abs)         00000
__size_of_lcd_putc                          (abs)         00000
__size_of_lcd_putrs                         (abs)         00000
__size_of_lcd_send_byte                     (abs)         00000
__size_of_lcd_send_nibble                   (abs)         00000
__size_of_leer_teclado                      (abs)         00000
__size_of_main                              (abs)         00000
__size_of_mostrar_guardar_nuevo_password    (abs)         00000
__size_of_mostrar_guardar_password          (abs)         00000
__size_of_mostrar_guardar_temporal_password (abs)         00000
__size_of_mostrar_menu                      (abs)         00000
__size_of_restaurar_comando                 (abs)         00000
__size_of_sprintf                           (abs)         00000
__size_of_validar_comando                   (abs)         00000
__size_of_validar_password                  (abs)         00000
__size_of_verficar_password                 (abs)         00000
__smallconst                                smallconst    00000
_a                                          bssBANK0      00091
_activada                                   dataBANK0     000D9
_actualizar_password                        text39        0F43E
_anio                                       dataBANK0     000DB
_anio_d                                     nvBANK0       000EE
_anio_u                                     nvBANK0       000EF
_atoi                                       text27        0EF84
_autorizado                                 bssBANK0      00093
_b                                          bssBANK0      00095
_buffer2                                    bssBANK0      000A7
_c                                          bssBANK0      00097
_cambiar_anio                               text14        0EDEE
_cambiar_dia                                text12        0EC82
_cambiar_hora                               text10        0ED38
_cambiar_mes                                text13        0EBCC
_cambiar_minutos                            text11        0EEB8
_caratula                                   text30        0F058
_caratula$523                               cstackCOMRAM  00026
_comando                                    dataBANK0     000D6
_confirmar_actualizar_password              text7         0E1B8
_convertir_a_int_fecha                      text26        0E116
_convertir_a_int_hora                       text23        0E134
_current_password                           bssBANK0      00078
_day                                        bssBANK0      000C3
_dia                                        dataBANK0     000DD
_dia_semana                                 nvBANK0       000F0
_diasem                                     dataBANK0     000DF
_dpowers                                    mediumconst   0FEC3
_encendida                                  bssBANK0      00099
_fecha_d                                    nvBANK0       000F1
_fecha_u                                    nvBANK0       000F2
_flag                                       bitbssCOMRAM  002F8
_guardar_comando                            text19        0E642
_guardar_current_password                   text17        0E3B8
_guardar_elemento_fecha                     text25        0E6B2
_guardar_elemento_hora                      text22        0E726
_guardar_nuevo_password                     text18        0E372
_guardar_password_temporal                  text16        0E3FE
_guardar_tecla_presionada                   text5         0EAA6
_hora                                       dataBANK0     000E1
_hora_d                                     nvBANK0       000F3
_hora_u                                     nvBANK0       000F4
_hour                                       bssBANK0      000C6
_i                                          bssBANK0      0009B
_imprimir_tecla                             text20        0E32C
_ingresar_comando                           text6         0E07A
_ingresar_password                          text28        0F12E
_inicializar_fecha                          text24        0E288
_inicializar_hora                           text21        0E152
_isdigit                                    text32        0E172
_isdigit$2610                               cstackCOMRAM  00002
_j                                          bssBANK0      0009D
_k                                          bssBANK0      0009F
_key                                        bssCOMRAM     00057
_lcd_comand                                 text44        0E084
_lcd_gotoxy                                 text38        0E194
_lcd_init                                   text42        0E888
_lcd_putc                                   text37        0E48C
_lcd_putrs                                  text36        0E524
_lcd_send_byte                              text45        0E2B6
_lcd_send_nibble                            text46        0E79A
_leer_teclado                               text4         0F320
_main                                       text0         0FBF0
_mes                                        dataBANK0     000E3
_mes_d                                      nvBANK0       000F5
_mes_u                                      nvBANK0       000F6
_minutes                                    bssBANK0      000C9
_minuto                                     dataBANK0     000E5
_minuto_d                                   nvBANK0       000F7
_minuto_u                                   nvBANK0       000F8
_month                                      bssBANK0      000CC
_mostrar_guardar_nuevo_password             text8         0E25C
_mostrar_guardar_password                   text9         0E230
_mostrar_guardar_temporal_password          text15        0E204
_mostrar_menu                               text3         0E0C8
_new_password                               bssBANK0      0007F
_ocultar_teclas                             bssBANK0      000A1
_password                                   dataBANK0     000E7
_restaurar_comando                          text40        0E0F8
_segundo                                    bssBANK0      000A3
_segundo_d                                  nvCOMRAM      0005E
_segundo_u                                  nvBANK0       000F9
_sprintf                                    text31        0F98C
_tamanio_anio                               bssBANK0      000D2
_tamanio_comando                            bssBANK0      000A5
_tamanio_dia                                bssCOMRAM     00058
_tamanio_hora                               bssCOMRAM     0005A
_tamanio_mes                                bssCOMRAM     0005C
_tamanio_minutos                            bssBANK0      000D4
_tamanio_new_password                       bssCOMRAM     00053
_tamanio_password                           bssCOMRAM     00055
_temporal                                   bssBANK0      00086
_validar_comando                            text2         0E908
_validar_password                           text29        0E98E
_verficar_password                          text1         0E810
_year                                       bssBANK0      000CF
actualizar_password@confirmar               cstackCOMRAM  00001
actualizar_password@j                       cstackCOMRAM  00009
actualizar_password@j_1605                  cstackCOMRAM  0000B
actualizar_password@valor                   cstackCOMRAM  00003
atoi@a                                      cstackCOMRAM  0000C
atoi@s                                      cstackCOMRAM  00007
atoi@sign                                   cstackCOMRAM  0000B
cambiar_anio@i                              cstackCOMRAM  0002D
cambiar_anio@tecla                          cstackCOMRAM  0002C
cambiar_anio@valor                          cstackCOMRAM  0002F
cambiar_dia@i                               cstackCOMRAM  0002D
cambiar_dia@tecla                           cstackCOMRAM  0002C
cambiar_dia@valor                           cstackCOMRAM  0002F
cambiar_hora@i                              cstackCOMRAM  0002D
cambiar_hora@tecla                          cstackCOMRAM  0002C
cambiar_hora@valor                          cstackCOMRAM  0002F
cambiar_mes@i                               cstackCOMRAM  0002D
cambiar_mes@tecla                           cstackCOMRAM  0002C
cambiar_mes@valor                           cstackCOMRAM  0002F
cambiar_minutos@i                           cstackCOMRAM  0002D
cambiar_minutos@tecla                       cstackCOMRAM  0002C
cambiar_minutos@valor                       cstackCOMRAM  0002F
caratula@titulo                             cstackCOMRAM  00024
confirmar_actualizar_password@tecla         cstackCOMRAM  00039
convertir_a_int_fecha@array                 cstackCOMRAM  0000E
convertir_a_int_fecha@valor                 cstackCOMRAM  00010
convertir_a_int_hora@array                  cstackCOMRAM  0000E
convertir_a_int_hora@valor                  cstackCOMRAM  00010
end_of_initialization                       cinit         0E322
guardar_comando@aux                         cstackCOMRAM  00026
guardar_comando@tecla                       cstackCOMRAM  0003A
guardar_current_password@valor              cstackCOMRAM  00003
guardar_elemento_fecha@array                cstackCOMRAM  00024
guardar_elemento_fecha@tamanio_array        cstackCOMRAM  00026
guardar_elemento_fecha@tecla                cstackCOMRAM  0002A
guardar_elemento_hora@array                 cstackCOMRAM  00024
guardar_elemento_hora@tamanio_array         cstackCOMRAM  00026
guardar_elemento_hora@tecla                 cstackCOMRAM  0002A
guardar_nuevo_password@valor                cstackCOMRAM  00003
guardar_password_temporal@valor             cstackCOMRAM  00003
guardar_tecla_presionada@doit               cstackCOMRAM  00040
guardar_tecla_presionada@i                  cstackCOMRAM  0003E
guardar_tecla_presionada@letra              cstackCOMRAM  0003C
imprimir_tecla@aux                          cstackCOMRAM  00024
imprimir_tecla@tecla                        cstackCOMRAM  00038
ingresar_comando@key                        cstackCOMRAM  0003B
ingresar_password@clear                     cstackCOMRAM  0000C
ingresar_password@i                         cstackCOMRAM  0001E
ingresar_password@i_561                     cstackCOMRAM  0001C
intlevel0                                   text          00000
intlevel1                                   text          00000
intlevel2                                   text          00000
intlevel3                                   text          00000
isdigit@c                                   cstackCOMRAM  00003
lcd_comand@d                                cstackCOMRAM  00005
lcd_gotoxy@address                          cstackCOMRAM  00007
lcd_gotoxy@x                                cstackCOMRAM  00006
lcd_gotoxy@y                                cstackCOMRAM  00005
lcd_init@i                                  cstackCOMRAM  00005
lcd_putc@c                                  cstackCOMRAM  00008
lcd_putrs@ptr                               cstackCOMRAM  00009
lcd_send_byte@address                       cstackCOMRAM  00004
lcd_send_byte@n                             cstackCOMRAM  00003
lcd_send_nibble@nibble                      cstackCOMRAM  00002
leer_teclado@doit                           cstackCOMRAM  00044
leer_teclado@i                              cstackCOMRAM  00047
leer_teclado@ocultar                        cstackCOMRAM  00042
main@confirmar                              cstackCOMRAM  00049
main@ocultar_teclas                         cstackCOMRAM  0004B
main@puntero_funcion                        cstackCOMRAM  0004F
main@validacion                             cstackCOMRAM  00051
main@verifica                               cstackCOMRAM  0004D
mostrar_guardar_nuevo_password@tecla        cstackCOMRAM  00039
mostrar_guardar_password@tecla              cstackCOMRAM  00039
mostrar_guardar_temporal_password@tecla     cstackCOMRAM  00039
mostrar_menu@titulo_menu                    cstackCOMRAM  0000B
sprintf@ap                                  cstackCOMRAM  0001B
sprintf@c                                   cstackCOMRAM  00023
sprintf@f                                   cstackCOMRAM  0000F
sprintf@flag                                cstackCOMRAM  0001D
sprintf@prec                                cstackCOMRAM  00020
sprintf@sp                                  cstackCOMRAM  0000D
sprintf@val                                 cstackCOMRAM  0001E
sprintf@width                               cstackCOMRAM  00021
stackhi                                     (abs)         00EBF
stacklo                                     (abs)         000FA
start                                       init          00000
start_initialization                        cinit         0E2E8
validar_comando@candidato                   cstackCOMRAM  00001
validar_comando@i                           cstackCOMRAM  00008
validar_comando@validar                     cstackCOMRAM  00003
validar_password@i                          cstackCOMRAM  00003
verficar_password@i                         cstackCOMRAM  00005
verficar_password@verifica                  cstackCOMRAM  00001


FUNCTION INFORMATION:

 *************** function _main *****************
 Defined at:
		line 154 in file "main.c"
 Parameters:    Size  Location     Type
		None
 Auto vars:     Size  Location     Type
  validacion      2   80[COMRAM] int 
  puntero_func    2   78[COMRAM] PTR unsigned char 
		 -> cambiar_hora(0), cambiar_minutos(0), cambiar_dia(0), cambiar_mes(0), 
		 -> cambiar_anio(0), ingresar_comando(2), confirmar_actualizar_password(2), mostrar_guardar_nuevo_password(2), 
		 -> mostrar_guardar_temporal_password(2), 
  verifica        2   76[COMRAM] int 
  ocultar_tecl    2   74[COMRAM] int 
  confirmar       2   72[COMRAM] int 
 Return value:  Size  Location     Type
                  2  224[None  ] int 
 Registers used:
		wreg, fsr0l, fsr0h, fsr1l, fsr1h, fsr2l, fsr2h, status,2, status,0, pclat, tosl, tblptrl, tblptrh, tblptru, prodl, prodh, cstack
 Tracked objects:
		On entry : 
		On exit  : 
		Unchanged: 
 Data sizes:     COMRAM   BANK0   BANK1   BANK2   BANK3   BANK4   BANK5   BANK6   BANK7   BANK8   BANK9  BANK10  BANK11  BANK12  BANK13  BANK14
      Params:         0       0       0       0       0       0       0       0       0       0       0       0       0       0       0       0
      Locals:        10       0       0       0       0       0       0       0       0       0       0       0       0       0       0       0
      Temps:          0       0       0       0       0       0       0       0       0       0       0       0       0       0       0       0
      Totals:        10       0       0       0       0       0       0       0       0       0       0       0       0       0       0       0
Total ram usage:       10 bytes
 Hardware stack levels required when called:    9
 This function calls:
		_Read_RTC
		_Setup
		_actualizar_password
		_caratula
		_ingresar_password
		_lcd_gotoxy
		_lcd_putrs
		_leer_teclado
		_mostrar_menu
		_restaurar_comando
		_sprintf
		_validar_comando
		_verficar_password
 This function is called by:
		Startup code after reset
 This function uses a non-reentrant model


 *************** function _verficar_password *****************
 Defined at:
		line 53 in file "../../../../../../Program Files/Unimic/unmc_01/sources/alarma.c"
 Parameters:    Size  Location     Type
  verifica        2    0[COMRAM] PTR int 
		 -> main@verifica(2), 
 Auto vars:     Size  Location     Type
  i               2    4[COMRAM] int 
 Return value:  Size  Location     Type
		None               void
 Registers used:
		wreg, fsr1l, fsr1h, fsr2l, fsr2h, status,2, status,0
 Tracked objects:
		On entry : 
		On exit  : 
		Unchanged: 
 Data sizes:     COMRAM   BANK0   BANK1   BANK2   BANK3   BANK4   BANK5   BANK6   BANK7   BANK8   BANK9  BANK10  BANK11  BANK12  BANK13  BANK14
      Params:         2       0       0       0       0       0       0       0       0       0       0       0       0       0       0       0
      Locals:         2       0       0       0       0       0       0       0       0       0       0       0       0       0       0       0
      Temps:          2       0       0       0       0       0       0       0       0       0       0       0       0       0       0       0
      Totals:         6       0       0       0       0       0       0       0       0       0       0       0       0       0       0       0
Total ram usage:        6 bytes
 Hardware stack levels used:    1
 This function calls:
		Nothing
 This function is called by:
		_main
 This function uses a non-reentrant model


 *************** function _validar_comando *****************
 Defined at:
		line 29 in file "../../../../../../Program Files/Unimic/unmc_01/sources/teclado.c"
 Parameters:    Size  Location     Type
  candidato       2    0[COMRAM] PTR unsigned char 
		 -> STR_22(3), STR_18(3), STR_13(3), STR_11(3), 
  validar         2    2[COMRAM] PTR int 
		 -> main@validacion(2), 
 Auto vars:     Size  Location     Type
  i               2    7[COMRAM] int 
 Return value:  Size  Location     Type
		None               void
 Registers used:
		wreg, fsr2l, fsr2h, status,2, status,0, tblptrl, tblptrh, tblptru
 Tracked objects:
		On entry : 
		On exit  : 
		Unchanged: 
 Data sizes:     COMRAM   BANK0   BANK1   BANK2   BANK3   BANK4   BANK5   BANK6   BANK7   BANK8   BANK9  BANK10  BANK11  BANK12  BANK13  BANK14
      Params:         4       0       0       0       0       0       0       0       0       0       0       0       0       0       0       0
      Locals:         2       0       0       0       0       0       0       0       0       0       0       0       0       0       0       0
      Temps:          3       0       0       0       0       0       0       0       0       0       0       0       0       0       0       0
      Totals:         9       0       0       0       0       0       0       0       0       0       0       0       0       0       0       0
Total ram usage:        9 bytes
 Hardware stack levels used:    1
 This function calls:
		Nothing
 This function is called by:
		_main
 This function uses a non-reentrant model


 *************** function _mostrar_menu *****************
 Defined at:
		line 109 in file "main.c"
 Parameters:    Size  Location     Type
  titulo_menu     2   10[COMRAM] PTR unsigned char 
		 -> STR_28(23), STR_25(20), STR_23(27), STR_21(19), 
		 -> STR_20(22), STR_17(18), STR_16(18), STR_15(19), 
 Auto vars:     Size  Location     Type
		None
 Return value:  Size  Location     Type
                  2   10[COMRAM] int 
 Registers used:
		wreg, fsr0l, fsr0h, status,2, status,0, tblptrl, tblptrh, tblptru, cstack
 Tracked objects:
		On entry : 
		On exit  : 
		Unchanged: 
 Data sizes:     COMRAM   BANK0   BANK1   BANK2   BANK3   BANK4   BANK5   BANK6   BANK7   BANK8   BANK9  BANK10  BANK11  BANK12  BANK13  BANK14
      Params:         2       0       0       0       0       0       0       0       0       0       0       0       0       0       0       0
      Locals:         0       0       0       0       0       0       0       0       0       0       0       0       0       0       0       0
      Temps:          0       0       0       0       0       0       0       0       0       0       0       0       0       0       0       0
      Totals:         2       0       0       0       0       0       0       0       0       0       0       0       0       0       0       0
Total ram usage:        2 bytes
 Hardware stack levels used:    1
 Hardware stack levels required when called:    5
 This function calls:
		_lcd_gotoxy
		_lcd_putrs
 This function is called by:
		_main
 This function uses a non-reentrant model


 *************** function _leer_teclado *****************
 Defined at:
		line 67 in file "../../../../../../Program Files/Unimic/unmc_01/sources/teclado.c"
 Parameters:    Size  Location     Type
  ocultar         2   65[COMRAM] int 
  doit            2   67[COMRAM] PTR FTN()PTR unsigned ch
		 -> cambiar_hora(0), cambiar_minutos(0), cambiar_dia(0), cambiar_mes(0), 
		 -> cambiar_anio(0), ingresar_comando(2), confirmar_actualizar_password(2), mostrar_guardar_nuevo_password(2), 
		 -> mostrar_guardar_temporal_password(2), mostrar_guardar_password(2), 
 Auto vars:     Size  Location     Type
  i               2   70[COMRAM] int 
 Return value:  Size  Location     Type
		None               void
 Registers used:
		wreg, fsr0l, fsr0h, fsr2l, fsr2h, status,2, status,0, pclat, tosl, tblptrl, tblptrh, tblptru, prodl, prodh, cstack
 Tracked objects:
		On entry : 
		On exit  : 
		Unchanged: 
 Data sizes:     COMRAM   BANK0   BANK1   BANK2   BANK3   BANK4   BANK5   BANK6   BANK7   BANK8   BANK9  BANK10  BANK11  BANK12  BANK13  BANK14
      Params:         4       0       0       0       0       0       0       0       0       0       0       0       0       0       0       0
      Locals:         2       0       0       0       0       0       0       0       0       0       0       0       0       0       0       0
      Temps:          1       0       0       0       0       0       0       0       0       0       0       0       0       0       0       0
      Totals:         7       0       0       0       0       0       0       0       0       0       0       0       0       0       0       0
Total ram usage:        7 bytes
 Hardware stack levels used:    1
 Hardware stack levels required when called:    8
 This function calls:
		_cambiar_anio
		_cambiar_dia
		_cambiar_hora
		_cambiar_mes
		_cambiar_minutos
		_confirmar_actualizar_password
		_guardar_tecla_presionada
		_ingresar_comando
		_lcd_putrs
		_mostrar_guardar_nuevo_password
		_mostrar_guardar_password
		_mostrar_guardar_temporal_password
 This function is called by:
		_main
 This function uses a non-reentrant model


 *************** function _guardar_tecla_presionada *****************
 Defined at:
		line 60 in file "../../../../../../Program Files/Unimic/unmc_01/sources/teclado.c"
 Parameters:    Size  Location     Type
  letra           2   59[COMRAM] PTR unsigned char 
		 -> STR_35(2), STR_34(2), STR_33(2), 
  i               2   61[COMRAM] int 
  doit            2   63[COMRAM] PTR FTN(PTR unsigned cha
		 -> cambiar_hora(0), cambiar_minutos(0), cambiar_dia(0), cambiar_mes(0), 
[...]
 Defined at:
		line 8 in file "C:\Program Files (x86)\Microchip\xc8\v1.34\sources\pic18\d100tcyx.c"
 Parameters:    Size  Location     Type
  unit            1    wreg     unsigned char 
 Auto vars:     Size  Location     Type
  unit            1    0[COMRAM] unsigned char 
 Return value:  Size  Location     Type
		None               void
 Registers used:
		wreg
 Tracked objects:
		On entry : 
		On exit  : 
		Unchanged: 
 Data sizes:     COMRAM   BANK0   BANK1   BANK2   BANK3   BANK4   BANK5   BANK6   BANK7   BANK8   BANK9  BANK10  BANK11  BANK12  BANK13  BANK14
      Params:         0       0       0       0       0       0       0       0       0       0       0       0       0       0       0       0
      Locals:         1       0       0       0       0       0       0       0       0       0       0       0       0       0       0       0
      Temps:          0       0       0       0       0       0       0       0       0       0       0       0       0       0       0       0
      Totals:         1       0       0       0       0       0       0       0       0       0       0       0       0       0       0       0
Total ram usage:        1 bytes
 Hardware stack levels used:    1
 This function calls:
		Nothing
 This function is called by:
		_lcd_send_byte
 This function uses a non-reentrant model


 *************** function _Write_RTC *****************
 Defined at:
		line 35 in file "../../../../../../Program Files/Unimic/unmc_01/sources/unmc_rtcc_02.c"
 Parameters:    Size  Location     Type
		None
 Auto vars:     Size  Location     Type
		None
 Return value:  Size  Location     Type
		None               void
 Registers used:
		wreg, fsr2l, fsr2h, status,2, status,0, prodl, prodh, cstack
 Tracked objects:
		On entry : 
		On exit  : 
		Unchanged: 
 Data sizes:     COMRAM   BANK0   BANK1   BANK2   BANK3   BANK4   BANK5   BANK6   BANK7   BANK8   BANK9  BANK10  BANK11  BANK12  BANK13  BANK14
      Params:         0       0       0       0       0       0       0       0       0       0       0       0       0       0       0       0
      Locals:         0       0       0       0       0       0       0       0       0       0       0       0       0       0       0       0
      Temps:          0       0       0       0       0       0       0       0       0       0       0       0       0       0       0       0
      Totals:         0       0       0       0       0       0       0       0       0       0       0       0       0       0       0       0
Total ram usage:        0 bytes
 Hardware stack levels used:    1
 Hardware stack levels required when called:    2
 This function calls:
		_RtccWrOn
		_RtccWriteDate
		_RtccWriteTime
		___awdiv
 This function is called by:
		_Setup
		_cambiar_dia
		_cambiar_mes
		_cambiar_anio
		_cambiar_hora
		_cambiar_minutos
 This function uses a non-reentrant model


 *************** function ___awdiv *****************
 Defined at:
		line 8 in file "C:\Program Files (x86)\Microchip\xc8\v1.34\sources\common\awdiv.c"
 Parameters:    Size  Location     Type
  dividend        2    0[COMRAM] int 
  divisor         2    2[COMRAM] int 
 Auto vars:     Size  Location     Type
  quotient        2    6[COMRAM] int 
  sign            1    5[COMRAM] unsigned char 
  counter         1    4[COMRAM] unsigned char 
 Return value:  Size  Location     Type
                  2    0[COMRAM] int 
 Registers used:
		wreg, status,2, status,0
 Tracked objects:
		On entry : 
		On exit  : 
		Unchanged: 
 Data sizes:     COMRAM   BANK0   BANK1   BANK2   BANK3   BANK4   BANK5   BANK6   BANK7   BANK8   BANK9  BANK10  BANK11  BANK12  BANK13  BANK14
      Params:         4       0       0       0       0       0       0       0       0       0       0       0       0       0       0       0
      Locals:         4       0       0       0       0       0       0       0       0       0       0       0       0       0       0       0
      Temps:          0       0       0       0       0       0       0       0       0       0       0       0       0       0       0       0
      Totals:         8       0       0       0       0       0       0       0       0       0       0       0       0       0       0       0
Total ram usage:        8 bytes
 Hardware stack levels used:    1
 This function calls:
		Nothing
 This function is called by:
		_Write_RTC
 This function uses a non-reentrant model


 *************** function _RtccWriteTime *****************
 Defined at:
		line 34 in file "C:\Program Files (x86)\Microchip\xc8\v1.34\sources\pic18\plib\rtcc\RtccWriteTime.c"
 Parameters:    Size  Location     Type
  pTm             2    0[COMRAM] PTR const struct .
		 -> RtccTime(4), 
  di              1    2[COMRAM] enum E7121
 Auto vars:     Size  Location     Type
  tempHourWDay    2    9[COMRAM] struct .
  tempMinSec      2    7[COMRAM] struct .
  wasWrEn         1    6[COMRAM] enum E7121
  wasAlrm         1    5[COMRAM] enum E7121
  wasOn           1    4[COMRAM] enum E7121
 Return value:  Size  Location     Type
                  1    wreg      enum E7121
 Registers used:
		wreg, fsr2l, fsr2h, status,2, status,0, cstack
 Tracked objects:
		On entry : 
		On exit  : 
		Unchanged: 
 Data sizes:     COMRAM   BANK0   BANK1   BANK2   BANK3   BANK4   BANK5   BANK6   BANK7   BANK8   BANK9  BANK10  BANK11  BANK12  BANK13  BANK14
      Params:         3       0       0       0       0       0       0       0       0       0       0       0       0       0       0       0
      Locals:         7       0       0       0       0       0       0       0       0       0       0       0       0       0       0       0
      Temps:          1       0       0       0       0       0       0       0       0       0       0       0       0       0       0       0
      Totals:        11       0       0       0       0       0       0       0       0       0       0       0       0       0       0       0
Total ram usage:       11 bytes
 Hardware stack levels used:    1
 Hardware stack levels required when called:    1
 This function calls:
		_RtccWrOn
 This function is called by:
		_Write_RTC
 This function uses a non-reentrant model


 *************** function _RtccWriteDate *****************
 Defined at:
		line 35 in file "C:\Program Files (x86)\Microchip\xc8\v1.34\sources\pic18\plib\rtcc\RtccWriteDate.c"
 Parameters:    Size  Location     Type
  pDt             2    0[COMRAM] PTR const struct .
		 -> RtccDate(4), 
  di              1    2[COMRAM] enum E7121
 Auto vars:     Size  Location     Type
  tempHourWDay    2   11[COMRAM] struct .
  tempDayMonth    2    9[COMRAM] struct .
  tempYear        2    6[COMRAM] struct .
  wasWrEn         1    8[COMRAM] enum E7121
  wasAlrm         1    5[COMRAM] enum E7121
  wasOn           1    4[COMRAM] enum E7121
 Return value:  Size  Location     Type
                  1    wreg      enum E7121
 Registers used:
		wreg, fsr2l, fsr2h, status,2, status,0, cstack
 Tracked objects:
		On entry : 
		On exit  : 
		Unchanged: 
 Data sizes:     COMRAM   BANK0   BANK1   BANK2   BANK3   BANK4   BANK5   BANK6   BANK7   BANK8   BANK9  BANK10  BANK11  BANK12  BANK13  BANK14
      Params:         3       0       0       0       0       0       0       0       0       0       0       0       0       0       0       0
      Locals:         9       0       0       0       0       0       0       0       0       0       0       0       0       0       0       0
      Temps:          1       0       0       0       0       0       0       0       0       0       0       0       0       0       0       0
      Totals:        13       0       0       0       0       0       0       0       0       0       0       0       0       0       0       0
Total ram usage:       13 bytes
 Hardware stack levels used:    1
 Hardware stack levels required when called:    1
 This function calls:
		_RtccWrOn
 This function is called by:
		_Write_RTC
 This function uses a non-reentrant model


 *************** function _RtccWrOn *****************
 Defined at:
		line 21 in file "C:\Program Files (x86)\Microchip\xc8\v1.34\sources\pic18\plib\rtcc\RtccWrOn.c"
 Parameters:    Size  Location     Type
		None
 Auto vars:     Size  Location     Type
  data            2    0        unsigned int 
 Return value:  Size  Location     Type
		None               void
 Registers used:
		wreg, status,2
 Tracked objects:
		On entry : 
		On exit  : 
		Unchanged: 
 Data sizes:     COMRAM   BANK0   BANK1   BANK2   BANK3   BANK4   BANK5   BANK6   BANK7   BANK8   BANK9  BANK10  BANK11  BANK12  BANK13  BANK14
      Params:         0       0       0       0       0       0       0       0       0       0       0       0       0       0       0       0
      Locals:         0       0       0       0       0       0       0       0       0       0       0       0       0       0       0       0
      Temps:          0       0       0       0       0       0       0       0       0       0       0       0       0       0       0       0
      Totals:         0       0       0       0       0       0       0       0       0       0       0       0       0       0       0       0
Total ram usage:        0 bytes
 Hardware stack levels used:    1
 This function calls:
		Nothing
 This function is called by:
		_Write_RTC
		_RtccWriteDate
		_RtccWriteTime
 This function uses a non-reentrant model


 *************** function _Read_RTC *****************
 Defined at:
		line 72 in file "../../../../../../Program Files/Unimic/unmc_01/sources/unmc_rtcc_02.c"
 Parameters:    Size  Location     Type
		None
 Auto vars:     Size  Location     Type
		None
 Return value:  Size  Location     Type
		None               void
 Registers used:
		wreg, fsr2l, fsr2h, status,2, status,0, prodl, prodh, cstack
 Tracked objects:
		On entry : 
		On exit  : 
		Unchanged: 
 Data sizes:     COMRAM   BANK0   BANK1   BANK2   BANK3   BANK4   BANK5   BANK6   BANK7   BANK8   BANK9  BANK10  BANK11  BANK12  BANK13  BANK14
      Params:         0       0       0       0       0       0       0       0       0       0       0       0       0       0       0       0
      Locals:         0       0       0       0       0       0       0       0       0       0       0       0       0       0       0       0
      Temps:          0       0       0       0       0       0       0       0       0       0       0       0       0       0       0       0
      Totals:         0       0       0       0       0       0       0       0       0       0       0       0       0       0       0       0
Total ram usage:        0 bytes
 Hardware stack levels used:    1
 Hardware stack levels required when called:    1
 This function calls:
		_RtccReadDate
		_RtccReadTime
 This function is called by:
		_main
 This function uses a non-reentrant model


 *************** function _RtccReadTime *****************
 Defined at:
		line 23 in file "C:\Program Files (x86)\Microchip\xc8\v1.34\sources\pic18\plib\rtcc\RtccReadTime.c"
 Parameters:    Size  Location     Type
  pTm             2    0[COMRAM] PTR struct .
		 -> RtccTime(4), 
 Auto vars:     Size  Location     Type
  rTD0            8   10[COMRAM] struct .
  rTD1            8    2[COMRAM] struct .
 Return value:  Size  Location     Type
		None               void
 Registers used:
		wreg, fsr2l, fsr2h, status,2, status,0
 Tracked objects:
		On entry : 
		On exit  : 
		Unchanged: 
 Data sizes:     COMRAM   BANK0   BANK1   BANK2   BANK3   BANK4   BANK5   BANK6   BANK7   BANK8   BANK9  BANK10  BANK11  BANK12  BANK13  BANK14
      Params:         2       0       0       0       0       0       0       0       0       0       0       0       0       0       0       0
      Locals:        16       0       0       0       0       0       0       0       0       0       0       0       0       0       0       0
      Temps:          0       0       0       0       0       0       0       0       0       0       0       0       0       0       0       0
      Totals:        18       0       0       0       0       0       0       0       0       0       0       0       0       0       0       0
Total ram usage:       18 bytes
 Hardware stack levels used:    1
 This function calls:
		Nothing
 This function is called by:
		_Read_RTC
 This function uses a non-reentrant model


 *************** function _RtccReadDate *****************
 Defined at:
		line 23 in file "C:\Program Files (x86)\Microchip\xc8\v1.34\sources\pic18\plib\rtcc\RtccReadDate.c"
 Parameters:    Size  Location     Type
  pDt             2    0[COMRAM] PTR struct .
		 -> RtccDate(4), 
 Auto vars:     Size  Location     Type
  rTD0            8   10[COMRAM] struct .
  rTD1            8    2[COMRAM] struct .
 Return value:  Size  Location     Type
		None               void
 Registers used:
		wreg, fsr2l, fsr2h, status,2, status,0
 Tracked objects:
		On entry : 
		On exit  : 
		Unchanged: 
 Data sizes:     COMRAM   BANK0   BANK1   BANK2   BANK3   BANK4   BANK5   BANK6   BANK7   BANK8   BANK9  BANK10  BANK11  BANK12  BANK13  BANK14
      Params:         2       0       0       0       0       0       0       0       0       0       0       0       0       0       0       0
      Locals:        16       0       0       0       0       0       0       0       0       0       0       0       0       0       0       0
      Temps:          0       0       0       0       0       0       0       0       0       0       0       0       0       0       0       0
      Totals:        18       0       0       0       0       0       0       0       0       0       0       0       0       0       0       0
Total ram usage:       18 bytes
 Hardware stack levels used:    1
 This function calls:
		Nothing
 This function is called by:
		_Read_RTC
 This function uses a non-reentrant model



MODULE INFORMATION

Module		Function		Class		Link	Load	Size
C:\Program Files (x86)\Microchip\xc8\v1.34\sources\pic18\plib\rtcc\RtccReadDate.c
		_RtccReadDate  		CODE           	EA18	0000	143

C:\Program Files (x86)\Microchip\xc8\v1.34\sources\pic18\plib\rtcc\RtccReadDate.c estimated size: 143

C:\Program Files (x86)\Microchip\xc8\v1.34\sources\pic18\d1ktcyx.c
		_Delay1KTCYx   		CODE           	E0B6	0000	19

C:\Program Files (x86)\Microchip\xc8\v1.34\sources\pic18\d1ktcyx.c estimated size: 19

C:\Program Files (x86)\Microchip\xc8\v1.34\sources\pic18\plib\rtcc\RtccWriteTime.c
		_RtccWriteTime 		CODE           	F214	0000	269

C:\Program Files (x86)\Microchip\xc8\v1.34\sources\pic18\plib\rtcc\RtccWriteTime.c estimated size: 269

../../../../../../Program Files/Unimic/unmc_01/sources/alarma.c
		_guardar_nuevo_		CODE           	E372	0000	71
		_validar_passwo		CODE           	E98E	0000	139
		_verficar_passw		CODE           	E810	0000	121
		_actualizar_pas		CODE           	F43E	0000	305
		_guardar_passwo		CODE           	E3FE	0000	71
		_guardar_curren		CODE           	E3B8	0000	71

../../../../../../Program Files/Unimic/unmc_01/sources/alarma.c estimated size: 778

C:\Program Files (x86)\Microchip\xc8\v1.34\sources\common\atoi.c
		_atoi          		CODE           	EF84	0000	213

C:\Program Files (x86)\Microchip\xc8\v1.34\sources\common\atoi.c estimated size: 213

C:\Program Files (x86)\Microchip\xc8\v1.34\sources\common\lwmod.c
		___lwmod       		CODE           	E4D8	0000	77

C:\Program Files (x86)\Microchip\xc8\v1.34\sources\common\lwmod.c estimated size: 77

C:\Program Files (x86)\Microchip\xc8\v1.34\sources\pic18\plib\rtcc\RtccWrOn.c
		_RtccWrOn      		CODE           	E092	0000	19

C:\Program Files (x86)\Microchip\xc8\v1.34\sources\pic18\plib\rtcc\RtccWrOn.c estimated size: 19

../../../../../../Program Files/Unimic/unmc_01/headers/hora.c
		_cambiar_hora  		CODE           	ED38	0000	183
		_guardar_elemen		CODE           	E726	0000	117
		_inicializar_ho		CODE           	E152	0000	33
		_convertir_a_in		CODE           	E134	0000	31
		_cambiar_minuto		CODE           	EEB8	0000	205

../../../../../../Program Files/Unimic/unmc_01/headers/hora.c estimated size: 569

C:\Program Files (x86)\Microchip\xc8\v1.34\sources\pic18\plib\rtcc\RtccReadTime.c
		_RtccReadTime  		CODE           	E5D4	0000	111

C:\Program Files (x86)\Microchip\xc8\v1.34\sources\pic18\plib\rtcc\RtccReadTime.c estimated size: 111

../../../../../../Program Files/Unimic/unmc_01/sources/fecha.c
		_convertir_a_in		CODE           	E116	0000	31
		_guardar_elemen		CODE           	E6B2	0000	117
		_cambiar_dia   		CODE           	EC82	0000	183
		_cambiar_mes   		CODE           	EBCC	0000	183
		_cambiar_anio  		CODE           	EDEE	0000	203
		_inicializar_fe		CODE           	E288	0000	47

../../../../../../Program Files/Unimic/unmc_01/sources/fecha.c estimated size: 764

C:\Program Files (x86)\Microchip\xc8\v1.34\sources\common\isdigit.c
		_isdigit       		CODE           	E172	0000	35

C:\Program Files (x86)\Microchip\xc8\v1.34\sources\common\isdigit.c estimated size: 35

../../../../../../Program Files/Unimic/unmc_01/sources/teclado.c
		_restaurar_coma		CODE           	E0F8	0000	31
		_imprimir_tecla		CODE           	E32C	0000	71
		_guardar_comand		CODE           	E642	0000	113
		_leer_teclado  		CODE           	F320	0000	287
		_guardar_tecla_		CODE           	EAA6	0000	145
		_validar_comand		CODE           	E908	0000	135

../../../../../../Program Files/Unimic/unmc_01/sources/teclado.c estimated size: 782

shared
		_dpowers       		MEDIUMCONST    	FEC3	0000	11
		_LCD_INIT_STRIN		MEDIUMCONST    	FECD	0000	5
		__initializatio		CODE           	E2E8	0000	59

shared estimated size: 75

C:\Program Files (x86)\Microchip\xc8\v1.34\sources\common\lwdiv.c
		___lwdiv       		CODE           	E578	0000	93

C:\Program Files (x86)\Microchip\xc8\v1.34\sources\common\lwdiv.c estimated size: 93

C:\Program Files (x86)\Microchip\xc8\v1.34\sources\common\awdiv.c
		___awdiv       		CODE           	EB36	0000	151

C:\Program Files (x86)\Microchip\xc8\v1.34\sources\common\awdiv.c estimated size: 151

C:\Program Files (x86)\Microchip\xc8\v1.34\sources\pic18\d100tcyx.c
		_Delay100TCYx  		CODE           	E0A4	0000	19

C:\Program Files (x86)\Microchip\xc8\v1.34\sources\pic18\d100tcyx.c estimated size: 19

C:\Program Files (x86)\Microchip\xc8\v1.34\sources\common\doprnt.c
		_sprintf       		CODE           	F98C	0000	613

C:\Program Files (x86)\Microchip\xc8\v1.34\sources\common\doprnt.c estimated size: 613

C:\Program Files (x86)\Microchip\xc8\v1.34\sources\pic18\plib\rtcc\RtccWriteDate.c
		_RtccWriteDate 		CODE           	F6B0	0000	327

C:\Program Files (x86)\Microchip\xc8\v1.34\sources\pic18\plib\rtcc\RtccWriteDate.c estimated size: 327

C:/Archivos de programa/Unimic/unmc_01/sources/unmc_lcd_216.c
		_lcd_comand    		CODE           	E084	0000	15
		_lcd_putc      		CODE           	E48C	0000	77
		_lcd_putrs     		CODE           	E524	0000	85
		_lcd_send_byte 		CODE           	E2B6	0000	51
		_lcd_gotoxy    		CODE           	E194	0000	37
		_lcd_send_nibbl		CODE           	E79A	0000	119
		_lcd_init      		CODE           	E888	0000	129

C:/Archivos de programa/Unimic/unmc_01/sources/unmc_lcd_216.c estimated size: 513

main.c
		_mostrar_menu  		CODE           	E0C8	0000	25
		_mostrar_guarda		CODE           	E204	0000	45
		_mostrar_guarda		CODE           	E230	0000	45
		_main          		CODE           	FBF0	0000	723
		_mostrar_guarda		CODE           	E25C	0000	45
		_Setup         		CODE           	E444	0000	73
		_ingresar_coman		CODE           	E07A	0000	11
		_ingresar_passw		CODE           	F12E	0000	231
		_confirmar_actu		CODE           	E1B8	0000	37
		_caratula      		CODE           	F058	0000	215

main.c estimated size: 1450

../../../../../../Program Files/Unimic/unmc_01/sources/unmc_rtcc_02.c
		_Read_RTC      		CODE           	F56E	0000	323
		_Write_RTC     		CODE           	F7F6	0000	407

../../../../../../Program Files/Unimic/unmc_01/sources/unmc_rtcc_02.c estimated size: 730

C:\Program Files (x86)\Microchip\xc8\v1.34\sources\common\Umul16.c
		___wmul        		CODE           	E1DC	0000	41

C:\Program Files (x86)\Microchip\xc8\v1.34\sources\common\Umul16.c estimated size: 41

