Microchip MPLAB XC8 Compiler V1.34 ()

Linker command line:

--edf=C:\Program Files (x86)\Microchip\xc8\v1.34\dat\en_msgs.txt -cs \
  -h+dist/default/production\UNMC.production.sym \
  --cmf=dist/default/production\UNMC.production.cmf -z -Q18F26J50 \
  -oC:\Users\ddavi\AppData\Local\Temp\s7vg.6 \
  -Mdist/default/production/UNMC.production.map -E1 -ver=XC8 \
  -ASTACK=0F2h-0ebfh -pstack=STACK -ACODE=00h-0FFF7h -ACONST=00h-0FFF7h \
  -ASMALLCONST=0F00h-0FFFhx240,0FF00h-0FFF7h -AMEDIUMCONST=0F00h-0FFF7h \
  -ACOMRAM=01h-05Fh -AABS1=00h-0EBFh -ABIGRAM=01h-0EBFh \
  -ARAM=060h-0FFh,0100h-01FFhx13,0E00h-0EBFh -ABANK0=060h-0FFh \
  -ABANK1=0100h-01FFh -ABANK2=0200h-02FFh -ABANK3=0300h-03FFh \
  -ABANK4=0400h-04FFh -ABANK5=0500h-05FFh -ABANK6=0600h-06FFh \
  -ABANK7=0700h-07FFh -ABANK8=0800h-08FFh -ABANK9=0900h-09FFh \
  -ABANK10=0A00h-0AFFh -ABANK11=0B00h-0BFFh -ABANK12=0C00h-0CFFh \
  -ABANK13=0D00h-0DFFh -ABANK14=0E00h-0EBFh \
  -ASFR=0EC0h-0EFFh,0F00h-0F5Fh,0F60h-0FFFh \
  -preset_vec=00h,intcode,intcodelo,powerup,init,end_init -pramtop=0F00h \
  -psmallconst=SMALLCONST -pmediumconst=MEDIUMCONST -pconst=CONST \
  -AFARRAM=00h-00h -ACONFIG=0FFF8h-0FFFFh -pconfig=CONFIG \
  -pjflash_buffer=0F800h \
  -prdata=COMRAM,nvrram=COMRAM,nvbit=COMRAM,rbss=COMRAM,rbit=COMRAM \
  -pfarbss=FARRAM,fardata=FARRAM,nvFARRAM=FARRAM \
  -pintsave_regs=BIGRAM,bigbss=BIGRAM,bigdata=BIGRAM -pbss=RAM \
  -pidata=CODE,irdata=CODE,ibigdata=CODE,ifardata=CODE -prparam=COMRAM \
  C:\Users\ddavi\AppData\Local\Temp\s7vg.obj \
  dist/default/production\UNMC.production.obj 

Object code version is 3.11

Machine type is 18F26J50

Call graph: (short form)




                Name                               Link     Load   Length Selector   Space Scale
C:\Users\ddavi\AppData\Local\Temp\s7vg.obj
                end_init                              0        0        4        0       0
                config                             FFF8     FFF8        8     FFF8       0
dist/default/production\UNMC.production.obj
                mediumconst                        FEC2     FEC2      136     7F61       0
                text59                             EB74     EB74       8E     75BA       0
                text58                             E6A6     E6A6       6E     7353       0
                text57                             F852     F852      136     7C29       0
                text56                             E0E4     E0E4       12     7072       0
                text55                             F988     F988      146     7CC4       0
                text54                             F616     F616      10C     7B0B       0
                text53                             EC94     EC94       96     764A       0
                text52                             FACE     FACE      190     7D67       0
                text51                             E0F6     E0F6       12     707B       0
                text50                             E86C     E86C       76     7436       0
                text49                             E326     E326       32     7193       0
                text48                             E0D6     E0D6        E     706B       0
                text47                             E108     E108       12     7084       0
                text46                             E95A     E95A       80     74AD       0
                text45                             E4B4     E4B4       48     725A       0
                text44                             E206     E206       24     7103       0
                text43                             E4FC     E4FC       4C     727E       0
                text42                             E594     E594       54     72CA       0
                text41                             E1C2     E1C2       22     70E1       0
                text40                             E11A     E11A       18     708D       0
                text39                             EC02     EC02       92     7601       0
                text38                             E644     E644       62     7322       0
                text37                             E14A     E14A       1E     70A5       0
                text36                             F722     F722      130     7B91       0
                text35                             E5E8     E5E8       5C     72F4       0
                text34                             E548     E548       4C     72A4       0
                text33                             E24E     E24E       28     7127       0
                text32                             E1E4     E1E4       22     70F2       0
                text31                             FC5E     FC5E      264     7E2F       0
                text30                             E8E2     E8E2       78     7471       0
                text29                             F0CA     F0CA       D0     7865       0
                text28                             F26E     F26E       D6     7937       0
                text27                             EA60     EA60       8A     7530       0
                text26                             F344     F344       E6     79A2       0
                text25                             F19A     F19A       D4     78CD       0
                text24                             E168     E168       1E     70B4       0
                text23                             E784     E784       74     73C2       0
                text22                             E276     E276       2C     713B       0
                text21                             E186     E186       1E     70C3       0
                text20                             E7F8     E7F8       74     73FC       0
                text19                             E1A4     E1A4       1E     70D2       0
                text18                             E39C     E39C       46     71CE       0
                text17                             E714     E714       70     738A       0
                text16                             E3E2     E3E2       46     71F1       0
                text15                             E428     E428       46     7214       0
                text14                             E46E     E46E       46     7237       0
                text13                             E2A2     E2A2       2C     7151       0
                text12                             EF4C     EF4C       BE     77A6       0
                text11                             ED2A     ED2A       B6     7695       0
                text10                             EDE0     EDE0       B6     76F0       0
                text9                              F00A     F00A       C0     7805       0
                text8                              EE96     EE96       B6     774B       0
                text7                              E2CE     E2CE       2C     7167       0
                text6                              E2FA     E2FA       2C     717D       0
                text5                              E22A     E22A       24     7115       0
                text4                              E0CC     E0CC        A     7066       0
                text3                              EAEA     EAEA       8A     7575       0
                text2                              F510     F510      106     7A88       0
                text1                              E9DA     E9DA       86     74ED       0
                text0                              F42A     F42A       E6     7A15       0
                cstackCOMRAM                          1        1       48        1       1
                dataBANK0                            CE       CE       18       60       1
                bssBANK0                             60       60       6E       60       1
                bssCOMRAM                            49       49       15        1       1
                bitbssCOMRAM                        2F8       5F        1        1       1     8
                cinit                              E358     E358       44     71AC       0
                nvBANK0                              E6       E6        C       60       1
                nvCOMRAM                             5E       5E        1        1       1
                idataBANK0                         E132     E132       18     E132       0

TOTAL           Name                               Link     Load   Length     Space
        CLASS   STACK          

        CLASS   CODE           
                end_init                              0        0        4         0
                text59                             EB74     EB74       8E         0
                text58                             E6A6     E6A6       6E         0
                text57                             F852     F852      136         0
                text56                             E0E4     E0E4       12         0
                text55                             F988     F988      146         0
                text54                             F616     F616      10C         0
                text53                             EC94     EC94       96         0
                text52                             FACE     FACE      190         0
                text51                             E0F6     E0F6       12         0
                text50                             E86C     E86C       76         0
                text49                             E326     E326       32         0
                text48                             E0D6     E0D6        E         0
                text47                             E108     E108       12         0
                text46                             E95A     E95A       80         0
                text45                             E4B4     E4B4       48         0
                text44                             E206     E206       24         0
                text43                             E4FC     E4FC       4C         0
                text42                             E594     E594       54         0
                text41                             E1C2     E1C2       22         0
                text40                             E11A     E11A       18         0
                text39                             EC02     EC02       92         0
                text38                             E644     E644       62         0
                text37                             E14A     E14A       1E         0
                text36                             F722     F722      130         0
                text35                             E5E8     E5E8       5C         0
                text34                             E548     E548       4C         0
                text33                             E24E     E24E       28         0
                text32                             E1E4     E1E4       22         0
                text31                             FC5E     FC5E      264         0
                text30                             E8E2     E8E2       78         0
                text29                             F0CA     F0CA       D0         0
                text28                             F26E     F26E       D6         0
                text27                             EA60     EA60       8A         0
                text26                             F344     F344       E6         0
                text25                             F19A     F19A       D4         0
                text24                             E168     E168       1E         0
                text23                             E784     E784       74         0
                text22                             E276     E276       2C         0
                text21                             E186     E186       1E         0
                text20                             E7F8     E7F8       74         0
                text19                             E1A4     E1A4       1E         0
                text18                             E39C     E39C       46         0
                text17                             E714     E714       70         0
                text16                             E3E2     E3E2       46         0
                text15                             E428     E428       46         0
                text14                             E46E     E46E       46         0
                text13                             E2A2     E2A2       2C         0
                text12                             EF4C     EF4C       BE         0
                text11                             ED2A     ED2A       B6         0
                text10                             EDE0     EDE0       B6         0
                text9                              F00A     F00A       C0         0
                text8                              EE96     EE96       B6         0
                text7                              E2CE     E2CE       2C         0
                text6                              E2FA     E2FA       2C         0
                text5                              E22A     E22A       24         0
                text4                              E0CC     E0CC        A         0
                text3                              EAEA     EAEA       8A         0
                text2                              F510     F510      106         0
                text1                              E9DA     E9DA       86         0
                text0                              F42A     F42A       E6         0
                cinit                              E358     E358       44         0
                idataBANK0                         E132     E132       18         0

        CLASS   CONST          

        CLASS   SMALLCONST     

        CLASS   MEDIUMCONST    
                mediumconst                        FEC2     FEC2      136         0

        CLASS   COMRAM         
                cstackCOMRAM                          1        1       48         1
                bssCOMRAM                            49       49       15         1
                bitbssCOMRAM                        2F8       5F        1         1
                nvCOMRAM                             5E       5E        1         1

        CLASS   ABS1           

        CLASS   BIGRAM         

        CLASS   RAM            

        CLASS   BANK0          
                dataBANK0                            CE       CE       18         1
                bssBANK0                             60       60       6E         1
                nvBANK0                              E6       E6        C         1

        CLASS   BANK1          

        CLASS   BANK2          

        CLASS   BANK3          

        CLASS   BANK4          

        CLASS   BANK5          

        CLASS   BANK6          

        CLASS   BANK7          

        CLASS   BANK8          

        CLASS   BANK9          

        CLASS   BANK10         

        CLASS   BANK11         

        CLASS   BANK12         

        CLASS   BANK13         

        CLASS   BANK14         

        CLASS   SFR            

        CLASS   FARRAM         

        CLASS   CONFIG         
                config                             FFF8     FFF8        8         0

        CLASS   IDLOC          



SEGMENTS        Name                           Load    Length   Top    Selector   Space  Class

                reset_vec                      000000  000004  000004         0       0  CODE    
                cstackCOMRAM                   000001  00005F  000060         1       1  COMRAM  
                bssBANK0                       000060  000092  0000F2        60       1  BANK0   
                text4                          00E0CC  00000A  00E0D6      7066       0  CODE    
                text48                         00E0D6  00000E  00E0E4      706B       0  CODE    
                text56                         00E0E4  000012  00E0F6      7072       0  CODE    
                text51                         00E0F6  000012  00E108      707B       0  CODE    
                text47                         00E108  000012  00E11A      7084       0  CODE    
                text40                         00E11A  000018  00E132      708D       0  CODE    
                idataBANK0                     00E132  000018  00E14A      E132       0  CODE    
                text37                         00E14A  00001E  00E168      70A5       0  CODE    
                text24                         00E168  00001E  00E186      70B4       0  CODE    
                text21                         00E186  00001E  00E1A4      70C3       0  CODE    
                text19                         00E1A4  00001E  00E1C2      70D2       0  CODE    
                text41                         00E1C2  000022  00E1E4      70E1       0  CODE    
                text32                         00E1E4  000022  00E206      70F2       0  CODE    
                text44                         00E206  000024  00E22A      7103       0  CODE    
                text5                          00E22A  000024  00E24E      7115       0  CODE    
                text33                         00E24E  000028  00E276      7127       0  CODE    
                text22                         00E276  00002C  00E2A2      713B       0  CODE    
                text13                         00E2A2  00002C  00E2CE      7151       0  CODE    
                text7                          00E2CE  00002C  00E2FA      7167       0  CODE    
                text6                          00E2FA  00002C  00E326      717D       0  CODE    
                text49                         00E326  000032  00E358      7193       0  CODE    
                cinit                          00E358  000044  00E39C      71AC       0  CODE    
                text18                         00E39C  000046  00E3E2      71CE       0  CODE    
                text16                         00E3E2  000046  00E428      71F1       0  CODE    
                text15                         00E428  000046  00E46E      7214       0  CODE    
                text14                         00E46E  000046  00E4B4      7237       0  CODE    
                text45                         00E4B4  000048  00E4FC      725A       0  CODE    
                text43                         00E4FC  00004C  00E548      727E       0  CODE    
                text34                         00E548  00004C  00E594      72A4       0  CODE    
                text42                         00E594  000054  00E5E8      72CA       0  CODE    
                text35                         00E5E8  00005C  00E644      72F4       0  CODE    
                text38                         00E644  000062  00E6A6      7322       0  CODE    
                text58                         00E6A6  00006E  00E714      7353       0  CODE    
                text17                         00E714  000070  00E784      738A       0  CODE    
                text23                         00E784  000074  00E7F8      73C2       0  CODE    
                text20                         00E7F8  000074  00E86C      73FC       0  CODE    
                text50                         00E86C  000076  00E8E2      7436       0  CODE    
                text30                         00E8E2  000078  00E95A      7471       0  CODE    
                text46                         00E95A  000080  00E9DA      74AD       0  CODE    
                text1                          00E9DA  000086  00EA60      74ED       0  CODE    
                text27                         00EA60  00008A  00EAEA      7530       0  CODE    
                text3                          00EAEA  00008A  00EB74      7575       0  CODE    
                text59                         00EB74  00008E  00EC02      75BA       0  CODE    
                text39                         00EC02  000092  00EC94      7601       0  CODE    
                text53                         00EC94  000096  00ED2A      764A       0  CODE    
                text11                         00ED2A  0000B6  00EDE0      7695       0  CODE    
                text10                         00EDE0  0000B6  00EE96      76F0       0  CODE    
                text8                          00EE96  0000B6  00EF4C      774B       0  CODE    
                text12                         00EF4C  0000BE  00F00A      77A6       0  CODE    
                text9                          00F00A  0000C0  00F0CA      7805       0  CODE    
                text29                         00F0CA  0000D0  00F19A      7865       0  CODE    
                text25                         00F19A  0000D4  00F26E      78CD       0  CODE    
                text28                         00F26E  0000D6  00F344      7937       0  CODE    
                text26                         00F344  0000E6  00F42A      79A2       0  CODE    
                text0                          00F42A  0000E6  00F510      7A15       0  CODE    
                text2                          00F510  000106  00F616      7A88       0  CODE    
                text54                         00F616  00010C  00F722      7B0B       0  CODE    
                text36                         00F722  000130  00F852      7B91       0  CODE    
                text57                         00F852  000136  00F988      7C29       0  CODE    
                text55                         00F988  000146  00FACE      7CC4       0  CODE    
                text52                         00FACE  000190  00FC5E      7D67       0  CODE    
                text31                         00FC5E  000264  00FEC2      7E2F       0  CODE    
                mediumconst                    00FEC2  000136  00FFF8      7F61       0  MEDIUMCO
                config                         00FFF8  000008  010000      FFF8       0  CONFIG  


UNUSED ADDRESS RANGES

        Name                Unused          Largest block    Delta
        BANK0            000F2-000FF               E
        BANK1            00100-001FF             100
        BANK10           00A00-00AFF             100
        BANK11           00B00-00BFF             100
        BANK12           00C00-00CFF             100
        BANK13           00D00-00DFF             100
        BANK14           00E00-00EBF              C0
        BANK2            00200-002FF             100
        BANK3            00300-003FF             100
        BANK4            00400-004FF             100
        BANK5            00500-005FF             100
        BANK6            00600-006FF             100
        BANK7            00700-007FF             100
        BANK8            00800-008FF             100
        BANK9            00900-009FF             100
        BIGRAM           000F2-00EBF             DCE
        CODE             00004-0E0CB            E0C8
        CONST            00004-0E0CB            E0C8
        MEDIUMCONST      00F00-0E0CB            D1CC
        RAM              000F2-00EBF             100
        SFR              00EC0-00FFF              60
        SMALLCONST       00F00-0E0CB             100
        STACK            000F2-00EBF             DCE

                                  Symbol Table

?___awdiv                                   cstackCOMRAM  00001
?___lwdiv                                   cstackCOMRAM  00001
?___lwmod                                   cstackCOMRAM  00008
?___wmul                                    cstackCOMRAM  00001
?_atoi                                      cstackCOMRAM  00007
?_sprintf                                   cstackCOMRAM  0000D
Delay100TCYx@unit                           cstackCOMRAM  00001
Delay1KTCYx@unit                            cstackCOMRAM  00001
RtccReadDate@pDt                            cstackCOMRAM  00001
RtccReadDate@rTD0                           cstackCOMRAM  0000B
RtccReadDate@rTD1                           cstackCOMRAM  00003
RtccReadTime@pTm                            cstackCOMRAM  00001
RtccReadTime@rTD0                           cstackCOMRAM  0000B
RtccReadTime@rTD1                           cstackCOMRAM  00003
RtccWriteDate@di                            cstackCOMRAM  00003
RtccWriteDate@pDt                           cstackCOMRAM  00001
RtccWriteDate@tempDayMonth                  cstackCOMRAM  0000A
RtccWriteDate@tempHourWDay                  cstackCOMRAM  0000C
RtccWriteDate@tempYear                      cstackCOMRAM  00007
RtccWriteDate@wasAlrm                       cstackCOMRAM  00006
RtccWriteDate@wasOn                         cstackCOMRAM  00005
RtccWriteDate@wasWrEn                       cstackCOMRAM  00009
RtccWriteTime@di                            cstackCOMRAM  00003
RtccWriteTime@pTm                           cstackCOMRAM  00001
RtccWriteTime@tempHourWDay                  cstackCOMRAM  0000A
RtccWriteTime@tempMinSec                    cstackCOMRAM  00008
RtccWriteTime@wasAlrm                       cstackCOMRAM  00006
RtccWriteTime@wasOn                         cstackCOMRAM  00005
RtccWriteTime@wasWrEn                       cstackCOMRAM  00007
_ADCON0                                     (abs)         00FC2
_ADCON1                                     (abs)         00FC1
_ALRMCFGbits                                (abs)         00F91
_ANCON0                                     (abs)         00F48
_ANCON1                                     (abs)         00F49
_Delay100TCYx                               text51        0E0F6
_Delay1KTCYx                                text47        0E108
_EECON2                                     (abs)         00FA7
_INTCONbits                                 (abs)         00FF2
_LATAbits                                   (abs)         00F89
_LATBbits                                   (abs)         00F8A
_LCD_INIT_STRING                            mediumconst   0FECD
_OSCCONbits                                 (abs)         00FD3
_OSCTUNEbits                                (abs)         00F9B
_PIE3bits                                   (abs)         00FA3
_PORTAbits                                  (abs)         00F80
_PORTCbits                                  (abs)         00F82
_RTCCFG                                     (abs)         00F3F
_RTCCFGbits                                 (abs)         00F3F
_RTCVALH                                    (abs)         00F99
_RTCVALL                                    (abs)         00F98
_Read_RTC                                   text57        0F852
_RtccAlrmTimeDate                           bssBANK0      00060
_RtccDate                                   bssCOMRAM     00050
_RtccReadDate                               text59        0EB74
_RtccReadTime                               text58        0E6A6
_RtccTime                                   bssBANK0      000BB
_RtccTimeDate                               bssBANK0      00068
_RtccTimeVal                                bssBANK0      0008D
_RtccWrOn                                   text56        0E0E4
_RtccWriteDate                              text55        0F988
_RtccWriteTime                              text54        0F616
_Rtcc_read_TimeDate                         bssBANK0      00070
_Setup                                      text45        0E4B4
_T1CONbits                                  (abs)         00FCD
_TRISA                                      (abs)         00F92
_TRISB                                      (abs)         00F93
_TRISBbits                                  (abs)         00F93
_TRISC                                      (abs)         00F94
_Write_RTC                                  text52        0FACE
__CFG_CP0$OFF                               (abs)         00000
__CFG_CPUDIV$OSC1                           (abs)         00000
__CFG_DSBOREN$OFF                           (abs)         00000
__CFG_DSWDTEN$OFF                           (abs)         00000
__CFG_DSWDTOSC$INTOSCREF                    (abs)         00000
__CFG_DSWDTPS$G2                            (abs)         00000
__CFG_FCMEN$OFF                             (abs)         00000
__CFG_IESO$OFF                              (abs)         00000
__CFG_IOL1WAY$OFF                           (abs)         00000
__CFG_LPT1OSC$OFF                           (abs)         00000
__CFG_MSSP7B_EN$MSK7                        (abs)         00000
__CFG_OSC$INTOSC                            (abs)         00000
__CFG_PLLDIV$1                              (abs)         00000
__CFG_RTCOSC$T1OSCREF                       (abs)         00000
__CFG_STVREN$ON                             (abs)         00000
__CFG_T1DIG$ON                              (abs)         00000
__CFG_WDTEN$OFF                             (abs)         00000
__CFG_WDTPS$32768                           (abs)         00000
__CFG_WPCFG$OFF                             (abs)         00000
__CFG_WPDIS$OFF                             (abs)         00000
__CFG_XINST$OFF                             (abs)         00000
__HRAM                                      (abs)         00000
__Habs1                                     abs1          00000
__Hbank0                                    bank0         00000
__Hbank1                                    bank1         00000
__Hbank10                                   bank10        00000
__Hbank11                                   bank11        00000
__Hbank12                                   bank12        00000
__Hbank13                                   bank13        00000
__Hbank14                                   bank14        00000
__Hbank2                                    bank2         00000
__Hbank3                                    bank3         00000
__Hbank4                                    bank4         00000
__Hbank5                                    bank5         00000
__Hbank6                                    bank6         00000
__Hbank7                                    bank7         00000
__Hbank8                                    bank8         00000
__Hbank9                                    bank9         00000
__Hbigbss                                   bigbss        00000
__Hbigdata                                  bigdata       00000
__Hbigram                                   bigram        00000
__HbitbssCOMRAM                             bitbssCOMRAM  00000
__Hbss                                      bss           00000
__HbssBANK0                                 bssBANK0      00000
__HbssCOMRAM                                bssCOMRAM     00000
__Hcinit                                    cinit         00000
__Hclrtext                                  clrtext       00000
__Hcomram                                   comram        00000
__Hconfig                                   config        10000
__Hconst                                    const         00000
__HcstackCOMRAM                             cstackCOMRAM  00000
__Hdata                                     data          00000
__HdataBANK0                                dataBANK0     00000
__Hend_init                                 end_init      00004
__Hfarbss                                   farbss        00000
__Hfardata                                  fardata       00000
__Hibigdata                                 ibigdata      00000
__Hidata                                    idata         00000
__HidataBANK0                               idataBANK0    00000
__Hidloc                                    idloc         00000
__Hifardata                                 ifardata      00000
__Hinit                                     init          00000
__Hintcode                                  intcode       00000
__Hintcode_body                             intcode_body  00000
__Hintcodelo                                intcodelo     00000
__Hintentry                                 intentry      00000
__Hintret                                   intret        00000
__Hintsave_regs                             intsave_regs  00000
__Hirdata                                   irdata        00000
__Hjflash_buffer                            jflash_buffer 0F800
__Hmediumconst                              mediumconst   0FFF8
__HnvBANK0                                  nvBANK0       00000
__HnvCOMRAM                                 nvCOMRAM      00000
__HnvFARRAM                                 nvFARRAM      00000
__Hnvbit                                    nvbit         00000
__Hnvrram                                   nvrram        00000
__Hparam                                    rparam        00000
__Hpowerup                                  powerup       00000
__Hram                                      ram           00000
__Hramtop                                   ramtop        00F00
__Hrbit                                     rbit          00000
__Hrbss                                     rbss          00000
__Hrdata                                    rdata         00000
__Hreset_vec                                reset_vec     00000
__Hrparam                                   rparam        00000
__Hsfr                                      sfr           00000
__Hsmallconst                               smallconst    00000
__Hspace_0                                  (abs)         10000
__Hspace_1                                  (abs)         002F9
__Hspace_2                                  (abs)         00000
__Hstack                                    stack         00000
__Hstruct                                   struct        00000
__Htemp                                     temp          00000
__Htext                                     text          00000
__Htext0                                    text0         00000
__Htext1                                    text1         00000
__Htext10                                   text10        00000
__Htext11                                   text11        00000
__Htext12                                   text12        00000
__Htext13                                   text13        00000
__Htext14                                   text14        00000
__Htext15                                   text15        00000
__Htext16                                   text16        00000
__Htext17                                   text17        00000
__Htext18                                   text18        00000
__Htext19                                   text19        00000
__Htext2                                    text2         00000
__Htext20                                   text20        00000
__Htext21                                   text21        00000
__Htext22                                   text22        00000
__Htext23                                   text23        00000
__Htext24                                   text24        00000
__Htext25                                   text25        00000
__Htext26                                   text26        00000
__Htext27                                   text27        00000
__Htext28                                   text28        00000
__Htext29                                   text29        00000
__Htext3                                    text3         00000
__Htext30                                   text30        00000
__Htext31                                   text31        00000
__Htext32                                   text32        00000
__Htext33                                   text33        00000
__Htext34                                   text34        00000
__Htext35                                   text35        00000
__Htext36                                   text36        00000
__Htext37                                   text37        00000
__Htext38                                   text38        00000
__Htext39                                   text39        00000
__Htext4                                    text4         00000
__Htext40                                   text40        00000
__Htext41                                   text41        00000
__Htext42                                   text42        00000
__Htext43                                   text43        00000
__Htext44                                   text44        00000
__Htext45                                   text45        00000
__Htext46                                   text46        00000
__Htext47                                   text47        00000
__Htext48                                   text48        00000
__Htext49                                   text49        00000
__Htext5                                    text5         00000
__Htext50                                   text50        00000
__Htext51                                   text51        00000
__Htext52                                   text52        00000
__Htext53                                   text53        00000
__Htext54                                   text54        00000
__Htext55                                   text55        00000
__Htext56                                   text56        00000
__Htext57                                   text57        00000
__Htext58                                   text58        00000
__Htext59                                   text59        00000
__Htext6                                    text6         00000
__Htext60                                   text60        00000
__Htext7                                    text7         00000
__Htext8                                    text8         00000
__Htext9                                    text9         00000
__LRAM                                      (abs)         00001
__Labs1                                     abs1          00000
__Lbank0                                    bank0         00000
__Lbank1                                    bank1         00000
__Lbank10                                   bank10        00000
__Lbank11                                   bank11        00000
__Lbank12                                   bank12        00000
__Lbank13                                   bank13        00000
__Lbank14                                   bank14        00000
__Lbank2                                    bank2         00000
__Lbank3                                    bank3         00000
__Lbank4                                    bank4         00000
__Lbank5                                    bank5         00000
__Lbank6                                    bank6         00000
__Lbank7                                    bank7         00000
__Lbank8                                    bank8         00000
__Lbank9                                    bank9         00000
__Lbigbss                                   bigbss        00000
__Lbigdata                                  bigdata       00000
__Lbigram                                   bigram        00000
__LbitbssCOMRAM                             bitbssCOMRAM  00000
__Lbss                                      bss           00000
__LbssBANK0                                 bssBANK0      00000
__LbssCOMRAM                                bssCOMRAM     00000
__Lcinit                                    cinit         00000
__Lclrtext                                  clrtext       00000
__Lcomram                                   comram        00000
__Lconfig                                   config        0FFF8
__Lconst                                    const         00000
__LcstackCOMRAM                             cstackCOMRAM  00000
__Ldata                                     data          00000
__LdataBANK0                                dataBANK0     00000
__Lend_init                                 end_init      00000
__Lfarbss                                   farbss        00000
__Lfardata                                  fardata       00000
__Libigdata                                 ibigdata      00000
__Lidata                                    idata         00000
__LidataBANK0                               idataBANK0    00000
__Lidloc                                    idloc         00000
__Lifardata                                 ifardata      00000
__Linit                                     init          00000
__Lintcode                                  intcode       00000
__Lintcode_body                             intcode_body  00000
__Lintcodelo                                intcodelo     00000
__Lintentry                                 intentry      00000
__Lintret                                   intret        00000
__Lintsave_regs                             intsave_regs  00000
__Lirdata                                   irdata        00000
__Ljflash_buffer                            jflash_buffer 0F800
__Lmediumconst                              mediumconst   0FEC2
__LnvBANK0                                  nvBANK0       00000
__LnvCOMRAM                                 nvCOMRAM      00000
__LnvFARRAM                                 nvFARRAM      00000
__Lnvbit                                    nvbit         00000
__Lnvrram                                   nvrram        00000
__Lparam                                    rparam        00000
__Lpowerup                                  powerup       00000
__Lram                                      ram           00000
__Lramtop                                   ramtop        00F00
__Lrbit                                     rbit          00000
__Lrbss                                     rbss          00000
__Lrdata                                    rdata         00000
__Lreset_vec                                reset_vec     00000
__Lrparam                                   rparam        00000
__Lsfr                                      sfr           00000
__Lsmallconst                               smallconst    00000
__Lspace_0                                  (abs)         00000
__Lspace_1                                  (abs)         00000
__Lspace_2                                  (abs)         00000
__Lstack                                    stack         00000
__Lstruct                                   struct        00000
__Ltemp                                     temp          00000
__Ltext                                     text          00000
__Ltext0                                    text0         00000
__Ltext1                                    text1         00000
__Ltext10                                   text10        00000
__Ltext11                                   text11        00000
__Ltext12                                   text12        00000
__Ltext13                                   text13        00000
__Ltext14                                   text14        00000
__Ltext15                                   text15        00000
__Ltext16                                   text16        00000
__Ltext17                                   text17        00000
__Ltext18                                   text18        00000
__Ltext19                                   text19        00000
__Ltext2                                    text2         00000
__Ltext20                                   text20        00000
__Ltext21                                   text21        00000
__Ltext22                                   text22        00000
__Ltext23                                   text23        00000
__Ltext24                                   text24        00000
__Ltext25                                   text25        00000
__Ltext26                                   text26        00000
__Ltext27                                   text27        00000
__Ltext28                                   text28        00000
__Ltext29                                   text29        00000
__Ltext3                                    text3         00000
__Ltext30                                   text30        00000
__Ltext31                                   text31        00000
__Ltext32                                   text32        00000
__Ltext33                                   text33        00000
__Ltext34                                   text34        00000
__Ltext35                                   text35        00000
__Ltext36                                   text36        00000
__Ltext37                                   text37        00000
__Ltext38                                   text38        00000
__Ltext39                                   text39        00000
__Ltext4                                    text4         00000
__Ltext40                                   text40        00000
__Ltext41                                   text41        00000
__Ltext42                                   text42        00000
__Ltext43                                   text43        00000
__Ltext44                                   text44        00000
__Ltext45                                   text45        00000
__Ltext46                                   text46        00000
__Ltext47                                   text47        00000
__Ltext48                                   text48        00000
__Ltext49                                   text49        00000
__Ltext5                                    text5         00000
__Ltext50                                   text50        00000
__Ltext51                                   text51        00000
__Ltext52                                   text52        00000
__Ltext53                                   text53        00000
__Ltext54                                   text54        00000
__Ltext55                                   text55        00000
__Ltext56                                   text56        00000
__Ltext57                                   text57        00000
__Ltext58                                   text58        00000
__Ltext59                                   text59        00000
__Ltext6                                    text6         00000
__Ltext60                                   text60        00000
__Ltext7                                    text7         00000
__Ltext8                                    text8         00000
__Ltext9                                    text9         00000
__S0                                        (abs)         10000
__S1                                        (abs)         000F2
__S2                                        (abs)         00000
___awdiv                                    text53        0EC94
___awdiv@counter                            cstackCOMRAM  00005
___awdiv@dividend                           cstackCOMRAM  00001
___awdiv@divisor                            cstackCOMRAM  00003
___awdiv@quotient                           cstackCOMRAM  00007
___awdiv@sign                               cstackCOMRAM  00006
___inthi_sp                                 stack         00000
___intlo_sp                                 stack         00000
___lwdiv                                    text35        0E5E8
___lwdiv@counter                            cstackCOMRAM  00007
___lwdiv@dividend                           cstackCOMRAM  00001
___lwdiv@divisor                            cstackCOMRAM  00003
___lwdiv@quotient                           cstackCOMRAM  00005
___lwmod                                    text34        0E548
___lwmod@counter                            cstackCOMRAM  0000C
___lwmod@dividend                           cstackCOMRAM  00008
___lwmod@divisor                            cstackCOMRAM  0000A
___param_bank                               (abs)         00010
___rparam_used                              (abs)         00001
___sp                                       stack         00000
___wmul                                     text33        0E24E
___wmul@multiplicand                        cstackCOMRAM  00003
___wmul@multiplier                          cstackCOMRAM  00001
___wmul@product                             cstackCOMRAM  00005
__accesstop                                 (abs)         00060
__activetblptr                              (abs)         00002
__end_of_Delay100TCYx                       text51        0E108
__end_of_Delay1KTCYx                        text47        0E11A
__end_of_LCD_INIT_STRING                    mediumconst   0FED1
__end_of_Read_RTC                           text57        0F988
__end_of_RtccReadDate                       text59        0EC02
__end_of_RtccReadTime                       text58        0E714
__end_of_RtccWrOn                           text56        0E0F6
__end_of_RtccWriteDate                      text55        0FACE
__end_of_RtccWriteTime                      text54        0F722
__end_of_Setup                              text45        0E4FC
__end_of_Write_RTC                          text52        0FC5E
__end_of___awdiv                            text53        0ED2A
__end_of___lwdiv                            text35        0E644
__end_of___lwmod                            text34        0E594
__end_of___wmul                             text33        0E276
__end_of__initialization                    cinit         0E392
__end_of_actualizar_password                text36        0F852
__end_of_atoi                               text25        0F26E
__end_of_cambiar_anio                       text12        0F00A
__end_of_cambiar_dia                        text10        0EE96
__end_of_cambiar_fecha                      text39        0EC94
__end_of_cambiar_hora                       text8         0EF4C
__end_of_cambiar_horario                    text38        0E6A6
__end_of_cambiar_mes                        text11        0EDE0
__end_of_cambiar_minutos                    text9         0F0CA
__end_of_cambiar_password                   text29        0F19A
__end_of_caratula                           text28        0F344
__end_of_clear_display                      text41        0E1E4
__end_of_confirmar_actualizar_password      text5         0E24E
__end_of_convertir_a_int_fecha              text24        0E186
__end_of_convertir_a_int_hora               text21        0E1A4
__end_of_dpowers                            mediumconst   0FECD
__end_of_guardar_comando                    text17        0E784
__end_of_guardar_current_password           text15        0E46E
__end_of_guardar_elemento_fecha             text23        0E7F8
__end_of_guardar_elemento_hora              text20        0E86C
__end_of_guardar_nuevo_password             text16        0E428
__end_of_guardar_password_temporal          text14        0E4B4
__end_of_guardar_tecla_presionada           text3         0EB74
__end_of_imprimir_tecla                     text18        0E3E2
__end_of_ingresar_comando                   text4         0E0D6
__end_of_ingresar_password                  text26        0F42A
__end_of_inicializar_fecha                  text22        0E2A2
__end_of_inicializar_hora                   text19        0E1C2
__end_of_isdigit                            text32        0E206
__end_of_lcd_comand                         text48        0E0E4
__end_of_lcd_gotoxy                         text44        0E22A
__end_of_lcd_init                           text46        0E9DA
__end_of_lcd_putc                           text43        0E548
__end_of_lcd_putrs                          text42        0E5E8
__end_of_lcd_send_byte                      text49        0E358
__end_of_lcd_send_nibble                    text50        0E8E2
__end_of_leer_teclado                       text2         0F616
__end_of_main                               text0         0F510
__end_of_mostrar_guardar_nuevo_password     text6         0E326
__end_of_mostrar_guardar_password           text7         0E2FA
__end_of_mostrar_guardar_temporal_password  text13        0E2CE
__end_of_mostrar_titulo_menu                text40        0E132
__end_of_restaurar_comando                  text37        0E168
__end_of_sprintf                            text31        0FEC2
__end_of_validar_comando                    text1         0EA60
__end_of_validar_password                   text27        0EAEA
__end_of_verficar_password                  text30        0E95A
__initialization                            cinit         0E358
__mediumconst                               mediumconst   0FEC2
__pbitbssCOMRAM                             bitbssCOMRAM  002F8
__pbssBANK0                                 bssBANK0      00060
__pbssCOMRAM                                bssCOMRAM     00049
__pcinit                                    cinit         0E358
__pcstackCOMRAM                             cstackCOMRAM  00001
__pdataBANK0                                dataBANK0     000CE
__pidataBANK0                               idataBANK0    0E132
__pmediumconst                              mediumconst   0FEC2
__pnvBANK0                                  nvBANK0       000E6
__pnvCOMRAM                                 nvCOMRAM      0005E
__ptext0                                    text0         0F42A
__ptext1                                    text1         0E9DA
__ptext10                                   text10        0EDE0
__ptext11                                   text11        0ED2A
__ptext12                                   text12        0EF4C
__ptext13                                   text13        0E2A2
__ptext14                                   text14        0E46E
__ptext15                                   text15        0E428
__ptext16                                   text16        0E3E2
__ptext17                                   text17        0E714
__ptext18                                   text18        0E39C
__ptext19                                   text19        0E1A4
__ptext2                                    text2         0F510
__ptext20                                   text20        0E7F8
__ptext21                                   text21        0E186
__ptext22                                   text22        0E276
__ptext23                                   text23        0E784
__ptext24                                   text24        0E168
__ptext25                                   text25        0F19A
__ptext26                                   text26        0F344
__ptext27                                   text27        0EA60
__ptext28                                   text28        0F26E
__ptext29                                   text29        0F0CA
__ptext3                                    text3         0EAEA
__ptext30                                   text30        0E8E2
__ptext31                                   text31        0FC5E
__ptext32                                   text32        0E1E4
__ptext33                                   text33        0E24E
__ptext34                                   text34        0E548
__ptext35                                   text35        0E5E8
__ptext36                                   text36        0F722
__ptext37                                   text37        0E14A
__ptext38                                   text38        0E644
__ptext39                                   text39        0EC02
__ptext4                                    text4         0E0CC
__ptext40                                   text40        0E11A
__ptext41                                   text41        0E1C2
__ptext42                                   text42        0E594
__ptext43                                   text43        0E4FC
__ptext44                                   text44        0E206
__ptext45                                   text45        0E4B4
__ptext46                                   text46        0E95A
__ptext47                                   text47        0E108
__ptext48                                   text48        0E0D6
__ptext49                                   text49        0E326
__ptext5                                    text5         0E22A
__ptext50                                   text50        0E86C
__ptext51                                   text51        0E0F6
__ptext52                                   text52        0FACE
__ptext53                                   text53        0EC94
__ptext54                                   text54        0F616
__ptext55                                   text55        0F988
__ptext56                                   text56        0E0E4
__ptext57                                   text57        0F852
__ptext58                                   text58        0E6A6
__ptext59                                   text59        0EB74
__ptext6                                    text6         0E2FA
__ptext60                                   text60        00000
__ptext7                                    text7         0E2CE
__ptext8                                    text8         0EE96
__ptext9                                    text9         0F00A
__ramtop                                    ramtop        00F00
__size_of_Delay100TCYx                      (abs)         00000
__size_of_Delay1KTCYx                       (abs)         00000
__size_of_Read_RTC                          (abs)         00000
__size_of_RtccReadDate                      (abs)         00000
__size_of_RtccReadTime                      (abs)         00000
__size_of_RtccWrOn                          (abs)         00000
__size_of_RtccWriteDate                     (abs)         00000
__size_of_RtccWriteTime                     (abs)         00000
__size_of_Setup                             (abs)         00000
__size_of_Write_RTC                         (abs)         00000
__size_of___awdiv                           (abs)         00000
__size_of___lwdiv                           (abs)         00000
__size_of___lwmod                           (abs)         00000
__size_of___wmul                            (abs)         00000
__size_of_actualizar_password               (abs)         00000
__size_of_atoi                              (abs)         00000
__size_of_cambiar_anio                      (abs)         00000
__size_of_cambiar_dia                       (abs)         00000
__size_of_cambiar_fecha                     (abs)         00000
__size_of_cambiar_hora                      (abs)         00000
__size_of_cambiar_horario                   (abs)         00000
__size_of_cambiar_mes                       (abs)         00000
__size_of_cambiar_minutos                   (abs)         00000
__size_of_cambiar_password                  (abs)         00000
__size_of_caratula                          (abs)         00000
__size_of_clear_display                     (abs)         00000
__size_of_confirmar_actualizar_password     (abs)         00000
__size_of_convertir_a_int_fecha             (abs)         00000
__size_of_convertir_a_int_hora              (abs)         00000
__size_of_guardar_comando                   (abs)         00000
__size_of_guardar_current_password          (abs)         00000
__size_of_guardar_elemento_fecha            (abs)         00000
__size_of_guardar_elemento_hora             (abs)         00000
__size_of_guardar_nuevo_password            (abs)         00000
__size_of_guardar_password_temporal         (abs)         00000
__size_of_guardar_tecla_presionada          (abs)         00000
__size_of_imprimir_tecla                    (abs)         00000
__size_of_ingresar_comando                  (abs)         00000
__size_of_ingresar_password                 (abs)         00000
__size_of_inicializar_fecha                 (abs)         00000
__size_of_inicializar_hora                  (abs)         00000
__size_of_isdigit                           (abs)         00000
__size_of_lcd_comand                        (abs)         00000
__size_of_lcd_gotoxy                        (abs)         00000
__size_of_lcd_init                          (abs)         00000
__size_of_lcd_putc                          (abs)         00000
__size_of_lcd_putrs                         (abs)         00000
__size_of_lcd_send_byte                     (abs)         00000
__size_of_lcd_send_nibble                   (abs)         00000
__size_of_leer_teclado                      (abs)         00000
__size_of_main                              (abs)         00000
__size_of_mostrar_guardar_nuevo_password    (abs)         00000
__size_of_mostrar_guardar_password          (abs)         00000
__size_of_mostrar_guardar_temporal_password (abs)         00000
__size_of_mostrar_titulo_menu               (abs)         00000
__size_of_restaurar_comando                 (abs)         00000
__size_of_sprintf                           (abs)         00000
__size_of_validar_comando                   (abs)         00000
__size_of_validar_password                  (abs)         00000
__size_of_verficar_password                 (abs)         00000
__smallconst                                smallconst    00000
_a                                          bssBANK0      00091
_activada                                   dataBANK0     000D8
_actualizar_password                        text36        0F722
_anio                                       dataBANK0     000DA
_anio_d                                     nvBANK0       000E6
_anio_u                                     nvBANK0       000E7
_atoi                                       text25        0F19A
_autorizado                                 bssBANK0      00093
_b                                          bssBANK0      00095
_buffer2                                    bssBANK0      000A7
_c                                          bssBANK0      00097
_cambiar_anio                               text12        0EF4C
_cambiar_dia                                text10        0EDE0
_cambiar_fecha                              text39        0EC02
_cambiar_hora                               text8         0EE96
_cambiar_horario                            text38        0E644
_cambiar_mes                                text11        0ED2A
_cambiar_minutos                            text9         0F00A
_cambiar_password                           text29        0F0CA
_caratula                                   text28        0F26E
_caratula$527                               cstackCOMRAM  00026
_clear_display                              text41        0E1C2
_comando                                    dataBANK0     000D5
_confirmar_actualizar_password              text5         0E22A
_convertir_a_int_fecha                      text24        0E168
_convertir_a_int_hora                       text21        0E186
_current_password                           bssBANK0      00078
_day                                        bssBANK0      000BF
_dia                                        dataBANK0     000DC
_dia_semana                                 nvBANK0       000E8
_diasem                                     dataBANK0     000DE
_dpowers                                    mediumconst   0FEC3
_encendida                                  bssBANK0      00099
_fecha_d                                    nvBANK0       000E9
_fecha_u                                    nvBANK0       000EA
_flag                                       bitbssCOMRAM  002F8
_guardar_comando                            text17        0E714
_guardar_current_password                   text15        0E428
_guardar_elemento_fecha                     text23        0E784
_guardar_elemento_hora                      text20        0E7F8
_guardar_nuevo_password                     text16        0E3E2
_guardar_password_temporal                  text14        0E46E
_guardar_tecla_presionada                   text3         0EAEA
_hora                                       dataBANK0     000E0
_hora_d                                     nvBANK0       000EB
_hora_u                                     nvBANK0       000EC
_hour                                       bssBANK0      000C2
_i                                          bssBANK0      0009B
_imprimir_tecla                             text18        0E39C
_ingresar_comando                           text4         0E0CC
_ingresar_password                          text26        0F344
_inicializar_fecha                          text22        0E276
_inicializar_hora                           text19        0E1A4
_isdigit                                    text32        0E1E4
_isdigit$2628                               cstackCOMRAM  00002
_j                                          bssBANK0      0009D
_k                                          bssBANK0      0009F
_key                                        bssCOMRAM     0004F
_lcd_comand                                 text48        0E0D6
_lcd_gotoxy                                 text44        0E206
_lcd_init                                   text46        0E95A
_lcd_putc                                   text43        0E4FC
_lcd_putrs                                  text42        0E594
_lcd_send_byte                              text49        0E326
_lcd_send_nibble                            text50        0E86C
_leer_teclado                               text2         0F510
_main                                       text0         0F42A
_mes                                        dataBANK0     000E2
_mes_d                                      nvBANK0       000ED
_mes_u                                      nvBANK0       000EE
_minutes                                    bssBANK0      000C5
_minuto                                     dataBANK0     000E4
_minuto_d                                   nvBANK0       000EF
_minuto_u                                   nvBANK0       000F0
_month                                      bssBANK0      000C8
_mostrar_guardar_nuevo_password             text6         0E2FA
_mostrar_guardar_password                   text7         0E2CE
_mostrar_guardar_temporal_password          text13        0E2A2
_mostrar_titulo_menu                        text40        0E11A
_new_password                               bssBANK0      0007F
_ocultar_teclas                             bssBANK0      000A1
_password                                   dataBANK0     000CE
_puntero_funcion                            bssCOMRAM     00049
_restaurar_comando                          text37        0E14A
_segundo                                    bssBANK0      000A3
_segundo_d                                  nvCOMRAM      0005E
_segundo_u                                  nvBANK0       000F1
_sprintf                                    text31        0FC5E
_tamanio_anio                               bssCOMRAM     00054
_tamanio_comando                            bssBANK0      000A5
_tamanio_dia                                bssCOMRAM     00056
_tamanio_hora                               bssCOMRAM     00058
_tamanio_mes                                bssCOMRAM     0005A
_tamanio_minutos                            bssCOMRAM     0005C
_tamanio_new_password                       bssCOMRAM     0004B
_tamanio_password                           bssCOMRAM     0004D
_temporal                                   bssBANK0      00086
_validar_comando                            text1         0E9DA
_validar_password                           text27        0EA60
_verficar_password                          text30        0E8E2
_year                                       bssBANK0      000CB
actualizar_password@confirmar               cstackCOMRAM  00001
actualizar_password@j                       cstackCOMRAM  00009
actualizar_password@j_1623                  cstackCOMRAM  0000B
actualizar_password@valor                   cstackCOMRAM  00003
atoi@a                                      cstackCOMRAM  0000C
atoi@s                                      cstackCOMRAM  00007
atoi@sign                                   cstackCOMRAM  0000B
cambiar_anio@i                              cstackCOMRAM  0002D
cambiar_anio@tecla                          cstackCOMRAM  0002C
cambiar_anio@valor                          cstackCOMRAM  0002F
cambiar_dia@i                               cstackCOMRAM  0002D
cambiar_dia@tecla                           cstackCOMRAM  0002C
cambiar_dia@valor                           cstackCOMRAM  0002F
cambiar_hora@i                              cstackCOMRAM  0002D
cambiar_hora@tecla                          cstackCOMRAM  0002C
cambiar_hora@valor                          cstackCOMRAM  0002F
cambiar_mes@i                               cstackCOMRAM  0002D
cambiar_mes@tecla                           cstackCOMRAM  0002C
cambiar_mes@valor                           cstackCOMRAM  0002F
cambiar_minutos@i                           cstackCOMRAM  0002D
cambiar_minutos@tecla                       cstackCOMRAM  0002C
cambiar_minutos@valor                       cstackCOMRAM  0002F
cambiar_password@confirmar                  cstackCOMRAM  00024
cambiar_password@verifica                   cstackCOMRAM  00026
caratula@titulo                             cstackCOMRAM  00024
clear_display@pos                           cstackCOMRAM  0000B
confirmar_actualizar_password@tecla         cstackCOMRAM  00039
convertir_a_int_fecha@array                 cstackCOMRAM  0000E
convertir_a_int_fecha@valor                 cstackCOMRAM  00010
convertir_a_int_hora@array                  cstackCOMRAM  0000E
convertir_a_int_hora@valor                  cstackCOMRAM  00010
end_of_initialization                       cinit         0E392
guardar_comando@aux                         cstackCOMRAM  00026
guardar_comando@tecla                       cstackCOMRAM  0003A
guardar_current_password@valor              cstackCOMRAM  00003
guardar_elemento_fecha@array                cstackCOMRAM  00024
guardar_elemento_fecha@tamanio_array        cstackCOMRAM  00026
guardar_elemento_fecha@tecla                cstackCOMRAM  0002A
guardar_elemento_hora@array                 cstackCOMRAM  00024
guardar_elemento_hora@tamanio_array         cstackCOMRAM  00026
guardar_elemento_hora@tecla                 cstackCOMRAM  0002A
guardar_nuevo_password@valor                cstackCOMRAM  00003
guardar_password_temporal@valor             cstackCOMRAM  00003
guardar_tecla_presionada@i                  cstackCOMRAM  0003E
guardar_tecla_presionada@letra              cstackCOMRAM  0003C
imprimir_tecla@aux                          cstackCOMRAM  00024
imprimir_tecla@tecla                        cstackCOMRAM  00038
ingresar_comando@key                        cstackCOMRAM  0003B
ingresar_password@clear                     cstackCOMRAM  0000C
ingresar_password@i                         cstackCOMRAM  0001E
ingresar_password@i_565                     cstackCOMRAM  0001C
intlevel0                                   text          00000
intlevel1                                   text          00000
intlevel2                                   text          00000
intlevel3                                   text          00000
isdigit@c                                   cstackCOMRAM  00003
lcd_comand@d                                cstackCOMRAM  00005
lcd_gotoxy@address                          cstackCOMRAM  00007
lcd_gotoxy@x                                cstackCOMRAM  00006
lcd_gotoxy@y                                cstackCOMRAM  00005
lcd_init@i                                  cstackCOMRAM  00005
lcd_putc@c                                  cstackCOMRAM  00008
lcd_putrs@ptr                               cstackCOMRAM  00009
lcd_send_byte@address                       cstackCOMRAM  00004
lcd_send_byte@n                             cstackCOMRAM  00003
lcd_send_nibble@nibble                      cstackCOMRAM  00002
leer_teclado@i                              cstackCOMRAM  00043
leer_teclado@ocultar                        cstackCOMRAM  00040
main@ocultar_teclas                         cstackCOMRAM  00045
main@validacion                             cstackCOMRAM  00047
mostrar_guardar_nuevo_password@tecla        cstackCOMRAM  00039
mostrar_guardar_password@tecla              cstackCOMRAM  00039
mostrar_guardar_temporal_password@tecla     cstackCOMRAM  00039
mostrar_titulo_menu@titulo_menu             cstackCOMRAM  0000B
sprintf@ap                                  cstackCOMRAM  0001B
sprintf@c                                   cstackCOMRAM  00023
sprintf@f                                   cstackCOMRAM  0000F
sprintf@flag                                cstackCOMRAM  0001D
sprintf@prec                                cstackCOMRAM  00020
sprintf@sp                                  cstackCOMRAM  0000D
sprintf@val                                 cstackCOMRAM  0001E
sprintf@width                               cstackCOMRAM  00021
stackhi                                     (abs)         00EBF
stacklo                                     (abs)         000F2
start                                       init          00000
start_initialization                        cinit         0E358
validar_comando@candidato                   cstackCOMRAM  00001
validar_comando@i                           cstackCOMRAM  00008
validar_comando@validar                     cstackCOMRAM  00003
validar_password@i                          cstackCOMRAM  00003
verficar_password@i                         cstackCOMRAM  00005
verficar_password@verifica                  cstackCOMRAM  00001


FUNCTION INFORMATION:

 *************** function _main *****************
 Defined at:
		line 234 in file "main.c"
 Parameters:    Size  Location     Type
		None
 Auto vars:     Size  Location     Type
  validacion      2   70[COMRAM] int 
  ocultar_tecl    2   68[COMRAM] int 
 Return value:  Size  Location     Type
                  2  255[None  ] int 
 Registers used:
		wreg, fsr0l, fsr0h, fsr1l, fsr1h, fsr2l, fsr2h, status,2, status,0, pclat, tosl, tblptrl, tblptrh, tblptru, prodl, prodh, cstack
 Tracked objects:
		On entry : 
		On exit  : 
		Unchanged: 
 Data sizes:     COMRAM   BANK0   BANK1   BANK2   BANK3   BANK4   BANK5   BANK6   BANK7   BANK8   BANK9  BANK10  BANK11  BANK12  BANK13  BANK14
      Params:         0       0       0       0       0       0       0       0       0       0       0       0       0       0       0       0
      Locals:         4       0       0       0       0       0       0       0       0       0       0       0       0       0       0       0
      Temps:          0       0       0       0       0       0       0       0       0       0       0       0       0       0       0       0
      Totals:         4       0       0       0       0       0       0       0       0       0       0       0       0       0       0       0
Total ram usage:        4 bytes
 Hardware stack levels required when called:    9
 This function calls:
		_Read_RTC
		_Setup
		_cambiar_fecha
		_cambiar_horario
		_cambiar_password
		_caratula
		_ingresar_password
		_leer_teclado
		_restaurar_comando
		_validar_comando
 This function is called by:
		Startup code after reset
 This function uses a non-reentrant model


 *************** function _validar_comando *****************
 Defined at:
		line 29 in file "../../../../../../Program Files/Unimic/unmc_01/sources/teclado.c"
 Parameters:    Size  Location     Type
  candidato       2    0[COMRAM] PTR unsigned char 
		 -> STR_27(3), STR_26(3), STR_24(3), STR_23(3), 
		 -> STR_11(3), 
  validar         2    2[COMRAM] PTR int 
		 -> main@validacion(2), 
 Auto vars:     Size  Location     Type
  i               2    7[COMRAM] int 
 Return value:  Size  Location     Type
		None               void
 Registers used:
		wreg, fsr2l, fsr2h, status,2, status,0, tblptrl, tblptrh, tblptru
 Tracked objects:
		On entry : 
		On exit  : 
		Unchanged: 
 Data sizes:     COMRAM   BANK0   BANK1   BANK2   BANK3   BANK4   BANK5   BANK6   BANK7   BANK8   BANK9  BANK10  BANK11  BANK12  BANK13  BANK14
      Params:         4       0       0       0       0       0       0       0       0       0       0       0       0       0       0       0
      Locals:         2       0       0       0       0       0       0       0       0       0       0       0       0       0       0       0
      Temps:          3       0       0       0       0       0       0       0       0       0       0       0       0       0       0       0
      Totals:         9       0       0       0       0       0       0       0       0       0       0       0       0       0       0       0
Total ram usage:        9 bytes
 Hardware stack levels used:    1
 This function calls:
		Nothing
 This function is called by:
		_main
		_mostrar_caratula
 This function uses a non-reentrant model


 *************** function _leer_teclado *****************
 Defined at:
		line 67 in file "../../../../../../Program Files/Unimic/unmc_01/sources/teclado.c"
 Parameters:    Size  Location     Type
  ocultar         2   63[COMRAM] int 
 Auto vars:     Size  Location     Type
  i               2   66[COMRAM] int 
 Return value:  Size  Location     Type
		None               void
 Registers used:
		wreg, fsr0l, fsr0h, fsr2l, fsr2h, status,2, status,0, pclat, tosl, tblptrl, tblptrh, tblptru, prodl, prodh, cstack
 Tracked objects:
		On entry : 
		On exit  : 
		Unchanged: 
 Data sizes:     COMRAM   BANK0   BANK1   BANK2   BANK3   BANK4   BANK5   BANK6   BANK7   BANK8   BANK9  BANK10  BANK11  BANK12  BANK13  BANK14
      Params:         2       0       0       0       0       0       0       0       0       0       0       0       0       0       0       0
      Locals:         2       0       0       0       0       0       0       0       0       0       0       0       0       0       0       0
      Temps:          1       0       0       0       0       0       0       0       0       0       0       0       0       0       0       0
      Totals:         5       0       0       0       0       0       0       0       0       0       0       0       0       0       0       0
Total ram usage:        5 bytes
 Hardware stack levels used:    1
 Hardware stack levels required when called:    8
 This function calls:
		Absolute function
		_cambiar_anio
		_cambiar_dia
		_cambiar_hora
		_cambiar_mes
		_cambiar_minutos
		_confirmar_actualizar_password
		_guardar_tecla_presionada
		_ingresar_comando
		_lcd_putrs
		_mostrar_guardar_nuevo_password
		_mostrar_guardar_password
		_mostrar_guardar_temporal_password
 This function is called by:
		_main
 This function uses a non-reentrant model


 *************** function _guardar_tecla_presionada *****************
 Defined at:
		line 60 in file "../../../../../../Program Files/Unimic/unmc_01/sources/teclado.c"
 Parameters:    Size  Location     Type
  letra           2   59[COMRAM] PTR unsigned char 
		 -> STR_33(2), STR_32(2), STR_31(2), 
  i               2   61[COMRAM] int 
 Auto vars:     Size  Location     Type
		None
 Return value:  Size  Location     Type
		None               void
 Registers used:
		wreg, fsr0l, fsr0h, fsr2l, fsr2h, status,2, status,0, pclat, tosl, tblptrl, tblptrh, tblptru, prodl, prodh, cstack
 Tracked objects:
		On entry : 
		On exit  : 
		Unchanged: 
 Data sizes:     COMRAM   BANK0   BANK1   BANK2   BANK3   BANK4   BANK5   BANK6   BANK7   BANK8   BANK9  BANK10  BANK11  BANK12  BANK13  BANK14
      Params:         4       0       0       0       0       0       0       0       0       0       0       0       0       0       0       0
      Locals:         0       0       0       0       0       0       0       0       0       0       0       0       0       0       0       0
      Temps:          0       0       0       0       0       0       0       0       0       0       0       0       0       0       0       0
      Totals:         4       0       0       0       0       0       0       0       0       0       0       0       0       0       0       0
Total ram usage:        4 bytes
 Hardware stack levels used:    1
 Hardware stack levels required when called:    7
 This function calls:
		Absolute function
		_cambiar_anio
		_cambiar_dia
		_cambiar_hora
		_cambiar_mes
		_cambiar_minutos
		_confirmar_actualizar_password
		_ingresar_comando
[...]
 Auto vars:     Size  Location     Type
  unit            1    0[COMRAM] unsigned char 
 Return value:  Size  Location     Type
		None               void
 Registers used:
		wreg
 Tracked objects:
		On entry : 
		On exit  : 
		Unchanged: 
 Data sizes:     COMRAM   BANK0   BANK1   BANK2   BANK3   BANK4   BANK5   BANK6   BANK7   BANK8   BANK9  BANK10  BANK11  BANK12  BANK13  BANK14
      Params:         0       0       0       0       0       0       0       0       0       0       0       0       0       0       0       0
      Locals:         1       0       0       0       0       0       0       0       0       0       0       0       0       0       0       0
      Temps:          0       0       0       0       0       0       0       0       0       0       0       0       0       0       0       0
      Totals:         1       0       0       0       0       0       0       0       0       0       0       0       0       0       0       0
Total ram usage:        1 bytes
 Hardware stack levels used:    1
 This function calls:
		Nothing
 This function is called by:
		_lcd_send_byte
 This function uses a non-reentrant model


 *************** function _Write_RTC *****************
 Defined at:
		line 35 in file "../../../../../../Program Files/Unimic/unmc_01/sources/unmc_rtcc_02.c"
 Parameters:    Size  Location     Type
		None
 Auto vars:     Size  Location     Type
		None
 Return value:  Size  Location     Type
		None               void
 Registers used:
		wreg, fsr2l, fsr2h, status,2, status,0, prodl, prodh, cstack
 Tracked objects:
		On entry : 
		On exit  : 
		Unchanged: 
 Data sizes:     COMRAM   BANK0   BANK1   BANK2   BANK3   BANK4   BANK5   BANK6   BANK7   BANK8   BANK9  BANK10  BANK11  BANK12  BANK13  BANK14
      Params:         0       0       0       0       0       0       0       0       0       0       0       0       0       0       0       0
      Locals:         0       0       0       0       0       0       0       0       0       0       0       0       0       0       0       0
      Temps:          0       0       0       0       0       0       0       0       0       0       0       0       0       0       0       0
      Totals:         0       0       0       0       0       0       0       0       0       0       0       0       0       0       0       0
Total ram usage:        0 bytes
 Hardware stack levels used:    1
 Hardware stack levels required when called:    2
 This function calls:
		_RtccWrOn
		_RtccWriteDate
		_RtccWriteTime
		___awdiv
 This function is called by:
		_Setup
		_cambiar_dia
		_cambiar_mes
		_cambiar_anio
		_cambiar_hora
		_cambiar_minutos
 This function uses a non-reentrant model


 *************** function ___awdiv *****************
 Defined at:
		line 8 in file "C:\Program Files (x86)\Microchip\xc8\v1.34\sources\common\awdiv.c"
 Parameters:    Size  Location     Type
  dividend        2    0[COMRAM] int 
  divisor         2    2[COMRAM] int 
 Auto vars:     Size  Location     Type
  quotient        2    6[COMRAM] int 
  sign            1    5[COMRAM] unsigned char 
  counter         1    4[COMRAM] unsigned char 
 Return value:  Size  Location     Type
                  2    0[COMRAM] int 
 Registers used:
		wreg, status,2, status,0
 Tracked objects:
		On entry : 
		On exit  : 
		Unchanged: 
 Data sizes:     COMRAM   BANK0   BANK1   BANK2   BANK3   BANK4   BANK5   BANK6   BANK7   BANK8   BANK9  BANK10  BANK11  BANK12  BANK13  BANK14
      Params:         4       0       0       0       0       0       0       0       0       0       0       0       0       0       0       0
      Locals:         4       0       0       0       0       0       0       0       0       0       0       0       0       0       0       0
      Temps:          0       0       0       0       0       0       0       0       0       0       0       0       0       0       0       0
      Totals:         8       0       0       0       0       0       0       0       0       0       0       0       0       0       0       0
Total ram usage:        8 bytes
 Hardware stack levels used:    1
 This function calls:
		Nothing
 This function is called by:
		_Write_RTC
 This function uses a non-reentrant model


 *************** function _RtccWriteTime *****************
 Defined at:
		line 34 in file "C:\Program Files (x86)\Microchip\xc8\v1.34\sources\pic18\plib\rtcc\RtccWriteTime.c"
 Parameters:    Size  Location     Type
  pTm             2    0[COMRAM] PTR const struct .
		 -> RtccTime(4), 
  di              1    2[COMRAM] enum E7121
 Auto vars:     Size  Location     Type
  tempHourWDay    2    9[COMRAM] struct .
  tempMinSec      2    7[COMRAM] struct .
  wasWrEn         1    6[COMRAM] enum E7121
  wasAlrm         1    5[COMRAM] enum E7121
  wasOn           1    4[COMRAM] enum E7121
 Return value:  Size  Location     Type
                  1    wreg      enum E7121
 Registers used:
		wreg, fsr2l, fsr2h, status,2, status,0, cstack
 Tracked objects:
		On entry : 
		On exit  : 
		Unchanged: 
 Data sizes:     COMRAM   BANK0   BANK1   BANK2   BANK3   BANK4   BANK5   BANK6   BANK7   BANK8   BANK9  BANK10  BANK11  BANK12  BANK13  BANK14
      Params:         3       0       0       0       0       0       0       0       0       0       0       0       0       0       0       0
      Locals:         7       0       0       0       0       0       0       0       0       0       0       0       0       0       0       0
      Temps:          1       0       0       0       0       0       0       0       0       0       0       0       0       0       0       0
      Totals:        11       0       0       0       0       0       0       0       0       0       0       0       0       0       0       0
Total ram usage:       11 bytes
 Hardware stack levels used:    1
 Hardware stack levels required when called:    1
 This function calls:
		_RtccWrOn
 This function is called by:
		_Write_RTC
 This function uses a non-reentrant model


 *************** function _RtccWriteDate *****************
 Defined at:
		line 35 in file "C:\Program Files (x86)\Microchip\xc8\v1.34\sources\pic18\plib\rtcc\RtccWriteDate.c"
 Parameters:    Size  Location     Type
  pDt             2    0[COMRAM] PTR const struct .
		 -> RtccDate(4), 
  di              1    2[COMRAM] enum E7121
 Auto vars:     Size  Location     Type
  tempHourWDay    2   11[COMRAM] struct .
  tempDayMonth    2    9[COMRAM] struct .
  tempYear        2    6[COMRAM] struct .
  wasWrEn         1    8[COMRAM] enum E7121
  wasAlrm         1    5[COMRAM] enum E7121
  wasOn           1    4[COMRAM] enum E7121
 Return value:  Size  Location     Type
                  1    wreg      enum E7121
 Registers used:
		wreg, fsr2l, fsr2h, status,2, status,0, cstack
 Tracked objects:
		On entry : 
		On exit  : 
		Unchanged: 
 Data sizes:     COMRAM   BANK0   BANK1   BANK2   BANK3   BANK4   BANK5   BANK6   BANK7   BANK8   BANK9  BANK10  BANK11  BANK12  BANK13  BANK14
      Params:         3       0       0       0       0       0       0       0       0       0       0       0       0       0       0       0
      Locals:         9       0       0       0       0       0       0       0       0       0       0       0       0       0       0       0
      Temps:          1       0       0       0       0       0       0       0       0       0       0       0       0       0       0       0
      Totals:        13       0       0       0       0       0       0       0       0       0       0       0       0       0       0       0
Total ram usage:       13 bytes
 Hardware stack levels used:    1
 Hardware stack levels required when called:    1
 This function calls:
		_RtccWrOn
 This function is called by:
		_Write_RTC
 This function uses a non-reentrant model


 *************** function _RtccWrOn *****************
 Defined at:
		line 21 in file "C:\Program Files (x86)\Microchip\xc8\v1.34\sources\pic18\plib\rtcc\RtccWrOn.c"
 Parameters:    Size  Location     Type
		None
 Auto vars:     Size  Location     Type
  data            2    0        unsigned int 
 Return value:  Size  Location     Type
		None               void
 Registers used:
		wreg, status,2
 Tracked objects:
		On entry : 
		On exit  : 
		Unchanged: 
 Data sizes:     COMRAM   BANK0   BANK1   BANK2   BANK3   BANK4   BANK5   BANK6   BANK7   BANK8   BANK9  BANK10  BANK11  BANK12  BANK13  BANK14
      Params:         0       0       0       0       0       0       0       0       0       0       0       0       0       0       0       0
      Locals:         0       0       0       0       0       0       0       0       0       0       0       0       0       0       0       0
      Temps:          0       0       0       0       0       0       0       0       0       0       0       0       0       0       0       0
      Totals:         0       0       0       0       0       0       0       0       0       0       0       0       0       0       0       0
Total ram usage:        0 bytes
 Hardware stack levels used:    1
 This function calls:
		Nothing
 This function is called by:
		_Write_RTC
		_RtccWriteDate
		_RtccWriteTime
 This function uses a non-reentrant model


 *************** function _Read_RTC *****************
 Defined at:
		line 72 in file "../../../../../../Program Files/Unimic/unmc_01/sources/unmc_rtcc_02.c"
 Parameters:    Size  Location     Type
		None
 Auto vars:     Size  Location     Type
		None
 Return value:  Size  Location     Type
		None               void
 Registers used:
		wreg, fsr2l, fsr2h, status,2, status,0, prodl, prodh, cstack
 Tracked objects:
		On entry : 
		On exit  : 
		Unchanged: 
 Data sizes:     COMRAM   BANK0   BANK1   BANK2   BANK3   BANK4   BANK5   BANK6   BANK7   BANK8   BANK9  BANK10  BANK11  BANK12  BANK13  BANK14
      Params:         0       0       0       0       0       0       0       0       0       0       0       0       0       0       0       0
      Locals:         0       0       0       0       0       0       0       0       0       0       0       0       0       0       0       0
      Temps:          0       0       0       0       0       0       0       0       0       0       0       0       0       0       0       0
      Totals:         0       0       0       0       0       0       0       0       0       0       0       0       0       0       0       0
Total ram usage:        0 bytes
 Hardware stack levels used:    1
 Hardware stack levels required when called:    1
 This function calls:
		_RtccReadDate
		_RtccReadTime
 This function is called by:
		_main
 This function uses a non-reentrant model


 *************** function _RtccReadTime *****************
 Defined at:
		line 23 in file "C:\Program Files (x86)\Microchip\xc8\v1.34\sources\pic18\plib\rtcc\RtccReadTime.c"
 Parameters:    Size  Location     Type
  pTm             2    0[COMRAM] PTR struct .
		 -> RtccTime(4), 
 Auto vars:     Size  Location     Type
  rTD0            8   10[COMRAM] struct .
  rTD1            8    2[COMRAM] struct .
 Return value:  Size  Location     Type
		None               void
 Registers used:
		wreg, fsr2l, fsr2h, status,2, status,0
 Tracked objects:
		On entry : 
		On exit  : 
		Unchanged: 
 Data sizes:     COMRAM   BANK0   BANK1   BANK2   BANK3   BANK4   BANK5   BANK6   BANK7   BANK8   BANK9  BANK10  BANK11  BANK12  BANK13  BANK14
      Params:         2       0       0       0       0       0       0       0       0       0       0       0       0       0       0       0
      Locals:        16       0       0       0       0       0       0       0       0       0       0       0       0       0       0       0
      Temps:          0       0       0       0       0       0       0       0       0       0       0       0       0       0       0       0
      Totals:        18       0       0       0       0       0       0       0       0       0       0       0       0       0       0       0
Total ram usage:       18 bytes
 Hardware stack levels used:    1
 This function calls:
		Nothing
 This function is called by:
		_Read_RTC
 This function uses a non-reentrant model


 *************** function _RtccReadDate *****************
 Defined at:
		line 23 in file "C:\Program Files (x86)\Microchip\xc8\v1.34\sources\pic18\plib\rtcc\RtccReadDate.c"
 Parameters:    Size  Location     Type
  pDt             2    0[COMRAM] PTR struct .
		 -> RtccDate(4), 
 Auto vars:     Size  Location     Type
  rTD0            8   10[COMRAM] struct .
  rTD1            8    2[COMRAM] struct .
 Return value:  Size  Location     Type
		None               void
 Registers used:
		wreg, fsr2l, fsr2h, status,2, status,0
 Tracked objects:
		On entry : 
		On exit  : 
		Unchanged: 
 Data sizes:     COMRAM   BANK0   BANK1   BANK2   BANK3   BANK4   BANK5   BANK6   BANK7   BANK8   BANK9  BANK10  BANK11  BANK12  BANK13  BANK14
      Params:         2       0       0       0       0       0       0       0       0       0       0       0       0       0       0       0
      Locals:        16       0       0       0       0       0       0       0       0       0       0       0       0       0       0       0
      Temps:          0       0       0       0       0       0       0       0       0       0       0       0       0       0       0       0
      Totals:        18       0       0       0       0       0       0       0       0       0       0       0       0       0       0       0
Total ram usage:       18 bytes
 Hardware stack levels used:    1
 This function calls:
		Nothing
 This function is called by:
		_Read_RTC
 This function uses a non-reentrant model



MODULE INFORMATION

Module		Function		Class		Link	Load	Size
C:\Program Files (x86)\Microchip\xc8\v1.34\sources\pic18\plib\rtcc\RtccReadDate.c
		_RtccReadDate  		CODE           	EB74	0000	143

C:\Program Files (x86)\Microchip\xc8\v1.34\sources\pic18\plib\rtcc\RtccReadDate.c estimated size: 143

C:\Program Files (x86)\Microchip\xc8\v1.34\sources\pic18\d1ktcyx.c
		_Delay1KTCYx   		CODE           	E108	0000	19

C:\Program Files (x86)\Microchip\xc8\v1.34\sources\pic18\d1ktcyx.c estimated size: 19

C:\Program Files (x86)\Microchip\xc8\v1.34\sources\pic18\plib\rtcc\RtccWriteTime.c
		_RtccWriteTime 		CODE           	F616	0000	269

C:\Program Files (x86)\Microchip\xc8\v1.34\sources\pic18\plib\rtcc\RtccWriteTime.c estimated size: 269

../../../../../../Program Files/Unimic/unmc_01/sources/alarma.c
		_guardar_nuevo_		CODE           	E3E2	0000	71
		_validar_passwo		CODE           	EA60	0000	139
		_verficar_passw		CODE           	E8E2	0000	121
		_actualizar_pas		CODE           	F722	0000	305
		_guardar_passwo		CODE           	E46E	0000	71
		_guardar_curren		CODE           	E428	0000	71

../../../../../../Program Files/Unimic/unmc_01/sources/alarma.c estimated size: 778

C:\Program Files (x86)\Microchip\xc8\v1.34\sources\common\atoi.c
		_atoi          		CODE           	F19A	0000	213

C:\Program Files (x86)\Microchip\xc8\v1.34\sources\common\atoi.c estimated size: 213

C:\Program Files (x86)\Microchip\xc8\v1.34\sources\common\lwmod.c
		___lwmod       		CODE           	E548	0000	77

C:\Program Files (x86)\Microchip\xc8\v1.34\sources\common\lwmod.c estimated size: 77

C:\Program Files (x86)\Microchip\xc8\v1.34\sources\pic18\plib\rtcc\RtccWrOn.c
		_RtccWrOn      		CODE           	E0E4	0000	19

C:\Program Files (x86)\Microchip\xc8\v1.34\sources\pic18\plib\rtcc\RtccWrOn.c estimated size: 19

../../../../../../Program Files/Unimic/unmc_01/headers/hora.c
		_cambiar_hora  		CODE           	EE96	0000	183
		_guardar_elemen		CODE           	E7F8	0000	117
		_inicializar_ho		CODE           	E1A4	0000	31
		_convertir_a_in		CODE           	E186	0000	31
		_cambiar_minuto		CODE           	F00A	0000	193

../../../../../../Program Files/Unimic/unmc_01/headers/hora.c estimated size: 555

C:\Program Files (x86)\Microchip\xc8\v1.34\sources\pic18\plib\rtcc\RtccReadTime.c
		_RtccReadTime  		CODE           	E6A6	0000	111

C:\Program Files (x86)\Microchip\xc8\v1.34\sources\pic18\plib\rtcc\RtccReadTime.c estimated size: 111

../../../../../../Program Files/Unimic/unmc_01/sources/fecha.c
		_convertir_a_in		CODE           	E168	0000	31
		_guardar_elemen		CODE           	E784	0000	117
		_cambiar_dia   		CODE           	EDE0	0000	183
		_cambiar_mes   		CODE           	ED2A	0000	183
		_cambiar_anio  		CODE           	EF4C	0000	191
		_inicializar_fe		CODE           	E276	0000	45

../../../../../../Program Files/Unimic/unmc_01/sources/fecha.c estimated size: 750

C:\Program Files (x86)\Microchip\xc8\v1.34\sources\common\isdigit.c
		_isdigit       		CODE           	E1E4	0000	35

C:\Program Files (x86)\Microchip\xc8\v1.34\sources\common\isdigit.c estimated size: 35

../../../../../../Program Files/Unimic/unmc_01/sources/teclado.c
		_restaurar_coma		CODE           	E14A	0000	31
		_imprimir_tecla		CODE           	E39C	0000	71
		_guardar_comand		CODE           	E714	0000	113
		_leer_teclado  		CODE           	F510	0000	263
		_guardar_tecla_		CODE           	EAEA	0000	139
		_validar_comand		CODE           	E9DA	0000	135

../../../../../../Program Files/Unimic/unmc_01/sources/teclado.c estimated size: 752

shared
		_dpowers       		MEDIUMCONST    	FEC3	0000	11
		_LCD_INIT_STRIN		MEDIUMCONST    	FECD	0000	5
		__initializatio		CODE           	E358	0000	59

shared estimated size: 75

C:\Program Files (x86)\Microchip\xc8\v1.34\sources\common\lwdiv.c
		___lwdiv       		CODE           	E5E8	0000	93

C:\Program Files (x86)\Microchip\xc8\v1.34\sources\common\lwdiv.c estimated size: 93

C:\Program Files (x86)\Microchip\xc8\v1.34\sources\common\awdiv.c
		___awdiv       		CODE           	EC94	0000	151

C:\Program Files (x86)\Microchip\xc8\v1.34\sources\common\awdiv.c estimated size: 151

C:\Program Files (x86)\Microchip\xc8\v1.34\sources\pic18\d100tcyx.c
		_Delay100TCYx  		CODE           	E0F6	0000	19

C:\Program Files (x86)\Microchip\xc8\v1.34\sources\pic18\d100tcyx.c estimated size: 19

C:\Program Files (x86)\Microchip\xc8\v1.34\sources\common\doprnt.c
		_sprintf       		CODE           	FC5E	0000	613

C:\Program Files (x86)\Microchip\xc8\v1.34\sources\common\doprnt.c estimated size: 613

C:\Program Files (x86)\Microchip\xc8\v1.34\sources\pic18\plib\rtcc\RtccWriteDate.c
		_RtccWriteDate 		CODE           	F988	0000	327

C:\Program Files (x86)\Microchip\xc8\v1.34\sources\pic18\plib\rtcc\RtccWriteDate.c estimated size: 327

C:/Archivos de programa/Unimic/unmc_01/sources/unmc_lcd_216.c
		_lcd_comand    		CODE           	E0D6	0000	15
		_lcd_putc      		CODE           	E4FC	0000	77
		_lcd_putrs     		CODE           	E594	0000	85
		_lcd_send_byte 		CODE           	E326	0000	51
		_lcd_gotoxy    		CODE           	E206	0000	37
		_lcd_send_nibbl		CODE           	E86C	0000	119
		_lcd_init      		CODE           	E95A	0000	129

C:/Archivos de programa/Unimic/unmc_01/sources/unmc_lcd_216.c estimated size: 513

main.c
		_mostrar_guarda		CODE           	E2A2	0000	45
		_mostrar_guarda		CODE           	E2CE	0000	45
		_main          		CODE           	F42A	0000	231
		_cambiar_fecha 		CODE           	EC02	0000	147
		_cambiar_passwo		CODE           	F0CA	0000	209
		_mostrar_guarda		CODE           	E2FA	0000	45
		_clear_display 		CODE           	E1C2	0000	35
		_Setup         		CODE           	E4B4	0000	73
		_mostrar_titulo		CODE           	E11A	0000	25
		_ingresar_coman		CODE           	E0CC	0000	11
		_ingresar_passw		CODE           	F344	0000	231
		_cambiar_horari		CODE           	E644	0000	99
		_confirmar_actu		CODE           	E22A	0000	37
		_caratula      		CODE           	F26E	0000	215

main.c estimated size: 1448

../../../../../../Program Files/Unimic/unmc_01/sources/unmc_rtcc_02.c
		_Read_RTC      		CODE           	F852	0000	311
		_Write_RTC     		CODE           	FACE	0000	401

../../../../../../Program Files/Unimic/unmc_01/sources/unmc_rtcc_02.c estimated size: 712

C:\Program Files (x86)\Microchip\xc8\v1.34\sources\common\Umul16.c
		___wmul        		CODE           	E24E	0000	41

C:\Program Files (x86)\Microchip\xc8\v1.34\sources\common\Umul16.c estimated size: 41

