Microchip MPLAB XC8 Compiler V1.34 ()

Linker command line:

--edf=C:\Program Files (x86)\Microchip\xc8\v1.34\dat\en_msgs.txt -cs \
  -h+dist/default/production\UNMC.production.sym \
  --cmf=dist/default/production\UNMC.production.cmf -z -Q18F26J50 \
  -oC:\Users\ddavi\AppData\Local\Temp\s1ak.6 \
  -Mdist/default/production/UNMC.production.map -E1 -ver=XC8 \
  -ASTACK=0DAh-0ebfh -pstack=STACK -ACODE=00h-0FFF7h -ACONST=00h-0FFF7h \
  -ASMALLCONST=0F00h-0FFFhx240,0FF00h-0FFF7h -AMEDIUMCONST=0F00h-0FFF7h \
  -ACOMRAM=01h-05Fh -AABS1=00h-0EBFh -ABIGRAM=01h-0EBFh \
  -ARAM=060h-0FFh,0100h-01FFhx13,0E00h-0EBFh -ABANK0=060h-0FFh \
  -ABANK1=0100h-01FFh -ABANK2=0200h-02FFh -ABANK3=0300h-03FFh \
  -ABANK4=0400h-04FFh -ABANK5=0500h-05FFh -ABANK6=0600h-06FFh \
  -ABANK7=0700h-07FFh -ABANK8=0800h-08FFh -ABANK9=0900h-09FFh \
  -ABANK10=0A00h-0AFFh -ABANK11=0B00h-0BFFh -ABANK12=0C00h-0CFFh \
  -ABANK13=0D00h-0DFFh -ABANK14=0E00h-0EBFh \
  -ASFR=0EC0h-0EFFh,0F00h-0F5Fh,0F60h-0FFFh \
  -preset_vec=00h,intcode,intcodelo,powerup,init,end_init -pramtop=0F00h \
  -psmallconst=SMALLCONST -pmediumconst=MEDIUMCONST -pconst=CONST \
  -AFARRAM=00h-00h -ACONFIG=0FFF8h-0FFFFh -pconfig=CONFIG \
  -pjflash_buffer=0F800h \
  -prdata=COMRAM,nvrram=COMRAM,nvbit=COMRAM,rbss=COMRAM,rbit=COMRAM \
  -pfarbss=FARRAM,fardata=FARRAM,nvFARRAM=FARRAM \
  -pintsave_regs=BIGRAM,bigbss=BIGRAM,bigdata=BIGRAM -pbss=RAM \
  -pidata=CODE,irdata=CODE,ibigdata=CODE,ifardata=CODE -prparam=COMRAM \
  C:\Users\ddavi\AppData\Local\Temp\s1ak.obj \
  dist/default/production\UNMC.production.obj 

Object code version is 3.11

Machine type is 18F26J50

Call graph: (short form)




                Name                               Link     Load   Length Selector   Space Scale
C:\Users\ddavi\AppData\Local\Temp\s1ak.obj
                end_init                              0        0        4        0       0
                config                             FFF8     FFF8        8     FFF8       0
dist/default/production\UNMC.production.obj
                smallconst                          F00      F00       C0      780       0
                text42                             2004     2004       8E      7E0       0
                text41                             22E2     22E2       6E      7E0       0
                text40                             16D6     16D6      13A      7E0       0
                text39                             278C     278C       12      7E0       0
                text38                             1590     1590      146      7E0       0
                text37                             192E     192E      10C      7E0       0
                text36                             1F6E     1F6E       96      7E0       0
                text35                             13FA     13FA      196      7E0       0
                text34                             277A     277A       12      7E0       0
                text33                             2188     2188       76      7E0       0
                text32                             2618     2618       32      7E0       0
                text31                             279E     279E        E      7E0       0
                text30                             2768     2768       12      7E0       0
                text29                             2092     2092       80      7E0       0
                text28                             2500     2500       48      7E0       0
                text27                             26EE     26EE       24      7E0       0
                text26                             24B4     24B4       4C      7E0       0
                text25                             2414     2414       54      7E0       0
                text24                             23B8     23B8       5C      7E0       0
                text23                             2468     2468       4C      7E0       0
                text22                             26A2     26A2       28      7E0       0
                text21                             2712     2712       22      7E0       0
                text20                              FC0      FC0      264      7E0       0
                text19                             1E30     1E30       A2      7E0       0
                text18                             2350     2350       68      7E0       0
                text17                             1A3A     1A3A       F8      7E0       0
                text16                             1B32     1B32       D4      7E0       0
                text15                             2734     2734       1E      7E0       0
                text14                             21FE     21FE       74      7E0       0
                text13                             2676     2676       2C      7E0       0
                text12                             26CA     26CA       24      7E0       0
                text11                             2272     2272       70      7E0       0
                text10                             258E     258E       46      7E0       0
                text9                              2548     2548       46      7E0       0
                text8                              264A     264A       2C      7E0       0
                text7                              1C06     1C06       BE      7E0       0
                text6                              1D7A     1D7A       B6      7E0       0
                text5                              1CC4     1CC4       B6      7E0       0
                text4                              27AC     27AC        A      7E0       0
                text3                              1ED2     1ED2       9C      7E0       0
                text2                              1810     1810      11E      7E0       0
                text1                              2112     2112       76      7E0       0
                text0                              1224     1224      1D6      7E0       0
                cstackCOMRAM                          1        1       51        1       1
                dataBANK0                            B7       B7       16       60       1
                bssBANK0                             60       60       57       60       1
                bssCOMRAM                            52       52        D        1       1
                bitbssCOMRAM                        2F8       5F        1        1       1     8
                cinit                              25D4     25D4       44      7E0       0
                nvBANK0                              CD       CD        D       60       1
                idataBANK0                         2752     2752       16      7E0       0

TOTAL           Name                               Link     Load   Length     Space
        CLASS   STACK          

        CLASS   CODE           
                end_init                              0        0        4         0
                text42                             2004     2004       8E         0
                text41                             22E2     22E2       6E         0
                text40                             16D6     16D6      13A         0
                text39                             278C     278C       12         0
                text38                             1590     1590      146         0
                text37                             192E     192E      10C         0
                text36                             1F6E     1F6E       96         0
                text35                             13FA     13FA      196         0
                text34                             277A     277A       12         0
                text33                             2188     2188       76         0
                text32                             2618     2618       32         0
                text31                             279E     279E        E         0
                text30                             2768     2768       12         0
                text29                             2092     2092       80         0
                text28                             2500     2500       48         0
                text27                             26EE     26EE       24         0
                text26                             24B4     24B4       4C         0
                text25                             2414     2414       54         0
                text24                             23B8     23B8       5C         0
                text23                             2468     2468       4C         0
                text22                             26A2     26A2       28         0
                text21                             2712     2712       22         0
                text20                              FC0      FC0      264         0
                text19                             1E30     1E30       A2         0
                text18                             2350     2350       68         0
                text17                             1A3A     1A3A       F8         0
                text16                             1B32     1B32       D4         0
                text15                             2734     2734       1E         0
                text14                             21FE     21FE       74         0
                text13                             2676     2676       2C         0
                text12                             26CA     26CA       24         0
                text11                             2272     2272       70         0
                text10                             258E     258E       46         0
                text9                              2548     2548       46         0
                text8                              264A     264A       2C         0
                text7                              1C06     1C06       BE         0
                text6                              1D7A     1D7A       B6         0
                text5                              1CC4     1CC4       B6         0
                text4                              27AC     27AC        A         0
                text3                              1ED2     1ED2       9C         0
                text2                              1810     1810      11E         0
                text1                              2112     2112       76         0
                text0                              1224     1224      1D6         0
                cinit                              25D4     25D4       44         0
                idataBANK0                         2752     2752       16         0

        CLASS   CONST          

        CLASS   SMALLCONST     
                smallconst                          F00      F00       C0         0

        CLASS   MEDIUMCONST    

        CLASS   COMRAM         
                cstackCOMRAM                          1        1       51         1
                bssCOMRAM                            52       52        D         1
                bitbssCOMRAM                        2F8       5F        1         1

        CLASS   ABS1           

        CLASS   BIGRAM         

        CLASS   RAM            

        CLASS   BANK0          
                dataBANK0                            B7       B7       16         1
                bssBANK0                             60       60       57         1
                nvBANK0                              CD       CD        D         1

        CLASS   BANK1          

        CLASS   BANK2          

        CLASS   BANK3          

        CLASS   BANK4          

        CLASS   BANK5          

        CLASS   BANK6          

        CLASS   BANK7          

        CLASS   BANK8          

        CLASS   BANK9          

        CLASS   BANK10         

        CLASS   BANK11         

        CLASS   BANK12         

        CLASS   BANK13         

        CLASS   BANK14         

        CLASS   SFR            

        CLASS   FARRAM         

        CLASS   CONFIG         
                config                             FFF8     FFF8        8         0

        CLASS   IDLOC          



SEGMENTS        Name                           Load    Length   Top    Selector   Space  Class

                reset_vec                      000000  000004  000004         0       0  CODE    
                cstackCOMRAM                   000001  00005F  000060         1       1  COMRAM  
                bssBANK0                       000060  00007A  0000DA        60       1  BANK0   
                smallconst                     000F00  0000C0  000FC0       780       0  SMALLCON
                text20                         000FC0  0017F6  0027B6       7E0       0  CODE    
                config                         00FFF8  000008  010000      FFF8       0  CONFIG  


UNUSED ADDRESS RANGES

        Name                Unused          Largest block    Delta
        BANK0            000DA-000FF              26
        BANK1            00100-001FF             100
        BANK10           00A00-00AFF             100
        BANK11           00B00-00BFF             100
        BANK12           00C00-00CFF             100
        BANK13           00D00-00DFF             100
        BANK14           00E00-00EBF              C0
        BANK2            00200-002FF             100
        BANK3            00300-003FF             100
        BANK4            00400-004FF             100
        BANK5            00500-005FF             100
        BANK6            00600-006FF             100
        BANK7            00700-007FF             100
        BANK8            00800-008FF             100
        BANK9            00900-009FF             100
        BIGRAM           000DA-00EBF             DE6
        CODE             00004-00EFF             EFC
                         027B6-0FFF7            D842
        CONST            00004-00EFF             EFC
                         027B6-0FFF7            D842
        MEDIUMCONST      027B6-0FFF7            D842
        RAM              000DA-00EBF             100
        SFR              00EC0-00FFF              60
        SMALLCONST       027B6-0FFF7             100
        STACK            000DA-00EBF             DE6

                                  Symbol Table

?___awdiv                          cstackCOMRAM  00001
?___lwdiv                          cstackCOMRAM  00001
?___lwmod                          cstackCOMRAM  00008
?___wmul                           cstackCOMRAM  00001
?_atoi                             cstackCOMRAM  00007
?_sprintf                          cstackCOMRAM  0000D
Delay100TCYx@unit                  cstackCOMRAM  00001
Delay1KTCYx@unit                   cstackCOMRAM  00001
RtccReadDate@pDt                   cstackCOMRAM  00001
RtccReadDate@rTD0                  cstackCOMRAM  0000B
RtccReadDate@rTD1                  cstackCOMRAM  00003
RtccReadTime@pTm                   cstackCOMRAM  00001
RtccReadTime@rTD0                  cstackCOMRAM  0000B
RtccReadTime@rTD1                  cstackCOMRAM  00003
RtccWriteDate@di                   cstackCOMRAM  00003
RtccWriteDate@pDt                  cstackCOMRAM  00001
RtccWriteDate@tempDayMonth         cstackCOMRAM  0000A
RtccWriteDate@tempHourWDay         cstackCOMRAM  0000C
RtccWriteDate@tempYear             cstackCOMRAM  00007
RtccWriteDate@wasAlrm              cstackCOMRAM  00006
RtccWriteDate@wasOn                cstackCOMRAM  00005
RtccWriteDate@wasWrEn              cstackCOMRAM  00009
RtccWriteTime@di                   cstackCOMRAM  00003
RtccWriteTime@pTm                  cstackCOMRAM  00001
RtccWriteTime@tempHourWDay         cstackCOMRAM  0000A
RtccWriteTime@tempMinSec           cstackCOMRAM  00008
RtccWriteTime@wasAlrm              cstackCOMRAM  00006
RtccWriteTime@wasOn                cstackCOMRAM  00005
RtccWriteTime@wasWrEn              cstackCOMRAM  00007
_ADCON0                            (abs)         00FC2
_ADCON1                            (abs)         00FC1
_ALRMCFGbits                       (abs)         00F91
_ANCON0                            (abs)         00F48
_ANCON1                            (abs)         00F49
_Delay100TCYx                      text34        0277A
_Delay1KTCYx                       text30        02768
_EECON2                            (abs)         00FA7
_INTCONbits                        (abs)         00FF2
_LATAbits                          (abs)         00F89
_LATBbits                          (abs)         00F8A
_LCD_INIT_STRING                   smallconst    00F0B
_OSCCONbits                        (abs)         00FD3
_OSCTUNEbits                       (abs)         00F9B
_PIE3bits                          (abs)         00FA3
_PORTAbits                         (abs)         00F80
_PORTCbits                         (abs)         00F82
_RTCCFG                            (abs)         00F3F
_RTCCFGbits                        (abs)         00F3F
_RTCVALH                           (abs)         00F99
_RTCVALL                           (abs)         00F98
_Read_RTC                          text40        016D6
_RtccAlrmTimeDate                  bssBANK0      00060
_RtccDate                          bssCOMRAM     00055
_RtccReadDate                      text42        02004
_RtccReadTime                      text41        022E2
_RtccTime                          bssBANK0      000AA
_RtccTimeDate                      bssBANK0      00068
_RtccTimeVal                       bssBANK0      0007E
_RtccWrOn                          text39        0278C
_RtccWriteDate                     text38        01590
_RtccWriteTime                     text37        0192E
_Rtcc_read_TimeDate                bssBANK0      00070
_Setup                             text28        02500
_T1CONbits                         (abs)         00FCD
_TRISA                             (abs)         00F92
_TRISB                             (abs)         00F93
_TRISBbits                         (abs)         00F93
_TRISC                             (abs)         00F94
_Write_RTC                         text35        013FA
__CFG_CP0$OFF                      (abs)         00000
__CFG_CPUDIV$OSC1                  (abs)         00000
__CFG_DSBOREN$OFF                  (abs)         00000
__CFG_DSWDTEN$OFF                  (abs)         00000
__CFG_DSWDTOSC$INTOSCREF           (abs)         00000
__CFG_DSWDTPS$G2                   (abs)         00000
__CFG_FCMEN$OFF                    (abs)         00000
__CFG_IESO$OFF                     (abs)         00000
__CFG_IOL1WAY$OFF                  (abs)         00000
__CFG_LPT1OSC$OFF                  (abs)         00000
__CFG_MSSP7B_EN$MSK7               (abs)         00000
__CFG_OSC$INTOSC                   (abs)         00000
__CFG_PLLDIV$1                     (abs)         00000
__CFG_RTCOSC$T1OSCREF              (abs)         00000
__CFG_STVREN$ON                    (abs)         00000
__CFG_T1DIG$ON                     (abs)         00000
__CFG_WDTEN$OFF                    (abs)         00000
__CFG_WDTPS$32768                  (abs)         00000
__CFG_WPCFG$OFF                    (abs)         00000
__CFG_WPDIS$OFF                    (abs)         00000
__CFG_XINST$OFF                    (abs)         00000
__HRAM                             (abs)         00000
__Habs1                            abs1          00000
__Hbank0                           bank0         00000
__Hbank1                           bank1         00000
__Hbank10                          bank10        00000
__Hbank11                          bank11        00000
__Hbank12                          bank12        00000
__Hbank13                          bank13        00000
__Hbank14                          bank14        00000
__Hbank2                           bank2         00000
__Hbank3                           bank3         00000
__Hbank4                           bank4         00000
__Hbank5                           bank5         00000
__Hbank6                           bank6         00000
__Hbank7                           bank7         00000
__Hbank8                           bank8         00000
__Hbank9                           bank9         00000
__Hbigbss                          bigbss        00000
__Hbigdata                         bigdata       00000
__Hbigram                          bigram        00000
__HbitbssCOMRAM                    bitbssCOMRAM  00000
__Hbss                             bss           00000
__HbssBANK0                        bssBANK0      00000
__HbssCOMRAM                       bssCOMRAM     00000
__Hcinit                           cinit         00000
__Hclrtext                         clrtext       00000
__Hcomram                          comram        00000
__Hconfig                          config        10000
__Hconst                           const         00000
__HcstackCOMRAM                    cstackCOMRAM  00000
__Hdata                            data          00000
__HdataBANK0                       dataBANK0     00000
__Hend_init                        end_init      00004
__Hfarbss                          farbss        00000
__Hfardata                         fardata       00000
__Hibigdata                        ibigdata      00000
__Hidata                           idata         00000
__HidataBANK0                      idataBANK0    00000
__Hidloc                           idloc         00000
__Hifardata                        ifardata      00000
__Hinit                            init          00000
__Hintcode                         intcode       00000
__Hintcode_body                    intcode_body  00000
__Hintcodelo                       intcodelo     00000
__Hintentry                        intentry      00000
__Hintret                          intret        00000
__Hintsave_regs                    intsave_regs  00000
__Hirdata                          irdata        00000
__Hjflash_buffer                   jflash_buffer 0F800
__Hmediumconst                     mediumconst   00000
__HnvBANK0                         nvBANK0       00000
__HnvFARRAM                        nvFARRAM      00000
__Hnvbit                           nvbit         00000
__Hnvrram                          nvrram        00000
__Hparam                           rparam        00000
__Hpowerup                         powerup       00000
__Hram                             ram           00000
__Hramtop                          ramtop        00F00
__Hrbit                            rbit          00000
__Hrbss                            rbss          00000
__Hrdata                           rdata         00000
__Hreset_vec                       reset_vec     00000
__Hrparam                          rparam        00000
__Hsfr                             sfr           00000
__Hsmallconst                      smallconst    00FC0
__Hspace_0                         (abs)         10000
__Hspace_1                         (abs)         002F9
__Hspace_2                         (abs)         00000
__Hstack                           stack         00000
__Hstruct                          struct        00000
__Htemp                            temp          00000
__Htext                            text          00000
__Htext0                           text0         00000
__Htext1                           text1         00000
__Htext10                          text10        00000
__Htext11                          text11        00000
__Htext12                          text12        00000
__Htext13                          text13        00000
__Htext14                          text14        00000
__Htext15                          text15        00000
__Htext16                          text16        00000
__Htext17                          text17        00000
__Htext18                          text18        00000
__Htext19                          text19        00000
__Htext2                           text2         00000
__Htext20                          text20        00000
__Htext21                          text21        00000
__Htext22                          text22        00000
__Htext23                          text23        00000
__Htext24                          text24        00000
__Htext25                          text25        00000
__Htext26                          text26        00000
__Htext27                          text27        00000
__Htext28                          text28        00000
__Htext29                          text29        00000
__Htext3                           text3         00000
__Htext30                          text30        00000
__Htext31                          text31        00000
__Htext32                          text32        00000
__Htext33                          text33        00000
__Htext34                          text34        00000
__Htext35                          text35        00000
__Htext36                          text36        00000
__Htext37                          text37        00000
__Htext38                          text38        00000
__Htext39                          text39        00000
__Htext4                           text4         00000
__Htext40                          text40        00000
__Htext41                          text41        00000
__Htext42                          text42        00000
__Htext43                          text43        00000
__Htext5                           text5         00000
__Htext6                           text6         00000
__Htext7                           text7         00000
__Htext8                           text8         00000
__Htext9                           text9         00000
__LRAM                             (abs)         00001
__Labs1                            abs1          00000
__Lbank0                           bank0         00000
__Lbank1                           bank1         00000
__Lbank10                          bank10        00000
__Lbank11                          bank11        00000
__Lbank12                          bank12        00000
__Lbank13                          bank13        00000
__Lbank14                          bank14        00000
__Lbank2                           bank2         00000
__Lbank3                           bank3         00000
__Lbank4                           bank4         00000
__Lbank5                           bank5         00000
__Lbank6                           bank6         00000
__Lbank7                           bank7         00000
__Lbank8                           bank8         00000
__Lbank9                           bank9         00000
__Lbigbss                          bigbss        00000
__Lbigdata                         bigdata       00000
__Lbigram                          bigram        00000
__LbitbssCOMRAM                    bitbssCOMRAM  00000
__Lbss                             bss           00000
__LbssBANK0                        bssBANK0      00000
__LbssCOMRAM                       bssCOMRAM     00000
__Lcinit                           cinit         00000
__Lclrtext                         clrtext       00000
__Lcomram                          comram        00000
__Lconfig                          config        0FFF8
__Lconst                           const         00000
__LcstackCOMRAM                    cstackCOMRAM  00000
__Ldata                            data          00000
__LdataBANK0                       dataBANK0     00000
__Lend_init                        end_init      00000
__Lfarbss                          farbss        00000
__Lfardata                         fardata       00000
__Libigdata                        ibigdata      00000
__Lidata                           idata         00000
__LidataBANK0                      idataBANK0    00000
__Lidloc                           idloc         00000
__Lifardata                        ifardata      00000
__Linit                            init          00000
__Lintcode                         intcode       00000
__Lintcode_body                    intcode_body  00000
__Lintcodelo                       intcodelo     00000
__Lintentry                        intentry      00000
__Lintret                          intret        00000
__Lintsave_regs                    intsave_regs  00000
__Lirdata                          irdata        00000
__Ljflash_buffer                   jflash_buffer 0F800
__Lmediumconst                     mediumconst   00000
__LnvBANK0                         nvBANK0       00000
__LnvFARRAM                        nvFARRAM      00000
__Lnvbit                           nvbit         00000
__Lnvrram                          nvrram        00000
__Lparam                           rparam        00000
__Lpowerup                         powerup       00000
__Lram                             ram           00000
__Lramtop                          ramtop        00F00
__Lrbit                            rbit          00000
__Lrbss                            rbss          00000
__Lrdata                           rdata         00000
__Lreset_vec                       reset_vec     00000
__Lrparam                          rparam        00000
__Lsfr                             sfr           00000
__Lsmallconst                      smallconst    00F00
__Lspace_0                         (abs)         00000
__Lspace_1                         (abs)         00000
__Lspace_2                         (abs)         00000
__Lstack                           stack         00000
__Lstruct                          struct        00000
__Ltemp                            temp          00000
__Ltext                            text          00000
__Ltext0                           text0         00000
__Ltext1                           text1         00000
__Ltext10                          text10        00000
__Ltext11                          text11        00000
__Ltext12                          text12        00000
__Ltext13                          text13        00000
__Ltext14                          text14        00000
__Ltext15                          text15        00000
__Ltext16                          text16        00000
__Ltext17                          text17        00000
__Ltext18                          text18        00000
__Ltext19                          text19        00000
__Ltext2                           text2         00000
__Ltext20                          text20        00000
__Ltext21                          text21        00000
__Ltext22                          text22        00000
__Ltext23                          text23        00000
__Ltext24                          text24        00000
__Ltext25                          text25        00000
__Ltext26                          text26        00000
__Ltext27                          text27        00000
__Ltext28                          text28        00000
__Ltext29                          text29        00000
__Ltext3                           text3         00000
__Ltext30                          text30        00000
__Ltext31                          text31        00000
__Ltext32                          text32        00000
__Ltext33                          text33        00000
__Ltext34                          text34        00000
__Ltext35                          text35        00000
__Ltext36                          text36        00000
__Ltext37                          text37        00000
__Ltext38                          text38        00000
__Ltext39                          text39        00000
__Ltext4                           text4         00000
__Ltext40                          text40        00000
__Ltext41                          text41        00000
__Ltext42                          text42        00000
__Ltext43                          text43        00000
__Ltext5                           text5         00000
__Ltext6                           text6         00000
__Ltext7                           text7         00000
__Ltext8                           text8         00000
__Ltext9                           text9         00000
__S0                               (abs)         10000
__S1                               (abs)         000DA
__S2                               (abs)         00000
___awdiv                           text36        01F6E
___awdiv@counter                   cstackCOMRAM  00005
___awdiv@dividend                  cstackCOMRAM  00001
___awdiv@divisor                   cstackCOMRAM  00003
___awdiv@quotient                  cstackCOMRAM  00007
___awdiv@sign                      cstackCOMRAM  00006
___inthi_sp                        stack         00000
___intlo_sp                        stack         00000
___lwdiv                           text24        023B8
___lwdiv@counter                   cstackCOMRAM  00007
___lwdiv@dividend                  cstackCOMRAM  00001
___lwdiv@divisor                   cstackCOMRAM  00003
___lwdiv@quotient                  cstackCOMRAM  00005
___lwmod                           text23        02468
___lwmod@counter                   cstackCOMRAM  0000C
___lwmod@dividend                  cstackCOMRAM  00008
___lwmod@divisor                   cstackCOMRAM  0000A
___param_bank                      (abs)         00010
___rparam_used                     (abs)         00001
___sp                              stack         00000
___wmul                            text22        026A2
___wmul@multiplicand               cstackCOMRAM  00003
___wmul@multiplier                 cstackCOMRAM  00001
___wmul@product                    cstackCOMRAM  00005
__accesstop                        (abs)         00060
__activetblptr                     (abs)         00002
__end_of_Delay100TCYx              text34        0278C
__end_of_Delay1KTCYx               text30        0277A
__end_of_LCD_INIT_STRING           smallconst    00F0F
__end_of_Read_RTC                  text40        01810
__end_of_RtccReadDate              text42        02092
__end_of_RtccReadTime              text41        02350
__end_of_RtccWrOn                  text39        0279E
__end_of_RtccWriteDate             text38        016D6
__end_of_RtccWriteTime             text37        01A3A
__end_of_Setup                     text28        02548
__end_of_Write_RTC                 text35        01590
__end_of___awdiv                   text36        02004
__end_of___lwdiv                   text24        02414
__end_of___lwmod                   text23        024B4
__end_of___wmul                    text22        026CA
__end_of__initialization           cinit         0260E
__end_of_atoi                      text16        01C06
__end_of_cambiar_anio              text5         01D7A
__end_of_cambiar_dia               text7         01CC4
__end_of_cambiar_mes               text6         01E30
__end_of_caratula                  text19        01ED2
__end_of_convertir_a_int           text15        02752
__end_of_dpowers                   smallconst    00F0B
__end_of_guardar_comando           text11        022E2
__end_of_guardar_current_password  text10        025D4
__end_of_guardar_elemento          text14        02272
__end_of_guardar_tecla_presionada  text3         01F6E
__end_of_imprimir_tecla            text9         0258E
__end_of_ingresar_comando          text4         027B6
__end_of_ingresar_password         text17        01B32
__end_of_inicializar               text13        026A2
__end_of_isdigit                   text21        02734
__end_of_lcd_comand                text31        027AC
__end_of_lcd_gotoxy                text27        02712
__end_of_lcd_init                  text29        02112
__end_of_lcd_putc                  text26        02500
__end_of_lcd_putrs                 text25        02468
__end_of_lcd_send_byte             text32        0264A
__end_of_lcd_send_nibble           text33        021FE
__end_of_leer_teclado              text2         0192E
__end_of_main                      text0         013FA
__end_of_mostrar_guardar_password  text8         02676
__end_of_restaurar_comando         text12        026EE
__end_of_sprintf                   text20        01224
__end_of_validar_comando           text1         02188
__end_of_validar_password          text18        023B8
__initialization                   cinit         025D4
__mediumconst                      mediumconst   00000
__pbitbssCOMRAM                    bitbssCOMRAM  002F8
__pbssBANK0                        bssBANK0      00060
__pbssCOMRAM                       bssCOMRAM     00052
__pcinit                           cinit         025D4
__pcstackCOMRAM                    cstackCOMRAM  00001
__pdataBANK0                       dataBANK0     000B7
__pidataBANK0                      idataBANK0    02752
__pnvBANK0                         nvBANK0       000CD
__psmallconst                      smallconst    00F00
__ptext0                           text0         01224
__ptext1                           text1         02112
__ptext10                          text10        0258E
__ptext11                          text11        02272
__ptext12                          text12        026CA
__ptext13                          text13        02676
__ptext14                          text14        021FE
__ptext15                          text15        02734
__ptext16                          text16        01B32
__ptext17                          text17        01A3A
__ptext18                          text18        02350
__ptext19                          text19        01E30
__ptext2                           text2         01810
__ptext20                          text20        00FC0
__ptext21                          text21        02712
__ptext22                          text22        026A2
__ptext23                          text23        02468
__ptext24                          text24        023B8
__ptext25                          text25        02414
__ptext26                          text26        024B4
__ptext27                          text27        026EE
__ptext28                          text28        02500
__ptext29                          text29        02092
__ptext3                           text3         01ED2
__ptext30                          text30        02768
__ptext31                          text31        0279E
__ptext32                          text32        02618
__ptext33                          text33        02188
__ptext34                          text34        0277A
__ptext35                          text35        013FA
__ptext36                          text36        01F6E
__ptext37                          text37        0192E
__ptext38                          text38        01590
__ptext39                          text39        0278C
__ptext4                           text4         027AC
__ptext40                          text40        016D6
__ptext41                          text41        022E2
__ptext42                          text42        02004
__ptext43                          text43        00000
__ptext5                           text5         01CC4
__ptext6                           text6         01D7A
__ptext7                           text7         01C06
__ptext8                           text8         0264A
__ptext9                           text9         02548
__ramtop                           ramtop        00F00
__size_of_Delay100TCYx             (abs)         00000
__size_of_Delay1KTCYx              (abs)         00000
__size_of_Read_RTC                 (abs)         00000
__size_of_RtccReadDate             (abs)         00000
__size_of_RtccReadTime             (abs)         00000
__size_of_RtccWrOn                 (abs)         00000
__size_of_RtccWriteDate            (abs)         00000
__size_of_RtccWriteTime            (abs)         00000
__size_of_Setup                    (abs)         00000
__size_of_Write_RTC                (abs)         00000
__size_of___awdiv                  (abs)         00000
__size_of___lwdiv                  (abs)         00000
__size_of___lwmod                  (abs)         00000
__size_of___wmul                   (abs)         00000
__size_of_atoi                     (abs)         00000
__size_of_cambiar_anio             (abs)         00000
__size_of_cambiar_dia              (abs)         00000
__size_of_cambiar_mes              (abs)         00000
__size_of_caratula                 (abs)         00000
__size_of_convertir_a_int          (abs)         00000
__size_of_guardar_comando          (abs)         00000
__size_of_guardar_current_password (abs)         00000
__size_of_guardar_elemento         (abs)         00000
__size_of_guardar_tecla_presionada (abs)         00000
__size_of_imprimir_tecla           (abs)         00000
__size_of_ingresar_comando         (abs)         00000
__size_of_ingresar_password        (abs)         00000
__size_of_inicializar              (abs)         00000
__size_of_isdigit                  (abs)         00000
__size_of_lcd_comand               (abs)         00000
__size_of_lcd_gotoxy               (abs)         00000
__size_of_lcd_init                 (abs)         00000
__size_of_lcd_putc                 (abs)         00000
__size_of_lcd_putrs                (abs)         00000
__size_of_lcd_send_byte            (abs)         00000
__size_of_lcd_send_nibble          (abs)         00000
__size_of_leer_teclado             (abs)         00000
__size_of_main                     (abs)         00000
__size_of_mostrar_guardar_password (abs)         00000
__size_of_restaurar_comando        (abs)         00000
__size_of_sprintf                  (abs)         00000
__size_of_validar_comando          (abs)         00000
__size_of_validar_password         (abs)         00000
__smallconst                       smallconst    00F00
_a                                 bssBANK0      00082
_anio                              dataBANK0     000C1
_anio_d                            nvBANK0       000CD
_anio_u                            nvBANK0       000CE
_atoi                              text16        01B32
_autorizado                        bssBANK0      00084
_b                                 bssBANK0      00086
_buffer2                           bssBANK0      00096
_c                                 bssBANK0      00088
_cambiar_anio                      text5         01CC4
_cambiar_dia                       text7         01C06
_cambiar_mes                       text6         01D7A
_caratula                          text19        01E30
_comando                           dataBANK0     000BD
_convertir_a_int                   text15        02734
_current_password                  bssBANK0      00078
_day                               bssBANK0      000AE
_dia                               dataBANK0     000C3
_dia_semana                        nvBANK0       000CF
_diasem                            dataBANK0     000C5
_dpowers                           smallconst    00F01
_fecha_d                           nvBANK0       000D0
_fecha_u                           nvBANK0       000D1
_flag                              bitbssCOMRAM  002F8
_guardar_comando                   text11        02272
_guardar_current_password          text10        0258E
_guardar_elemento                  text14        021FE
_guardar_tecla_presionada          text3         01ED2
_hora                              dataBANK0     000C7
_hora_d                            nvBANK0       000D2
_hora_u                            nvBANK0       000D3
_i                                 bssBANK0      0008A
_imprimir_tecla                    text9         02548
_ingresar_comando                  text4         027AC
_ingresar_password                 text17        01A3A
_inicializar                       text13        02676
_isdigit                           text21        02712
_isdigit$2379                      cstackCOMRAM  00002
_j                                 bssBANK0      0008C
_k                                 bssBANK0      0008E
_key                               bssCOMRAM     00054
_lcd_comand                        text31        0279E
_lcd_gotoxy                        text27        026EE
_lcd_init                          text29        02092
_lcd_putc                          text26        024B4
_lcd_putrs                         text25        02414
_lcd_send_byte                     text32        02618
_lcd_send_nibble                   text33        02188
_leer_teclado                      text2         01810
_main                              text0         01224
_mes                               dataBANK0     000C9
_mes_d                             nvBANK0       000D4
_mes_u                             nvBANK0       000D5
_minuto                            dataBANK0     000CB
_minuto_d                          nvBANK0       000D6
_minuto_u                          nvBANK0       000D7
_month                             bssBANK0      000B1
_mostrar_guardar_password          text8         0264A
_ocultar_teclas                    bssBANK0      00090
_password                          dataBANK0     000B7
_restaurar_comando                 text12        026CA
_segundo                           bssBANK0      00092
_segundo_d                         nvBANK0       000D8
_segundo_u                         nvBANK0       000D9
_sprintf                           text20        00FC0
_tamanio_anio                      bssCOMRAM     00059
_tamanio_comando                   bssBANK0      00094
_tamanio_dia                       bssCOMRAM     0005B
_tamanio_mes                       bssCOMRAM     0005D
_tamanio_password                  bssCOMRAM     00052
_validar_comando                   text1         02112
_validar_password                  text18        02350
_year                              bssBANK0      000B4
atoi@a                             cstackCOMRAM  0000C
atoi@s                             cstackCOMRAM  00007
atoi@sign                          cstackCOMRAM  0000B
cambiar_anio@i                     cstackCOMRAM  0002D
cambiar_anio@tecla                 cstackCOMRAM  0002C
cambiar_anio@valor                 cstackCOMRAM  0002F
cambiar_dia@i                      cstackCOMRAM  0002D
cambiar_dia@tecla                  cstackCOMRAM  0002C
cambiar_dia@valor                  cstackCOMRAM  0002F
cambiar_mes@i                      cstackCOMRAM  0002D
cambiar_mes@tecla                  cstackCOMRAM  0002C
cambiar_mes@valor                  cstackCOMRAM  0002F
caratula@titulo                    cstackCOMRAM  00024
convertir_a_int@array              cstackCOMRAM  0000E
convertir_a_int@valor              cstackCOMRAM  00010
end_of_initialization              cinit         0260E
guardar_comando@aux                cstackCOMRAM  00026
guardar_comando@tecla              cstackCOMRAM  0003A
guardar_current_password@valor     cstackCOMRAM  00003
guardar_elemento@array             cstackCOMRAM  00024
guardar_elemento@tamanio_array     cstackCOMRAM  00026
guardar_elemento@tecla             cstackCOMRAM  0002A
guardar_tecla_presionada@doit      cstackCOMRAM  00040
guardar_tecla_presionada@i         cstackCOMRAM  0003E
guardar_tecla_presionada@letra     cstackCOMRAM  0003C
imprimir_tecla@aux                 cstackCOMRAM  00024
imprimir_tecla@tecla               cstackCOMRAM  00038
ingresar_comando@key               cstackCOMRAM  0003B
ingresar_password@clear            cstackCOMRAM  0000C
ingresar_password@i                cstackCOMRAM  0001E
ingresar_password@i_517            cstackCOMRAM  0001C
intlevel0                          text          00000
intlevel1                          text          00000
intlevel2                          text          00000
intlevel3                          text          00000
isdigit@c                          cstackCOMRAM  00003
lcd_comand@d                       cstackCOMRAM  00005
lcd_gotoxy@address                 cstackCOMRAM  00007
lcd_gotoxy@x                       cstackCOMRAM  00006
lcd_gotoxy@y                       cstackCOMRAM  00005
lcd_init@i                         cstackCOMRAM  00005
lcd_putc@c                         cstackCOMRAM  00008
lcd_putrs@ptr                      cstackCOMRAM  00009
lcd_send_byte@address              cstackCOMRAM  00004
lcd_send_byte@n                    cstackCOMRAM  00003
lcd_send_nibble@nibble             cstackCOMRAM  00002
leer_teclado@doit                  cstackCOMRAM  00044
leer_teclado@i                     cstackCOMRAM  00047
leer_teclado@ocultar               cstackCOMRAM  00042
main@i                             cstackCOMRAM  0004E
main@ocultar_teclas                cstackCOMRAM  0004C
main@puntero_funcion               cstackCOMRAM  0004A
main@validacion                    cstackCOMRAM  00050
mostrar_guardar_password@tecla     cstackCOMRAM  00039
sprintf@ap                         cstackCOMRAM  0001B
sprintf@c                          cstackCOMRAM  00023
sprintf@f                          cstackCOMRAM  0000F
sprintf@flag                       cstackCOMRAM  0001D
sprintf@prec                       cstackCOMRAM  00020
sprintf@sp                         cstackCOMRAM  0000D
sprintf@val                        cstackCOMRAM  0001E
sprintf@width                      cstackCOMRAM  00021
stackhi                            (abs)         00EBF
stacklo                            (abs)         000DA
start                              init          00000
start_initialization               cinit         025D4
validar_comando@candidato          cstackCOMRAM  00001
validar_comando@i                  cstackCOMRAM  00008
validar_comando@validar            cstackCOMRAM  00003
validar_password@i                 cstackCOMRAM  00003


FUNCTION INFORMATION:

 *************** function _main *****************
 Defined at:
		line 125 in file "main.c"
 Parameters:    Size  Location     Type
		None
 Auto vars:     Size  Location     Type
  i               2   77[COMRAM] int 
  validacion      2   79[COMRAM] int 
  ocultar_tecl    2   75[COMRAM] int 
  puntero_func    2   73[COMRAM] PTR void 
		 -> cambiar_anio(0), cambiar_mes(0), cambiar_dia(0), ingresar_comando(2), 
 Return value:  Size  Location     Type
                  2  179[None  ] int 
 Registers used:
		wreg, fsr0l, fsr0h, fsr1l, fsr1h, fsr2l, fsr2h, status,2, status,0, pclat, tosl, tblptrl, tblptrh, tblptru, prodl, prodh, cstack
 Tracked objects:
		On entry : 
		On exit  : 
		Unchanged: 
 Data sizes:     COMRAM   BANK0   BANK1   BANK2   BANK3   BANK4   BANK5   BANK6   BANK7   BANK8   BANK9  BANK10  BANK11  BANK12  BANK13  BANK14
      Params:         0       0       0       0       0       0       0       0       0       0       0       0       0       0       0       0
      Locals:         8       0       0       0       0       0       0       0       0       0       0       0       0       0       0       0
      Temps:          1       0       0       0       0       0       0       0       0       0       0       0       0       0       0       0
      Totals:         9       0       0       0       0       0       0       0       0       0       0       0       0       0       0       0
Total ram usage:        9 bytes
 Hardware stack levels required when called:    9
 This function calls:
		_Read_RTC
		_Setup
		_caratula
		_ingresar_password
		_lcd_gotoxy
		_lcd_putrs
		_leer_teclado
		_restaurar_comando
		_validar_comando
 This function is called by:
		Startup code after reset
 This function uses a non-reentrant model


 *************** function _validar_comando *****************
 Defined at:
		line 21 in file "../../../../../../Program Files/Unimic/unmc_01/sources/teclado.c"
 Parameters:    Size  Location     Type
  candidato       2    0[COMRAM] PTR unsigned char 
		 -> STR_15(4), STR_8(4), STR_6(4), 
  validar         2    2[COMRAM] PTR int 
		 -> main@validacion(2), 
 Auto vars:     Size  Location     Type
  i               2    7[COMRAM] int 
 Return value:  Size  Location     Type
		None               void
 Registers used:
		wreg, fsr2l, fsr2h, status,2, status,0, tblptrl, tblptrh, tblptru
 Tracked objects:
		On entry : 
		On exit  : 
		Unchanged: 
 Data sizes:     COMRAM   BANK0   BANK1   BANK2   BANK3   BANK4   BANK5   BANK6   BANK7   BANK8   BANK9  BANK10  BANK11  BANK12  BANK13  BANK14
      Params:         4       0       0       0       0       0       0       0       0       0       0       0       0       0       0       0
      Locals:         2       0       0       0       0       0       0       0       0       0       0       0       0       0       0       0
      Temps:          3       0       0       0       0       0       0       0       0       0       0       0       0       0       0       0
      Totals:         9       0       0       0       0       0       0       0       0       0       0       0       0       0       0       0
Total ram usage:        9 bytes
 Hardware stack levels used:    1
 This function calls:
		Nothing
 This function is called by:
		_main
 This function uses a non-reentrant model


 *************** function _leer_teclado *****************
 Defined at:
		line 60 in file "../../../../../../Program Files/Unimic/unmc_01/sources/teclado.c"
 Parameters:    Size  Location     Type
  ocultar         2   65[COMRAM] int 
  doit            2   67[COMRAM] PTR FTN()PTR unsigned ch
		 -> cambiar_anio(0), cambiar_mes(0), cambiar_dia(0), ingresar_comando(2), 
		 -> mostrar_guardar_password(2), 
 Auto vars:     Size  Location     Type
  i               2   70[COMRAM] int 
 Return value:  Size  Location     Type
		None               void
 Registers used:
		wreg, fsr0l, fsr0h, fsr2l, fsr2h, status,2, status,0, pclat, tosl, tblptrl, tblptrh, tblptru, prodl, prodh, cstack
 Tracked objects:
		On entry : 
		On exit  : 
		Unchanged: 
 Data sizes:     COMRAM   BANK0   BANK1   BANK2   BANK3   BANK4   BANK5   BANK6   BANK7   BANK8   BANK9  BANK10  BANK11  BANK12  BANK13  BANK14
      Params:         4       0       0       0       0       0       0       0       0       0       0       0       0       0       0       0
      Locals:         2       0       0       0       0       0       0       0       0       0       0       0       0       0       0       0
      Temps:          1       0       0       0       0       0       0       0       0       0       0       0       0       0       0       0
      Totals:         7       0       0       0       0       0       0       0       0       0       0       0       0       0       0       0
Total ram usage:        7 bytes
 Hardware stack levels used:    1
 Hardware stack levels required when called:    8
 This function calls:
		_cambiar_anio
		_cambiar_dia
		_cambiar_mes
		_guardar_tecla_presionada
		_ingresar_comando
		_lcd_putrs
		_mostrar_guardar_password
 This function is called by:
		_main
 This function uses a non-reentrant model


 *************** function _guardar_tecla_presionada *****************
 Defined at:
		line 53 in file "../../../../../../Program Files/Unimic/unmc_01/sources/teclado.c"
 Parameters:    Size  Location     Type
  letra           2   59[COMRAM] PTR unsigned char 
		 -> STR_22(2), STR_21(2), STR_20(2), 
  i               2   61[COMRAM] int 
  doit            2   63[COMRAM] PTR FTN(PTR unsigned cha
		 -> cambiar_anio(0), cambiar_mes(0), cambiar_dia(0), ingresar_comando(2), 
		 -> mostrar_guardar_password(2), 
 Auto vars:     Size  Location     Type
		None
 Return value:  Size  Location     Type
		None               void
 Registers used:
		wreg, fsr0l, fsr0h, fsr2l, fsr2h, status,2, status,0, pclat, tosl, tblptrl, tblptrh, tblptru, prodl, prodh, cstack
 Tracked objects:
		On entry : 
		On exit  : 
		Unchanged: 
 Data sizes:     COMRAM   BANK0   BANK1   BANK2   BANK3   BANK4   BANK5   BANK6   BANK7   BANK8   BANK9  BANK10  BANK11  BANK12  BANK13  BANK14
      Params:         6       0       0       0       0       0       0       0       0       0       0       0       0       0       0       0
      Locals:         0       0       0       0       0       0       0       0       0       0       0       0       0       0       0       0
      Temps:          0       0       0       0       0       0       0       0       0       0       0       0       0       0       0       0
      Totals:         6       0       0       0       0       0       0       0       0       0       0       0       0       0       0       0
Total ram usage:        6 bytes
 Hardware stack levels used:    1
 Hardware stack levels required when called:    7
 This function calls:
		_cambiar_anio
		_cambiar_dia
		_cambiar_mes
		_ingresar_comando
		_lcd_putrs
		_mostrar_guardar_password
 This function is called by:
		_leer_teclado
 This function uses a non-reentrant model


 *************** function _ingresar_comando *****************
 Defined at:
		line 116 in file "main.c"
 Parameters:    Size  Location     Type
  key             1    wreg     unsigned char 
 Auto vars:     Size  Location     Type
  key             1   58[COMRAM] unsigned char 
 Return value:  Size  Location     Type
                  2  176[None  ] int 
 Registers used:
		wreg, fsr2l, fsr2h, status,2, status,0, tblptrl, tblptrh, tblptru, prodl, prodh, cstack
 Tracked objects:
		On entry : 
		On exit  : 
		Unchanged: 
 Data sizes:     COMRAM   BANK0   BANK1   BANK2   BANK3   BANK4   BANK5   BANK6   BANK7   BANK8   BANK9  BANK10  BANK11  BANK12  BANK13  BANK14
      Params:         0       0       0       0       0       0       0       0       0       0       0       0       0       0       0       0
      Locals:         1       0       0       0       0       0       0       0       0       0       0       0       0       0       0       0
      Temps:          0       0       0       0       0       0       0       0       0       0       0       0       0       0       0       0
      Totals:         1       0       0       0       0       0       0       0       0       0       0       0       0       0       0       0
Total ram usage:        1 bytes
 Hardware stack levels used:    1
 Hardware stack levels required when called:    3
 This function calls:
		_guardar_comando
 This function is called by:
		_main
		_guardar_tecla_presionada
		_leer_teclado
 This function uses a non-reentrant model


 *************** function _cambiar_anio *****************
 Defined at:
		line 69 in file "../../../../../../Program Files/Unimic/unmc_01/sources/fecha.c"
 Parameters:    Size  Location     Type
  tecla           1    wreg     unsigned char 
 Auto vars:     Size  Location     Type
  tecla           1   43[COMRAM] unsigned char 
  i               2   44[COMRAM] int 
  valor           2   46[COMRAM] int 
 Return value:  Size  Location     Type
		None               void
 Registers used:
		wreg, fsr0l, fsr0h, fsr2l, fsr2h, status,2, status,0, tblptrl, tblptrh, tblptru, prodl, prodh, cstack
 Tracked objects:
		On entry : 
		On exit  : 
		Unchanged: 
 Data sizes:     COMRAM   BANK0   BANK1   BANK2   BANK3   BANK4   BANK5   BANK6   BANK7   BANK8   BANK9  BANK10  BANK11  BANK12  BANK13  BANK14
      Params:         0       0       0       0       0       0       0       0       0       0       0       0       0       0       0       0
      Locals:         5       0       0       0       0       0       0       0       0       0       0       0       0       0       0       0
      Temps:          1       0       0       0       0       0       0       0       0       0       0       0       0       0       0       0
      Totals:         6       0       0       0       0       0       0       0       0       0       0       0       0       0       0       0
Total ram usage:        6 bytes
 Hardware stack levels used:    1
 Hardware stack levels required when called:    5
 This function calls:
		_Write_RTC
		_convertir_a_int
		_guardar_elemento
		_inicializar
		_lcd_gotoxy
		_lcd_putrs
		_restaurar_comando
 This function is called by:
		_main
		_cambiar_fecha
		_guardar_tecla_presionada
		_leer_teclado
 This function uses a non-reentrant model


 *************** function _cambiar_mes *****************
 Defined at:
		line 50 in file "../../../../../../Program Files/Unimic/unmc_01/sources/fecha.c"
 Parameters:    Size  Location     Type
  tecla           1    wreg     unsigned char 
 Auto vars:     Size  Location     Type
  tecla           1   43[COMRAM] unsigned char 
  i               2   44[COMRAM] int 
  valor           2   46[COMRAM] int 
 Return value:  Size  Location     Type
		None               void
 Registers used:
		wreg, fsr0l, fsr0h, fsr2l, fsr2h, status,2, status,0, tblptrl, tblptrh, tblptru, prodl, prodh, cstack
 Tracked objects:
		On entry : 
		On exit  : 
		Unchanged: 
 Data sizes:     COMRAM   BANK0   BANK1   BANK2   BANK3   BANK4   BANK5   BANK6   BANK7   BANK8   BANK9  BANK10  BANK11  BANK12  BANK13  BANK14
      Params:         0       0       0       0       0       0       0       0       0       0       0       0       0       0       0       0
      Locals:         5       0       0       0       0       0       0       0       0       0       0       0       0       0       0       0
      Temps:          1       0       0       0       0       0       0       0       0       0       0       0       0       0       0       0
      Totals:         6       0       0       0       0       0       0       0       0       0       0       0       0       0       0       0
Total ram usage:        6 bytes
 Hardware stack levels used:    1
 Hardware stack levels required when called:    5
 This function calls:
		_Write_RTC
		_convertir_a_int
		_guardar_elemento
		_lcd_gotoxy
		_lcd_putrs
 This function is called by:
		_main
		_cambiar_fecha
		_guardar_tecla_presionada
		_leer_teclado
 This function uses a non-reentrant model


 *************** function _cambiar_dia *****************
 Defined at:
		line 31 in file "../../../../../../Program Files/Unimic/unmc_01/sources/fecha.c"
 Parameters:    Size  Location     Type
  tecla           1    wreg     unsigned char 
 Auto vars:     Size  Location     Type
  tecla           1   43[COMRAM] unsigned char 
  i               2   44[COMRAM] int 
  valor           2   46[COMRAM] int 
 Return value:  Size  Location     Type
		None               void
 Registers used:
		wreg, fsr0l, fsr0h, fsr2l, fsr2h, status,2, status,0, tblptrl, tblptrh, tblptru, prodl, prodh, cstack
 Tracked objects:
		On entry : 
		On exit  : 
		Unchanged: 
 Data sizes:     COMRAM   BANK0   BANK1   BANK2   BANK3   BANK4   BANK5   BANK6   BANK7   BANK8   BANK9  BANK10  BANK11  BANK12  BANK13  BANK14
      Params:         0       0       0       0       0       0       0       0       0       0       0       0       0       0       0       0
      Locals:         5       0       0       0       0       0       0       0       0       0       0       0       0       0       0       0
      Temps:          1       0       0       0       0       0       0       0       0       0       0       0       0       0       0       0
      Totals:         6       0       0       0       0       0       0       0       0       0       0       0       0       0       0       0
Total ram usage:        6 bytes
 Hardware stack levels used:    1
 Hardware stack levels required when called:    5
 This function calls:
		_Write_RTC
		_convertir_a_int
		_guardar_elemento
		_lcd_gotoxy
		_lcd_putrs
 This function is called by:
		_main
		_cambiar_fecha
		_guardar_tecla_presionada
		_leer_teclado
 This function uses a non-reentrant model


 *************** function _mostrar_guardar_password *****************
 Defined at:
		line 108 in file "main.c"
 Parameters:    Size  Location     Type
  tecla           1    wreg     unsigned char 
 Auto vars:     Size  Location     Type
  tecla           1   56[COMRAM] unsigned char 
 Return value:  Size  Location     Type
                  2  173[None  ] int 
 Registers used:
		wreg, fsr0l, fsr0h, fsr2l, fsr2h, status,2, status,0, tblptrl, tblptrh, tblptru, prodl, prodh, cstack
 Tracked objects:
		On entry : 
		On exit  : 
		Unchanged: 
 Data sizes:     COMRAM   BANK0   BANK1   BANK2   BANK3   BANK4   BANK5   BANK6   BANK7   BANK8   BANK9  BANK10  BANK11  BANK12  BANK13  BANK14
      Params:         0       0       0       0       0       0       0       0       0       0       0       0       0       0       0       0
      Locals:         1       0       0       0       0       0       0       0       0       0       0       0       0       0       0       0
      Temps:          0       0       0       0       0       0       0       0       0       0       0       0       0       0       0       0
      Totals:         1       0       0       0       0       0       0       0       0       0       0       0       0       0       0       0
Total ram usage:        1 bytes
 Hardware stack levels used:    1
 Hardware stack levels required when called:    6
 This function calls:
		_guardar_current_password
		_imprimir_tecla
		_sprintf
 This function is called by:
		_main
		_guardar_tecla_presionada
		_leer_teclado
 This function uses a non-reentrant model


 *************** function _imprimir_tecla *****************
 Defined at:
		line 33 in file "../../../../../../Program Files/Unimic/unmc_01/sources/teclado.c"
 Parameters:    Size  Location     Type
  tecla           1    wreg     unsigned char 
 Auto vars:     Size  Location     Type
  tecla           1   55[COMRAM] unsigned char 
  aux            20   35[COMRAM] unsigned char [20]
 Return value:  Size  Location     Type
		None               void
 Registers used:
		wreg, fsr0l, fsr0h, fsr2l, fsr2h, status,2, status,0, tblptrl, tblptrh, tblptru, prodl, prodh, cstack
 Tracked objects:
		On entry : 
		On exit  : 
		Unchanged: 
 Data sizes:     COMRAM   BANK0   BANK1   BANK2   BANK3   BANK4   BANK5   BANK6   BANK7   BANK8   BANK9  BANK10  BANK11  BANK12  BANK13  BANK14
      Params:         0       0       0       0       0       0       0       0       0       0       0       0       0       0       0       0
      Locals:        21       0       0       0       0       0       0       0       0       0       0       0       0       0       0       0
      Temps:          0       0       0       0       0       0       0       0       0       0       0       0       0       0       0       0
      Totals:        21       0       0       0       0       0       0       0       0       0       0       0       0       0       0       0
Total ram usage:       21 bytes
 Hardware stack levels used:    1
 Hardware stack levels required when called:    5
 This function calls:
		_lcd_putrs
		_sprintf
 This function is called by:
		_mostrar_guardar_password
 This function uses a non-reentrant model


 *************** function _guardar_current_password *****************
 Defined at:
		line 3 in file "../../../../../../Program Files/Unimic/unmc_01/sources/password.c"
 Parameters:    Size  Location     Type
  valor           1    wreg     unsigned char 
 Auto vars:     Size  Location     Type
  valor           1    2[COMRAM] unsigned char 
 Return value:  Size  Location     Type
		None               void
 Registers used:
		wreg, fsr2l, fsr2h, status,2, status,0
 Tracked objects:
		On entry : 
		On exit  : 
		Unchanged: 
 Data sizes:     COMRAM   BANK0   BANK1   BANK2   BANK3   BANK4   BANK5   BANK6   BANK7   BANK8   BANK9  BANK10  BANK11  BANK12  BANK13  BANK14
      Params:         0       0       0       0       0       0       0       0       0       0       0       0       0       0       0       0
      Locals:         1       0       0       0       0       0       0       0       0       0       0       0       0       0       0       0
      Temps:          2       0       0       0       0       0       0       0       0       0       0       0       0       0       0       0
      Totals:         3       0       0       0       0       0       0       0       0       0       0       0       0       0       0       0
Total ram usage:        3 bytes
 Hardware stack levels used:    1
 This function calls:
		Nothing
 This function is called by:
		_mostrar_guardar_password
 This function uses a non-reentrant model


 *************** function _guardar_comando *****************
 Defined at:
		line 10 in file "../../../../../../Program Files/Unimic/unmc_01/sources/teclado.c"
 Parameters:    Size  Location     Type
  tecla           1    wreg     unsigned char 
 Auto vars:     Size  Location     Type
  tecla           1   57[COMRAM] unsigned char 
  aux            20   37[COMRAM] unsigned char [20]
 Return value:  Size  Location     Type
		None               void
 Registers used:
		wreg, fsr2l, fsr2h, status,2, status,0, tblptrl, tblptrh, tblptru, prodl, prodh, cstack
 Tracked objects:
		On entry : 
		On exit  : 
		Unchanged: 
 Data sizes:     COMRAM   BANK0   BANK1   BANK2   BANK3   BANK4   BANK5   BANK6   BANK7   BANK8   BANK9  BANK10  BANK11  BANK12  BANK13  BANK14
      Params:         0       0       0       0       0       0       0       0       0       0       0       0       0       0       0       0
      Locals:        21       0       0       0       0       0       0       0       0       0       0       0       0       0       0       0
      Temps:          2       0       0       0       0       0       0       0       0       0       0       0       0       0       0       0
      Totals:        23       0       0       0       0       0       0       0       0       0       0       0       0       0       0       0
Total ram usage:       23 bytes
 Hardware stack levels used:    1
 Hardware stack levels required when called:    2
 This function calls:
		_sprintf
 This function is called by:
		_ingresar_comando
 This function uses a non-reentrant model


 *************** function _restaurar_comando *****************
 Defined at:
		line 44 in file "../../../../../../Program Files/Unimic/unmc_01/sources/teclado.c"
 Parameters:    Size  Location     Type
		None
 Auto vars:     Size  Location     Type
		None
 Return value:  Size  Location     Type
		None               void
 Registers used:
		wreg, status,2
 Tracked objects:
		On entry : 
		On exit  : 
		Unchanged: 
 Data sizes:     COMRAM   BANK0   BANK1   BANK2   BANK3   BANK4   BANK5   BANK6   BANK7   BANK8   BANK9  BANK10  BANK11  BANK12  BANK13  BANK14
      Params:         0       0       0       0       0       0       0       0       0       0       0       0       0       0       0       0
      Locals:         0       0       0       0       0       0       0       0       0       0       0       0       0       0       0       0
      Temps:          0       0       0       0       0       0       0       0       0       0       0       0       0       0       0       0
      Totals:         0       0       0       0       0       0       0       0       0       0       0       0       0       0       0       0
Total ram usage:        0 bytes
 Hardware stack levels used:    1
 This function calls:
		Nothing
 This function is called by:
		_main
		_cambiar_anio
 This function uses a non-reentrant model


 *************** function _inicializar *****************
 Defined at:
		line 8 in file "../../../../../../Program Files/Unimic/unmc_01/sources/fecha.c"
 Parameters:    Size  Location     Type
		None
 Auto vars:     Size  Location     Type
		None
 Return value:  Size  Location     Type
		None               void
 Registers used:
		wreg, status,2
 Tracked objects:
		On entry : 
		On exit  : 
		Unchanged: 
 Data sizes:     COMRAM   BANK0   BANK1   BANK2   BANK3   BANK4   BANK5   BANK6   BANK7   BANK8   BANK9  BANK10  BANK11  BANK12  BANK13  BANK14
      Params:         0       0       0       0       0       0       0       0       0       0       0       0       0       0       0       0
      Locals:         0       0       0       0       0       0       0       0       0       0       0       0       0       0       0       0
      Temps:          0       0       0       0       0       0       0       0       0       0       0       0       0       0       0       0
      Totals:         0       0       0       0       0       0       0       0       0       0       0       0       0       0       0       0
Total ram usage:        0 bytes
 Hardware stack levels used:    1
 This function calls:
		Nothing
 This function is called by:
		_cambiar_anio
 This function uses a non-reentrant model


 *************** function _guardar_elemento *****************
 Defined at:
		line 18 in file "../../../../../../Program Files/Unimic/unmc_01/sources/fecha.c"
 Parameters:    Size  Location     Type
  tecla           1    wreg     unsigned char 
  array           2   35[COMRAM] PTR unsigned char 
		 -> year(3), month(3), day(3), 
  tamanio_arra    2   37[COMRAM] PTR int 
		 -> tamanio_anio(2), tamanio_mes(2), tamanio_dia(2), 
 Auto vars:     Size  Location     Type
  tecla           1   41[COMRAM] unsigned char 
 Return value:  Size  Location     Type
		None               void
 Registers used:
		wreg, fsr2l, fsr2h, status,2, status,0, tblptrl, tblptrh, tblptru, prodl, prodh, cstack
 Tracked objects:
		On entry : 
		On exit  : 
		Unchanged: 
 Data sizes:     COMRAM   BANK0   BANK1   BANK2   BANK3   BANK4   BANK5   BANK6   BANK7   BANK8   BANK9  BANK10  BANK11  BANK12  BANK13  BANK14
      Params:         4       0       0       0       0       0       0       0       0       0       0       0       0       0       0       0
      Locals:         1       0       0       0       0       0       0       0       0       0       0       0       0       0       0       0
      Temps:          2       0       0       0       0       0       0       0       0       0       0       0       0       0       0       0
      Totals:         7       0       0       0       0       0       0       0       0       0       0       0       0       0       0       0
Total ram usage:        7 bytes
 Hardware stack levels used:    1
 Hardware stack levels required when called:    2
 This function calls:
		_sprintf
 This function is called by:
		_cambiar_dia
		_cambiar_mes
		_cambiar_anio
 This function uses a non-reentrant model


 *************** function _convertir_a_int *****************
 Defined at:
		line 26 in file "../../../../../../Program Files/Unimic/unmc_01/sources/fecha.c"
 Parameters:    Size  Location     Type
  array           2   13[COMRAM] PTR unsigned char 
		 -> year(3), month(3), day(3), 
  valor           2   15[COMRAM] PTR int 
		 -> cambiar_anio@valor(2), cambiar_mes@valor(2), cambiar_dia@valor(2), 
 Auto vars:     Size  Location     Type
		None
 Return value:  Size  Location     Type
		None               void
 Registers used:
		wreg, fsr2l, fsr2h, status,2, status,0, prodl, prodh, cstack
 Tracked objects:
		On entry : 
		On exit  : 
		Unchanged: 
 Data sizes:     COMRAM   BANK0   BANK1   BANK2   BANK3   BANK4   BANK5   BANK6   BANK7   BANK8   BANK9  BANK10  BANK11  BANK12  BANK13  BANK14
      Params:         4       0       0       0       0       0       0       0       0       0       0       0       0       0       0       0
      Locals:         0       0       0       0       0       0       0       0       0       0       0       0       0       0       0       0
      Temps:          0       0       0       0       0       0       0       0       0       0       0       0       0       0       0       0
      Totals:         4       0       0       0       0       0       0       0       0       0       0       0       0       0       0       0
Total ram usage:        4 bytes
 Hardware stack levels used:    1
 Hardware stack levels required when called:    2
 This function calls:
		_atoi
 This function is called by:
		_cambiar_dia
		_cambiar_mes
		_cambiar_anio
 This function uses a non-reentrant model


 *************** function _atoi *****************
 Defined at:
		line 5 in file "C:\Program Files (x86)\Microchip\xc8\v1.34\sources\common\atoi.c"
 Parameters:    Size  Location     Type
  s               2    6[COMRAM] PTR const unsigned char 
		 -> year(3), month(3), day(3), 
 Auto vars:     Size  Location     Type
  a               2   11[COMRAM] int 
  sign            1   10[COMRAM] unsigned char 
 Return value:  Size  Location     Type
                  2    6[COMRAM] int 
 Registers used:
		wreg, fsr2l, fsr2h, status,2, status,0, prodl, prodh, cstack
 Tracked objects:
		On entry : 
		On exit  : 
		Unchanged: 
 Data sizes:     COMRAM   BANK0   BANK1   BANK2   BANK3   BANK4   BANK5   BANK6   BANK7   BANK8   BANK9  BANK10  BANK11  BANK12  BANK13  BANK14
      Params:         2       0       0       0       0       0       0       0       0       0       0       0       0       0       0       0
      Locals:         3       0       0       0       0       0       0       0       0       0       0       0       0       0       0       0
      Temps:          2       0       0       0       0       0       0       0       0       0       0       0       0       0       0       0
      Totals:         7       0       0       0       0       0       0       0       0       0       0       0       0       0       0       0
Total ram usage:        7 bytes
 Hardware stack levels used:    1
 Hardware stack levels required when called:    1
 This function calls:
		___wmul
		_isdigit
 This function is called by:
		_convertir_a_int
 This function uses a non-reentrant model


 *************** function _ingresar_password *****************
 Defined at:
		line 85 in file "main.c"
 Parameters:    Size  Location     Type
		None
 Auto vars:     Size  Location     Type
  i               2   27[COMRAM] int 
  i               2   29[COMRAM] int 
  clear          16   11[COMRAM] unsigned char [16]
 Return value:  Size  Location     Type
                  2  164[None  ] int 
 Registers used:
		wreg, fsr0l, fsr0h, fsr1l, fsr1h, fsr2l, fsr2h, status,2, status,0, tblptrl, tblptrh, tblptru, cstack
 Tracked objects:
		On entry : 
		On exit  : 
		Unchanged: 
 Data sizes:     COMRAM   BANK0   BANK1   BANK2   BANK3   BANK4   BANK5   BANK6   BANK7   BANK8   BANK9  BANK10  BANK11  BANK12  BANK13  BANK14
      Params:         0       0       0       0       0       0       0       0       0       0       0       0       0       0       0       0
      Locals:        20       0       0       0       0       0       0       0       0       0       0       0       0       0       0       0
      Temps:          1       0       0       0       0       0       0       0       0       0       0       0       0       0       0       0
      Totals:        21       0       0       0       0       0       0       0       0       0       0       0       0       0       0       0
Total ram usage:       21 bytes
 Hardware stack levels used:    1
 Hardware stack levels required when called:    5
 This function calls:
		_lcd_comand
		_lcd_gotoxy
		_lcd_putrs
		_validar_password
 This function is called by:
		_main
 This function uses a non-reentrant model


 *************** function _validar_password *****************
 Defined at:
		line 13 in file "../../../../../../Program Files/Unimic/unmc_01/sources/password.c"
 Parameters:    Size  Location     Type
		None
 Auto vars:     Size  Location     Type
  i               2    2[COMRAM] int 
 Return value:  Size  Location     Type
		None               void
 Registers used:
		wreg, fsr1l, fsr1h, fsr2l, fsr2h, status,2, status,0
 Tracked objects:
		On entry : 
		On exit  : 
		Unchanged: 
 Data sizes:     COMRAM   BANK0   BANK1   BANK2   BANK3   BANK4   BANK5   BANK6   BANK7   BANK8   BANK9  BANK10  BANK11  BANK12  BANK13  BANK14
      Params:         0       0       0       0       0       0       0       0       0       0       0       0       0       0       0       0
      Locals:         2       0       0       0       0       0       0       0       0       0       0       0       0       0       0       0
      Temps:          2       0       0       0       0       0       0       0       0       0       0       0       0       0       0       0
[...]
      Params:         0       0       0       0       0       0       0       0       0       0       0       0       0       0       0       0
      Locals:         1       0       0       0       0       0       0       0       0       0       0       0       0       0       0       0
      Temps:          1       0       0       0       0       0       0       0       0       0       0       0       0       0       0       0
      Totals:         2       0       0       0       0       0       0       0       0       0       0       0       0       0       0       0
Total ram usage:        2 bytes
 Hardware stack levels used:    1
 This function calls:
		Nothing
 This function is called by:
		_lcd_send_byte
		_lcd_init
 This function uses a non-reentrant model


 *************** function _Delay100TCYx *****************
 Defined at:
		line 8 in file "C:\Program Files (x86)\Microchip\xc8\v1.34\sources\pic18\d100tcyx.c"
 Parameters:    Size  Location     Type
  unit            1    wreg     unsigned char 
 Auto vars:     Size  Location     Type
  unit            1    0[COMRAM] unsigned char 
 Return value:  Size  Location     Type
		None               void
 Registers used:
		wreg
 Tracked objects:
		On entry : 
		On exit  : 
		Unchanged: 
 Data sizes:     COMRAM   BANK0   BANK1   BANK2   BANK3   BANK4   BANK5   BANK6   BANK7   BANK8   BANK9  BANK10  BANK11  BANK12  BANK13  BANK14
      Params:         0       0       0       0       0       0       0       0       0       0       0       0       0       0       0       0
      Locals:         1       0       0       0       0       0       0       0       0       0       0       0       0       0       0       0
      Temps:          0       0       0       0       0       0       0       0       0       0       0       0       0       0       0       0
      Totals:         1       0       0       0       0       0       0       0       0       0       0       0       0       0       0       0
Total ram usage:        1 bytes
 Hardware stack levels used:    1
 This function calls:
		Nothing
 This function is called by:
		_lcd_send_byte
 This function uses a non-reentrant model


 *************** function _Write_RTC *****************
 Defined at:
		line 35 in file "../../../../../../Program Files/Unimic/unmc_01/sources/unmc_rtcc_02.c"
 Parameters:    Size  Location     Type
		None
 Auto vars:     Size  Location     Type
		None
 Return value:  Size  Location     Type
		None               void
 Registers used:
		wreg, fsr2l, fsr2h, status,2, status,0, prodl, prodh, cstack
 Tracked objects:
		On entry : 
		On exit  : 
		Unchanged: 
 Data sizes:     COMRAM   BANK0   BANK1   BANK2   BANK3   BANK4   BANK5   BANK6   BANK7   BANK8   BANK9  BANK10  BANK11  BANK12  BANK13  BANK14
      Params:         0       0       0       0       0       0       0       0       0       0       0       0       0       0       0       0
      Locals:         0       0       0       0       0       0       0       0       0       0       0       0       0       0       0       0
      Temps:          0       0       0       0       0       0       0       0       0       0       0       0       0       0       0       0
      Totals:         0       0       0       0       0       0       0       0       0       0       0       0       0       0       0       0
Total ram usage:        0 bytes
 Hardware stack levels used:    1
 Hardware stack levels required when called:    2
 This function calls:
		_RtccWrOn
		_RtccWriteDate
		_RtccWriteTime
		___awdiv
 This function is called by:
		_Setup
		_cambiar_dia
		_cambiar_mes
		_cambiar_anio
 This function uses a non-reentrant model


 *************** function ___awdiv *****************
 Defined at:
		line 8 in file "C:\Program Files (x86)\Microchip\xc8\v1.34\sources\common\awdiv.c"
 Parameters:    Size  Location     Type
  dividend        2    0[COMRAM] int 
  divisor         2    2[COMRAM] int 
 Auto vars:     Size  Location     Type
  quotient        2    6[COMRAM] int 
  sign            1    5[COMRAM] unsigned char 
  counter         1    4[COMRAM] unsigned char 
 Return value:  Size  Location     Type
                  2    0[COMRAM] int 
 Registers used:
		wreg, status,2, status,0
 Tracked objects:
		On entry : 
		On exit  : 
		Unchanged: 
 Data sizes:     COMRAM   BANK0   BANK1   BANK2   BANK3   BANK4   BANK5   BANK6   BANK7   BANK8   BANK9  BANK10  BANK11  BANK12  BANK13  BANK14
      Params:         4       0       0       0       0       0       0       0       0       0       0       0       0       0       0       0
      Locals:         4       0       0       0       0       0       0       0       0       0       0       0       0       0       0       0
      Temps:          0       0       0       0       0       0       0       0       0       0       0       0       0       0       0       0
      Totals:         8       0       0       0       0       0       0       0       0       0       0       0       0       0       0       0
Total ram usage:        8 bytes
 Hardware stack levels used:    1
 This function calls:
		Nothing
 This function is called by:
		_Write_RTC
 This function uses a non-reentrant model


 *************** function _RtccWriteTime *****************
 Defined at:
		line 34 in file "C:\Program Files (x86)\Microchip\xc8\v1.34\sources\pic18\plib\rtcc\RtccWriteTime.c"
 Parameters:    Size  Location     Type
  pTm             2    0[COMRAM] PTR const struct .
		 -> RtccTime(4), 
  di              1    2[COMRAM] enum E7121
 Auto vars:     Size  Location     Type
  tempHourWDay    2    9[COMRAM] struct .
  tempMinSec      2    7[COMRAM] struct .
  wasWrEn         1    6[COMRAM] enum E7121
  wasAlrm         1    5[COMRAM] enum E7121
  wasOn           1    4[COMRAM] enum E7121
 Return value:  Size  Location     Type
                  1    wreg      enum E7121
 Registers used:
		wreg, fsr2l, fsr2h, status,2, status,0, cstack
 Tracked objects:
		On entry : 
		On exit  : 
		Unchanged: 
 Data sizes:     COMRAM   BANK0   BANK1   BANK2   BANK3   BANK4   BANK5   BANK6   BANK7   BANK8   BANK9  BANK10  BANK11  BANK12  BANK13  BANK14
      Params:         3       0       0       0       0       0       0       0       0       0       0       0       0       0       0       0
      Locals:         7       0       0       0       0       0       0       0       0       0       0       0       0       0       0       0
      Temps:          1       0       0       0       0       0       0       0       0       0       0       0       0       0       0       0
      Totals:        11       0       0       0       0       0       0       0       0       0       0       0       0       0       0       0
Total ram usage:       11 bytes
 Hardware stack levels used:    1
 Hardware stack levels required when called:    1
 This function calls:
		_RtccWrOn
 This function is called by:
		_Write_RTC
 This function uses a non-reentrant model


 *************** function _RtccWriteDate *****************
 Defined at:
		line 35 in file "C:\Program Files (x86)\Microchip\xc8\v1.34\sources\pic18\plib\rtcc\RtccWriteDate.c"
 Parameters:    Size  Location     Type
  pDt             2    0[COMRAM] PTR const struct .
		 -> RtccDate(4), 
  di              1    2[COMRAM] enum E7121
 Auto vars:     Size  Location     Type
  tempHourWDay    2   11[COMRAM] struct .
  tempDayMonth    2    9[COMRAM] struct .
  tempYear        2    6[COMRAM] struct .
  wasWrEn         1    8[COMRAM] enum E7121
  wasAlrm         1    5[COMRAM] enum E7121
  wasOn           1    4[COMRAM] enum E7121
 Return value:  Size  Location     Type
                  1    wreg      enum E7121
 Registers used:
		wreg, fsr2l, fsr2h, status,2, status,0, cstack
 Tracked objects:
		On entry : 
		On exit  : 
		Unchanged: 
 Data sizes:     COMRAM   BANK0   BANK1   BANK2   BANK3   BANK4   BANK5   BANK6   BANK7   BANK8   BANK9  BANK10  BANK11  BANK12  BANK13  BANK14
      Params:         3       0       0       0       0       0       0       0       0       0       0       0       0       0       0       0
      Locals:         9       0       0       0       0       0       0       0       0       0       0       0       0       0       0       0
      Temps:          1       0       0       0       0       0       0       0       0       0       0       0       0       0       0       0
      Totals:        13       0       0       0       0       0       0       0       0       0       0       0       0       0       0       0
Total ram usage:       13 bytes
 Hardware stack levels used:    1
 Hardware stack levels required when called:    1
 This function calls:
		_RtccWrOn
 This function is called by:
		_Write_RTC
 This function uses a non-reentrant model


 *************** function _RtccWrOn *****************
 Defined at:
		line 21 in file "C:\Program Files (x86)\Microchip\xc8\v1.34\sources\pic18\plib\rtcc\RtccWrOn.c"
 Parameters:    Size  Location     Type
		None
 Auto vars:     Size  Location     Type
  data            2    0        unsigned int 
 Return value:  Size  Location     Type
		None               void
 Registers used:
		wreg, status,2
 Tracked objects:
		On entry : 
		On exit  : 
		Unchanged: 
 Data sizes:     COMRAM   BANK0   BANK1   BANK2   BANK3   BANK4   BANK5   BANK6   BANK7   BANK8   BANK9  BANK10  BANK11  BANK12  BANK13  BANK14
      Params:         0       0       0       0       0       0       0       0       0       0       0       0       0       0       0       0
      Locals:         0       0       0       0       0       0       0       0       0       0       0       0       0       0       0       0
      Temps:          0       0       0       0       0       0       0       0       0       0       0       0       0       0       0       0
      Totals:         0       0       0       0       0       0       0       0       0       0       0       0       0       0       0       0
Total ram usage:        0 bytes
 Hardware stack levels used:    1
 This function calls:
		Nothing
 This function is called by:
		_Write_RTC
		_RtccWriteDate
		_RtccWriteTime
 This function uses a non-reentrant model


 *************** function _Read_RTC *****************
 Defined at:
		line 72 in file "../../../../../../Program Files/Unimic/unmc_01/sources/unmc_rtcc_02.c"
 Parameters:    Size  Location     Type
		None
 Auto vars:     Size  Location     Type
		None
 Return value:  Size  Location     Type
		None               void
 Registers used:
		wreg, fsr2l, fsr2h, status,2, status,0, prodl, prodh, cstack
 Tracked objects:
		On entry : 
		On exit  : 
		Unchanged: 
 Data sizes:     COMRAM   BANK0   BANK1   BANK2   BANK3   BANK4   BANK5   BANK6   BANK7   BANK8   BANK9  BANK10  BANK11  BANK12  BANK13  BANK14
      Params:         0       0       0       0       0       0       0       0       0       0       0       0       0       0       0       0
      Locals:         0       0       0       0       0       0       0       0       0       0       0       0       0       0       0       0
      Temps:          0       0       0       0       0       0       0       0       0       0       0       0       0       0       0       0
      Totals:         0       0       0       0       0       0       0       0       0       0       0       0       0       0       0       0
Total ram usage:        0 bytes
 Hardware stack levels used:    1
 Hardware stack levels required when called:    1
 This function calls:
		_RtccReadDate
		_RtccReadTime
 This function is called by:
		_main
 This function uses a non-reentrant model


 *************** function _RtccReadTime *****************
 Defined at:
		line 23 in file "C:\Program Files (x86)\Microchip\xc8\v1.34\sources\pic18\plib\rtcc\RtccReadTime.c"
 Parameters:    Size  Location     Type
  pTm             2    0[COMRAM] PTR struct .
		 -> RtccTime(4), 
 Auto vars:     Size  Location     Type
  rTD0            8   10[COMRAM] struct .
  rTD1            8    2[COMRAM] struct .
 Return value:  Size  Location     Type
		None               void
 Registers used:
		wreg, fsr2l, fsr2h, status,2, status,0
 Tracked objects:
		On entry : 
		On exit  : 
		Unchanged: 
 Data sizes:     COMRAM   BANK0   BANK1   BANK2   BANK3   BANK4   BANK5   BANK6   BANK7   BANK8   BANK9  BANK10  BANK11  BANK12  BANK13  BANK14
      Params:         2       0       0       0       0       0       0       0       0       0       0       0       0       0       0       0
      Locals:        16       0       0       0       0       0       0       0       0       0       0       0       0       0       0       0
      Temps:          0       0       0       0       0       0       0       0       0       0       0       0       0       0       0       0
      Totals:        18       0       0       0       0       0       0       0       0       0       0       0       0       0       0       0
Total ram usage:       18 bytes
 Hardware stack levels used:    1
 This function calls:
		Nothing
 This function is called by:
		_Read_RTC
 This function uses a non-reentrant model


 *************** function _RtccReadDate *****************
 Defined at:
		line 23 in file "C:\Program Files (x86)\Microchip\xc8\v1.34\sources\pic18\plib\rtcc\RtccReadDate.c"
 Parameters:    Size  Location     Type
  pDt             2    0[COMRAM] PTR struct .
		 -> RtccDate(4), 
 Auto vars:     Size  Location     Type
  rTD0            8   10[COMRAM] struct .
  rTD1            8    2[COMRAM] struct .
 Return value:  Size  Location     Type
		None               void
 Registers used:
		wreg, fsr2l, fsr2h, status,2, status,0
 Tracked objects:
		On entry : 
		On exit  : 
		Unchanged: 
 Data sizes:     COMRAM   BANK0   BANK1   BANK2   BANK3   BANK4   BANK5   BANK6   BANK7   BANK8   BANK9  BANK10  BANK11  BANK12  BANK13  BANK14
      Params:         2       0       0       0       0       0       0       0       0       0       0       0       0       0       0       0
      Locals:        16       0       0       0       0       0       0       0       0       0       0       0       0       0       0       0
      Temps:          0       0       0       0       0       0       0       0       0       0       0       0       0       0       0       0
      Totals:        18       0       0       0       0       0       0       0       0       0       0       0       0       0       0       0
Total ram usage:       18 bytes
 Hardware stack levels used:    1
 This function calls:
		Nothing
 This function is called by:
		_Read_RTC
 This function uses a non-reentrant model



MODULE INFORMATION

Module		Function		Class		Link	Load	Size
C:\Program Files (x86)\Microchip\xc8\v1.34\sources\pic18\plib\rtcc\RtccReadDate.c
		_RtccReadDate  		CODE           	2004	0000	143

C:\Program Files (x86)\Microchip\xc8\v1.34\sources\pic18\plib\rtcc\RtccReadDate.c estimated size: 143

C:\Program Files (x86)\Microchip\xc8\v1.34\sources\pic18\d1ktcyx.c
		_Delay1KTCYx   		CODE           	2768	0000	19

C:\Program Files (x86)\Microchip\xc8\v1.34\sources\pic18\d1ktcyx.c estimated size: 19

C:\Program Files (x86)\Microchip\xc8\v1.34\sources\pic18\plib\rtcc\RtccWriteTime.c
		_RtccWriteTime 		CODE           	192E	0000	269

C:\Program Files (x86)\Microchip\xc8\v1.34\sources\pic18\plib\rtcc\RtccWriteTime.c estimated size: 269

C:\Program Files (x86)\Microchip\xc8\v1.34\sources\common\atoi.c
		_atoi          		CODE           	1B32	0000	213

C:\Program Files (x86)\Microchip\xc8\v1.34\sources\common\atoi.c estimated size: 213

C:\Program Files (x86)\Microchip\xc8\v1.34\sources\common\lwmod.c
		___lwmod       		CODE           	2468	0000	77

C:\Program Files (x86)\Microchip\xc8\v1.34\sources\common\lwmod.c estimated size: 77

C:\Program Files (x86)\Microchip\xc8\v1.34\sources\pic18\plib\rtcc\RtccWrOn.c
		_RtccWrOn      		CODE           	278C	0000	19

C:\Program Files (x86)\Microchip\xc8\v1.34\sources\pic18\plib\rtcc\RtccWrOn.c estimated size: 19

C:\Program Files (x86)\Microchip\xc8\v1.34\sources\pic18\plib\rtcc\RtccReadTime.c
		_RtccReadTime  		CODE           	22E2	0000	111

C:\Program Files (x86)\Microchip\xc8\v1.34\sources\pic18\plib\rtcc\RtccReadTime.c estimated size: 111

../../../../../../Program Files/Unimic/unmc_01/sources/fecha.c
		_cambiar_dia   		CODE           	1C06	0000	191
		_cambiar_mes   		CODE           	1D7A	0000	183
		_cambiar_anio  		CODE           	1CC4	0000	183
		_inicializar   		CODE           	2676	0000	45
		_convertir_a_in		CODE           	2734	0000	31
		_guardar_elemen		CODE           	21FE	0000	117

../../../../../../Program Files/Unimic/unmc_01/sources/fecha.c estimated size: 750

../../../../../../Program Files/Unimic/unmc_01/sources/password.c
		_validar_passwo		CODE           	2350	0000	105
		_guardar_curren		CODE           	258E	0000	71

../../../../../../Program Files/Unimic/unmc_01/sources/password.c estimated size: 176

C:\Program Files (x86)\Microchip\xc8\v1.34\sources\common\isdigit.c
		_isdigit       		CODE           	2712	0000	35

C:\Program Files (x86)\Microchip\xc8\v1.34\sources\common\isdigit.c estimated size: 35

../../../../../../Program Files/Unimic/unmc_01/sources/teclado.c
		_restaurar_coma		CODE           	26CA	0000	37
		_imprimir_tecla		CODE           	2548	0000	71
		_guardar_comand		CODE           	2272	0000	113
		_leer_teclado  		CODE           	1810	0000	287
		_guardar_tecla_		CODE           	1ED2	0000	157
		_validar_comand		CODE           	2112	0000	119

../../../../../../Program Files/Unimic/unmc_01/sources/teclado.c estimated size: 784

shared
		_dpowers       		SMALLCONST     	0F01	0000	11
		_LCD_INIT_STRIN		SMALLCONST     	0F0B	0000	5
		__initializatio		CODE           	25D4	0000	59

shared estimated size: 75

C:\Program Files (x86)\Microchip\xc8\v1.34\sources\common\lwdiv.c
		___lwdiv       		CODE           	23B8	0000	93

C:\Program Files (x86)\Microchip\xc8\v1.34\sources\common\lwdiv.c estimated size: 93

C:\Program Files (x86)\Microchip\xc8\v1.34\sources\common\awdiv.c
		___awdiv       		CODE           	1F6E	0000	151

C:\Program Files (x86)\Microchip\xc8\v1.34\sources\common\awdiv.c estimated size: 151

C:\Program Files (x86)\Microchip\xc8\v1.34\sources\pic18\d100tcyx.c
		_Delay100TCYx  		CODE           	277A	0000	19

C:\Program Files (x86)\Microchip\xc8\v1.34\sources\pic18\d100tcyx.c estimated size: 19

C:\Program Files (x86)\Microchip\xc8\v1.34\sources\common\doprnt.c
		_sprintf       		CODE           	0FC0	0000	613

C:\Program Files (x86)\Microchip\xc8\v1.34\sources\common\doprnt.c estimated size: 613

C:\Program Files (x86)\Microchip\xc8\v1.34\sources\pic18\plib\rtcc\RtccWriteDate.c
		_RtccWriteDate 		CODE           	1590	0000	327

C:\Program Files (x86)\Microchip\xc8\v1.34\sources\pic18\plib\rtcc\RtccWriteDate.c estimated size: 327

C:/Archivos de programa/Unimic/unmc_01/sources/unmc_lcd_216.c
		_lcd_comand    		CODE           	279E	0000	15
		_lcd_putc      		CODE           	24B4	0000	77
		_lcd_putrs     		CODE           	2414	0000	85
		_lcd_send_byte 		CODE           	2618	0000	51
		_lcd_gotoxy    		CODE           	26EE	0000	37
		_lcd_send_nibbl		CODE           	2188	0000	119
		_lcd_init      		CODE           	2092	0000	129

C:/Archivos de programa/Unimic/unmc_01/sources/unmc_lcd_216.c estimated size: 513

main.c
		_mostrar_guarda		CODE           	264A	0000	45
		_main          		CODE           	1224	0000	471
		_Setup         		CODE           	2500	0000	73
		_ingresar_coman		CODE           	27AC	0000	11
		_ingresar_passw		CODE           	1A3A	0000	249
		_caratula      		CODE           	1E30	0000	163

main.c estimated size: 1012

../../../../../../Program Files/Unimic/unmc_01/sources/unmc_rtcc_02.c
		_Read_RTC      		CODE           	16D6	0000	315
		_Write_RTC     		CODE           	13FA	0000	407

../../../../../../Program Files/Unimic/unmc_01/sources/unmc_rtcc_02.c estimated size: 722

C:\Program Files (x86)\Microchip\xc8\v1.34\sources\common\Umul16.c
		___wmul        		CODE           	26A2	0000	41

C:\Program Files (x86)\Microchip\xc8\v1.34\sources\common\Umul16.c estimated size: 41

