Microchip MPLAB XC8 Compiler V1.34 ()

Linker command line:

--edf=C:\Program Files (x86)\Microchip\xc8\v1.34\dat\en_msgs.txt -cs \
  -h+dist/default/production\UNMC.production.sym \
  --cmf=dist/default/production\UNMC.production.cmf -z -Q18F26J50 \
  -oC:\Users\ddavi\AppData\Local\Temp\s8k4.6 \
  -Mdist/default/production/UNMC.production.map -E1 -ver=XC8 \
  -ASTACK=0108h-0ebfh -pstack=STACK -ACODE=00h-0FFF7h -ACONST=00h-0FFF7h \
  -ASMALLCONST=0F00h-0FFFhx240,0FF00h-0FFF7h -AMEDIUMCONST=0F00h-0FFF7h \
  -ACOMRAM=01h-05Fh -AABS1=00h-0EBFh -ABIGRAM=01h-0EBFh \
  -ARAM=060h-0FFh,0100h-01FFhx13,0E00h-0EBFh -ABANK0=060h-0FFh \
  -ABANK1=0100h-01FFh -ABANK2=0200h-02FFh -ABANK3=0300h-03FFh \
  -ABANK4=0400h-04FFh -ABANK5=0500h-05FFh -ABANK6=0600h-06FFh \
  -ABANK7=0700h-07FFh -ABANK8=0800h-08FFh -ABANK9=0900h-09FFh \
  -ABANK10=0A00h-0AFFh -ABANK11=0B00h-0BFFh -ABANK12=0C00h-0CFFh \
  -ABANK13=0D00h-0DFFh -ABANK14=0E00h-0EBFh \
  -ASFR=0EC0h-0EFFh,0F00h-0F5Fh,0F60h-0FFFh \
  -preset_vec=00h,intcode,intcodelo,powerup,init,end_init -pramtop=0F00h \
  -psmallconst=SMALLCONST -pmediumconst=MEDIUMCONST -pconst=CONST \
  -AFARRAM=00h-00h -ACONFIG=0FFF8h-0FFFFh -pconfig=CONFIG \
  -pjflash_buffer=0F800h \
  -prdata=COMRAM,nvrram=COMRAM,nvbit=COMRAM,rbss=COMRAM,rbit=COMRAM \
  -pfarbss=FARRAM,fardata=FARRAM,nvFARRAM=FARRAM \
  -pintsave_regs=BIGRAM,bigbss=BIGRAM,bigdata=BIGRAM -pbss=RAM \
  -pidata=CODE,irdata=CODE,ibigdata=CODE,ifardata=CODE -prparam=COMRAM \
  C:\Users\ddavi\AppData\Local\Temp\s8k4.obj \
  dist/default/production\UNMC.production.obj 

Object code version is 3.11

Machine type is 18F26J50

Call graph: (short form)




                Name                               Link     Load   Length Selector   Space Scale
C:\Users\ddavi\AppData\Local\Temp\s8k4.obj
                end_init                              0        0        4        0       0
                config                             FFF8     FFF8        8     FFF8       0
dist/default/production\UNMC.production.obj
                mediumconst                        FEBA     FEBA      13E     7F5D       0
                text62                             EB56     EB56       8E     75AB       0
                text61                             E5BE     E5BE       6E     72DF       0
                text60                             F4E4     F4E4      122     7A72       0
                text59                             DF94     DF94       12     6FCA       0
                text58                             F736     F736      146     7B9B       0
                text57                             F3D8     F3D8      10C     79EC       0
                text56                             EC74     EC74       96     763A       0
                text55                             F87C     F87C      186     7C3E       0
                text54                             DFA6     DFA6       12     6FD3       0
                text53                             E860     E860       76     7430       0
                text52                             E22A     E22A       32     7115       0
                text51                             DF86     DF86        E     6FC3       0
                text50                             DFB8     DFB8       12     6FDC       0
                text49                             E9CA     E9CA       80     74E5       0
                text48                             E374     E374       48     71BA       0
                text47                             E108     E108       24     7084       0
                text46                             E3BC     E3BC       4C     71DE       0
                text45                             E454     E454       54     722A       0
                text44                             E0C4     E0C4       22     7062       0
                text43                             DFF4     DFF4       18     6FFA       0
                text42                             ED0A     ED0A       A6     7685       0
                text41                             E77A     E77A       72     73BD       0
                text40                             E00C     E00C       1E     7006       0
                text39                             F606     F606      130     7B03       0
                text38                             E502     E502       5C     7281       0
                text37                             E408     E408       4C     7204       0
                text36                             E150     E150       28     70A8       0
                text35                             E0E6     E0E6       22     7073       0
                text34                             FBC2     FBC2      2F8     7DE1       0
                text33                             E8D6     E8D6       78     746B       0
                text32                             F024     F024       DC     7812       0
                text31                             EF4E     EF4E       D6     77A7       0
                text30                             EACC     EACC       8A     7566       0
                text29                             F100     F100       E6     7880       0
                text28                             E1FC     E1FC       2E     70FE       0
                text27                             E084     E084       20     7042       0
                text26                             E0A4     E0A4       20     7052       0
                text25                             DFDE     DFDE       16     6FEF       0
                text24                             E02A     E02A       1E     7015       0
                text23                             E048     E048       1E     7024       0
                text22                             EE7A     EE7A       D4     773D       0
                text21                             E066     E066       1E     7033       0
                text20                             FA02     FA02      1C0     7D01       0
                text19                             EA4A     EA4A       82     7525       0
                text18                             F1E6     F1E6       EA     78F3       0
                text17                             E25C     E25C       46     712E       0
                text16                             E69A     E69A       70     734D       0
                text15                             E2A2     E2A2       46     7151       0
                text14                             E2E8     E2E8       46     7174       0
                text13                             E32E     E32E       46     7197       0
                text12                             E178     E178       2C     70BC       0
                text11                             E94E     E94E       7C     74A7       0
                text10                             E62C     E62C       6E     7316       0
                text9                              E4A8     E4A8       5A     7254       0
                text8                              E7EC     E7EC       74     73F6       0
                text7                              E55E     E55E       60     72AF       0
                text6                              E1A4     E1A4       2C     70D2       0
                text5                              E1D0     E1D0       2C     70E8       0
                text4                              E12C     E12C       24     7096       0
                text3                              DF7C     DF7C        A     6FBE       0
                text2                              EBE4     EBE4       90     75F2       0
                text1                              F2D0     F2D0      108     7968       0
                text0                              EDB0     EDB0       CA     76D8       0
                cstackCOMRAM                          1        1       46        1       1
                bssBANK1                            100      100        8      100       1
                dataBANK0                            DF       DF       14       60       1
                bssBANK0                             60       60       7F       60       1
                dataCOMRAM                           5A       5A        4        1       1
                bssCOMRAM                            47       47       13        1       1
                bitbssCOMRAM                        2F8       5F        1        1       1     8
                cinit                              E70A     E70A       70     7385       0
                nvBANK0                              F3       F3        C       60       1
                nvCOMRAM                             5E       5E        1        1       1
                idataBANK0                         DFCA     DFCA       14     DFCA       0
                idataCOMRAM                        DF78     DF78        4     DF78       0

TOTAL           Name                               Link     Load   Length     Space
        CLASS   STACK          

        CLASS   CODE           
                end_init                              0        0        4         0
                text62                             EB56     EB56       8E         0
                text61                             E5BE     E5BE       6E         0
                text60                             F4E4     F4E4      122         0
                text59                             DF94     DF94       12         0
                text58                             F736     F736      146         0
                text57                             F3D8     F3D8      10C         0
                text56                             EC74     EC74       96         0
                text55                             F87C     F87C      186         0
                text54                             DFA6     DFA6       12         0
                text53                             E860     E860       76         0
                text52                             E22A     E22A       32         0
                text51                             DF86     DF86        E         0
                text50                             DFB8     DFB8       12         0
                text49                             E9CA     E9CA       80         0
                text48                             E374     E374       48         0
                text47                             E108     E108       24         0
                text46                             E3BC     E3BC       4C         0
                text45                             E454     E454       54         0
                text44                             E0C4     E0C4       22         0
                text43                             DFF4     DFF4       18         0
                text42                             ED0A     ED0A       A6         0
                text41                             E77A     E77A       72         0
                text40                             E00C     E00C       1E         0
                text39                             F606     F606      130         0
                text38                             E502     E502       5C         0
                text37                             E408     E408       4C         0
                text36                             E150     E150       28         0
                text35                             E0E6     E0E6       22         0
                text34                             FBC2     FBC2      2F8         0
                text33                             E8D6     E8D6       78         0
                text32                             F024     F024       DC         0
                text31                             EF4E     EF4E       D6         0
                text30                             EACC     EACC       8A         0
                text29                             F100     F100       E6         0
                text28                             E1FC     E1FC       2E         0
                text27                             E084     E084       20         0
                text26                             E0A4     E0A4       20         0
                text25                             DFDE     DFDE       16         0
                text24                             E02A     E02A       1E         0
                text23                             E048     E048       1E         0
                text22                             EE7A     EE7A       D4         0
                text21                             E066     E066       1E         0
                text20                             FA02     FA02      1C0         0
                text19                             EA4A     EA4A       82         0
                text18                             F1E6     F1E6       EA         0
                text17                             E25C     E25C       46         0
                text16                             E69A     E69A       70         0
                text15                             E2A2     E2A2       46         0
                text14                             E2E8     E2E8       46         0
                text13                             E32E     E32E       46         0
                text12                             E178     E178       2C         0
                text11                             E94E     E94E       7C         0
                text10                             E62C     E62C       6E         0
                text9                              E4A8     E4A8       5A         0
                text8                              E7EC     E7EC       74         0
                text7                              E55E     E55E       60         0
                text6                              E1A4     E1A4       2C         0
                text5                              E1D0     E1D0       2C         0
                text4                              E12C     E12C       24         0
                text3                              DF7C     DF7C        A         0
                text2                              EBE4     EBE4       90         0
                text1                              F2D0     F2D0      108         0
                text0                              EDB0     EDB0       CA         0
                cinit                              E70A     E70A       70         0
                idataBANK0                         DFCA     DFCA       14         0
                idataCOMRAM                        DF78     DF78        4         0

        CLASS   CONST          

        CLASS   SMALLCONST     

        CLASS   MEDIUMCONST    
                mediumconst                        FEBA     FEBA      13E         0

        CLASS   COMRAM         
                cstackCOMRAM                          1        1       46         1
                dataCOMRAM                           5A       5A        4         1
                bssCOMRAM                            47       47       13         1
                bitbssCOMRAM                        2F8       5F        1         1
                nvCOMRAM                             5E       5E        1         1

        CLASS   ABS1           

        CLASS   BIGRAM         

        CLASS   RAM            

        CLASS   BANK0          
                dataBANK0                            DF       DF       14         1
                bssBANK0                             60       60       7F         1
                nvBANK0                              F3       F3        C         1

        CLASS   BANK1          
                bssBANK1                            100      100        8         1

        CLASS   BANK2          

        CLASS   BANK3          

        CLASS   BANK4          

        CLASS   BANK5          

        CLASS   BANK6          

        CLASS   BANK7          

        CLASS   BANK8          

        CLASS   BANK9          

        CLASS   BANK10         

        CLASS   BANK11         

        CLASS   BANK12         

        CLASS   BANK13         

        CLASS   BANK14         

        CLASS   SFR            

        CLASS   FARRAM         

        CLASS   CONFIG         
                config                             FFF8     FFF8        8         0

        CLASS   IDLOC          



SEGMENTS        Name                           Load    Length   Top    Selector   Space  Class

                reset_vec                      000000  000004  000004         0       0  CODE    
                cstackCOMRAM                   000001  00005F  000060         1       1  COMRAM  
                bssBANK0                       000060  00009F  0000FF        60       1  BANK0   
                bssBANK1                       000100  000008  000108       100       1  BANK1   
                idataCOMRAM                    00DF78  000004  00DF7C      DF78       0  CODE    
                text3                          00DF7C  00000A  00DF86      6FBE       0  CODE    
                text51                         00DF86  00000E  00DF94      6FC3       0  CODE    
                text59                         00DF94  000012  00DFA6      6FCA       0  CODE    
                text54                         00DFA6  000012  00DFB8      6FD3       0  CODE    
                text50                         00DFB8  000012  00DFCA      6FDC       0  CODE    
                idataBANK0                     00DFCA  000014  00DFDE      DFCA       0  CODE    
                text25                         00DFDE  000016  00DFF4      6FEF       0  CODE    
                text43                         00DFF4  000018  00E00C      6FFA       0  CODE    
                text40                         00E00C  00001E  00E02A      7006       0  CODE    
                text24                         00E02A  00001E  00E048      7015       0  CODE    
                text23                         00E048  00001E  00E066      7024       0  CODE    
                text21                         00E066  00001E  00E084      7033       0  CODE    
                text27                         00E084  000020  00E0A4      7042       0  CODE    
                text26                         00E0A4  000020  00E0C4      7052       0  CODE    
                text44                         00E0C4  000022  00E0E6      7062       0  CODE    
                text35                         00E0E6  000022  00E108      7073       0  CODE    
                text47                         00E108  000024  00E12C      7084       0  CODE    
                text4                          00E12C  000024  00E150      7096       0  CODE    
                text36                         00E150  000028  00E178      70A8       0  CODE    
                text12                         00E178  00002C  00E1A4      70BC       0  CODE    
                text6                          00E1A4  00002C  00E1D0      70D2       0  CODE    
                text5                          00E1D0  00002C  00E1FC      70E8       0  CODE    
                text28                         00E1FC  00002E  00E22A      70FE       0  CODE    
                text52                         00E22A  000032  00E25C      7115       0  CODE    
                text17                         00E25C  000046  00E2A2      712E       0  CODE    
                text15                         00E2A2  000046  00E2E8      7151       0  CODE    
                text14                         00E2E8  000046  00E32E      7174       0  CODE    
                text13                         00E32E  000046  00E374      7197       0  CODE    
                text48                         00E374  000048  00E3BC      71BA       0  CODE    
                text46                         00E3BC  00004C  00E408      71DE       0  CODE    
                text37                         00E408  00004C  00E454      7204       0  CODE    
                text45                         00E454  000054  00E4A8      722A       0  CODE    
                text9                          00E4A8  00005A  00E502      7254       0  CODE    
                text38                         00E502  00005C  00E55E      7281       0  CODE    
                text7                          00E55E  000060  00E5BE      72AF       0  CODE    
                text61                         00E5BE  00006E  00E62C      72DF       0  CODE    
                text10                         00E62C  00006E  00E69A      7316       0  CODE    
                text16                         00E69A  000070  00E70A      734D       0  CODE    
                cinit                          00E70A  000070  00E77A      7385       0  CODE    
                text41                         00E77A  000072  00E7EC      73BD       0  CODE    
                text8                          00E7EC  000074  00E860      73F6       0  CODE    
                text53                         00E860  000076  00E8D6      7430       0  CODE    
                text33                         00E8D6  000078  00E94E      746B       0  CODE    
                text11                         00E94E  00007C  00E9CA      74A7       0  CODE    
                text49                         00E9CA  000080  00EA4A      74E5       0  CODE    
                text19                         00EA4A  000082  00EACC      7525       0  CODE    
                text30                         00EACC  00008A  00EB56      7566       0  CODE    
                text62                         00EB56  00008E  00EBE4      75AB       0  CODE    
                text2                          00EBE4  000090  00EC74      75F2       0  CODE    
                text56                         00EC74  000096  00ED0A      763A       0  CODE    
                text42                         00ED0A  0000A6  00EDB0      7685       0  CODE    
                text0                          00EDB0  0000CA  00EE7A      76D8       0  CODE    
                text22                         00EE7A  0000D4  00EF4E      773D       0  CODE    
                text31                         00EF4E  0000D6  00F024      77A7       0  CODE    
                text32                         00F024  0000DC  00F100      7812       0  CODE    
                text29                         00F100  0000E6  00F1E6      7880       0  CODE    
                text18                         00F1E6  0000EA  00F2D0      78F3       0  CODE    
                text1                          00F2D0  000108  00F3D8      7968       0  CODE    
                text57                         00F3D8  00010C  00F4E4      79EC       0  CODE    
                text60                         00F4E4  000122  00F606      7A72       0  CODE    
                text39                         00F606  000130  00F736      7B03       0  CODE    
                text58                         00F736  000146  00F87C      7B9B       0  CODE    
                text55                         00F87C  000186  00FA02      7C3E       0  CODE    
                text20                         00FA02  0001C0  00FBC2      7D01       0  CODE    
                text34                         00FBC2  0002F8  00FEBA      7DE1       0  CODE    
                mediumconst                    00FEBA  00013E  00FFF8      7F5D       0  MEDIUMCO
                config                         00FFF8  000008  010000      FFF8       0  CONFIG  


UNUSED ADDRESS RANGES

        Name                Unused          Largest block    Delta
        BANK0            000FF-000FF               1
        BANK1            00108-001FF              F8
        BANK10           00A00-00AFF             100
        BANK11           00B00-00BFF             100
        BANK12           00C00-00CFF             100
        BANK13           00D00-00DFF             100
        BANK14           00E00-00EBF              C0
        BANK2            00200-002FF             100
        BANK3            00300-003FF             100
        BANK4            00400-004FF             100
        BANK5            00500-005FF             100
        BANK6            00600-006FF             100
        BANK7            00700-007FF             100
        BANK8            00800-008FF             100
        BANK9            00900-009FF             100
        BIGRAM           000FF-000FF               1
                         00108-00EBF             DB8
        CODE             00004-0DF77            DF74
        CONST            00004-0DF77            DF74
        MEDIUMCONST      00F00-0DF77            D078
        RAM              000FF-000FF               1
                         00108-00EBF             100
        SFR              00EC0-00FFF              60
        SMALLCONST       00F00-0DF77             100
        STACK            00108-00EBF             DB8

                                  Symbol Table

?___awdiv                                   cstackCOMRAM  00001
?___awmod                                   cstackCOMRAM  00001
?___lwdiv                                   cstackCOMRAM  00001
?___lwmod                                   cstackCOMRAM  00008
?___wmul                                    cstackCOMRAM  00001
?_atoi                                      cstackCOMRAM  00007
?_sprintf                                   cstackCOMRAM  0000D
Delay100TCYx@unit                           cstackCOMRAM  00001
Delay1KTCYx@unit                            cstackCOMRAM  00001
RtccReadDate@pDt                            cstackCOMRAM  00001
RtccReadDate@rTD0                           cstackCOMRAM  0000B
RtccReadDate@rTD1                           cstackCOMRAM  00003
RtccReadTime@pTm                            cstackCOMRAM  00001
RtccReadTime@rTD0                           cstackCOMRAM  0000B
RtccReadTime@rTD1                           cstackCOMRAM  00003
RtccWriteDate@di                            cstackCOMRAM  00003
RtccWriteDate@pDt                           cstackCOMRAM  00001
RtccWriteDate@tempDayMonth                  cstackCOMRAM  0000A
RtccWriteDate@tempHourWDay                  cstackCOMRAM  0000C
RtccWriteDate@tempYear                      cstackCOMRAM  00007
RtccWriteDate@wasAlrm                       cstackCOMRAM  00006
RtccWriteDate@wasOn                         cstackCOMRAM  00005
RtccWriteDate@wasWrEn                       cstackCOMRAM  00009
RtccWriteTime@di                            cstackCOMRAM  00003
RtccWriteTime@pTm                           cstackCOMRAM  00001
RtccWriteTime@tempHourWDay                  cstackCOMRAM  0000A
RtccWriteTime@tempMinSec                    cstackCOMRAM  00008
RtccWriteTime@wasAlrm                       cstackCOMRAM  00006
RtccWriteTime@wasOn                         cstackCOMRAM  00005
RtccWriteTime@wasWrEn                       cstackCOMRAM  00007
_ADCON0                                     (abs)         00FC2
_ADCON1                                     (abs)         00FC1
_ALRMCFGbits                                (abs)         00F91
_ANCON0                                     (abs)         00F48
_ANCON1                                     (abs)         00F49
_Delay100TCYx                               text54        0DFA6
_Delay1KTCYx                                text50        0DFB8
_EECON2                                     (abs)         00FA7
_INTCONbits                                 (abs)         00FF2
_LATAbits                                   (abs)         00F89
_LATBbits                                   (abs)         00F8A
_LCD_INIT_STRING                            mediumconst   0FEC5
_OSCCONbits                                 (abs)         00FD3
_OSCTUNEbits                                (abs)         00F9B
_PIE3bits                                   (abs)         00FA3
_PORTAbits                                  (abs)         00F80
_PORTCbits                                  (abs)         00F82
_RTCCFG                                     (abs)         00F3F
_RTCCFGbits                                 (abs)         00F3F
_RTCVALH                                    (abs)         00F99
_RTCVALL                                    (abs)         00F98
_Read_RTC                                   text60        0F4E4
_RtccAlrmTimeDate                           bssBANK0      00060
_RtccDate                                   bssCOMRAM     0004C
_RtccReadDate                               text62        0EB56
_RtccReadTime                               text61        0E5BE
_RtccTime                                   bssCOMRAM     00050
_RtccTimeDate                               bssBANK0      00068
_RtccTimeVal                                bssBANK0      00085
_RtccWrOn                                   text59        0DF94
_RtccWriteDate                              text58        0F736
_RtccWriteTime                              text57        0F3D8
_Rtcc_read_TimeDate                         bssBANK1      00100
_Setup                                      text48        0E374
_T1CONbits                                  (abs)         00FCD
_TRISA                                      (abs)         00F92
_TRISB                                      (abs)         00F93
_TRISBbits                                  (abs)         00F93
_TRISC                                      (abs)         00F94
_Write_RTC                                  text55        0F87C
__CFG_CP0$OFF                               (abs)         00000
__CFG_CPUDIV$OSC1                           (abs)         00000
__CFG_DSBOREN$OFF                           (abs)         00000
__CFG_DSWDTEN$OFF                           (abs)         00000
__CFG_DSWDTOSC$INTOSCREF                    (abs)         00000
__CFG_DSWDTPS$G2                            (abs)         00000
__CFG_FCMEN$OFF                             (abs)         00000
__CFG_IESO$OFF                              (abs)         00000
__CFG_IOL1WAY$OFF                           (abs)         00000
__CFG_LPT1OSC$OFF                           (abs)         00000
__CFG_MSSP7B_EN$MSK7                        (abs)         00000
__CFG_OSC$INTOSC                            (abs)         00000
__CFG_PLLDIV$1                              (abs)         00000
__CFG_RTCOSC$T1OSCREF                       (abs)         00000
__CFG_STVREN$ON                             (abs)         00000
__CFG_T1DIG$ON                              (abs)         00000
__CFG_WDTEN$OFF                             (abs)         00000
__CFG_WDTPS$32768                           (abs)         00000
__CFG_WPCFG$OFF                             (abs)         00000
__CFG_WPDIS$OFF                             (abs)         00000
__CFG_XINST$OFF                             (abs)         00000
__HRAM                                      (abs)         00000
__Habs1                                     abs1          00000
__Hbank0                                    bank0         00000
__Hbank1                                    bank1         00000
__Hbank10                                   bank10        00000
__Hbank11                                   bank11        00000
__Hbank12                                   bank12        00000
__Hbank13                                   bank13        00000
__Hbank14                                   bank14        00000
__Hbank2                                    bank2         00000
__Hbank3                                    bank3         00000
__Hbank4                                    bank4         00000
__Hbank5                                    bank5         00000
__Hbank6                                    bank6         00000
__Hbank7                                    bank7         00000
__Hbank8                                    bank8         00000
__Hbank9                                    bank9         00000
__Hbigbss                                   bigbss        00000
__Hbigdata                                  bigdata       00000
__Hbigram                                   bigram        00000
__HbitbssCOMRAM                             bitbssCOMRAM  00000
__Hbss                                      bss           00000
__HbssBANK0                                 bssBANK0      00000
__HbssBANK1                                 bssBANK1      00000
__HbssCOMRAM                                bssCOMRAM     00000
__Hcinit                                    cinit         00000
__Hclrtext                                  clrtext       00000
__Hcomram                                   comram        00000
__Hconfig                                   config        10000
__Hconst                                    const         00000
__HcstackCOMRAM                             cstackCOMRAM  00000
__Hdata                                     data          00000
__HdataBANK0                                dataBANK0     00000
__HdataCOMRAM                               dataCOMRAM    00000
__Hend_init                                 end_init      00004
__Hfarbss                                   farbss        00000
__Hfardata                                  fardata       00000
__Hibigdata                                 ibigdata      00000
__Hidata                                    idata         00000
__HidataBANK0                               idataBANK0    00000
__HidataCOMRAM                              idataCOMRAM   00000
__Hidloc                                    idloc         00000
__Hifardata                                 ifardata      00000
__Hinit                                     init          00000
__Hintcode                                  intcode       00000
__Hintcode_body                             intcode_body  00000
__Hintcodelo                                intcodelo     00000
__Hintentry                                 intentry      00000
__Hintret                                   intret        00000
__Hintsave_regs                             intsave_regs  00000
__Hirdata                                   irdata        00000
__Hjflash_buffer                            jflash_buffer 0F800
__Hmediumconst                              mediumconst   0FFF8
__HnvBANK0                                  nvBANK0       00000
__HnvCOMRAM                                 nvCOMRAM      00000
__HnvFARRAM                                 nvFARRAM      00000
__Hnvbit                                    nvbit         00000
__Hnvrram                                   nvrram        00000
__Hparam                                    rparam        00000
__Hpowerup                                  powerup       00000
__Hram                                      ram           00000
__Hramtop                                   ramtop        00F00
__Hrbit                                     rbit          00000
__Hrbss                                     rbss          00000
__Hrdata                                    rdata         00000
__Hreset_vec                                reset_vec     00000
__Hrparam                                   rparam        00000
__Hsfr                                      sfr           00000
__Hsmallconst                               smallconst    00000
__Hspace_0                                  (abs)         10000
__Hspace_1                                  (abs)         002F9
__Hspace_2                                  (abs)         00000
__Hstack                                    stack         00000
__Hstruct                                   struct        00000
__Htemp                                     temp          00000
__Htext                                     text          00000
__Htext0                                    text0         00000
__Htext1                                    text1         00000
__Htext10                                   text10        00000
__Htext11                                   text11        00000
__Htext12                                   text12        00000
__Htext13                                   text13        00000
__Htext14                                   text14        00000
__Htext15                                   text15        00000
__Htext16                                   text16        00000
__Htext17                                   text17        00000
__Htext18                                   text18        00000
__Htext19                                   text19        00000
__Htext2                                    text2         00000
__Htext20                                   text20        00000
__Htext21                                   text21        00000
__Htext22                                   text22        00000
__Htext23                                   text23        00000
__Htext24                                   text24        00000
__Htext25                                   text25        00000
__Htext26                                   text26        00000
__Htext27                                   text27        00000
__Htext28                                   text28        00000
__Htext29                                   text29        00000
__Htext3                                    text3         00000
__Htext30                                   text30        00000
__Htext31                                   text31        00000
__Htext32                                   text32        00000
__Htext33                                   text33        00000
__Htext34                                   text34        00000
__Htext35                                   text35        00000
__Htext36                                   text36        00000
__Htext37                                   text37        00000
__Htext38                                   text38        00000
__Htext39                                   text39        00000
__Htext4                                    text4         00000
__Htext40                                   text40        00000
__Htext41                                   text41        00000
__Htext42                                   text42        00000
__Htext43                                   text43        00000
__Htext44                                   text44        00000
__Htext45                                   text45        00000
__Htext46                                   text46        00000
__Htext47                                   text47        00000
__Htext48                                   text48        00000
__Htext49                                   text49        00000
__Htext5                                    text5         00000
__Htext50                                   text50        00000
__Htext51                                   text51        00000
__Htext52                                   text52        00000
__Htext53                                   text53        00000
__Htext54                                   text54        00000
__Htext55                                   text55        00000
__Htext56                                   text56        00000
__Htext57                                   text57        00000
__Htext58                                   text58        00000
__Htext59                                   text59        00000
__Htext6                                    text6         00000
__Htext60                                   text60        00000
__Htext61                                   text61        00000
__Htext62                                   text62        00000
__Htext63                                   text63        00000
__Htext7                                    text7         00000
__Htext8                                    text8         00000
__Htext9                                    text9         00000
__LRAM                                      (abs)         00001
__Labs1                                     abs1          00000
__Lbank0                                    bank0         00000
__Lbank1                                    bank1         00000
__Lbank10                                   bank10        00000
__Lbank11                                   bank11        00000
__Lbank12                                   bank12        00000
__Lbank13                                   bank13        00000
__Lbank14                                   bank14        00000
__Lbank2                                    bank2         00000
__Lbank3                                    bank3         00000
__Lbank4                                    bank4         00000
__Lbank5                                    bank5         00000
__Lbank6                                    bank6         00000
__Lbank7                                    bank7         00000
__Lbank8                                    bank8         00000
__Lbank9                                    bank9         00000
__Lbigbss                                   bigbss        00000
__Lbigdata                                  bigdata       00000
__Lbigram                                   bigram        00000
__LbitbssCOMRAM                             bitbssCOMRAM  00000
__Lbss                                      bss           00000
__LbssBANK0                                 bssBANK0      00000
__LbssBANK1                                 bssBANK1      00000
__LbssCOMRAM                                bssCOMRAM     00000
__Lcinit                                    cinit         00000
__Lclrtext                                  clrtext       00000
__Lcomram                                   comram        00000
__Lconfig                                   config        0FFF8
__Lconst                                    const         00000
__LcstackCOMRAM                             cstackCOMRAM  00000
__Ldata                                     data          00000
__LdataBANK0                                dataBANK0     00000
__LdataCOMRAM                               dataCOMRAM    00000
__Lend_init                                 end_init      00000
__Lfarbss                                   farbss        00000
__Lfardata                                  fardata       00000
__Libigdata                                 ibigdata      00000
__Lidata                                    idata         00000
__LidataBANK0                               idataBANK0    00000
__LidataCOMRAM                              idataCOMRAM   00000
__Lidloc                                    idloc         00000
__Lifardata                                 ifardata      00000
__Linit                                     init          00000
__Lintcode                                  intcode       00000
__Lintcode_body                             intcode_body  00000
__Lintcodelo                                intcodelo     00000
__Lintentry                                 intentry      00000
__Lintret                                   intret        00000
__Lintsave_regs                             intsave_regs  00000
__Lirdata                                   irdata        00000
__Ljflash_buffer                            jflash_buffer 0F800
__Lmediumconst                              mediumconst   0FEBA
__LnvBANK0                                  nvBANK0       00000
__LnvCOMRAM                                 nvCOMRAM      00000
__LnvFARRAM                                 nvFARRAM      00000
__Lnvbit                                    nvbit         00000
__Lnvrram                                   nvrram        00000
__Lparam                                    rparam        00000
__Lpowerup                                  powerup       00000
__Lram                                      ram           00000
__Lramtop                                   ramtop        00F00
__Lrbit                                     rbit          00000
__Lrbss                                     rbss          00000
__Lrdata                                    rdata         00000
__Lreset_vec                                reset_vec     00000
__Lrparam                                   rparam        00000
__Lsfr                                      sfr           00000
__Lsmallconst                               smallconst    00000
__Lspace_0                                  (abs)         00000
__Lspace_1                                  (abs)         00000
__Lspace_2                                  (abs)         00000
__Lstack                                    stack         00000
__Lstruct                                   struct        00000
__Ltemp                                     temp          00000
__Ltext                                     text          00000
__Ltext0                                    text0         00000
__Ltext1                                    text1         00000
__Ltext10                                   text10        00000
__Ltext11                                   text11        00000
__Ltext12                                   text12        00000
__Ltext13                                   text13        00000
__Ltext14                                   text14        00000
__Ltext15                                   text15        00000
__Ltext16                                   text16        00000
__Ltext17                                   text17        00000
__Ltext18                                   text18        00000
__Ltext19                                   text19        00000
__Ltext2                                    text2         00000
__Ltext20                                   text20        00000
__Ltext21                                   text21        00000
__Ltext22                                   text22        00000
__Ltext23                                   text23        00000
__Ltext24                                   text24        00000
__Ltext25                                   text25        00000
__Ltext26                                   text26        00000
__Ltext27                                   text27        00000
__Ltext28                                   text28        00000
__Ltext29                                   text29        00000
__Ltext3                                    text3         00000
__Ltext30                                   text30        00000
__Ltext31                                   text31        00000
__Ltext32                                   text32        00000
__Ltext33                                   text33        00000
__Ltext34                                   text34        00000
__Ltext35                                   text35        00000
__Ltext36                                   text36        00000
__Ltext37                                   text37        00000
__Ltext38                                   text38        00000
__Ltext39                                   text39        00000
__Ltext4                                    text4         00000
__Ltext40                                   text40        00000
__Ltext41                                   text41        00000
__Ltext42                                   text42        00000
__Ltext43                                   text43        00000
__Ltext44                                   text44        00000
__Ltext45                                   text45        00000
__Ltext46                                   text46        00000
__Ltext47                                   text47        00000
__Ltext48                                   text48        00000
__Ltext49                                   text49        00000
__Ltext5                                    text5         00000
__Ltext50                                   text50        00000
__Ltext51                                   text51        00000
__Ltext52                                   text52        00000
__Ltext53                                   text53        00000
__Ltext54                                   text54        00000
__Ltext55                                   text55        00000
__Ltext56                                   text56        00000
__Ltext57                                   text57        00000
__Ltext58                                   text58        00000
__Ltext59                                   text59        00000
__Ltext6                                    text6         00000
__Ltext60                                   text60        00000
__Ltext61                                   text61        00000
__Ltext62                                   text62        00000
__Ltext63                                   text63        00000
__Ltext7                                    text7         00000
__Ltext8                                    text8         00000
__Ltext9                                    text9         00000
__S0                                        (abs)         10000
__S1                                        (abs)         00108
__S2                                        (abs)         00000
___awdiv                                    text56        0EC74
___awdiv@counter                            cstackCOMRAM  00005
___awdiv@dividend                           cstackCOMRAM  00001
___awdiv@divisor                            cstackCOMRAM  00003
___awdiv@quotient                           cstackCOMRAM  00007
___awdiv@sign                               cstackCOMRAM  00006
___awmod                                    text19        0EA4A
___awmod@counter                            cstackCOMRAM  00005
___awmod@dividend                           cstackCOMRAM  00001
___awmod@divisor                            cstackCOMRAM  00003
___awmod@sign                               cstackCOMRAM  00006
___inthi_sp                                 stack         00000
___intlo_sp                                 stack         00000
___lwdiv                                    text38        0E502
___lwdiv@counter                            cstackCOMRAM  00007
___lwdiv@dividend                           cstackCOMRAM  00001
___lwdiv@divisor                            cstackCOMRAM  00003
___lwdiv@quotient                           cstackCOMRAM  00005
___lwmod                                    text37        0E408
___lwmod@counter                            cstackCOMRAM  0000C
___lwmod@dividend                           cstackCOMRAM  00008
___lwmod@divisor                            cstackCOMRAM  0000A
___param_bank                               (abs)         00010
___rparam_used                              (abs)         00001
___sp                                       stack         00000
___wmul                                     text36        0E150
___wmul@multiplicand                        cstackCOMRAM  00003
___wmul@multiplier                          cstackCOMRAM  00001
___wmul@product                             cstackCOMRAM  00005
__accesstop                                 (abs)         00060
__activetblptr                              (abs)         00002
__end_of_Delay100TCYx                       text54        0DFB8
__end_of_Delay1KTCYx                        text50        0DFCA
__end_of_LCD_INIT_STRING                    mediumconst   0FEC9
__end_of_Read_RTC                           text60        0F606
__end_of_RtccReadDate                       text62        0EBE4
__end_of_RtccReadTime                       text61        0E62C
__end_of_RtccWrOn                           text59        0DFA6
__end_of_RtccWriteDate                      text58        0F87C
__end_of_RtccWriteTime                      text57        0F4E4
__end_of_Setup                              text48        0E3BC
__end_of_Write_RTC                          text55        0FA02
__end_of___awdiv                            text56        0ED0A
__end_of___awmod                            text19        0EACC
__end_of___lwdiv                            text38        0E55E
__end_of___lwmod                            text37        0E454
__end_of___wmul                             text36        0E178
__end_of__initialization                    cinit         0E770
__end_of_actualiza_dia                      text24        0E048
__end_of_actualiza_elemento                 text25        0DFF4
__end_of_actualizar_hora                    text23        0E066
__end_of_actualizar_minutos                 text26        0E0C4
__end_of_actualizar_password                text39        0F736
__end_of_atoi                               text22        0EF4E
__end_of_cambiar_anio                       text11        0E9CA
__end_of_cambiar_dia                        text9         0E502
__end_of_cambiar_fecha                      text42        0EDB0
__end_of_cambiar_hora                       text7         0E5BE
__end_of_cambiar_horario                    text41        0E7EC
__end_of_cambiar_mes                        text10        0E69A
__end_of_cambiar_minutos                    text8         0E860
__end_of_cambiar_password                   text32        0F100
__end_of_caratula                           text31        0F024
__end_of_clear_display                      text44        0E0E6
__end_of_confirmar_actualizar_password      text4         0E150
__end_of_convertir_a_int                    text21        0E084
__end_of_dpowers                            mediumconst   0FEC5
__end_of_guardar_comando                    text16        0E70A
__end_of_guardar_current_password           text14        0E32E
__end_of_guardar_elemento                   text20        0FBC2
__end_of_guardar_nuevo_password             text15        0E2E8
__end_of_guardar_password_temporal          text13        0E374
__end_of_guardar_tecla_presionada           text2         0EC74
__end_of_imprimir_tecla                     text17        0E2A2
__end_of_ingresar_comando                   text3         0DF86
__end_of_ingresar_password                  text29        0F1E6
__end_of_inicializar_fecha                  text28        0E22A
__end_of_inicializar_hora                   text27        0E0A4
__end_of_isdigit                            text35        0E108
__end_of_lcd_comand                         text51        0DF94
__end_of_lcd_gotoxy                         text47        0E12C
__end_of_lcd_init                           text49        0EA4A
__end_of_lcd_putc                           text46        0E408
__end_of_lcd_putrs                          text45        0E4A8
__end_of_lcd_send_byte                      text52        0E25C
__end_of_lcd_send_nibble                    text53        0E8D6
__end_of_leer_teclado                       text1         0F3D8
__end_of_main                               text0         0EE7A
__end_of_mostrar_guardar_nuevo_password     text5         0E1FC
__end_of_mostrar_guardar_password           text6         0E1D0
__end_of_mostrar_guardar_temporal_password  text12        0E1A4
__end_of_mostrar_titulo_menu                text43        0E00C
__end_of_obtener_dia_mes                    text18        0F2D0
__end_of_restaurar_comando                  text40        0E02A
__end_of_sprintf                            text34        0FEBA
__end_of_validar_password                   text30        0EB56
__end_of_verficar_password                  text33        0E94E
__initialization                            cinit         0E70A
__mediumconst                               mediumconst   0FEBA
__pbitbssCOMRAM                             bitbssCOMRAM  002F8
__pbssBANK0                                 bssBANK0      00060
__pbssBANK1                                 bssBANK1      00100
__pbssCOMRAM                                bssCOMRAM     00047
__pcinit                                    cinit         0E70A
__pcstackCOMRAM                             cstackCOMRAM  00001
__pdataBANK0                                dataBANK0     000DF
__pdataCOMRAM                               dataCOMRAM    0005A
__pidataBANK0                               idataBANK0    0DFCA
__pidataCOMRAM                              idataCOMRAM   0DF78
__pmediumconst                              mediumconst   0FEBA
__pnvBANK0                                  nvBANK0       000F3
__pnvCOMRAM                                 nvCOMRAM      0005E
__ptext0                                    text0         0EDB0
__ptext1                                    text1         0F2D0
__ptext10                                   text10        0E62C
__ptext11                                   text11        0E94E
__ptext12                                   text12        0E178
__ptext13                                   text13        0E32E
__ptext14                                   text14        0E2E8
__ptext15                                   text15        0E2A2
__ptext16                                   text16        0E69A
__ptext17                                   text17        0E25C
__ptext18                                   text18        0F1E6
__ptext19                                   text19        0EA4A
__ptext2                                    text2         0EBE4
__ptext20                                   text20        0FA02
__ptext21                                   text21        0E066
__ptext22                                   text22        0EE7A
__ptext23                                   text23        0E048
__ptext24                                   text24        0E02A
__ptext25                                   text25        0DFDE
__ptext26                                   text26        0E0A4
__ptext27                                   text27        0E084
__ptext28                                   text28        0E1FC
__ptext29                                   text29        0F100
__ptext3                                    text3         0DF7C
__ptext30                                   text30        0EACC
__ptext31                                   text31        0EF4E
__ptext32                                   text32        0F024
__ptext33                                   text33        0E8D6
__ptext34                                   text34        0FBC2
__ptext35                                   text35        0E0E6
__ptext36                                   text36        0E150
__ptext37                                   text37        0E408
__ptext38                                   text38        0E502
__ptext39                                   text39        0F606
__ptext4                                    text4         0E12C
__ptext40                                   text40        0E00C
__ptext41                                   text41        0E77A
__ptext42                                   text42        0ED0A
__ptext43                                   text43        0DFF4
__ptext44                                   text44        0E0C4
__ptext45                                   text45        0E454
__ptext46                                   text46        0E3BC
__ptext47                                   text47        0E108
__ptext48                                   text48        0E374
__ptext49                                   text49        0E9CA
__ptext5                                    text5         0E1D0
__ptext50                                   text50        0DFB8
__ptext51                                   text51        0DF86
__ptext52                                   text52        0E22A
__ptext53                                   text53        0E860
__ptext54                                   text54        0DFA6
__ptext55                                   text55        0F87C
__ptext56                                   text56        0EC74
__ptext57                                   text57        0F3D8
__ptext58                                   text58        0F736
__ptext59                                   text59        0DF94
__ptext6                                    text6         0E1A4
__ptext60                                   text60        0F4E4
__ptext61                                   text61        0E5BE
__ptext62                                   text62        0EB56
__ptext63                                   text63        00000
__ptext7                                    text7         0E55E
__ptext8                                    text8         0E7EC
__ptext9                                    text9         0E4A8
__ramtop                                    ramtop        00F00
__size_of_Delay100TCYx                      (abs)         00000
__size_of_Delay1KTCYx                       (abs)         00000
__size_of_Read_RTC                          (abs)         00000
__size_of_RtccReadDate                      (abs)         00000
__size_of_RtccReadTime                      (abs)         00000
__size_of_RtccWrOn                          (abs)         00000
__size_of_RtccWriteDate                     (abs)         00000
__size_of_RtccWriteTime                     (abs)         00000
__size_of_Setup                             (abs)         00000
__size_of_Write_RTC                         (abs)         00000
__size_of___awdiv                           (abs)         00000
__size_of___awmod                           (abs)         00000
__size_of___lwdiv                           (abs)         00000
__size_of___lwmod                           (abs)         00000
__size_of___wmul                            (abs)         00000
__size_of_actualiza_dia                     (abs)         00000
__size_of_actualiza_elemento                (abs)         00000
__size_of_actualizar_hora                   (abs)         00000
__size_of_actualizar_minutos                (abs)         00000
__size_of_actualizar_password               (abs)         00000
__size_of_atoi                              (abs)         00000
__size_of_cambiar_anio                      (abs)         00000
__size_of_cambiar_dia                       (abs)         00000
__size_of_cambiar_fecha                     (abs)         00000
__size_of_cambiar_hora                      (abs)         00000
__size_of_cambiar_horario                   (abs)         00000
__size_of_cambiar_mes                       (abs)         00000
__size_of_cambiar_minutos                   (abs)         00000
__size_of_cambiar_password                  (abs)         00000
__size_of_caratula                          (abs)         00000
__size_of_clear_display                     (abs)         00000
__size_of_confirmar_actualizar_password     (abs)         00000
__size_of_convertir_a_int                   (abs)         00000
__size_of_guardar_comando                   (abs)         00000
__size_of_guardar_current_password          (abs)         00000
__size_of_guardar_elemento                  (abs)         00000
__size_of_guardar_nuevo_password            (abs)         00000
__size_of_guardar_password_temporal         (abs)         00000
__size_of_guardar_tecla_presionada          (abs)         00000
__size_of_imprimir_tecla                    (abs)         00000
__size_of_ingresar_comando                  (abs)         00000
__size_of_ingresar_password                 (abs)         00000
__size_of_inicializar_fecha                 (abs)         00000
__size_of_inicializar_hora                  (abs)         00000
__size_of_isdigit                           (abs)         00000
__size_of_lcd_comand                        (abs)         00000
__size_of_lcd_gotoxy                        (abs)         00000
__size_of_lcd_init                          (abs)         00000
__size_of_lcd_putc                          (abs)         00000
__size_of_lcd_putrs                         (abs)         00000
__size_of_lcd_send_byte                     (abs)         00000
__size_of_lcd_send_nibble                   (abs)         00000
__size_of_leer_teclado                      (abs)         00000
__size_of_main                              (abs)         00000
__size_of_mostrar_guardar_nuevo_password    (abs)         00000
__size_of_mostrar_guardar_password          (abs)         00000
__size_of_mostrar_guardar_temporal_password (abs)         00000
__size_of_mostrar_titulo_menu               (abs)         00000
__size_of_obtener_dia_mes                   (abs)         00000
__size_of_restaurar_comando                 (abs)         00000
__size_of_sprintf                           (abs)         00000
__size_of_validar_password                  (abs)         00000
__size_of_verficar_password                 (abs)         00000
__smallconst                                smallconst    00000
_a                                          bssBANK0      00098
_activada                                   dataBANK0     000E6
_actualiza_dia                              text24        0E02A
_actualiza_elemento                         text25        0DFDE
_actualizar_hora                            text23        0E048
_actualizar_minutos                         text26        0E0A4
_actualizar_password                        text39        0F606
_anio                                       dataCOMRAM    0005A
_anio_d                                     nvBANK0       000F3
_anio_u                                     nvBANK0       000F4
_atoi                                       text22        0EE7A
_autorizado                                 bssBANK0      0009A
_b                                          bssBANK0      0009C
_buffer2                                    bssBANK0      000B8
_c                                          bssBANK0      0009E
_cambiar_anio                               text11        0E94E
_cambiar_anio$1250                          cstackCOMRAM  00038
_cambiar_dia                                text9         0E4A8
_cambiar_fecha                              text42        0ED0A
_cambiar_hora                               text7         0E55E
_cambiar_horario                            text41        0E77A
_cambiar_mes                                text10        0E62C
_cambiar_mes$1246                           cstackCOMRAM  00038
_cambiar_minutos                            text8         0E7EC
_cambiar_minutos$1265                       cstackCOMRAM  00038
_cambiar_password                           text32        0F024
_caratula                                   text31        0EF4E
_caratula$528                               cstackCOMRAM  00026
_clear_display                              text44        0E0C4
_comando                                    dataBANK0     000EA
_confirmar_actualizar_password              text4         0E12C
_convertir_a_int                            text21        0E066
_current_password                           bssBANK0      00070
_dia                                        dataBANK0     000ED
_dia_semana                                 nvBANK0       000F5
_diasem                                     dataBANK0     000E8
_dpowers                                    mediumconst   0FEBB
_encendida                                  bssBANK0      000A0
_fecha_d                                    nvBANK0       000F6
_fecha_u                                    nvBANK0       000F7
_flag                                       bitbssCOMRAM  002F8
_guardar_comando                            text16        0E69A
_guardar_current_password                   text14        0E2E8
_guardar_elemento                           text20        0FA02
_guardar_nuevo_password                     text15        0E2A2
_guardar_password_temporal                  text13        0E32E
_guardar_tecla_presionada                   text2         0EBE4
_hora                                       dataBANK0     000EF
_hora_d                                     nvBANK0       000F8
_hora_u                                     nvBANK0       000F9
_i                                          bssBANK0      000A2
_imprimir_tecla                             text17        0E25C
_ingresar_comando                           text3         0DF7C
_ingresar_password                          text29        0F100
_inicializar_fecha                          text28        0E1FC
_inicializar_hora                           text27        0E084
_isdigit                                    text35        0E0E6
_isdigit$2543                               cstackCOMRAM  00002
_j                                          bssBANK0      000A4
_k                                          bssBANK0      000A6
_key                                        bssCOMRAM     0004B
_lcd_comand                                 text51        0DF86
_lcd_gotoxy                                 text47        0E108
_lcd_init                                   text49        0E9CA
_lcd_putc                                   text46        0E3BC
_lcd_putrs                                  text45        0E454
_lcd_send_byte                              text52        0E22A
_lcd_send_nibble                            text53        0E860
_leer_teclado                               text1         0F2D0
_main                                       text0         0EDB0
_mes                                        dataCOMRAM    0005C
_mes_d                                      nvBANK0       000FA
_mes_u                                      nvBANK0       000FB
_minuto                                     dataBANK0     000F1
_minuto_d                                   nvBANK0       000FC
_minuto_u                                   nvBANK0       000FD
_mostrar_guardar_nuevo_password             text5         0E1D0
_mostrar_guardar_password                   text6         0E1A4
_mostrar_guardar_temporal_password          text12        0E178
_mostrar_titulo_menu                        text43        0DFF4
_new_password                               bssBANK0      00077
_obtener_dia_mes                            text18        0F1E6
_ocultar_teclas                             bssBANK0      000A8
_password                                   dataBANK0     000DF
_puntero_funcion                            bssBANK0      000AA
_restaurar_comando                          text40        0E00C
_segundo                                    bssBANK0      000AC
_segundo_d                                  nvCOMRAM      0005E
_segundo_u                                  nvBANK0       000FE
_sprintf                                    text34        0FBC2
_tamanio_anio                               bssBANK0      000DB
_tamanio_comando                            bssBANK0      000AE
_tamanio_dia                                bssCOMRAM     00054
_tamanio_hora                               bssCOMRAM     00056
_tamanio_mes                                bssCOMRAM     00058
_tamanio_minutos                            bssBANK0      000DD
_tamanio_new_password                       bssCOMRAM     00047
_tamanio_password                           bssCOMRAM     00049
_temporal                                   bssBANK0      0007E
_validar_password                           text30        0EACC
_verficar_password                          text33        0E8D6
actualiza_dia@elemento                      cstackCOMRAM  00016
actualiza_dia@valor                         cstackCOMRAM  00018
actualiza_elemento@elemento                 cstackCOMRAM  00016
actualiza_elemento@valor                    cstackCOMRAM  00018
actualizar_hora@elemento                    cstackCOMRAM  00016
actualizar_hora@valor                       cstackCOMRAM  00018
actualizar_minutos@elemento                 cstackCOMRAM  00016
actualizar_minutos@valor                    cstackCOMRAM  00018
actualizar_password@confirmar               cstackCOMRAM  00001
actualizar_password@j                       cstackCOMRAM  00009
actualizar_password@j_1538                  cstackCOMRAM  0000B
actualizar_password@valor                   cstackCOMRAM  00003
atoi@a                                      cstackCOMRAM  0000C
atoi@s                                      cstackCOMRAM  00007
atoi@sign                                   cstackCOMRAM  0000B
cambiar_anio@tecla                          cstackCOMRAM  00037
cambiar_anio@validacion                     cstackCOMRAM  00035
cambiar_dia@tecla                           cstackCOMRAM  00037
cambiar_dia@validacion                      cstackCOMRAM  00035
cambiar_hora@tecla                          cstackCOMRAM  00037
cambiar_hora@validacion                     cstackCOMRAM  00035
cambiar_mes@tecla                           cstackCOMRAM  00037
cambiar_mes@validacion                      cstackCOMRAM  00035
cambiar_minutos@tecla                       cstackCOMRAM  00037
cambiar_minutos@validacion                  cstackCOMRAM  00035
cambiar_password@confirmar                  cstackCOMRAM  00024
cambiar_password@verifica                   cstackCOMRAM  00026
caratula@titulo                             cstackCOMRAM  00024
clear_display@pos                           cstackCOMRAM  0000B
confirmar_actualizar_password@tecla         cstackCOMRAM  00039
convertir_a_int@array                       cstackCOMRAM  0000E
convertir_a_int@valor                       cstackCOMRAM  00010
end_of_initialization                       cinit         0E770
fecha@day                                   bssBANK0      000CC
fecha@hour                                  bssBANK0      000CF
fecha@minutes                               bssBANK0      000D2
fecha@month                                 bssBANK0      000D5
fecha@valor_max                             bssBANK0      000B4
fecha@valor_min                             bssBANK0      000B6
fecha@year                                  bssBANK0      000D8
guardar_comando@aux                         cstackCOMRAM  00026
guardar_comando@tecla                       cstackCOMRAM  0003A
guardar_current_password@valor              cstackCOMRAM  00003
guardar_elemento@array                      cstackCOMRAM  00024
guardar_elemento@dato_fecha                 cstackCOMRAM  0002A
guardar_elemento@doit                       cstackCOMRAM  0002C
guardar_elemento@i                          cstackCOMRAM  00031
guardar_elemento@tamanio_array              cstackCOMRAM  00026
guardar_elemento@tecla                      cstackCOMRAM  00030
guardar_elemento@validacion                 cstackCOMRAM  00028
guardar_elemento@valor                      cstackCOMRAM  00033
guardar_nuevo_password@valor                cstackCOMRAM  00003
guardar_password_temporal@valor             cstackCOMRAM  00003
guardar_tecla_presionada@i                  cstackCOMRAM  0003E
guardar_tecla_presionada@letra              cstackCOMRAM  0003C
imprimir_tecla@aux                          cstackCOMRAM  00024
imprimir_tecla@tecla                        cstackCOMRAM  00038
ingresar_comando@key                        cstackCOMRAM  0003B
ingresar_password@clear                     cstackCOMRAM  0000C
ingresar_password@i                         cstackCOMRAM  0001E
ingresar_password@i_566                     cstackCOMRAM  0001C
intlevel0                                   text          00000
intlevel1                                   text          00000
intlevel2                                   text          00000
intlevel3                                   text          00000
isdigit@c                                   cstackCOMRAM  00003
lcd_comand@d                                cstackCOMRAM  00005
lcd_gotoxy@address                          cstackCOMRAM  00007
lcd_gotoxy@x                                cstackCOMRAM  00006
lcd_gotoxy@y                                cstackCOMRAM  00005
lcd_init@i                                  cstackCOMRAM  00005
lcd_putc@c                                  cstackCOMRAM  00008
lcd_putrs@ptr                               cstackCOMRAM  00009
lcd_send_byte@address                       cstackCOMRAM  00004
lcd_send_byte@n                             cstackCOMRAM  00003
lcd_send_nibble@nibble                      cstackCOMRAM  00002
leer_teclado@i                              cstackCOMRAM  00043
leer_teclado@ocultar                        cstackCOMRAM  00040
main@ocultar_teclas                         cstackCOMRAM  00045
mostrar_guardar_nuevo_password@tecla        cstackCOMRAM  00039
mostrar_guardar_password@tecla              cstackCOMRAM  00039
mostrar_guardar_temporal_password@tecla     cstackCOMRAM  00039
mostrar_titulo_menu@titulo_menu             cstackCOMRAM  0000B
sprintf@ap                                  cstackCOMRAM  0001C
sprintf@c                                   cstackCOMRAM  00023
sprintf@f                                   cstackCOMRAM  0000F
sprintf@flag                                cstackCOMRAM  00020
sprintf@prec                                cstackCOMRAM  0001B
sprintf@sp                                  cstackCOMRAM  0000D
sprintf@val                                 cstackCOMRAM  0001E
sprintf@width                               cstackCOMRAM  00021
stackhi                                     (abs)         00EBF
stacklo                                     (abs)         00108
start                                       init          00000
start_initialization                        cinit         0E70A
validar_password@i                          cstackCOMRAM  00003
verficar_password@i                         cstackCOMRAM  00005
verficar_password@verifica                  cstackCOMRAM  00001


FUNCTION INFORMATION:

 *************** function _main *****************
 Defined at:
		line 225 in file "main.c"
 Parameters:    Size  Location     Type
		None
 Auto vars:     Size  Location     Type
  ocultar_tecl    2   68[COMRAM] int 
  validacion      2    0        int 
 Return value:  Size  Location     Type
                  2  255[None  ] int 
 Registers used:
		wreg, fsr0l, fsr0h, fsr1l, fsr1h, fsr2l, fsr2h, status,2, status,0, pclat, tosl, tblptrl, tblptrh, tblptru, prodl, prodh, cstack
 Tracked objects:
		On entry : 
		On exit  : 
		Unchanged: 
 Data sizes:     COMRAM   BANK0   BANK1   BANK2   BANK3   BANK4   BANK5   BANK6   BANK7   BANK8   BANK9  BANK10  BANK11  BANK12  BANK13  BANK14
      Params:         0       0       0       0       0       0       0       0       0       0       0       0       0       0       0       0
      Locals:         2       0       0       0       0       0       0       0       0       0       0       0       0       0       0       0
      Temps:          0       0       0       0       0       0       0       0       0       0       0       0       0       0       0       0
      Totals:         2       0       0       0       0       0       0       0       0       0       0       0       0       0       0       0
Total ram usage:        2 bytes
 Hardware stack levels required when called:    9
 This function calls:
		_Read_RTC
		_Setup
		_atoi
		_cambiar_fecha
		_cambiar_horario
		_cambiar_password
		_caratula
		_ingresar_password
		_leer_teclado
		_restaurar_comando
 This function is called by:
		Startup code after reset
 This function uses a non-reentrant model


 *************** function _leer_teclado *****************
 Defined at:
		line 48 in file "../../../../../../Program Files/Unimic/unmc_01/sources/teclado.c"
 Parameters:    Size  Location     Type
  ocultar         2   63[COMRAM] int 
 Auto vars:     Size  Location     Type
  i               2   66[COMRAM] int 
 Return value:  Size  Location     Type
		None               void
 Registers used:
		wreg, fsr0l, fsr0h, fsr2l, fsr2h, status,2, status,0, pclat, tosl, tblptrl, tblptrh, tblptru, prodl, prodh, cstack
 Tracked objects:
		On entry : 
		On exit  : 
		Unchanged: 
 Data sizes:     COMRAM   BANK0   BANK1   BANK2   BANK3   BANK4   BANK5   BANK6   BANK7   BANK8   BANK9  BANK10  BANK11  BANK12  BANK13  BANK14
      Params:         2       0       0       0       0       0       0       0       0       0       0       0       0       0       0       0
      Locals:         2       0       0       0       0       0       0       0       0       0       0       0       0       0       0       0
[...]
 Return value:  Size  Location     Type
		None               void
 Registers used:
		wreg
 Tracked objects:
		On entry : 
		On exit  : 
		Unchanged: 
 Data sizes:     COMRAM   BANK0   BANK1   BANK2   BANK3   BANK4   BANK5   BANK6   BANK7   BANK8   BANK9  BANK10  BANK11  BANK12  BANK13  BANK14
      Params:         0       0       0       0       0       0       0       0       0       0       0       0       0       0       0       0
      Locals:         1       0       0       0       0       0       0       0       0       0       0       0       0       0       0       0
      Temps:          0       0       0       0       0       0       0       0       0       0       0       0       0       0       0       0
      Totals:         1       0       0       0       0       0       0       0       0       0       0       0       0       0       0       0
Total ram usage:        1 bytes
 Hardware stack levels used:    1
 This function calls:
		Nothing
 This function is called by:
		_lcd_send_byte
 This function uses a non-reentrant model


 *************** function _Write_RTC *****************
 Defined at:
		line 35 in file "../../../../../../Program Files/Unimic/unmc_01/sources/unmc_rtcc_02.c"
 Parameters:    Size  Location     Type
		None
 Auto vars:     Size  Location     Type
		None
 Return value:  Size  Location     Type
		None               void
 Registers used:
		wreg, fsr2l, fsr2h, status,2, status,0, prodl, prodh, cstack
 Tracked objects:
		On entry : 
		On exit  : 
		Unchanged: 
 Data sizes:     COMRAM   BANK0   BANK1   BANK2   BANK3   BANK4   BANK5   BANK6   BANK7   BANK8   BANK9  BANK10  BANK11  BANK12  BANK13  BANK14
      Params:         0       0       0       0       0       0       0       0       0       0       0       0       0       0       0       0
      Locals:         0       0       0       0       0       0       0       0       0       0       0       0       0       0       0       0
      Temps:          0       0       0       0       0       0       0       0       0       0       0       0       0       0       0       0
      Totals:         0       0       0       0       0       0       0       0       0       0       0       0       0       0       0       0
Total ram usage:        0 bytes
 Hardware stack levels used:    1
 Hardware stack levels required when called:    2
 This function calls:
		_RtccWrOn
		_RtccWriteDate
		_RtccWriteTime
		___awdiv
 This function is called by:
		_Setup
		_actualiza_elemento
		_actualizar_minutos
 This function uses a non-reentrant model


 *************** function ___awdiv *****************
 Defined at:
		line 8 in file "C:\Program Files (x86)\Microchip\xc8\v1.34\sources\common\awdiv.c"
 Parameters:    Size  Location     Type
  dividend        2    0[COMRAM] int 
  divisor         2    2[COMRAM] int 
 Auto vars:     Size  Location     Type
  quotient        2    6[COMRAM] int 
  sign            1    5[COMRAM] unsigned char 
  counter         1    4[COMRAM] unsigned char 
 Return value:  Size  Location     Type
                  2    0[COMRAM] int 
 Registers used:
		wreg, status,2, status,0
 Tracked objects:
		On entry : 
		On exit  : 
		Unchanged: 
 Data sizes:     COMRAM   BANK0   BANK1   BANK2   BANK3   BANK4   BANK5   BANK6   BANK7   BANK8   BANK9  BANK10  BANK11  BANK12  BANK13  BANK14
      Params:         4       0       0       0       0       0       0       0       0       0       0       0       0       0       0       0
      Locals:         4       0       0       0       0       0       0       0       0       0       0       0       0       0       0       0
      Temps:          0       0       0       0       0       0       0       0       0       0       0       0       0       0       0       0
      Totals:         8       0       0       0       0       0       0       0       0       0       0       0       0       0       0       0
Total ram usage:        8 bytes
 Hardware stack levels used:    1
 This function calls:
		Nothing
 This function is called by:
		_Write_RTC
 This function uses a non-reentrant model


 *************** function _RtccWriteTime *****************
 Defined at:
		line 34 in file "C:\Program Files (x86)\Microchip\xc8\v1.34\sources\pic18\plib\rtcc\RtccWriteTime.c"
 Parameters:    Size  Location     Type
  pTm             2    0[COMRAM] PTR const struct .
		 -> RtccTime(4), 
  di              1    2[COMRAM] enum E7121
 Auto vars:     Size  Location     Type
  tempHourWDay    2    9[COMRAM] struct .
  tempMinSec      2    7[COMRAM] struct .
  wasWrEn         1    6[COMRAM] enum E7121
  wasAlrm         1    5[COMRAM] enum E7121
  wasOn           1    4[COMRAM] enum E7121
 Return value:  Size  Location     Type
                  1    wreg      enum E7121
 Registers used:
		wreg, fsr2l, fsr2h, status,2, status,0, cstack
 Tracked objects:
		On entry : 
		On exit  : 
		Unchanged: 
 Data sizes:     COMRAM   BANK0   BANK1   BANK2   BANK3   BANK4   BANK5   BANK6   BANK7   BANK8   BANK9  BANK10  BANK11  BANK12  BANK13  BANK14
      Params:         3       0       0       0       0       0       0       0       0       0       0       0       0       0       0       0
      Locals:         7       0       0       0       0       0       0       0       0       0       0       0       0       0       0       0
      Temps:          1       0       0       0       0       0       0       0       0       0       0       0       0       0       0       0
      Totals:        11       0       0       0       0       0       0       0       0       0       0       0       0       0       0       0
Total ram usage:       11 bytes
 Hardware stack levels used:    1
 Hardware stack levels required when called:    1
 This function calls:
		_RtccWrOn
 This function is called by:
		_Write_RTC
 This function uses a non-reentrant model


 *************** function _RtccWriteDate *****************
 Defined at:
		line 35 in file "C:\Program Files (x86)\Microchip\xc8\v1.34\sources\pic18\plib\rtcc\RtccWriteDate.c"
 Parameters:    Size  Location     Type
  pDt             2    0[COMRAM] PTR const struct .
		 -> RtccDate(4), 
  di              1    2[COMRAM] enum E7121
 Auto vars:     Size  Location     Type
  tempHourWDay    2   11[COMRAM] struct .
  tempDayMonth    2    9[COMRAM] struct .
  tempYear        2    6[COMRAM] struct .
  wasWrEn         1    8[COMRAM] enum E7121
  wasAlrm         1    5[COMRAM] enum E7121
  wasOn           1    4[COMRAM] enum E7121
 Return value:  Size  Location     Type
                  1    wreg      enum E7121
 Registers used:
		wreg, fsr2l, fsr2h, status,2, status,0, cstack
 Tracked objects:
		On entry : 
		On exit  : 
		Unchanged: 
 Data sizes:     COMRAM   BANK0   BANK1   BANK2   BANK3   BANK4   BANK5   BANK6   BANK7   BANK8   BANK9  BANK10  BANK11  BANK12  BANK13  BANK14
      Params:         3       0       0       0       0       0       0       0       0       0       0       0       0       0       0       0
      Locals:         9       0       0       0       0       0       0       0       0       0       0       0       0       0       0       0
      Temps:          1       0       0       0       0       0       0       0       0       0       0       0       0       0       0       0
      Totals:        13       0       0       0       0       0       0       0       0       0       0       0       0       0       0       0
Total ram usage:       13 bytes
 Hardware stack levels used:    1
 Hardware stack levels required when called:    1
 This function calls:
		_RtccWrOn
 This function is called by:
		_Write_RTC
 This function uses a non-reentrant model


 *************** function _RtccWrOn *****************
 Defined at:
		line 21 in file "C:\Program Files (x86)\Microchip\xc8\v1.34\sources\pic18\plib\rtcc\RtccWrOn.c"
 Parameters:    Size  Location     Type
		None
 Auto vars:     Size  Location     Type
  data            2    0        unsigned int 
 Return value:  Size  Location     Type
		None               void
 Registers used:
		wreg, status,2
 Tracked objects:
		On entry : 
		On exit  : 
		Unchanged: 
 Data sizes:     COMRAM   BANK0   BANK1   BANK2   BANK3   BANK4   BANK5   BANK6   BANK7   BANK8   BANK9  BANK10  BANK11  BANK12  BANK13  BANK14
      Params:         0       0       0       0       0       0       0       0       0       0       0       0       0       0       0       0
      Locals:         0       0       0       0       0       0       0       0       0       0       0       0       0       0       0       0
      Temps:          0       0       0       0       0       0       0       0       0       0       0       0       0       0       0       0
      Totals:         0       0       0       0       0       0       0       0       0       0       0       0       0       0       0       0
Total ram usage:        0 bytes
 Hardware stack levels used:    1
 This function calls:
		Nothing
 This function is called by:
		_Write_RTC
		_RtccWriteDate
		_RtccWriteTime
 This function uses a non-reentrant model


 *************** function _Read_RTC *****************
 Defined at:
		line 72 in file "../../../../../../Program Files/Unimic/unmc_01/sources/unmc_rtcc_02.c"
 Parameters:    Size  Location     Type
		None
 Auto vars:     Size  Location     Type
		None
 Return value:  Size  Location     Type
		None               void
 Registers used:
		wreg, fsr2l, fsr2h, status,2, status,0, prodl, prodh, cstack
 Tracked objects:
		On entry : 
		On exit  : 
		Unchanged: 
 Data sizes:     COMRAM   BANK0   BANK1   BANK2   BANK3   BANK4   BANK5   BANK6   BANK7   BANK8   BANK9  BANK10  BANK11  BANK12  BANK13  BANK14
      Params:         0       0       0       0       0       0       0       0       0       0       0       0       0       0       0       0
      Locals:         0       0       0       0       0       0       0       0       0       0       0       0       0       0       0       0
      Temps:          0       0       0       0       0       0       0       0       0       0       0       0       0       0       0       0
      Totals:         0       0       0       0       0       0       0       0       0       0       0       0       0       0       0       0
Total ram usage:        0 bytes
 Hardware stack levels used:    1
 Hardware stack levels required when called:    1
 This function calls:
		_RtccReadDate
		_RtccReadTime
 This function is called by:
		_main
 This function uses a non-reentrant model


 *************** function _RtccReadTime *****************
 Defined at:
		line 23 in file "C:\Program Files (x86)\Microchip\xc8\v1.34\sources\pic18\plib\rtcc\RtccReadTime.c"
 Parameters:    Size  Location     Type
  pTm             2    0[COMRAM] PTR struct .
		 -> RtccTime(4), 
 Auto vars:     Size  Location     Type
  rTD0            8   10[COMRAM] struct .
  rTD1            8    2[COMRAM] struct .
 Return value:  Size  Location     Type
		None               void
 Registers used:
		wreg, fsr2l, fsr2h, status,2, status,0
 Tracked objects:
		On entry : 
		On exit  : 
		Unchanged: 
 Data sizes:     COMRAM   BANK0   BANK1   BANK2   BANK3   BANK4   BANK5   BANK6   BANK7   BANK8   BANK9  BANK10  BANK11  BANK12  BANK13  BANK14
      Params:         2       0       0       0       0       0       0       0       0       0       0       0       0       0       0       0
      Locals:        16       0       0       0       0       0       0       0       0       0       0       0       0       0       0       0
      Temps:          0       0       0       0       0       0       0       0       0       0       0       0       0       0       0       0
      Totals:        18       0       0       0       0       0       0       0       0       0       0       0       0       0       0       0
Total ram usage:       18 bytes
 Hardware stack levels used:    1
 This function calls:
		Nothing
 This function is called by:
		_Read_RTC
 This function uses a non-reentrant model


 *************** function _RtccReadDate *****************
 Defined at:
		line 23 in file "C:\Program Files (x86)\Microchip\xc8\v1.34\sources\pic18\plib\rtcc\RtccReadDate.c"
 Parameters:    Size  Location     Type
  pDt             2    0[COMRAM] PTR struct .
		 -> RtccDate(4), 
 Auto vars:     Size  Location     Type
  rTD0            8   10[COMRAM] struct .
  rTD1            8    2[COMRAM] struct .
 Return value:  Size  Location     Type
		None               void
 Registers used:
		wreg, fsr2l, fsr2h, status,2, status,0
 Tracked objects:
		On entry : 
		On exit  : 
		Unchanged: 
 Data sizes:     COMRAM   BANK0   BANK1   BANK2   BANK3   BANK4   BANK5   BANK6   BANK7   BANK8   BANK9  BANK10  BANK11  BANK12  BANK13  BANK14
      Params:         2       0       0       0       0       0       0       0       0       0       0       0       0       0       0       0
      Locals:        16       0       0       0       0       0       0       0       0       0       0       0       0       0       0       0
      Temps:          0       0       0       0       0       0       0       0       0       0       0       0       0       0       0       0
      Totals:        18       0       0       0       0       0       0       0       0       0       0       0       0       0       0       0
Total ram usage:       18 bytes
 Hardware stack levels used:    1
 This function calls:
		Nothing
 This function is called by:
		_Read_RTC
 This function uses a non-reentrant model



MODULE INFORMATION

Module		Function		Class		Link	Load	Size
C:\Program Files (x86)\Microchip\xc8\v1.34\sources\pic18\plib\rtcc\RtccReadDate.c
		_RtccReadDate  		CODE           	EB56	0000	143

C:\Program Files (x86)\Microchip\xc8\v1.34\sources\pic18\plib\rtcc\RtccReadDate.c estimated size: 143

C:\Program Files (x86)\Microchip\xc8\v1.34\sources\pic18\d1ktcyx.c
		_Delay1KTCYx   		CODE           	DFB8	0000	19

C:\Program Files (x86)\Microchip\xc8\v1.34\sources\pic18\d1ktcyx.c estimated size: 19

C:\Program Files (x86)\Microchip\xc8\v1.34\sources\pic18\plib\rtcc\RtccWriteTime.c
		_RtccWriteTime 		CODE           	F3D8	0000	269

C:\Program Files (x86)\Microchip\xc8\v1.34\sources\pic18\plib\rtcc\RtccWriteTime.c estimated size: 269

../../../../../../Program Files/Unimic/unmc_01/sources/alarma.c
		_guardar_nuevo_		CODE           	E2A2	0000	71
		_validar_passwo		CODE           	EACC	0000	139
		_verficar_passw		CODE           	E8D6	0000	121
		_actualizar_pas		CODE           	F606	0000	305
		_guardar_passwo		CODE           	E32E	0000	71
		_guardar_curren		CODE           	E2E8	0000	71

../../../../../../Program Files/Unimic/unmc_01/sources/alarma.c estimated size: 778

C:\Program Files (x86)\Microchip\xc8\v1.34\sources\common\atoi.c
		_atoi          		CODE           	EE7A	0000	213

C:\Program Files (x86)\Microchip\xc8\v1.34\sources\common\atoi.c estimated size: 213

C:\Program Files (x86)\Microchip\xc8\v1.34\sources\common\lwmod.c
		___lwmod       		CODE           	E408	0000	77

C:\Program Files (x86)\Microchip\xc8\v1.34\sources\common\lwmod.c estimated size: 77

C:\Program Files (x86)\Microchip\xc8\v1.34\sources\common\awmod.c
		___awmod       		CODE           	EA4A	0000	131

C:\Program Files (x86)\Microchip\xc8\v1.34\sources\common\awmod.c estimated size: 131

C:\Program Files (x86)\Microchip\xc8\v1.34\sources\pic18\plib\rtcc\RtccWrOn.c
		_RtccWrOn      		CODE           	DF94	0000	19

C:\Program Files (x86)\Microchip\xc8\v1.34\sources\pic18\plib\rtcc\RtccWrOn.c estimated size: 19

C:\Program Files (x86)\Microchip\xc8\v1.34\sources\pic18\plib\rtcc\RtccReadTime.c
		_RtccReadTime  		CODE           	E5BE	0000	111

C:\Program Files (x86)\Microchip\xc8\v1.34\sources\pic18\plib\rtcc\RtccReadTime.c estimated size: 111

../../../../../../Program Files/Unimic/unmc_01/sources/fecha.c
		_actualiza_elem		CODE           	DFDE	0000	23
		_cambiar_dia   		CODE           	E4A8	0000	91
		_cambiar_mes   		CODE           	E62C	0000	111
		_actualizar_min		CODE           	E0A4	0000	33
		_cambiar_hora  		CODE           	E55E	0000	97
		_cambiar_anio  		CODE           	E94E	0000	125
		_convertir_a_in		CODE           	E066	0000	31
		_inicializar_ho		CODE           	E084	0000	33
		_inicializar_fe		CODE           	E1FC	0000	47
		_actualiza_dia 		CODE           	E02A	0000	31
		_obtener_dia_me		CODE           	F1E6	0000	235
		_cambiar_minuto		CODE           	E7EC	0000	117
		_guardar_elemen		CODE           	FA02	0000	449
		_actualizar_hor		CODE           	E048	0000	31

../../../../../../Program Files/Unimic/unmc_01/sources/fecha.c estimated size: 1454

C:\Program Files (x86)\Microchip\xc8\v1.34\sources\common\isdigit.c
		_isdigit       		CODE           	E0E6	0000	35

C:\Program Files (x86)\Microchip\xc8\v1.34\sources\common\isdigit.c estimated size: 35

../../../../../../Program Files/Unimic/unmc_01/sources/teclado.c
		_restaurar_coma		CODE           	E00C	0000	31
		_imprimir_tecla		CODE           	E25C	0000	71
		_guardar_comand		CODE           	E69A	0000	113
		_leer_teclado  		CODE           	F2D0	0000	265
		_guardar_tecla_		CODE           	EBE4	0000	145

../../../../../../Program Files/Unimic/unmc_01/sources/teclado.c estimated size: 625

shared
		_dpowers       		MEDIUMCONST    	FEBB	0000	11
		_LCD_INIT_STRIN		MEDIUMCONST    	FEC5	0000	5
		__initializatio		CODE           	E70A	0000	103

shared estimated size: 119

C:\Program Files (x86)\Microchip\xc8\v1.34\sources\common\lwdiv.c
		___lwdiv       		CODE           	E502	0000	93

C:\Program Files (x86)\Microchip\xc8\v1.34\sources\common\lwdiv.c estimated size: 93

C:\Program Files (x86)\Microchip\xc8\v1.34\sources\common\awdiv.c
		___awdiv       		CODE           	EC74	0000	151

C:\Program Files (x86)\Microchip\xc8\v1.34\sources\common\awdiv.c estimated size: 151

C:\Program Files (x86)\Microchip\xc8\v1.34\sources\pic18\d100tcyx.c
		_Delay100TCYx  		CODE           	DFA6	0000	19

C:\Program Files (x86)\Microchip\xc8\v1.34\sources\pic18\d100tcyx.c estimated size: 19

C:\Program Files (x86)\Microchip\xc8\v1.34\sources\common\doprnt.c
		_sprintf       		CODE           	FBC2	0000	761

C:\Program Files (x86)\Microchip\xc8\v1.34\sources\common\doprnt.c estimated size: 761

C:\Program Files (x86)\Microchip\xc8\v1.34\sources\pic18\plib\rtcc\RtccWriteDate.c
		_RtccWriteDate 		CODE           	F736	0000	327

C:\Program Files (x86)\Microchip\xc8\v1.34\sources\pic18\plib\rtcc\RtccWriteDate.c estimated size: 327

C:/Archivos de programa/Unimic/unmc_01/sources/unmc_lcd_216.c
		_lcd_comand    		CODE           	DF86	0000	15
		_lcd_putc      		CODE           	E3BC	0000	77
		_lcd_putrs     		CODE           	E454	0000	85
		_lcd_send_byte 		CODE           	E22A	0000	51
		_lcd_gotoxy    		CODE           	E108	0000	37
		_lcd_send_nibbl		CODE           	E860	0000	119
		_lcd_init      		CODE           	E9CA	0000	129

C:/Archivos de programa/Unimic/unmc_01/sources/unmc_lcd_216.c estimated size: 513

main.c
		_mostrar_guarda		CODE           	E178	0000	45
		_mostrar_guarda		CODE           	E1A4	0000	45
		_main          		CODE           	EDB0	0000	203
		_cambiar_fecha 		CODE           	ED0A	0000	167
		_cambiar_passwo		CODE           	F024	0000	221
		_mostrar_guarda		CODE           	E1D0	0000	45
		_clear_display 		CODE           	E0C4	0000	35
		_Setup         		CODE           	E374	0000	73
		_mostrar_titulo		CODE           	DFF4	0000	25
		_ingresar_coman		CODE           	DF7C	0000	11
		_ingresar_passw		CODE           	F100	0000	231
		_cambiar_horari		CODE           	E77A	0000	115
		_confirmar_actu		CODE           	E12C	0000	37
		_caratula      		CODE           	EF4E	0000	215

main.c estimated size: 1468

../../../../../../Program Files/Unimic/unmc_01/sources/unmc_rtcc_02.c
		_Read_RTC      		CODE           	F4E4	0000	291
		_Write_RTC     		CODE           	F87C	0000	391

../../../../../../Program Files/Unimic/unmc_01/sources/unmc_rtcc_02.c estimated size: 682

C:\Program Files (x86)\Microchip\xc8\v1.34\sources\common\Umul16.c
		___wmul        		CODE           	E150	0000	41

C:\Program Files (x86)\Microchip\xc8\v1.34\sources\common\Umul16.c estimated size: 41

