Microchip MPLAB XC8 Compiler V1.34 ()

Linker command line:

--edf=C:\Program Files (x86)\Microchip\xc8\v1.34\dat\en_msgs.txt -cs \
  -h+dist/default/production\UNMC.production.sym \
  --cmf=dist/default/production\UNMC.production.cmf -z -Q18F26J50 \
  -oC:\Users\ddavi\AppData\Local\Temp\s3tk.6 \
  -Mdist/default/production/UNMC.production.map -E1 -ver=XC8 \
  -ASTACK=0E8h-0ebfh -pstack=STACK -ACODE=00h-0FFF7h -ACONST=00h-0FFF7h \
  -ASMALLCONST=0F00h-0FFFhx240,0FF00h-0FFF7h -AMEDIUMCONST=0F00h-0FFF7h \
  -ACOMRAM=01h-05Fh -AABS1=00h-0EBFh -ABIGRAM=01h-0EBFh \
  -ARAM=060h-0FFh,0100h-01FFhx13,0E00h-0EBFh -ABANK0=060h-0FFh \
  -ABANK1=0100h-01FFh -ABANK2=0200h-02FFh -ABANK3=0300h-03FFh \
  -ABANK4=0400h-04FFh -ABANK5=0500h-05FFh -ABANK6=0600h-06FFh \
  -ABANK7=0700h-07FFh -ABANK8=0800h-08FFh -ABANK9=0900h-09FFh \
  -ABANK10=0A00h-0AFFh -ABANK11=0B00h-0BFFh -ABANK12=0C00h-0CFFh \
  -ABANK13=0D00h-0DFFh -ABANK14=0E00h-0EBFh \
  -ASFR=0EC0h-0EFFh,0F00h-0F5Fh,0F60h-0FFFh \
  -preset_vec=00h,intcode,intcodelo,powerup,init,end_init -pramtop=0F00h \
  -psmallconst=SMALLCONST -pmediumconst=MEDIUMCONST -pconst=CONST \
  -AFARRAM=00h-00h -ACONFIG=0FFF8h-0FFFFh -pconfig=CONFIG \
  -pjflash_buffer=0F800h \
  -prdata=COMRAM,nvrram=COMRAM,nvbit=COMRAM,rbss=COMRAM,rbit=COMRAM \
  -pfarbss=FARRAM,fardata=FARRAM,nvFARRAM=FARRAM \
  -pintsave_regs=BIGRAM,bigbss=BIGRAM,bigdata=BIGRAM -pbss=RAM \
  -pidata=CODE,irdata=CODE,ibigdata=CODE,ifardata=CODE -prparam=COMRAM \
  C:\Users\ddavi\AppData\Local\Temp\s3tk.obj \
  dist/default/production\UNMC.production.obj 

Object code version is 3.11

Machine type is 18F26J50

Call graph: (short form)




                Name                               Link     Load   Length Selector   Space Scale
C:\Users\ddavi\AppData\Local\Temp\s3tk.obj
                end_init                              0        0        4        0       0
                config                             FFF8     FFF8        8     FFF8       0
dist/default/production\UNMC.production.obj
                smallconst                          F00      F00       F8      780       0
                text48                             2220     2220       8E      7FC       0
                text47                             25F2     25F2       6E      7FC       0
                text46                             1728     1728      13A      7FC       0
                text45                             2AA2     2AA2       12      7FC       0
                text44                             15E2     15E2      146      7FC       0
                text43                             1980     1980      10C      7FC       0
                text42                             218A     218A       96      7FC       0
                text41                             144C     144C      196      7FC       0
                text40                             2A90     2A90       12      7FC       0
                text39                             2424     2424       76      7FC       0
                text38                             28C0     28C0       32      7FC       0
                text37                             2AB4     2AB4        E      7FC       0
                text36                             2A7E     2A7E       12      7FC       0
                text35                             232E     232E       80      7FC       0
                text34                             27A8     27A8       48      7FC       0
                text33                             29C6     29C6       24      7FC       0
                text32                             275C     275C       4C      7FC       0
                text31                             26BC     26BC       54      7FC       0
                text30                             2660     2660       5C      7FC       0
                text29                             2710     2710       4C      7FC       0
                text28                             297A     297A       28      7FC       0
                text27                             29EA     29EA       22      7FC       0
                text26                              FF8      FF8      264      7FC       0
                text25                             1B84     1B84       D6      7FC       0
                text24                             22AE     22AE       80      7FC       0
                text23                             1A8C     1A8C       F8      7FC       0
                text22                             1C5A     1C5A       D4      7FC       0
                text21                             2A4A     2A4A       1E      7FC       0
                text20                             250E     250E       74      7FC       0
                text19                             2920     2920       2E      7FC       0
                text18                             29A2     29A2       24      7FC       0
                text17                             2A2C     2A2C       1E      7FC       0
                text16                             249A     249A       74      7FC       0
                text15                             2A0C     2A0C       20      7FC       0
                text14                             2582     2582       70      7FC       0
                text13                             2836     2836       46      7FC       0
                text12                             27F0     27F0       46      7FC       0
                text11                             294E     294E       2C      7FC       0
                text10                             1DFA     1DFA       CA      7FC       0
                text9                              2030     2030       B6      7FC       0
                text8                              1F7A     1F7A       B6      7FC       0
                text7                              1D2E     1D2E       CC      7FC       0
                text6                              1EC4     1EC4       B6      7FC       0
                text5                              2AC2     2AC2        A      7FC       0
                text4                              20E6     20E6       A4      7FC       0
                text3                              1862     1862      11E      7FC       0
                text2                              28F2     28F2       2E      7FC       0
                text1                              23AE     23AE       76      7FC       0
                text0                              125C     125C      1F0      7FC       0
                cstackCOMRAM                          1        1       51        1       1
                dataBANK0                            C5       C5       16       60       1
                bssBANK0                             60       60       65       60       1
                bssCOMRAM                            52       52        D        1       1
                bitbssCOMRAM                        2F8       5F        1        1       1     8
                cinit                              287C     287C       44      7FC       0
                nvBANK0                              DB       DB        D       60       1
                idataBANK0                         2A68     2A68       16      7FC       0

TOTAL           Name                               Link     Load   Length     Space
        CLASS   STACK          

        CLASS   CODE           
                end_init                              0        0        4         0
                text48                             2220     2220       8E         0
                text47                             25F2     25F2       6E         0
                text46                             1728     1728      13A         0
                text45                             2AA2     2AA2       12         0
                text44                             15E2     15E2      146         0
                text43                             1980     1980      10C         0
                text42                             218A     218A       96         0
                text41                             144C     144C      196         0
                text40                             2A90     2A90       12         0
                text39                             2424     2424       76         0
                text38                             28C0     28C0       32         0
                text37                             2AB4     2AB4        E         0
                text36                             2A7E     2A7E       12         0
                text35                             232E     232E       80         0
                text34                             27A8     27A8       48         0
                text33                             29C6     29C6       24         0
                text32                             275C     275C       4C         0
                text31                             26BC     26BC       54         0
                text30                             2660     2660       5C         0
                text29                             2710     2710       4C         0
                text28                             297A     297A       28         0
                text27                             29EA     29EA       22         0
                text26                              FF8      FF8      264         0
                text25                             1B84     1B84       D6         0
                text24                             22AE     22AE       80         0
                text23                             1A8C     1A8C       F8         0
                text22                             1C5A     1C5A       D4         0
                text21                             2A4A     2A4A       1E         0
                text20                             250E     250E       74         0
                text19                             2920     2920       2E         0
                text18                             29A2     29A2       24         0
                text17                             2A2C     2A2C       1E         0
                text16                             249A     249A       74         0
                text15                             2A0C     2A0C       20         0
                text14                             2582     2582       70         0
                text13                             2836     2836       46         0
                text12                             27F0     27F0       46         0
                text11                             294E     294E       2C         0
                text10                             1DFA     1DFA       CA         0
                text9                              2030     2030       B6         0
                text8                              1F7A     1F7A       B6         0
                text7                              1D2E     1D2E       CC         0
                text6                              1EC4     1EC4       B6         0
                text5                              2AC2     2AC2        A         0
                text4                              20E6     20E6       A4         0
                text3                              1862     1862      11E         0
                text2                              28F2     28F2       2E         0
                text1                              23AE     23AE       76         0
                text0                              125C     125C      1F0         0
                cinit                              287C     287C       44         0
                idataBANK0                         2A68     2A68       16         0

        CLASS   CONST          

        CLASS   SMALLCONST     
                smallconst                          F00      F00       F8         0

        CLASS   MEDIUMCONST    

        CLASS   COMRAM         
                cstackCOMRAM                          1        1       51         1
                bssCOMRAM                            52       52        D         1
                bitbssCOMRAM                        2F8       5F        1         1

        CLASS   ABS1           

        CLASS   BIGRAM         

        CLASS   RAM            

        CLASS   BANK0          
                dataBANK0                            C5       C5       16         1
                bssBANK0                             60       60       65         1
                nvBANK0                              DB       DB        D         1

        CLASS   BANK1          

        CLASS   BANK2          

        CLASS   BANK3          

        CLASS   BANK4          

        CLASS   BANK5          

        CLASS   BANK6          

        CLASS   BANK7          

        CLASS   BANK8          

        CLASS   BANK9          

        CLASS   BANK10         

        CLASS   BANK11         

        CLASS   BANK12         

        CLASS   BANK13         

        CLASS   BANK14         

        CLASS   SFR            

        CLASS   FARRAM         

        CLASS   CONFIG         
                config                             FFF8     FFF8        8         0

        CLASS   IDLOC          



SEGMENTS        Name                           Load    Length   Top    Selector   Space  Class

                reset_vec                      000000  000004  000004         0       0  CODE    
                cstackCOMRAM                   000001  00005F  000060         1       1  COMRAM  
                bssBANK0                       000060  000088  0000E8        60       1  BANK0   
                smallconst                     000F00  0000F8  000FF8       780       0  SMALLCON
                text26                         000FF8  001AD4  002ACC       7FC       0  CODE    
                config                         00FFF8  000008  010000      FFF8       0  CONFIG  


UNUSED ADDRESS RANGES

        Name                Unused          Largest block    Delta
        BANK0            000E8-000FF              18
        BANK1            00100-001FF             100
        BANK10           00A00-00AFF             100
        BANK11           00B00-00BFF             100
        BANK12           00C00-00CFF             100
        BANK13           00D00-00DFF             100
        BANK14           00E00-00EBF              C0
        BANK2            00200-002FF             100
        BANK3            00300-003FF             100
        BANK4            00400-004FF             100
        BANK5            00500-005FF             100
        BANK6            00600-006FF             100
        BANK7            00700-007FF             100
        BANK8            00800-008FF             100
        BANK9            00900-009FF             100
        BIGRAM           000E8-00EBF             DD8
        CODE             00004-00EFF             EFC
                         02ACC-0FFF7            D52C
        CONST            00004-00EFF             EFC
                         02ACC-0FFF7            D52C
        MEDIUMCONST      02ACC-0FFF7            D52C
        RAM              000E8-00EBF             100
        SFR              00EC0-00FFF              60
        SMALLCONST       02ACC-0FFF7             100
        STACK            000E8-00EBF             DD8

                                  Symbol Table

?___awdiv                            cstackCOMRAM  00001
?___lwdiv                            cstackCOMRAM  00001
?___lwmod                            cstackCOMRAM  00008
?___wmul                             cstackCOMRAM  00001
?_atoi                               cstackCOMRAM  00007
?_sprintf                            cstackCOMRAM  0000D
Delay100TCYx@unit                    cstackCOMRAM  00001
Delay1KTCYx@unit                     cstackCOMRAM  00001
RtccReadDate@pDt                     cstackCOMRAM  00001
RtccReadDate@rTD0                    cstackCOMRAM  0000B
RtccReadDate@rTD1                    cstackCOMRAM  00003
RtccReadTime@pTm                     cstackCOMRAM  00001
RtccReadTime@rTD0                    cstackCOMRAM  0000B
RtccReadTime@rTD1                    cstackCOMRAM  00003
RtccWriteDate@di                     cstackCOMRAM  00003
RtccWriteDate@pDt                    cstackCOMRAM  00001
RtccWriteDate@tempDayMonth           cstackCOMRAM  0000A
RtccWriteDate@tempHourWDay           cstackCOMRAM  0000C
RtccWriteDate@tempYear               cstackCOMRAM  00007
RtccWriteDate@wasAlrm                cstackCOMRAM  00006
RtccWriteDate@wasOn                  cstackCOMRAM  00005
RtccWriteDate@wasWrEn                cstackCOMRAM  00009
RtccWriteTime@di                     cstackCOMRAM  00003
RtccWriteTime@pTm                    cstackCOMRAM  00001
RtccWriteTime@tempHourWDay           cstackCOMRAM  0000A
RtccWriteTime@tempMinSec             cstackCOMRAM  00008
RtccWriteTime@wasAlrm                cstackCOMRAM  00006
RtccWriteTime@wasOn                  cstackCOMRAM  00005
RtccWriteTime@wasWrEn                cstackCOMRAM  00007
_ADCON0                              (abs)         00FC2
_ADCON1                              (abs)         00FC1
_ALRMCFGbits                         (abs)         00F91
_ANCON0                              (abs)         00F48
_ANCON1                              (abs)         00F49
_Delay100TCYx                        text40        02A90
_Delay1KTCYx                         text36        02A7E
_EECON2                              (abs)         00FA7
_INTCONbits                          (abs)         00FF2
_LATAbits                            (abs)         00F89
_LATBbits                            (abs)         00F8A
_LCD_INIT_STRING                     smallconst    00F0B
_OSCCONbits                          (abs)         00FD3
_OSCTUNEbits                         (abs)         00F9B
_PIE3bits                            (abs)         00FA3
_PORTAbits                           (abs)         00F80
_PORTCbits                           (abs)         00F82
_RTCCFG                              (abs)         00F3F
_RTCCFGbits                          (abs)         00F3F
_RTCVALH                             (abs)         00F99
_RTCVALL                             (abs)         00F98
_Read_RTC                            text46        01728
_RtccAlrmTimeDate                    bssBANK0      00060
_RtccDate                            bssCOMRAM     00055
_RtccReadDate                        text48        02220
_RtccReadTime                        text47        025F2
_RtccTime                            bssBANK0      000AE
_RtccTimeDate                        bssBANK0      00068
_RtccTimeVal                         bssBANK0      0007E
_RtccWrOn                            text45        02AA2
_RtccWriteDate                       text44        015E2
_RtccWriteTime                       text43        01980
_Rtcc_read_TimeDate                  bssBANK0      00070
_Setup                               text34        027A8
_T1CONbits                           (abs)         00FCD
_TRISA                               (abs)         00F92
_TRISB                               (abs)         00F93
_TRISBbits                           (abs)         00F93
_TRISC                               (abs)         00F94
_Write_RTC                           text41        0144C
__CFG_CP0$OFF                        (abs)         00000
__CFG_CPUDIV$OSC1                    (abs)         00000
__CFG_DSBOREN$OFF                    (abs)         00000
__CFG_DSWDTEN$OFF                    (abs)         00000
__CFG_DSWDTOSC$INTOSCREF             (abs)         00000
__CFG_DSWDTPS$G2                     (abs)         00000
__CFG_FCMEN$OFF                      (abs)         00000
__CFG_IESO$OFF                       (abs)         00000
__CFG_IOL1WAY$OFF                    (abs)         00000
__CFG_LPT1OSC$OFF                    (abs)         00000
__CFG_MSSP7B_EN$MSK7                 (abs)         00000
__CFG_OSC$INTOSC                     (abs)         00000
__CFG_PLLDIV$1                       (abs)         00000
__CFG_RTCOSC$T1OSCREF                (abs)         00000
__CFG_STVREN$ON                      (abs)         00000
__CFG_T1DIG$ON                       (abs)         00000
__CFG_WDTEN$OFF                      (abs)         00000
__CFG_WDTPS$32768                    (abs)         00000
__CFG_WPCFG$OFF                      (abs)         00000
__CFG_WPDIS$OFF                      (abs)         00000
__CFG_XINST$OFF                      (abs)         00000
__HRAM                               (abs)         00000
__Habs1                              abs1          00000
__Hbank0                             bank0         00000
__Hbank1                             bank1         00000
__Hbank10                            bank10        00000
__Hbank11                            bank11        00000
__Hbank12                            bank12        00000
__Hbank13                            bank13        00000
__Hbank14                            bank14        00000
__Hbank2                             bank2         00000
__Hbank3                             bank3         00000
__Hbank4                             bank4         00000
__Hbank5                             bank5         00000
__Hbank6                             bank6         00000
__Hbank7                             bank7         00000
__Hbank8                             bank8         00000
__Hbank9                             bank9         00000
__Hbigbss                            bigbss        00000
__Hbigdata                           bigdata       00000
__Hbigram                            bigram        00000
__HbitbssCOMRAM                      bitbssCOMRAM  00000
__Hbss                               bss           00000
__HbssBANK0                          bssBANK0      00000
__HbssCOMRAM                         bssCOMRAM     00000
__Hcinit                             cinit         00000
__Hclrtext                           clrtext       00000
__Hcomram                            comram        00000
__Hconfig                            config        10000
__Hconst                             const         00000
__HcstackCOMRAM                      cstackCOMRAM  00000
__Hdata                              data          00000
__HdataBANK0                         dataBANK0     00000
__Hend_init                          end_init      00004
__Hfarbss                            farbss        00000
__Hfardata                           fardata       00000
__Hibigdata                          ibigdata      00000
__Hidata                             idata         00000
__HidataBANK0                        idataBANK0    00000
__Hidloc                             idloc         00000
__Hifardata                          ifardata      00000
__Hinit                              init          00000
__Hintcode                           intcode       00000
__Hintcode_body                      intcode_body  00000
__Hintcodelo                         intcodelo     00000
__Hintentry                          intentry      00000
__Hintret                            intret        00000
__Hintsave_regs                      intsave_regs  00000
__Hirdata                            irdata        00000
__Hjflash_buffer                     jflash_buffer 0F800
__Hmediumconst                       mediumconst   00000
__HnvBANK0                           nvBANK0       00000
__HnvFARRAM                          nvFARRAM      00000
__Hnvbit                             nvbit         00000
__Hnvrram                            nvrram        00000
__Hparam                             rparam        00000
__Hpowerup                           powerup       00000
__Hram                               ram           00000
__Hramtop                            ramtop        00F00
__Hrbit                              rbit          00000
__Hrbss                              rbss          00000
__Hrdata                             rdata         00000
__Hreset_vec                         reset_vec     00000
__Hrparam                            rparam        00000
__Hsfr                               sfr           00000
__Hsmallconst                        smallconst    00FF8
__Hspace_0                           (abs)         10000
__Hspace_1                           (abs)         002F9
__Hspace_2                           (abs)         00000
__Hstack                             stack         00000
__Hstruct                            struct        00000
__Htemp                              temp          00000
__Htext                              text          00000
__Htext0                             text0         00000
__Htext1                             text1         00000
__Htext10                            text10        00000
__Htext11                            text11        00000
__Htext12                            text12        00000
__Htext13                            text13        00000
__Htext14                            text14        00000
__Htext15                            text15        00000
__Htext16                            text16        00000
__Htext17                            text17        00000
__Htext18                            text18        00000
__Htext19                            text19        00000
__Htext2                             text2         00000
__Htext20                            text20        00000
__Htext21                            text21        00000
__Htext22                            text22        00000
__Htext23                            text23        00000
__Htext24                            text24        00000
__Htext25                            text25        00000
__Htext26                            text26        00000
__Htext27                            text27        00000
__Htext28                            text28        00000
__Htext29                            text29        00000
__Htext3                             text3         00000
__Htext30                            text30        00000
__Htext31                            text31        00000
__Htext32                            text32        00000
__Htext33                            text33        00000
__Htext34                            text34        00000
__Htext35                            text35        00000
__Htext36                            text36        00000
__Htext37                            text37        00000
__Htext38                            text38        00000
__Htext39                            text39        00000
__Htext4                             text4         00000
__Htext40                            text40        00000
__Htext41                            text41        00000
__Htext42                            text42        00000
__Htext43                            text43        00000
__Htext44                            text44        00000
__Htext45                            text45        00000
__Htext46                            text46        00000
__Htext47                            text47        00000
__Htext48                            text48        00000
__Htext49                            text49        00000
__Htext5                             text5         00000
__Htext6                             text6         00000
__Htext7                             text7         00000
__Htext8                             text8         00000
__Htext9                             text9         00000
__LRAM                               (abs)         00001
__Labs1                              abs1          00000
__Lbank0                             bank0         00000
__Lbank1                             bank1         00000
__Lbank10                            bank10        00000
__Lbank11                            bank11        00000
__Lbank12                            bank12        00000
__Lbank13                            bank13        00000
__Lbank14                            bank14        00000
__Lbank2                             bank2         00000
__Lbank3                             bank3         00000
__Lbank4                             bank4         00000
__Lbank5                             bank5         00000
__Lbank6                             bank6         00000
__Lbank7                             bank7         00000
__Lbank8                             bank8         00000
__Lbank9                             bank9         00000
__Lbigbss                            bigbss        00000
__Lbigdata                           bigdata       00000
__Lbigram                            bigram        00000
__LbitbssCOMRAM                      bitbssCOMRAM  00000
__Lbss                               bss           00000
__LbssBANK0                          bssBANK0      00000
__LbssCOMRAM                         bssCOMRAM     00000
__Lcinit                             cinit         00000
__Lclrtext                           clrtext       00000
__Lcomram                            comram        00000
__Lconfig                            config        0FFF8
__Lconst                             const         00000
__LcstackCOMRAM                      cstackCOMRAM  00000
__Ldata                              data          00000
__LdataBANK0                         dataBANK0     00000
__Lend_init                          end_init      00000
__Lfarbss                            farbss        00000
__Lfardata                           fardata       00000
__Libigdata                          ibigdata      00000
__Lidata                             idata         00000
__LidataBANK0                        idataBANK0    00000
__Lidloc                             idloc         00000
__Lifardata                          ifardata      00000
__Linit                              init          00000
__Lintcode                           intcode       00000
__Lintcode_body                      intcode_body  00000
__Lintcodelo                         intcodelo     00000
__Lintentry                          intentry      00000
__Lintret                            intret        00000
__Lintsave_regs                      intsave_regs  00000
__Lirdata                            irdata        00000
__Ljflash_buffer                     jflash_buffer 0F800
__Lmediumconst                       mediumconst   00000
__LnvBANK0                           nvBANK0       00000
__LnvFARRAM                          nvFARRAM      00000
__Lnvbit                             nvbit         00000
__Lnvrram                            nvrram        00000
__Lparam                             rparam        00000
__Lpowerup                           powerup       00000
__Lram                               ram           00000
__Lramtop                            ramtop        00F00
__Lrbit                              rbit          00000
__Lrbss                              rbss          00000
__Lrdata                             rdata         00000
__Lreset_vec                         reset_vec     00000
__Lrparam                            rparam        00000
__Lsfr                               sfr           00000
__Lsmallconst                        smallconst    00F00
__Lspace_0                           (abs)         00000
__Lspace_1                           (abs)         00000
__Lspace_2                           (abs)         00000
__Lstack                             stack         00000
__Lstruct                            struct        00000
__Ltemp                              temp          00000
__Ltext                              text          00000
__Ltext0                             text0         00000
__Ltext1                             text1         00000
__Ltext10                            text10        00000
__Ltext11                            text11        00000
__Ltext12                            text12        00000
__Ltext13                            text13        00000
__Ltext14                            text14        00000
__Ltext15                            text15        00000
__Ltext16                            text16        00000
__Ltext17                            text17        00000
__Ltext18                            text18        00000
__Ltext19                            text19        00000
__Ltext2                             text2         00000
__Ltext20                            text20        00000
__Ltext21                            text21        00000
__Ltext22                            text22        00000
__Ltext23                            text23        00000
__Ltext24                            text24        00000
__Ltext25                            text25        00000
__Ltext26                            text26        00000
__Ltext27                            text27        00000
__Ltext28                            text28        00000
__Ltext29                            text29        00000
__Ltext3                             text3         00000
__Ltext30                            text30        00000
__Ltext31                            text31        00000
__Ltext32                            text32        00000
__Ltext33                            text33        00000
__Ltext34                            text34        00000
__Ltext35                            text35        00000
__Ltext36                            text36        00000
__Ltext37                            text37        00000
__Ltext38                            text38        00000
__Ltext39                            text39        00000
__Ltext4                             text4         00000
__Ltext40                            text40        00000
__Ltext41                            text41        00000
__Ltext42                            text42        00000
__Ltext43                            text43        00000
__Ltext44                            text44        00000
__Ltext45                            text45        00000
__Ltext46                            text46        00000
__Ltext47                            text47        00000
__Ltext48                            text48        00000
__Ltext49                            text49        00000
__Ltext5                             text5         00000
__Ltext6                             text6         00000
__Ltext7                             text7         00000
__Ltext8                             text8         00000
__Ltext9                             text9         00000
__S0                                 (abs)         10000
__S1                                 (abs)         000E8
__S2                                 (abs)         00000
___awdiv                             text42        0218A
___awdiv@counter                     cstackCOMRAM  00005
___awdiv@dividend                    cstackCOMRAM  00001
___awdiv@divisor                     cstackCOMRAM  00003
___awdiv@quotient                    cstackCOMRAM  00007
___awdiv@sign                        cstackCOMRAM  00006
___inthi_sp                          stack         00000
___intlo_sp                          stack         00000
___lwdiv                             text30        02660
___lwdiv@counter                     cstackCOMRAM  00007
___lwdiv@dividend                    cstackCOMRAM  00001
___lwdiv@divisor                     cstackCOMRAM  00003
___lwdiv@quotient                    cstackCOMRAM  00005
___lwmod                             text29        02710
___lwmod@counter                     cstackCOMRAM  0000C
___lwmod@dividend                    cstackCOMRAM  00008
___lwmod@divisor                     cstackCOMRAM  0000A
___param_bank                        (abs)         00010
___rparam_used                       (abs)         00001
___sp                                stack         00000
___wmul                              text28        0297A
___wmul@multiplicand                 cstackCOMRAM  00003
___wmul@multiplier                   cstackCOMRAM  00001
___wmul@product                      cstackCOMRAM  00005
__accesstop                          (abs)         00060
__activetblptr                       (abs)         00002
__end_of_Delay100TCYx                text40        02AA2
__end_of_Delay1KTCYx                 text36        02A90
__end_of_LCD_INIT_STRING             smallconst    00F0F
__end_of_Read_RTC                    text46        01862
__end_of_RtccReadDate                text48        022AE
__end_of_RtccReadTime                text47        02660
__end_of_RtccWrOn                    text45        02AB4
__end_of_RtccWriteDate               text44        01728
__end_of_RtccWriteTime               text43        01A8C
__end_of_Setup                       text34        027F0
__end_of_Write_RTC                   text41        015E2
__end_of___awdiv                     text42        02220
__end_of___lwdiv                     text30        026BC
__end_of___lwmod                     text29        0275C
__end_of___wmul                      text28        029A2
__end_of__initialization             cinit         028B6
__end_of_atoi                        text22        01D2E
__end_of_cambiar_anio                text10        01EC4
__end_of_cambiar_dia                 text8         02030
__end_of_cambiar_hora                text6         01F7A
__end_of_cambiar_mes                 text9         020E6
__end_of_cambiar_minutos             text7         01DFA
__end_of_caratula                    text25        01C5A
__end_of_convertir_a_int_fecha       text21        02A68
__end_of_convertir_a_int_hora        text17        02A4A
__end_of_dpowers                     smallconst    00F0B
__end_of_guardar_comando             text14        025F2
__end_of_guardar_current_password    text13        0287C
__end_of_guardar_elemento_fecha      text20        02582
__end_of_guardar_elemento_hora       text16        0250E
__end_of_guardar_tecla_presionada    text4         0218A
__end_of_imprimir_tecla              text12        02836
__end_of_ingresar_comando            text5         02ACC
__end_of_ingresar_password           text23        01B84
__end_of_inicializar_fecha           text19        0294E
__end_of_inicializar_hora            text15        02A2C
__end_of_isdigit                     text27        02A0C
__end_of_lcd_comand                  text37        02AC2
__end_of_lcd_gotoxy                  text33        029EA
__end_of_lcd_init                    text35        023AE
__end_of_lcd_putc                    text32        027A8
__end_of_lcd_putrs                   text31        02710
__end_of_lcd_send_byte               text38        028F2
__end_of_lcd_send_nibble             text39        0249A
__end_of_leer_teclado                text3         01980
__end_of_main                        text0         0144C
__end_of_mostrar_guardar_password    text11        0297A
__end_of_mostrar_menu                text2         02920
__end_of_restaurar_comando           text18        029C6
__end_of_sprintf                     text26        0125C
__end_of_validar_comando             text1         02424
__end_of_validar_password            text24        0232E
__initialization                     cinit         0287C
__mediumconst                        mediumconst   00000
__pbitbssCOMRAM                      bitbssCOMRAM  002F8
__pbssBANK0                          bssBANK0      00060
__pbssCOMRAM                         bssCOMRAM     00052
__pcinit                             cinit         0287C
__pcstackCOMRAM                      cstackCOMRAM  00001
__pdataBANK0                         dataBANK0     000C5
__pidataBANK0                        idataBANK0    02A68
__pnvBANK0                           nvBANK0       000DB
__psmallconst                        smallconst    00F00
__ptext0                             text0         0125C
__ptext1                             text1         023AE
__ptext10                            text10        01DFA
__ptext11                            text11        0294E
__ptext12                            text12        027F0
__ptext13                            text13        02836
__ptext14                            text14        02582
__ptext15                            text15        02A0C
__ptext16                            text16        0249A
__ptext17                            text17        02A2C
__ptext18                            text18        029A2
__ptext19                            text19        02920
__ptext2                             text2         028F2
__ptext20                            text20        0250E
__ptext21                            text21        02A4A
__ptext22                            text22        01C5A
__ptext23                            text23        01A8C
__ptext24                            text24        022AE
__ptext25                            text25        01B84
__ptext26                            text26        00FF8
__ptext27                            text27        029EA
__ptext28                            text28        0297A
__ptext29                            text29        02710
__ptext3                             text3         01862
__ptext30                            text30        02660
__ptext31                            text31        026BC
__ptext32                            text32        0275C
__ptext33                            text33        029C6
__ptext34                            text34        027A8
__ptext35                            text35        0232E
__ptext36                            text36        02A7E
__ptext37                            text37        02AB4
__ptext38                            text38        028C0
__ptext39                            text39        02424
__ptext4                             text4         020E6
__ptext40                            text40        02A90
__ptext41                            text41        0144C
__ptext42                            text42        0218A
__ptext43                            text43        01980
__ptext44                            text44        015E2
__ptext45                            text45        02AA2
__ptext46                            text46        01728
__ptext47                            text47        025F2
__ptext48                            text48        02220
__ptext49                            text49        00000
__ptext5                             text5         02AC2
__ptext6                             text6         01EC4
__ptext7                             text7         01D2E
__ptext8                             text8         01F7A
__ptext9                             text9         02030
__ramtop                             ramtop        00F00
__size_of_Delay100TCYx               (abs)         00000
__size_of_Delay1KTCYx                (abs)         00000
__size_of_Read_RTC                   (abs)         00000
__size_of_RtccReadDate               (abs)         00000
__size_of_RtccReadTime               (abs)         00000
__size_of_RtccWrOn                   (abs)         00000
__size_of_RtccWriteDate              (abs)         00000
__size_of_RtccWriteTime              (abs)         00000
__size_of_Setup                      (abs)         00000
__size_of_Write_RTC                  (abs)         00000
__size_of___awdiv                    (abs)         00000
__size_of___lwdiv                    (abs)         00000
__size_of___lwmod                    (abs)         00000
__size_of___wmul                     (abs)         00000
__size_of_atoi                       (abs)         00000
__size_of_cambiar_anio               (abs)         00000
__size_of_cambiar_dia                (abs)         00000
__size_of_cambiar_hora               (abs)         00000
__size_of_cambiar_mes                (abs)         00000
__size_of_cambiar_minutos            (abs)         00000
__size_of_caratula                   (abs)         00000
__size_of_convertir_a_int_fecha      (abs)         00000
__size_of_convertir_a_int_hora       (abs)         00000
__size_of_guardar_comando            (abs)         00000
__size_of_guardar_current_password   (abs)         00000
__size_of_guardar_elemento_fecha     (abs)         00000
__size_of_guardar_elemento_hora      (abs)         00000
__size_of_guardar_tecla_presionada   (abs)         00000
__size_of_imprimir_tecla             (abs)         00000
__size_of_ingresar_comando           (abs)         00000
__size_of_ingresar_password          (abs)         00000
__size_of_inicializar_fecha          (abs)         00000
__size_of_inicializar_hora           (abs)         00000
__size_of_isdigit                    (abs)         00000
__size_of_lcd_comand                 (abs)         00000
__size_of_lcd_gotoxy                 (abs)         00000
__size_of_lcd_init                   (abs)         00000
__size_of_lcd_putc                   (abs)         00000
__size_of_lcd_putrs                  (abs)         00000
__size_of_lcd_send_byte              (abs)         00000
__size_of_lcd_send_nibble            (abs)         00000
__size_of_leer_teclado               (abs)         00000
__size_of_main                       (abs)         00000
__size_of_mostrar_guardar_password   (abs)         00000
__size_of_mostrar_menu               (abs)         00000
__size_of_restaurar_comando          (abs)         00000
__size_of_sprintf                    (abs)         00000
__size_of_validar_comando            (abs)         00000
__size_of_validar_password           (abs)         00000
__smallconst                         smallconst    00F00
_a                                   bssBANK0      00082
_activida                            bssBANK0      00084
_anio                                dataBANK0     000CF
_anio_d                              nvBANK0       000DB
_anio_u                              nvBANK0       000DC
_atoi                                text22        01C5A
_autorizado                          bssBANK0      00086
_b                                   bssBANK0      00088
_buffer2                             bssBANK0      0009A
_c                                   bssBANK0      0008A
_cambiar_anio                        text10        01DFA
_cambiar_dia                         text8         01F7A
_cambiar_hora                        text6         01EC4
_cambiar_mes                         text9         02030
_cambiar_minutos                     text7         01D2E
_caratula                            text25        01B84
_caratula$499                        cstackCOMRAM  00026
_comando                             dataBANK0     000CB
_convertir_a_int_fecha               text21        02A4A
_convertir_a_int_hora                text17        02A2C
_current_password                    bssBANK0      00078
_day                                 bssBANK0      000B2
_dia                                 dataBANK0     000D1
_dia_semana                          nvBANK0       000DD
_diasem                              dataBANK0     000D3
_dpowers                             smallconst    00F01
_encendida                           bssBANK0      0008C
_fecha_d                             nvBANK0       000DE
_fecha_u                             nvBANK0       000DF
_flag                                bitbssCOMRAM  002F8
_guardar_comando                     text14        02582
_guardar_current_password            text13        02836
_guardar_elemento_fecha              text20        0250E
_guardar_elemento_hora               text16        0249A
_guardar_tecla_presionada            text4         020E6
_hora                                dataBANK0     000D5
_hora_d                              nvBANK0       000E0
_hora_u                              nvBANK0       000E1
_hour                                bssBANK0      000B5
_i                                   bssBANK0      0008E
_imprimir_tecla                      text12        027F0
_ingresar_comando                    text5         02AC2
_ingresar_password                   text23        01A8C
_inicializar_fecha                   text19        02920
_inicializar_hora                    text15        02A0C
_isdigit                             text27        029EA
_isdigit$2510                        cstackCOMRAM  00002
_j                                   bssBANK0      00090
_k                                   bssBANK0      00092
_key                                 bssCOMRAM     00054
_lcd_comand                          text37        02AB4
_lcd_gotoxy                          text33        029C6
_lcd_init                            text35        0232E
_lcd_putc                            text32        0275C
_lcd_putrs                           text31        026BC
_lcd_send_byte                       text38        028C0
_lcd_send_nibble                     text39        02424
_leer_teclado                        text3         01862
_main                                text0         0125C
_mes                                 dataBANK0     000D7
_mes_d                               nvBANK0       000E2
_mes_u                               nvBANK0       000E3
_minutes                             bssBANK0      000B8
_minuto                              dataBANK0     000D9
_minuto_d                            nvBANK0       000E4
_minuto_u                            nvBANK0       000E5
_month                               bssBANK0      000BB
_mostrar_guardar_password            text11        0294E
_mostrar_menu                        text2         028F2
_ocultar_teclas                      bssBANK0      00094
_password                            dataBANK0     000C5
_restaurar_comando                   text18        029A2
_segundo                             bssBANK0      00096
_segundo_d                           nvBANK0       000E6
_segundo_u                           nvBANK0       000E7
_sprintf                             text26        00FF8
_tamanio_anio                        bssBANK0      000C1
_tamanio_comando                     bssBANK0      00098
_tamanio_dia                         bssCOMRAM     00059
_tamanio_hora                        bssCOMRAM     0005B
_tamanio_mes                         bssCOMRAM     0005D
_tamanio_minutos                     bssBANK0      000C3
_tamanio_password                    bssCOMRAM     00052
_validar_comando                     text1         023AE
_validar_password                    text24        022AE
_year                                bssBANK0      000BE
atoi@a                               cstackCOMRAM  0000C
atoi@s                               cstackCOMRAM  00007
atoi@sign                            cstackCOMRAM  0000B
cambiar_anio@i                       cstackCOMRAM  0002D
cambiar_anio@tecla                   cstackCOMRAM  0002C
cambiar_anio@valor                   cstackCOMRAM  0002F
cambiar_dia@i                        cstackCOMRAM  0002D
cambiar_dia@tecla                    cstackCOMRAM  0002C
cambiar_dia@valor                    cstackCOMRAM  0002F
cambiar_hora@i                       cstackCOMRAM  0002D
cambiar_hora@tecla                   cstackCOMRAM  0002C
cambiar_hora@valor                   cstackCOMRAM  0002F
cambiar_mes@i                        cstackCOMRAM  0002D
cambiar_mes@tecla                    cstackCOMRAM  0002C
cambiar_mes@valor                    cstackCOMRAM  0002F
cambiar_minutos@i                    cstackCOMRAM  0002D
cambiar_minutos@tecla                cstackCOMRAM  0002C
cambiar_minutos@valor                cstackCOMRAM  0002F
caratula@titulo                      cstackCOMRAM  00024
convertir_a_int_fecha@array          cstackCOMRAM  0000E
convertir_a_int_fecha@valor          cstackCOMRAM  00010
convertir_a_int_hora@array           cstackCOMRAM  0000E
convertir_a_int_hora@valor           cstackCOMRAM  00010
end_of_initialization                cinit         028B6
guardar_comando@aux                  cstackCOMRAM  00026
guardar_comando@tecla                cstackCOMRAM  0003A
guardar_current_password@valor       cstackCOMRAM  00003
guardar_elemento_fecha@array         cstackCOMRAM  00024
guardar_elemento_fecha@tamanio_array cstackCOMRAM  00026
guardar_elemento_fecha@tecla         cstackCOMRAM  0002A
guardar_elemento_hora@array          cstackCOMRAM  00024
guardar_elemento_hora@tamanio_array  cstackCOMRAM  00026
guardar_elemento_hora@tecla          cstackCOMRAM  0002A
guardar_tecla_presionada@doit        cstackCOMRAM  00040
guardar_tecla_presionada@i           cstackCOMRAM  0003E
guardar_tecla_presionada@letra       cstackCOMRAM  0003C
imprimir_tecla@aux                   cstackCOMRAM  00024
imprimir_tecla@tecla                 cstackCOMRAM  00038
ingresar_comando@key                 cstackCOMRAM  0003B
ingresar_password@clear              cstackCOMRAM  0000C
ingresar_password@i                  cstackCOMRAM  0001E
ingresar_password@i_537              cstackCOMRAM  0001C
intlevel0                            text          00000
intlevel1                            text          00000
intlevel2                            text          00000
intlevel3                            text          00000
isdigit@c                            cstackCOMRAM  00003
lcd_comand@d                         cstackCOMRAM  00005
lcd_gotoxy@address                   cstackCOMRAM  00007
lcd_gotoxy@x                         cstackCOMRAM  00006
lcd_gotoxy@y                         cstackCOMRAM  00005
lcd_init@i                           cstackCOMRAM  00005
lcd_putc@c                           cstackCOMRAM  00008
lcd_putrs@ptr                        cstackCOMRAM  00009
lcd_send_byte@address                cstackCOMRAM  00004
lcd_send_byte@n                      cstackCOMRAM  00003
lcd_send_nibble@nibble               cstackCOMRAM  00002
leer_teclado@doit                    cstackCOMRAM  00044
leer_teclado@i                       cstackCOMRAM  00047
leer_teclado@ocultar                 cstackCOMRAM  00042
main@i                               cstackCOMRAM  0004E
main@ocultar_teclas                  cstackCOMRAM  0004A
main@puntero_funcion                 cstackCOMRAM  0004C
main@validacion                      cstackCOMRAM  00050
mostrar_guardar_password@tecla       cstackCOMRAM  00039
mostrar_menu@titulo_menu             cstackCOMRAM  0000B
sprintf@ap                           cstackCOMRAM  0001B
sprintf@c                            cstackCOMRAM  00023
sprintf@f                            cstackCOMRAM  0000F
sprintf@flag                         cstackCOMRAM  0001D
sprintf@prec                         cstackCOMRAM  00020
sprintf@sp                           cstackCOMRAM  0000D
sprintf@val                          cstackCOMRAM  0001E
sprintf@width                        cstackCOMRAM  00021
stackhi                              (abs)         00EBF
stacklo                              (abs)         000E8
start                                init          00000
start_initialization                 cinit         0287C
validar_comando@candidato            cstackCOMRAM  00001
validar_comando@i                    cstackCOMRAM  00008
validar_comando@validar              cstackCOMRAM  00003
validar_password@i                   cstackCOMRAM  00003


FUNCTION INFORMATION:

 *************** function _main *****************
 Defined at:
		line 137 in file "main.c"
 Parameters:    Size  Location     Type
		None
 Auto vars:     Size  Location     Type
  i               2   77[COMRAM] int 
  validacion      2   79[COMRAM] int 
  puntero_func    2   75[COMRAM] PTR void 
		 -> cambiar_hora(0), cambiar_minutos(0), cambiar_dia(0), cambiar_mes(0), 
		 -> cambiar_anio(0), ingresar_comando(2), 
  ocultar_tecl    2   73[COMRAM] int 
 Return value:  Size  Location     Type
                  2  202[None  ] int 
 Registers used:
		wreg, fsr0l, fsr0h, fsr1l, fsr1h, fsr2l, fsr2h, status,2, status,0, pclat, tosl, tblptrl, tblptrh, tblptru, prodl, prodh, cstack
 Tracked objects:
		On entry : 
		On exit  : 
		Unchanged: 
 Data sizes:     COMRAM   BANK0   BANK1   BANK2   BANK3   BANK4   BANK5   BANK6   BANK7   BANK8   BANK9  BANK10  BANK11  BANK12  BANK13  BANK14
      Params:         0       0       0       0       0       0       0       0       0       0       0       0       0       0       0       0
      Locals:         8       0       0       0       0       0       0       0       0       0       0       0       0       0       0       0
      Temps:          1       0       0       0       0       0       0       0       0       0       0       0       0       0       0       0
      Totals:         9       0       0       0       0       0       0       0       0       0       0       0       0       0       0       0
Total ram usage:        9 bytes
 Hardware stack levels required when called:    9
 This function calls:
		_Read_RTC
		_Setup
		_caratula
		_ingresar_password
		_lcd_gotoxy
		_lcd_putrs
		_leer_teclado
		_mostrar_menu
		_restaurar_comando
		_validar_comando
 This function is called by:
		Startup code after reset
 This function uses a non-reentrant model


 *************** function _validar_comando *****************
 Defined at:
		line 30 in file "../../../../../../Program Files/Unimic/unmc_01/sources/teclado.c"
 Parameters:    Size  Location     Type
  candidato       2    0[COMRAM] PTR unsigned char 
		 -> STR_16(4), STR_11(4), STR_9(4), 
  validar         2    2[COMRAM] PTR int 
		 -> main@validacion(2), 
 Auto vars:     Size  Location     Type
  i               2    7[COMRAM] int 
 Return value:  Size  Location     Type
		None               void
 Registers used:
		wreg, fsr2l, fsr2h, status,2, status,0, tblptrl, tblptrh, tblptru
 Tracked objects:
		On entry : 
		On exit  : 
		Unchanged: 
 Data sizes:     COMRAM   BANK0   BANK1   BANK2   BANK3   BANK4   BANK5   BANK6   BANK7   BANK8   BANK9  BANK10  BANK11  BANK12  BANK13  BANK14
      Params:         4       0       0       0       0       0       0       0       0       0       0       0       0       0       0       0
      Locals:         2       0       0       0       0       0       0       0       0       0       0       0       0       0       0       0
      Temps:          3       0       0       0       0       0       0       0       0       0       0       0       0       0       0       0
      Totals:         9       0       0       0       0       0       0       0       0       0       0       0       0       0       0       0
Total ram usage:        9 bytes
 Hardware stack levels used:    1
 This function calls:
		Nothing
 This function is called by:
		_main
 This function uses a non-reentrant model


 *************** function _mostrar_menu *****************
 Defined at:
		line 112 in file "main.c"
 Parameters:    Size  Location     Type
  titulo_menu     2   10[COMRAM] PTR unsigned char 
		 -> STR_19(19), STR_18(22), STR_15(18), STR_14(18), 
		 -> STR_13(19), 
 Auto vars:     Size  Location     Type
		None
 Return value:  Size  Location     Type
                  2   10[COMRAM] int 
 Registers used:
		wreg, fsr0l, fsr0h, status,2, status,0, tblptrl, tblptrh, tblptru, cstack
 Tracked objects:
		On entry : 
		On exit  : 
		Unchanged: 
 Data sizes:     COMRAM   BANK0   BANK1   BANK2   BANK3   BANK4   BANK5   BANK6   BANK7   BANK8   BANK9  BANK10  BANK11  BANK12  BANK13  BANK14
      Params:         2       0       0       0       0       0       0       0       0       0       0       0       0       0       0       0
      Locals:         0       0       0       0       0       0       0       0       0       0       0       0       0       0       0       0
      Temps:          0       0       0       0       0       0       0       0       0       0       0       0       0       0       0       0
      Totals:         2       0       0       0       0       0       0       0       0       0       0       0       0       0       0       0
Total ram usage:        2 bytes
 Hardware stack levels used:    1
 Hardware stack levels required when called:    5
 This function calls:
		_lcd_gotoxy
		_lcd_putrs
 This function is called by:
		_main
 This function uses a non-reentrant model


 *************** function _leer_teclado *****************
 Defined at:
		line 69 in file "../../../../../../Program Files/Unimic/unmc_01/sources/teclado.c"
 Parameters:    Size  Location     Type
  ocultar         2   65[COMRAM] int 
  doit            2   67[COMRAM] PTR FTN()PTR unsigned ch
		 -> cambiar_hora(0), cambiar_minutos(0), cambiar_dia(0), cambiar_mes(0), 
		 -> cambiar_anio(0), ingresar_comando(2), mostrar_guardar_password(2), 
 Auto vars:     Size  Location     Type
  i               2   70[COMRAM] int 
 Return value:  Size  Location     Type
		None               void
 Registers used:
		wreg, fsr0l, fsr0h, fsr2l, fsr2h, status,2, status,0, pclat, tosl, tblptrl, tblptrh, tblptru, prodl, prodh, cstack
 Tracked objects:
		On entry : 
		On exit  : 
		Unchanged: 
 Data sizes:     COMRAM   BANK0   BANK1   BANK2   BANK3   BANK4   BANK5   BANK6   BANK7   BANK8   BANK9  BANK10  BANK11  BANK12  BANK13  BANK14
      Params:         4       0       0       0       0       0       0       0       0       0       0       0       0       0       0       0
      Locals:         2       0       0       0       0       0       0       0       0       0       0       0       0       0       0       0
      Temps:          1       0       0       0       0       0       0       0       0       0       0       0       0       0       0       0
      Totals:         7       0       0       0       0       0       0       0       0       0       0       0       0       0       0       0
Total ram usage:        7 bytes
 Hardware stack levels used:    1
 Hardware stack levels required when called:    8
 This function calls:
		_cambiar_anio
		_cambiar_dia
		_cambiar_hora
		_cambiar_mes
		_cambiar_minutos
		_guardar_tecla_presionada
		_ingresar_comando
		_lcd_putrs
		_mostrar_guardar_password
 This function is called by:
		_main
 This function uses a non-reentrant model


 *************** function _guardar_tecla_presionada *****************
 Defined at:
		line 62 in file "../../../../../../Program Files/Unimic/unmc_01/sources/teclado.c"
 Parameters:    Size  Location     Type
  letra           2   59[COMRAM] PTR unsigned char 
		 -> STR_26(2), STR_25(2), STR_24(2), 
  i               2   61[COMRAM] int 
  doit            2   63[COMRAM] PTR FTN(PTR unsigned cha
		 -> cambiar_hora(0), cambiar_minutos(0), cambiar_dia(0), cambiar_mes(0), 
		 -> cambiar_anio(0), ingresar_comando(2), mostrar_guardar_password(2), 
 Auto vars:     Size  Location     Type
		None
 Return value:  Size  Location     Type
		None               void
 Registers used:
		wreg, fsr0l, fsr0h, fsr2l, fsr2h, status,2, status,0, pclat, tosl, tblptrl, tblptrh, tblptru, prodl, prodh, cstack
 Tracked objects:
		On entry : 
		On exit  : 
		Unchanged: 
 Data sizes:     COMRAM   BANK0   BANK1   BANK2   BANK3   BANK4   BANK5   BANK6   BANK7   BANK8   BANK9  BANK10  BANK11  BANK12  BANK13  BANK14
      Params:         6       0       0       0       0       0       0       0       0       0       0       0       0       0       0       0
      Locals:         0       0       0       0       0       0       0       0       0       0       0       0       0       0       0       0
      Temps:          0       0       0       0       0       0       0       0       0       0       0       0       0       0       0       0
      Totals:         6       0       0       0       0       0       0       0       0       0       0       0       0       0       0       0
Total ram usage:        6 bytes
 Hardware stack levels used:    1
 Hardware stack levels required when called:    7
 This function calls:
		_cambiar_anio
		_cambiar_dia
		_cambiar_hora
		_cambiar_mes
		_cambiar_minutos
		_ingresar_comando
		_lcd_putrs
		_mostrar_guardar_password
 This function is called by:
		_leer_teclado
 This function uses a non-reentrant model


 *************** function _ingresar_comando *****************
 Defined at:
		line 127 in file "main.c"
 Parameters:    Size  Location     Type
  key             1    wreg     unsigned char 
 Auto vars:     Size  Location     Type
  key             1   58[COMRAM] unsigned char 
 Return value:  Size  Location     Type
                  2  199[None  ] int 
 Registers used:
		wreg, fsr2l, fsr2h, status,2, status,0, tblptrl, tblptrh, tblptru, prodl, prodh, cstack
 Tracked objects:
		On entry : 
		On exit  : 
		Unchanged: 
 Data sizes:     COMRAM   BANK0   BANK1   BANK2   BANK3   BANK4   BANK5   BANK6   BANK7   BANK8   BANK9  BANK10  BANK11  BANK12  BANK13  BANK14
      Params:         0       0       0       0       0       0       0       0       0       0       0       0       0       0       0       0
      Locals:         1       0       0       0       0       0       0       0       0       0       0       0       0       0       0       0
      Temps:          0       0       0       0       0       0       0       0       0       0       0       0       0       0       0       0
      Totals:         1       0       0       0       0       0       0       0       0       0       0       0       0       0       0       0
Total ram usage:        1 bytes
 Hardware stack levels used:    1
 Hardware stack levels required when called:    3
 This function calls:
		_guardar_comando
 This function is called by:
		_main
		_guardar_tecla_presionada
		_leer_teclado
 This function uses a non-reentrant model


 *************** function _cambiar_hora *****************
 Defined at:
		line 30 in file "../../../../../../Program Files/Unimic/unmc_01/headers/hora.c"
 Parameters:    Size  Location     Type
  tecla           1    wreg     unsigned char 
 Auto vars:     Size  Location     Type
  tecla           1   43[COMRAM] unsigned char 
  i               2   44[COMRAM] int 
  valor           2   46[COMRAM] int 
 Return value:  Size  Location     Type
		None               void
 Registers used:
		wreg, fsr0l, fsr0h, fsr2l, fsr2h, status,2, status,0, tblptrl, tblptrh, tblptru, prodl, prodh, cstack
 Tracked objects:
		On entry : 
		On exit  : 
		Unchanged: 
 Data sizes:     COMRAM   BANK0   BANK1   BANK2   BANK3   BANK4   BANK5   BANK6   BANK7   BANK8   BANK9  BANK10  BANK11  BANK12  BANK13  BANK14
      Params:         0       0       0       0       0       0       0       0       0       0       0       0       0       0       0       0
      Locals:         5       0       0       0       0       0       0       0       0       0       0       0       0       0       0       0
      Temps:          1       0       0       0       0       0       0       0       0       0       0       0       0       0       0       0
      Totals:         6       0       0       0       0       0       0       0       0       0       0       0       0       0       0       0
Total ram usage:        6 bytes
 Hardware stack levels used:    1
 Hardware stack levels required when called:    5
 This function calls:
		_Write_RTC
		_convertir_a_int_hora
		_guardar_elemento_hora
		_inicializar_hora
		_lcd_gotoxy
		_lcd_putrs
		_restaurar_comando
 This function is called by:
		_main
		_guardar_tecla_presionada
		_leer_teclado
 This function uses a non-reentrant model


 *************** function _cambiar_minutos *****************
 Defined at:
		line 50 in file "../../../../../../Program Files/Unimic/unmc_01/headers/hora.c"
 Parameters:    Size  Location     Type
  tecla           1    wreg     unsigned char 
 Auto vars:     Size  Location     Type
  tecla           1   43[COMRAM] unsigned char 
  i               2   44[COMRAM] int 
  valor           2   46[COMRAM] int 
 Return value:  Size  Location     Type
		None               void
 Registers used:
		wreg, fsr0l, fsr0h, fsr2l, fsr2h, status,2, status,0, tblptrl, tblptrh, tblptru, prodl, prodh, cstack
 Tracked objects:
		On entry : 
		On exit  : 
		Unchanged: 
 Data sizes:     COMRAM   BANK0   BANK1   BANK2   BANK3   BANK4   BANK5   BANK6   BANK7   BANK8   BANK9  BANK10  BANK11  BANK12  BANK13  BANK14
      Params:         0       0       0       0       0       0       0       0       0       0       0       0       0       0       0       0
      Locals:         5       0       0       0       0       0       0       0       0       0       0       0       0       0       0       0
      Temps:          1       0       0       0       0       0       0       0       0       0       0       0       0       0       0       0
      Totals:         6       0       0       0       0       0       0       0       0       0       0       0       0       0       0       0
Total ram usage:        6 bytes
 Hardware stack levels used:    1
 Hardware stack levels required when called:    5
 This function calls:
		_Write_RTC
		_convertir_a_int_hora
		_guardar_elemento_hora
		_lcd_gotoxy
		_lcd_putrs
 This function is called by:
		_main
		_guardar_tecla_presionada
		_leer_teclado
 This function uses a non-reentrant model


 *************** function _cambiar_dia *****************
 Defined at:
		line 31 in file "../../../../../../Program Files/Unimic/unmc_01/sources/fecha.c"
 Parameters:    Size  Location     Type
  tecla           1    wreg     unsigned char 
 Auto vars:     Size  Location     Type
  tecla           1   43[COMRAM] unsigned char 
  i               2   44[COMRAM] int 
  valor           2   46[COMRAM] int 
 Return value:  Size  Location     Type
		None               void
 Registers used:
		wreg, fsr0l, fsr0h, fsr2l, fsr2h, status,2, status,0, tblptrl, tblptrh, tblptru, prodl, prodh, cstack
 Tracked objects:
		On entry : 
		On exit  : 
		Unchanged: 
 Data sizes:     COMRAM   BANK0   BANK1   BANK2   BANK3   BANK4   BANK5   BANK6   BANK7   BANK8   BANK9  BANK10  BANK11  BANK12  BANK13  BANK14
      Params:         0       0       0       0       0       0       0       0       0       0       0       0       0       0       0       0
      Locals:         5       0       0       0       0       0       0       0       0       0       0       0       0       0       0       0
      Temps:          1       0       0       0       0       0       0       0       0       0       0       0       0       0       0       0
      Totals:         6       0       0       0       0       0       0       0       0       0       0       0       0       0       0       0
Total ram usage:        6 bytes
 Hardware stack levels used:    1
 Hardware stack levels required when called:    5
 This function calls:
		_Write_RTC
		_convertir_a_int_fecha
		_guardar_elemento_fecha
		_inicializar_fecha
		_lcd_gotoxy
		_lcd_putrs
		_restaurar_comando
 This function is called by:
		_main
		_guardar_tecla_presionada
		_leer_teclado
 This function uses a non-reentrant model


 *************** function _cambiar_mes *****************
 Defined at:
		line 51 in file "../../../../../../Program Files/Unimic/unmc_01/sources/fecha.c"
 Parameters:    Size  Location     Type
  tecla           1    wreg     unsigned char 
 Auto vars:     Size  Location     Type
  tecla           1   43[COMRAM] unsigned char 
  i               2   44[COMRAM] int 
  valor           2   46[COMRAM] int 
 Return value:  Size  Location     Type
		None               void
 Registers used:
		wreg, fsr0l, fsr0h, fsr2l, fsr2h, status,2, status,0, tblptrl, tblptrh, tblptru, prodl, prodh, cstack
 Tracked objects:
		On entry : 
		On exit  : 
		Unchanged: 
 Data sizes:     COMRAM   BANK0   BANK1   BANK2   BANK3   BANK4   BANK5   BANK6   BANK7   BANK8   BANK9  BANK10  BANK11  BANK12  BANK13  BANK14
      Params:         0       0       0       0       0       0       0       0       0       0       0       0       0       0       0       0
      Locals:         5       0       0       0       0       0       0       0       0       0       0       0       0       0       0       0
      Temps:          1       0       0       0       0       0       0       0       0       0       0       0       0       0       0       0
      Totals:         6       0       0       0       0       0       0       0       0       0       0       0       0       0       0       0
Total ram usage:        6 bytes
 Hardware stack levels used:    1
 Hardware stack levels required when called:    5
 This function calls:
		_Write_RTC
		_convertir_a_int_fecha
		_guardar_elemento_fecha
		_lcd_gotoxy
		_lcd_putrs
 This function is called by:
		_main
		_guardar_tecla_presionada
		_leer_teclado
 This function uses a non-reentrant model


 *************** function _cambiar_anio *****************
 Defined at:
		line 70 in file "../../../../../../Program Files/Unimic/unmc_01/sources/fecha.c"
 Parameters:    Size  Location     Type
  tecla           1    wreg     unsigned char 
 Auto vars:     Size  Location     Type
  tecla           1   43[COMRAM] unsigned char 
  i               2   44[COMRAM] int 
  valor           2   46[COMRAM] int 
 Return value:  Size  Location     Type
		None               void
 Registers used:
		wreg, fsr0l, fsr0h, fsr2l, fsr2h, status,2, status,0, tblptrl, tblptrh, tblptru, prodl, prodh, cstack
 Tracked objects:
		On entry : 
		On exit  : 
		Unchanged: 
 Data sizes:     COMRAM   BANK0   BANK1   BANK2   BANK3   BANK4   BANK5   BANK6   BANK7   BANK8   BANK9  BANK10  BANK11  BANK12  BANK13  BANK14
      Params:         0       0       0       0       0       0       0       0       0       0       0       0       0       0       0       0
      Locals:         5       0       0       0       0       0       0       0       0       0       0       0       0       0       0       0
      Temps:          1       0       0       0       0       0       0       0       0       0       0       0       0       0       0       0
      Totals:         6       0       0       0       0       0       0       0       0       0       0       0       0       0       0       0
Total ram usage:        6 bytes
 Hardware stack levels used:    1
 Hardware stack levels required when called:    5
 This function calls:
		_Write_RTC
		_convertir_a_int_fecha
		_guardar_elemento_fecha
		_lcd_gotoxy
		_lcd_putrs
 This function is called by:
		_main
		_guardar_tecla_presionada
		_leer_teclado
 This function uses a non-reentrant model


 *************** function _mostrar_guardar_password *****************
 Defined at:
		line 119 in file "main.c"
 Parameters:    Size  Location     Type
  tecla           1    wreg     unsigned char 
 Auto vars:     Size  Location     Type
  tecla           1   56[COMRAM] unsigned char 
 Return value:  Size  Location     Type
                  2  196[None  ] int 
 Registers used:
		wreg, fsr0l, fsr0h, fsr2l, fsr2h, status,2, status,0, tblptrl, tblptrh, tblptru, prodl, prodh, cstack
 Tracked objects:
		On entry : 
		On exit  : 
		Unchanged: 
 Data sizes:     COMRAM   BANK0   BANK1   BANK2   BANK3   BANK4   BANK5   BANK6   BANK7   BANK8   BANK9  BANK10  BANK11  BANK12  BANK13  BANK14
      Params:         0       0       0       0       0       0       0       0       0       0       0       0       0       0       0       0
      Locals:         1       0       0       0       0       0       0       0       0       0       0       0       0       0       0       0
      Temps:          0       0       0       0       0       0       0       0       0       0       0       0       0       0       0       0
      Totals:         1       0       0       0       0       0       0       0       0       0       0       0       0       0       0       0
Total ram usage:        1 bytes
 Hardware stack levels used:    1
 Hardware stack levels required when called:    6
 This function calls:
		_guardar_current_password
		_imprimir_tecla
		_sprintf
 This function is called by:
		_main
		_guardar_tecla_presionada
		_leer_teclado
 This function uses a non-reentrant model


 *************** function _imprimir_tecla *****************
 Defined at:
		line 42 in file "../../../../../../Program Files/Unimic/unmc_01/sources/teclado.c"
 Parameters:    Size  Location     Type
  tecla           1    wreg     unsigned char 
 Auto vars:     Size  Location     Type
  tecla           1   55[COMRAM] unsigned char 
  aux            20   35[COMRAM] unsigned char [20]
 Return value:  Size  Location     Type
		None               void
 Registers used:
		wreg, fsr0l, fsr0h, fsr2l, fsr2h, status,2, status,0, tblptrl, tblptrh, tblptru, prodl, prodh, cstack
 Tracked objects:
		On entry : 
		On exit  : 
		Unchanged: 
 Data sizes:     COMRAM   BANK0   BANK1   BANK2   BANK3   BANK4   BANK5   BANK6   BANK7   BANK8   BANK9  BANK10  BANK11  BANK12  BANK13  BANK14
      Params:         0       0       0       0       0       0       0       0       0       0       0       0       0       0       0       0
      Locals:        21       0       0       0       0       0       0       0       0       0       0       0       0       0       0       0
      Temps:          0       0       0       0       0       0       0       0       0       0       0       0       0       0       0       0
      Totals:        21       0       0       0       0       0       0       0       0       0       0       0       0       0       0       0
Total ram usage:       21 bytes
 Hardware stack levels used:    1
 Hardware stack levels required when called:    5
 This function calls:
		_lcd_putrs
		_sprintf
 This function is called by:
		_mostrar_guardar_password
 This function uses a non-reentrant model


 *************** function _guardar_current_password *****************
 Defined at:
		line 3 in file "../../../../../../Program Files/Unimic/unmc_01/sources/alarma.c"
 Parameters:    Size  Location     Type
  valor           1    wreg     unsigned char 
 Auto vars:     Size  Location     Type
  valor           1    2[COMRAM] unsigned char 
 Return value:  Size  Location     Type
		None               void
 Registers used:
		wreg, fsr2l, fsr2h, status,2, status,0
 Tracked objects:
		On entry : 
		On exit  : 
		Unchanged: 
 Data sizes:     COMRAM   BANK0   BANK1   BANK2   BANK3   BANK4   BANK5   BANK6   BANK7   BANK8   BANK9  BANK10  BANK11  BANK12  BANK13  BANK14
      Params:         0       0       0       0       0       0       0       0       0       0       0       0       0       0       0       0
      Locals:         1       0       0       0       0       0       0       0       0       0       0       0       0       0       0       0
      Temps:          2       0       0       0       0       0       0       0       0       0       0       0       0       0       0       0
      Totals:         3       0       0       0       0       0       0       0       0       0       0       0       0       0       0       0
Total ram usage:        3 bytes
 Hardware stack levels used:    1
 This function calls:
		Nothing
 This function is called by:
		_mostrar_guardar_password
 This function uses a non-reentrant model


 *************** function _guardar_comando *****************
 Defined at:
		line 10 in file "../../../../../../Program Files/Unimic/unmc_01/sources/teclado.c"
 Parameters:    Size  Location     Type
  tecla           1    wreg     unsigned char 
 Auto vars:     Size  Location     Type
  tecla           1   57[COMRAM] unsigned char 
  aux            20   37[COMRAM] unsigned char [20]
 Return value:  Size  Location     Type
		None               void
 Registers used:
		wreg, fsr2l, fsr2h, status,2, status,0, tblptrl, tblptrh, tblptru, prodl, prodh, cstack
 Tracked objects:
		On entry : 
		On exit  : 
		Unchanged: 
 Data sizes:     COMRAM   BANK0   BANK1   BANK2   BANK3   BANK4   BANK5   BANK6   BANK7   BANK8   BANK9  BANK10  BANK11  BANK12  BANK13  BANK14
      Params:         0       0       0       0       0       0       0       0       0       0       0       0       0       0       0       0
      Locals:        21       0       0       0       0       0       0       0       0       0       0       0       0       0       0       0
      Temps:          2       0       0       0       0       0       0       0       0       0       0       0       0       0       0       0
[...]
Total ram usage:        2 bytes
 Hardware stack levels used:    1
 This function calls:
		Nothing
 This function is called by:
		_lcd_send_byte
		_lcd_init
 This function uses a non-reentrant model


 *************** function _Delay100TCYx *****************
 Defined at:
		line 8 in file "C:\Program Files (x86)\Microchip\xc8\v1.34\sources\pic18\d100tcyx.c"
 Parameters:    Size  Location     Type
  unit            1    wreg     unsigned char 
 Auto vars:     Size  Location     Type
  unit            1    0[COMRAM] unsigned char 
 Return value:  Size  Location     Type
		None               void
 Registers used:
		wreg
 Tracked objects:
		On entry : 
		On exit  : 
		Unchanged: 
 Data sizes:     COMRAM   BANK0   BANK1   BANK2   BANK3   BANK4   BANK5   BANK6   BANK7   BANK8   BANK9  BANK10  BANK11  BANK12  BANK13  BANK14
      Params:         0       0       0       0       0       0       0       0       0       0       0       0       0       0       0       0
      Locals:         1       0       0       0       0       0       0       0       0       0       0       0       0       0       0       0
      Temps:          0       0       0       0       0       0       0       0       0       0       0       0       0       0       0       0
      Totals:         1       0       0       0       0       0       0       0       0       0       0       0       0       0       0       0
Total ram usage:        1 bytes
 Hardware stack levels used:    1
 This function calls:
		Nothing
 This function is called by:
		_lcd_send_byte
 This function uses a non-reentrant model


 *************** function _Write_RTC *****************
 Defined at:
		line 35 in file "../../../../../../Program Files/Unimic/unmc_01/sources/unmc_rtcc_02.c"
 Parameters:    Size  Location     Type
		None
 Auto vars:     Size  Location     Type
		None
 Return value:  Size  Location     Type
		None               void
 Registers used:
		wreg, fsr2l, fsr2h, status,2, status,0, prodl, prodh, cstack
 Tracked objects:
		On entry : 
		On exit  : 
		Unchanged: 
 Data sizes:     COMRAM   BANK0   BANK1   BANK2   BANK3   BANK4   BANK5   BANK6   BANK7   BANK8   BANK9  BANK10  BANK11  BANK12  BANK13  BANK14
      Params:         0       0       0       0       0       0       0       0       0       0       0       0       0       0       0       0
      Locals:         0       0       0       0       0       0       0       0       0       0       0       0       0       0       0       0
      Temps:          0       0       0       0       0       0       0       0       0       0       0       0       0       0       0       0
      Totals:         0       0       0       0       0       0       0       0       0       0       0       0       0       0       0       0
Total ram usage:        0 bytes
 Hardware stack levels used:    1
 Hardware stack levels required when called:    2
 This function calls:
		_RtccWrOn
		_RtccWriteDate
		_RtccWriteTime
		___awdiv
 This function is called by:
		_Setup
		_cambiar_dia
		_cambiar_mes
		_cambiar_anio
		_cambiar_hora
		_cambiar_minutos
 This function uses a non-reentrant model


 *************** function ___awdiv *****************
 Defined at:
		line 8 in file "C:\Program Files (x86)\Microchip\xc8\v1.34\sources\common\awdiv.c"
 Parameters:    Size  Location     Type
  dividend        2    0[COMRAM] int 
  divisor         2    2[COMRAM] int 
 Auto vars:     Size  Location     Type
  quotient        2    6[COMRAM] int 
  sign            1    5[COMRAM] unsigned char 
  counter         1    4[COMRAM] unsigned char 
 Return value:  Size  Location     Type
                  2    0[COMRAM] int 
 Registers used:
		wreg, status,2, status,0
 Tracked objects:
		On entry : 
		On exit  : 
		Unchanged: 
 Data sizes:     COMRAM   BANK0   BANK1   BANK2   BANK3   BANK4   BANK5   BANK6   BANK7   BANK8   BANK9  BANK10  BANK11  BANK12  BANK13  BANK14
      Params:         4       0       0       0       0       0       0       0       0       0       0       0       0       0       0       0
      Locals:         4       0       0       0       0       0       0       0       0       0       0       0       0       0       0       0
      Temps:          0       0       0       0       0       0       0       0       0       0       0       0       0       0       0       0
      Totals:         8       0       0       0       0       0       0       0       0       0       0       0       0       0       0       0
Total ram usage:        8 bytes
 Hardware stack levels used:    1
 This function calls:
		Nothing
 This function is called by:
		_Write_RTC
 This function uses a non-reentrant model


 *************** function _RtccWriteTime *****************
 Defined at:
		line 34 in file "C:\Program Files (x86)\Microchip\xc8\v1.34\sources\pic18\plib\rtcc\RtccWriteTime.c"
 Parameters:    Size  Location     Type
  pTm             2    0[COMRAM] PTR const struct .
		 -> RtccTime(4), 
  di              1    2[COMRAM] enum E7121
 Auto vars:     Size  Location     Type
  tempHourWDay    2    9[COMRAM] struct .
  tempMinSec      2    7[COMRAM] struct .
  wasWrEn         1    6[COMRAM] enum E7121
  wasAlrm         1    5[COMRAM] enum E7121
  wasOn           1    4[COMRAM] enum E7121
 Return value:  Size  Location     Type
                  1    wreg      enum E7121
 Registers used:
		wreg, fsr2l, fsr2h, status,2, status,0, cstack
 Tracked objects:
		On entry : 
		On exit  : 
		Unchanged: 
 Data sizes:     COMRAM   BANK0   BANK1   BANK2   BANK3   BANK4   BANK5   BANK6   BANK7   BANK8   BANK9  BANK10  BANK11  BANK12  BANK13  BANK14
      Params:         3       0       0       0       0       0       0       0       0       0       0       0       0       0       0       0
      Locals:         7       0       0       0       0       0       0       0       0       0       0       0       0       0       0       0
      Temps:          1       0       0       0       0       0       0       0       0       0       0       0       0       0       0       0
      Totals:        11       0       0       0       0       0       0       0       0       0       0       0       0       0       0       0
Total ram usage:       11 bytes
 Hardware stack levels used:    1
 Hardware stack levels required when called:    1
 This function calls:
		_RtccWrOn
 This function is called by:
		_Write_RTC
 This function uses a non-reentrant model


 *************** function _RtccWriteDate *****************
 Defined at:
		line 35 in file "C:\Program Files (x86)\Microchip\xc8\v1.34\sources\pic18\plib\rtcc\RtccWriteDate.c"
 Parameters:    Size  Location     Type
  pDt             2    0[COMRAM] PTR const struct .
		 -> RtccDate(4), 
  di              1    2[COMRAM] enum E7121
 Auto vars:     Size  Location     Type
  tempHourWDay    2   11[COMRAM] struct .
  tempDayMonth    2    9[COMRAM] struct .
  tempYear        2    6[COMRAM] struct .
  wasWrEn         1    8[COMRAM] enum E7121
  wasAlrm         1    5[COMRAM] enum E7121
  wasOn           1    4[COMRAM] enum E7121
 Return value:  Size  Location     Type
                  1    wreg      enum E7121
 Registers used:
		wreg, fsr2l, fsr2h, status,2, status,0, cstack
 Tracked objects:
		On entry : 
		On exit  : 
		Unchanged: 
 Data sizes:     COMRAM   BANK0   BANK1   BANK2   BANK3   BANK4   BANK5   BANK6   BANK7   BANK8   BANK9  BANK10  BANK11  BANK12  BANK13  BANK14
      Params:         3       0       0       0       0       0       0       0       0       0       0       0       0       0       0       0
      Locals:         9       0       0       0       0       0       0       0       0       0       0       0       0       0       0       0
      Temps:          1       0       0       0       0       0       0       0       0       0       0       0       0       0       0       0
      Totals:        13       0       0       0       0       0       0       0       0       0       0       0       0       0       0       0
Total ram usage:       13 bytes
 Hardware stack levels used:    1
 Hardware stack levels required when called:    1
 This function calls:
		_RtccWrOn
 This function is called by:
		_Write_RTC
 This function uses a non-reentrant model


 *************** function _RtccWrOn *****************
 Defined at:
		line 21 in file "C:\Program Files (x86)\Microchip\xc8\v1.34\sources\pic18\plib\rtcc\RtccWrOn.c"
 Parameters:    Size  Location     Type
		None
 Auto vars:     Size  Location     Type
  data            2    0        unsigned int 
 Return value:  Size  Location     Type
		None               void
 Registers used:
		wreg, status,2
 Tracked objects:
		On entry : 
		On exit  : 
		Unchanged: 
 Data sizes:     COMRAM   BANK0   BANK1   BANK2   BANK3   BANK4   BANK5   BANK6   BANK7   BANK8   BANK9  BANK10  BANK11  BANK12  BANK13  BANK14
      Params:         0       0       0       0       0       0       0       0       0       0       0       0       0       0       0       0
      Locals:         0       0       0       0       0       0       0       0       0       0       0       0       0       0       0       0
      Temps:          0       0       0       0       0       0       0       0       0       0       0       0       0       0       0       0
      Totals:         0       0       0       0       0       0       0       0       0       0       0       0       0       0       0       0
Total ram usage:        0 bytes
 Hardware stack levels used:    1
 This function calls:
		Nothing
 This function is called by:
		_Write_RTC
		_RtccWriteDate
		_RtccWriteTime
 This function uses a non-reentrant model


 *************** function _Read_RTC *****************
 Defined at:
		line 72 in file "../../../../../../Program Files/Unimic/unmc_01/sources/unmc_rtcc_02.c"
 Parameters:    Size  Location     Type
		None
 Auto vars:     Size  Location     Type
		None
 Return value:  Size  Location     Type
		None               void
 Registers used:
		wreg, fsr2l, fsr2h, status,2, status,0, prodl, prodh, cstack
 Tracked objects:
		On entry : 
		On exit  : 
		Unchanged: 
 Data sizes:     COMRAM   BANK0   BANK1   BANK2   BANK3   BANK4   BANK5   BANK6   BANK7   BANK8   BANK9  BANK10  BANK11  BANK12  BANK13  BANK14
      Params:         0       0       0       0       0       0       0       0       0       0       0       0       0       0       0       0
      Locals:         0       0       0       0       0       0       0       0       0       0       0       0       0       0       0       0
      Temps:          0       0       0       0       0       0       0       0       0       0       0       0       0       0       0       0
      Totals:         0       0       0       0       0       0       0       0       0       0       0       0       0       0       0       0
Total ram usage:        0 bytes
 Hardware stack levels used:    1
 Hardware stack levels required when called:    1
 This function calls:
		_RtccReadDate
		_RtccReadTime
 This function is called by:
		_main
 This function uses a non-reentrant model


 *************** function _RtccReadTime *****************
 Defined at:
		line 23 in file "C:\Program Files (x86)\Microchip\xc8\v1.34\sources\pic18\plib\rtcc\RtccReadTime.c"
 Parameters:    Size  Location     Type
  pTm             2    0[COMRAM] PTR struct .
		 -> RtccTime(4), 
 Auto vars:     Size  Location     Type
  rTD0            8   10[COMRAM] struct .
  rTD1            8    2[COMRAM] struct .
 Return value:  Size  Location     Type
		None               void
 Registers used:
		wreg, fsr2l, fsr2h, status,2, status,0
 Tracked objects:
		On entry : 
		On exit  : 
		Unchanged: 
 Data sizes:     COMRAM   BANK0   BANK1   BANK2   BANK3   BANK4   BANK5   BANK6   BANK7   BANK8   BANK9  BANK10  BANK11  BANK12  BANK13  BANK14
      Params:         2       0       0       0       0       0       0       0       0       0       0       0       0       0       0       0
      Locals:        16       0       0       0       0       0       0       0       0       0       0       0       0       0       0       0
      Temps:          0       0       0       0       0       0       0       0       0       0       0       0       0       0       0       0
      Totals:        18       0       0       0       0       0       0       0       0       0       0       0       0       0       0       0
Total ram usage:       18 bytes
 Hardware stack levels used:    1
 This function calls:
		Nothing
 This function is called by:
		_Read_RTC
 This function uses a non-reentrant model


 *************** function _RtccReadDate *****************
 Defined at:
		line 23 in file "C:\Program Files (x86)\Microchip\xc8\v1.34\sources\pic18\plib\rtcc\RtccReadDate.c"
 Parameters:    Size  Location     Type
  pDt             2    0[COMRAM] PTR struct .
		 -> RtccDate(4), 
 Auto vars:     Size  Location     Type
  rTD0            8   10[COMRAM] struct .
  rTD1            8    2[COMRAM] struct .
 Return value:  Size  Location     Type
		None               void
 Registers used:
		wreg, fsr2l, fsr2h, status,2, status,0
 Tracked objects:
		On entry : 
		On exit  : 
		Unchanged: 
 Data sizes:     COMRAM   BANK0   BANK1   BANK2   BANK3   BANK4   BANK5   BANK6   BANK7   BANK8   BANK9  BANK10  BANK11  BANK12  BANK13  BANK14
      Params:         2       0       0       0       0       0       0       0       0       0       0       0       0       0       0       0
      Locals:        16       0       0       0       0       0       0       0       0       0       0       0       0       0       0       0
      Temps:          0       0       0       0       0       0       0       0       0       0       0       0       0       0       0       0
      Totals:        18       0       0       0       0       0       0       0       0       0       0       0       0       0       0       0
Total ram usage:       18 bytes
 Hardware stack levels used:    1
 This function calls:
		Nothing
 This function is called by:
		_Read_RTC
 This function uses a non-reentrant model



MODULE INFORMATION

Module		Function		Class		Link	Load	Size
C:\Program Files (x86)\Microchip\xc8\v1.34\sources\pic18\plib\rtcc\RtccReadDate.c
		_RtccReadDate  		CODE           	2220	0000	143

C:\Program Files (x86)\Microchip\xc8\v1.34\sources\pic18\plib\rtcc\RtccReadDate.c estimated size: 143

C:\Program Files (x86)\Microchip\xc8\v1.34\sources\pic18\d1ktcyx.c
		_Delay1KTCYx   		CODE           	2A7E	0000	19

C:\Program Files (x86)\Microchip\xc8\v1.34\sources\pic18\d1ktcyx.c estimated size: 19

C:\Program Files (x86)\Microchip\xc8\v1.34\sources\pic18\plib\rtcc\RtccWriteTime.c
		_RtccWriteTime 		CODE           	1980	0000	269

C:\Program Files (x86)\Microchip\xc8\v1.34\sources\pic18\plib\rtcc\RtccWriteTime.c estimated size: 269

../../../../../../Program Files/Unimic/unmc_01/sources/alarma.c
		_validar_passwo		CODE           	22AE	0000	129
		_guardar_curren		CODE           	2836	0000	71

../../../../../../Program Files/Unimic/unmc_01/sources/alarma.c estimated size: 200

C:\Program Files (x86)\Microchip\xc8\v1.34\sources\common\atoi.c
		_atoi          		CODE           	1C5A	0000	213

C:\Program Files (x86)\Microchip\xc8\v1.34\sources\common\atoi.c estimated size: 213

C:\Program Files (x86)\Microchip\xc8\v1.34\sources\common\lwmod.c
		___lwmod       		CODE           	2710	0000	77

C:\Program Files (x86)\Microchip\xc8\v1.34\sources\common\lwmod.c estimated size: 77

C:\Program Files (x86)\Microchip\xc8\v1.34\sources\pic18\plib\rtcc\RtccWrOn.c
		_RtccWrOn      		CODE           	2AA2	0000	19

C:\Program Files (x86)\Microchip\xc8\v1.34\sources\pic18\plib\rtcc\RtccWrOn.c estimated size: 19

../../../../../../Program Files/Unimic/unmc_01/headers/hora.c
		_cambiar_hora  		CODE           	1EC4	0000	183
		_guardar_elemen		CODE           	249A	0000	117
		_inicializar_ho		CODE           	2A0C	0000	33
		_convertir_a_in		CODE           	2A2C	0000	31
		_cambiar_minuto		CODE           	1D2E	0000	205

../../../../../../Program Files/Unimic/unmc_01/headers/hora.c estimated size: 569

C:\Program Files (x86)\Microchip\xc8\v1.34\sources\pic18\plib\rtcc\RtccReadTime.c
		_RtccReadTime  		CODE           	25F2	0000	111

C:\Program Files (x86)\Microchip\xc8\v1.34\sources\pic18\plib\rtcc\RtccReadTime.c estimated size: 111

../../../../../../Program Files/Unimic/unmc_01/sources/fecha.c
		_convertir_a_in		CODE           	2A4A	0000	31
		_guardar_elemen		CODE           	250E	0000	117
		_cambiar_dia   		CODE           	1F7A	0000	183
		_cambiar_mes   		CODE           	2030	0000	183
		_cambiar_anio  		CODE           	1DFA	0000	203
		_inicializar_fe		CODE           	2920	0000	47

../../../../../../Program Files/Unimic/unmc_01/sources/fecha.c estimated size: 764

C:\Program Files (x86)\Microchip\xc8\v1.34\sources\common\isdigit.c
		_isdigit       		CODE           	29EA	0000	35

C:\Program Files (x86)\Microchip\xc8\v1.34\sources\common\isdigit.c estimated size: 35

../../../../../../Program Files/Unimic/unmc_01/sources/teclado.c
		_restaurar_coma		CODE           	29A2	0000	37
		_imprimir_tecla		CODE           	27F0	0000	71
		_guardar_comand		CODE           	2582	0000	113
		_leer_teclado  		CODE           	1862	0000	287
		_guardar_tecla_		CODE           	20E6	0000	165
		_validar_comand		CODE           	23AE	0000	119

../../../../../../Program Files/Unimic/unmc_01/sources/teclado.c estimated size: 792

shared
		_dpowers       		SMALLCONST     	0F01	0000	11
		_LCD_INIT_STRIN		SMALLCONST     	0F0B	0000	5
		__initializatio		CODE           	287C	0000	59

shared estimated size: 75

C:\Program Files (x86)\Microchip\xc8\v1.34\sources\common\lwdiv.c
		___lwdiv       		CODE           	2660	0000	93

C:\Program Files (x86)\Microchip\xc8\v1.34\sources\common\lwdiv.c estimated size: 93

C:\Program Files (x86)\Microchip\xc8\v1.34\sources\common\awdiv.c
		___awdiv       		CODE           	218A	0000	151

C:\Program Files (x86)\Microchip\xc8\v1.34\sources\common\awdiv.c estimated size: 151

C:\Program Files (x86)\Microchip\xc8\v1.34\sources\pic18\d100tcyx.c
		_Delay100TCYx  		CODE           	2A90	0000	19

C:\Program Files (x86)\Microchip\xc8\v1.34\sources\pic18\d100tcyx.c estimated size: 19

C:\Program Files (x86)\Microchip\xc8\v1.34\sources\common\doprnt.c
		_sprintf       		CODE           	0FF8	0000	613

C:\Program Files (x86)\Microchip\xc8\v1.34\sources\common\doprnt.c estimated size: 613

C:\Program Files (x86)\Microchip\xc8\v1.34\sources\pic18\plib\rtcc\RtccWriteDate.c
		_RtccWriteDate 		CODE           	15E2	0000	327

C:\Program Files (x86)\Microchip\xc8\v1.34\sources\pic18\plib\rtcc\RtccWriteDate.c estimated size: 327

C:/Archivos de programa/Unimic/unmc_01/sources/unmc_lcd_216.c
		_lcd_comand    		CODE           	2AB4	0000	15
		_lcd_putc      		CODE           	275C	0000	77
		_lcd_putrs     		CODE           	26BC	0000	85
		_lcd_send_byte 		CODE           	28C0	0000	51
		_lcd_gotoxy    		CODE           	29C6	0000	37
		_lcd_send_nibbl		CODE           	2424	0000	119
		_lcd_init      		CODE           	232E	0000	129

C:/Archivos de programa/Unimic/unmc_01/sources/unmc_lcd_216.c estimated size: 513

main.c
		_mostrar_menu  		CODE           	28F2	0000	47
		_mostrar_guarda		CODE           	294E	0000	45
		_main          		CODE           	125C	0000	497
		_Setup         		CODE           	27A8	0000	73
		_ingresar_coman		CODE           	2AC2	0000	11
		_ingresar_passw		CODE           	1A8C	0000	249
		_caratula      		CODE           	1B84	0000	215

main.c estimated size: 1137

../../../../../../Program Files/Unimic/unmc_01/sources/unmc_rtcc_02.c
		_Read_RTC      		CODE           	1728	0000	315
		_Write_RTC     		CODE           	144C	0000	407

../../../../../../Program Files/Unimic/unmc_01/sources/unmc_rtcc_02.c estimated size: 722

C:\Program Files (x86)\Microchip\xc8\v1.34\sources\common\Umul16.c
		___wmul        		CODE           	297A	0000	41

C:\Program Files (x86)\Microchip\xc8\v1.34\sources\common\Umul16.c estimated size: 41

