Microchip MPLAB XC8 Compiler V1.34 ()

Linker command line:

--edf=C:\Program Files (x86)\Microchip\xc8\v1.34\dat\en_msgs.txt -cs \
  -h+dist/default/production\PIC_ILUMINACION.production.sym \
  --cmf=dist/default/production\PIC_ILUMINACION.production.cmf -z \
  -Q18F26J50 -oC:\Users\ddavi\AppData\Local\Temp\s7ng.6 \
  -Mdist/default/production/PIC_ILUMINACION.production.map -E1 -ver=XC8 \
  -ASTACK=09Bh-0ebfh -pstack=STACK -ACODE=00h-0FFF7h -ACONST=00h-0FFF7h \
  -ASMALLCONST=0F00h-0FFFhx240,0FF00h-0FFF7h -AMEDIUMCONST=0F00h-0FFF7h \
  -ACOMRAM=01h-05Fh -AABS1=00h-0EBFh -ABIGRAM=01h-0EBFh \
  -ARAM=060h-0FFh,0100h-01FFhx13,0E00h-0EBFh -ABANK0=060h-0FFh \
  -ABANK1=0100h-01FFh -ABANK2=0200h-02FFh -ABANK3=0300h-03FFh \
  -ABANK4=0400h-04FFh -ABANK5=0500h-05FFh -ABANK6=0600h-06FFh \
  -ABANK7=0700h-07FFh -ABANK8=0800h-08FFh -ABANK9=0900h-09FFh \
  -ABANK10=0A00h-0AFFh -ABANK11=0B00h-0BFFh -ABANK12=0C00h-0CFFh \
  -ABANK13=0D00h-0DFFh -ABANK14=0E00h-0EBFh \
  -ASFR=0EC0h-0EFFh,0F00h-0F5Fh,0F60h-0FFFh \
  -preset_vec=00h,intcode,intcodelo,powerup,init,end_init -pramtop=0F00h \
  -psmallconst=SMALLCONST -pmediumconst=MEDIUMCONST -pconst=CONST \
  -AFARRAM=00h-00h -ACONFIG=0FFF8h-0FFFFh -pconfig=CONFIG \
  -pjflash_buffer=0F800h \
  -prdata=COMRAM,nvrram=COMRAM,nvbit=COMRAM,rbss=COMRAM,rbit=COMRAM \
  -pfarbss=FARRAM,fardata=FARRAM,nvFARRAM=FARRAM \
  -pintsave_regs=BIGRAM,bigbss=BIGRAM,bigdata=BIGRAM -pbss=RAM \
  -pidata=CODE,irdata=CODE,ibigdata=CODE,ifardata=CODE -prparam=COMRAM \
  C:\Users\ddavi\AppData\Local\Temp\s7ng.obj \
  dist/default/production\PIC_ILUMINACION.production.obj 

Object code version is 3.11

Machine type is 18F26J50

Call graph: (short form)




                Name                               Link     Load   Length Selector   Space Scale
C:\Users\ddavi\AppData\Local\Temp\s7ng.obj
                end_init                              0        0        4        0       0
                config                             FFF8     FFF8        8     FFF8       0
dist/default/production\PIC_ILUMINACION.production.obj
                text17                             F4FA     F4FA       12     7A7D       0
                text16                             FD52     FD52      146     7EA9       0
                text15                             FC46     FC46      10C     7E23       0
                text14                             F84C     F84C       96     7C26       0
                text13                             FE98     FE98      160     7F4C       0
                text12                             F608     F608       4A     7B04       0
                text11                             F652     F652       54     7B29       0
                text10                             F704     F704       60     7B82       0
                text9                              F6A6     F6A6       5E     7B53       0
                text8                              F8E2     F8E2       9A     7C71       0
                text7                              F7C6     F7C6       86     7BE3       0
                text6                              F97C     F97C       C6     7CBE       0
                text5                              F544     F544       3C     7AA2       0
                text4                              FA42     FA42      102     7D21       0
                text3                              FB44     FB44      102     7DA2       0
                text2                              F580     F580       44     7AC0       0
                text1                              F50C     F50C       38     7A86       0
                text0                              F764     F764       62     7BB2       0
                cstackCOMRAM                          1        1       39        1       1
                bssBANK0                             60       60       34       60       1
                dataCOMRAM                           4D       4D        C        1       1
                bssCOMRAM                            3A       3A       13        1       1
                bitbssCOMRAM                        2F8       5F        1        1       1     8
                cinit                              F5C4     F5C4       44     7AE2       0
                nvBANK0                              94       94        7       60       1
                nvCOMRAM                             59       59        6        1       1
                idataCOMRAM                        F4EE     F4EE        C     F4EE       0

TOTAL           Name                               Link     Load   Length     Space
        CLASS   STACK          

        CLASS   CODE           
                end_init                              0        0        4         0
                text17                             F4FA     F4FA       12         0
                text16                             FD52     FD52      146         0
                text15                             FC46     FC46      10C         0
                text14                             F84C     F84C       96         0
                text13                             FE98     FE98      160         0
                text12                             F608     F608       4A         0
                text11                             F652     F652       54         0
                text10                             F704     F704       60         0
                text9                              F6A6     F6A6       5E         0
                text8                              F8E2     F8E2       9A         0
                text7                              F7C6     F7C6       86         0
                text6                              F97C     F97C       C6         0
                text5                              F544     F544       3C         0
                text4                              FA42     FA42      102         0
                text3                              FB44     FB44      102         0
                text2                              F580     F580       44         0
                text1                              F50C     F50C       38         0
                text0                              F764     F764       62         0
                cinit                              F5C4     F5C4       44         0
                idataCOMRAM                        F4EE     F4EE        C         0

        CLASS   CONST          

        CLASS   SMALLCONST     

        CLASS   MEDIUMCONST    

        CLASS   COMRAM         
                cstackCOMRAM                          1        1       39         1
                dataCOMRAM                           4D       4D        C         1
                bssCOMRAM                            3A       3A       13         1
                bitbssCOMRAM                        2F8       5F        1         1
                nvCOMRAM                             59       59        6         1

        CLASS   ABS1           

        CLASS   BIGRAM         

        CLASS   RAM            

        CLASS   BANK0          
                bssBANK0                             60       60       34         1
                nvBANK0                              94       94        7         1

        CLASS   BANK1          

        CLASS   BANK2          

        CLASS   BANK3          

        CLASS   BANK4          

        CLASS   BANK5          

        CLASS   BANK6          

        CLASS   BANK7          

        CLASS   BANK8          

        CLASS   BANK9          

        CLASS   BANK10         

        CLASS   BANK11         

        CLASS   BANK12         

        CLASS   BANK13         

        CLASS   BANK14         

        CLASS   SFR            

        CLASS   FARRAM         

        CLASS   CONFIG         
                config                             FFF8     FFF8        8         0

        CLASS   IDLOC          



SEGMENTS        Name                           Load    Length   Top    Selector   Space  Class

                reset_vec                      000000  000004  000004         0       0  CODE    
                cstackCOMRAM                   000001  00005F  000060         1       1  COMRAM  
                bssBANK0                       000060  00003B  00009B        60       1  BANK0   
                idataCOMRAM                    00F4EE  00000C  00F4FA      F4EE       0  CODE    
                text17                         00F4FA  000012  00F50C      7A7D       0  CODE    
                text1                          00F50C  000038  00F544      7A86       0  CODE    
                text5                          00F544  00003C  00F580      7AA2       0  CODE    
                text2                          00F580  000044  00F5C4      7AC0       0  CODE    
                cinit                          00F5C4  000044  00F608      7AE2       0  CODE    
                text12                         00F608  00004A  00F652      7B04       0  CODE    
                text11                         00F652  000054  00F6A6      7B29       0  CODE    
                text9                          00F6A6  00005E  00F704      7B53       0  CODE    
                text10                         00F704  000060  00F764      7B82       0  CODE    
                text0                          00F764  000062  00F7C6      7BB2       0  CODE    
                text7                          00F7C6  000086  00F84C      7BE3       0  CODE    
                text14                         00F84C  000096  00F8E2      7C26       0  CODE    
                text8                          00F8E2  00009A  00F97C      7C71       0  CODE    
                text6                          00F97C  0000C6  00FA42      7CBE       0  CODE    
                text4                          00FA42  000102  00FB44      7D21       0  CODE    
                text3                          00FB44  000102  00FC46      7DA2       0  CODE    
                text15                         00FC46  00010C  00FD52      7E23       0  CODE    
                text16                         00FD52  000146  00FE98      7EA9       0  CODE    
                text13                         00FE98  000160  00FFF8      7F4C       0  CODE    
                config                         00FFF8  000008  010000      FFF8       0  CONFIG  


UNUSED ADDRESS RANGES

        Name                Unused          Largest block    Delta
        BANK0            0009B-000FF              65
        BANK1            00100-001FF             100
        BANK10           00A00-00AFF             100
        BANK11           00B00-00BFF             100
        BANK12           00C00-00CFF             100
        BANK13           00D00-00DFF             100
        BANK14           00E00-00EBF              C0
        BANK2            00200-002FF             100
        BANK3            00300-003FF             100
        BANK4            00400-004FF             100
        BANK5            00500-005FF             100
        BANK6            00600-006FF             100
        BANK7            00700-007FF             100
        BANK8            00800-008FF             100
        BANK9            00900-009FF             100
        BIGRAM           0009B-00EBF             E25
        CODE             00004-0F4ED            F4EA
        CONST            00004-0F4ED            F4EA
        MEDIUMCONST      00F00-0F4ED            E5EE
        RAM              0009B-00EBF             100
        SFR              00EC0-00FFF              60
        SMALLCONST       00F00-0F4ED             100
        STACK            0009B-00EBF             E25

                                  Symbol Table

?___awdiv                     cstackCOMRAM  00001
?___awtoft                    cstackCOMRAM  00009
?___ftmul                     cstackCOMRAM  0000D
?___ftpack                    cstackCOMRAM  00001
?___fttol                     cstackCOMRAM  0001C
?_calcular_intensidad         cstackCOMRAM  0002B
?_leer_intensidad             cstackCOMRAM  0002D
RtccWriteDate@di              cstackCOMRAM  00003
RtccWriteDate@pDt             cstackCOMRAM  00001
RtccWriteDate@tempDayMonth    cstackCOMRAM  0000A
RtccWriteDate@tempHourWDay    cstackCOMRAM  0000C
RtccWriteDate@tempYear        cstackCOMRAM  00007
RtccWriteDate@wasAlrm         cstackCOMRAM  00006
RtccWriteDate@wasOn           cstackCOMRAM  00005
RtccWriteDate@wasWrEn         cstackCOMRAM  00009
RtccWriteTime@di              cstackCOMRAM  00003
RtccWriteTime@pTm             cstackCOMRAM  00001
RtccWriteTime@tempHourWDay    cstackCOMRAM  0000A
RtccWriteTime@tempMinSec      cstackCOMRAM  00008
RtccWriteTime@wasAlrm         cstackCOMRAM  00006
RtccWriteTime@wasOn           cstackCOMRAM  00005
RtccWriteTime@wasWrEn         cstackCOMRAM  00007
_ADCON0                       (abs)         00FC2
_ADCON0bits                   (abs)         00FC2
_ADCON1                       (abs)         00FC1
_ADRESH                       (abs)         00FC4
_ALRMCFGbits                  (abs)         00F91
_ANCON0                       (abs)         00F48
_ANCON1                       (abs)         00F49
_EECON2                       (abs)         00FA7
_INTCONbits                   (abs)         00FF2
_LATAbits                     (abs)         00F89
_LATBbits                     (abs)         00F8A
_OSCCONbits                   (abs)         00FD3
_OSCTUNEbits                  (abs)         00F9B
_PIE3bits                     (abs)         00FA3
_PORTAbits                    (abs)         00F80
_RTCCFG                       (abs)         00F3F
_RTCCFGbits                   (abs)         00F3F
_RTCVALH                      (abs)         00F99
_RTCVALL                      (abs)         00F98
_RtccAlrmTimeDate             bssBANK0      00074
_RtccDate                     bssCOMRAM     00045
_RtccTime                     bssCOMRAM     00049
_RtccTimeDate                 bssBANK0      0007C
_RtccTimeVal                  bssBANK0      0008C
_RtccWrOn                     text17        0F4FA
_RtccWriteDate                text16        0FD52
_RtccWriteTime                text15        0FC46
_Rtcc_read_TimeDate           bssBANK0      00084
_Setup                        text12        0F608
_T1CONbits                    (abs)         00FCD
_TRISA                        (abs)         00F92
_TRISB                        (abs)         00F93
_TRISC                        (abs)         00F94
_Write_RTC                    text13        0FE98
__CFG_CP0$OFF                 (abs)         00000
__CFG_CPUDIV$OSC1             (abs)         00000
__CFG_DSBOREN$OFF             (abs)         00000
__CFG_DSWDTEN$OFF             (abs)         00000
__CFG_DSWDTOSC$INTOSCREF      (abs)         00000
__CFG_DSWDTPS$G2              (abs)         00000
__CFG_FCMEN$OFF               (abs)         00000
__CFG_IESO$OFF                (abs)         00000
__CFG_IOL1WAY$OFF             (abs)         00000
__CFG_LPT1OSC$OFF             (abs)         00000
__CFG_MSSP7B_EN$MSK7          (abs)         00000
__CFG_OSC$INTOSC              (abs)         00000
__CFG_PLLDIV$1                (abs)         00000
__CFG_RTCOSC$T1OSCREF         (abs)         00000
__CFG_STVREN$ON               (abs)         00000
__CFG_T1DIG$ON                (abs)         00000
__CFG_WDTEN$OFF               (abs)         00000
__CFG_WDTPS$32768             (abs)         00000
__CFG_WPCFG$OFF               (abs)         00000
__CFG_WPDIS$OFF               (abs)         00000
__CFG_XINST$OFF               (abs)         00000
__HRAM                        (abs)         00000
__Habs1                       abs1          00000
__Hbank0                      bank0         00000
__Hbank1                      bank1         00000
__Hbank10                     bank10        00000
__Hbank11                     bank11        00000
__Hbank12                     bank12        00000
__Hbank13                     bank13        00000
__Hbank14                     bank14        00000
__Hbank2                      bank2         00000
__Hbank3                      bank3         00000
__Hbank4                      bank4         00000
__Hbank5                      bank5         00000
__Hbank6                      bank6         00000
__Hbank7                      bank7         00000
__Hbank8                      bank8         00000
__Hbank9                      bank9         00000
__Hbigbss                     bigbss        00000
__Hbigdata                    bigdata       00000
__Hbigram                     bigram        00000
__HbitbssCOMRAM               bitbssCOMRAM  00000
__Hbss                        bss           00000
__HbssBANK0                   bssBANK0      00000
__HbssCOMRAM                  bssCOMRAM     00000
__Hcinit                      cinit         00000
__Hclrtext                    clrtext       00000
__Hcomram                     comram        00000
__Hconfig                     config        10000
__Hconst                      const         00000
__HcstackCOMRAM               cstackCOMRAM  00000
__Hdata                       data          00000
__HdataCOMRAM                 dataCOMRAM    00000
__Hend_init                   end_init      00004
__Hfarbss                     farbss        00000
__Hfardata                    fardata       00000
__Hibigdata                   ibigdata      00000
__Hidata                      idata         00000
__HidataCOMRAM                idataCOMRAM   00000
__Hidloc                      idloc         00000
__Hifardata                   ifardata      00000
__Hinit                       init          00000
__Hintcode                    intcode       00000
__Hintcode_body               intcode_body  00000
__Hintcodelo                  intcodelo     00000
__Hintentry                   intentry      00000
__Hintret                     intret        00000
__Hintsave_regs               intsave_regs  00000
__Hirdata                     irdata        00000
__Hjflash_buffer              jflash_buffer 0F800
__Hmediumconst                mediumconst   00000
__HnvBANK0                    nvBANK0       00000
__HnvCOMRAM                   nvCOMRAM      00000
__HnvFARRAM                   nvFARRAM      00000
__Hnvbit                      nvbit         00000
__Hnvrram                     nvrram        00000
__Hparam                      rparam        00000
__Hpowerup                    powerup       00000
__Hram                        ram           00000
__Hramtop                     ramtop        00F00
__Hrbit                       rbit          00000
__Hrbss                       rbss          00000
__Hrdata                      rdata         00000
__Hreset_vec                  reset_vec     00000
__Hrparam                     rparam        00000
__Hsfr                        sfr           00000
__Hsmallconst                 smallconst    00000
__Hspace_0                    (abs)         10000
__Hspace_1                    (abs)         002F9
__Hspace_2                    (abs)         00000
__Hstack                      stack         00000
__Hstruct                     struct        00000
__Htemp                       temp          00000
__Htext                       text          00000
__Htext0                      text0         00000
__Htext1                      text1         00000
__Htext10                     text10        00000
__Htext11                     text11        00000
__Htext12                     text12        00000
__Htext13                     text13        00000
__Htext14                     text14        00000
__Htext15                     text15        00000
__Htext16                     text16        00000
__Htext17                     text17        00000
__Htext2                      text2         00000
__Htext3                      text3         00000
__Htext4                      text4         00000
__Htext5                      text5         00000
__Htext6                      text6         00000
__Htext7                      text7         00000
__Htext8                      text8         00000
__Htext9                      text9         00000
__LRAM                        (abs)         00001
__Labs1                       abs1          00000
__Lbank0                      bank0         00000
__Lbank1                      bank1         00000
__Lbank10                     bank10        00000
__Lbank11                     bank11        00000
__Lbank12                     bank12        00000
__Lbank13                     bank13        00000
__Lbank14                     bank14        00000
__Lbank2                      bank2         00000
__Lbank3                      bank3         00000
__Lbank4                      bank4         00000
__Lbank5                      bank5         00000
__Lbank6                      bank6         00000
__Lbank7                      bank7         00000
__Lbank8                      bank8         00000
__Lbank9                      bank9         00000
__Lbigbss                     bigbss        00000
__Lbigdata                    bigdata       00000
__Lbigram                     bigram        00000
__LbitbssCOMRAM               bitbssCOMRAM  00000
__Lbss                        bss           00000
__LbssBANK0                   bssBANK0      00000
__LbssCOMRAM                  bssCOMRAM     00000
__Lcinit                      cinit         00000
__Lclrtext                    clrtext       00000
__Lcomram                     comram        00000
__Lconfig                     config        0FFF8
__Lconst                      const         00000
__LcstackCOMRAM               cstackCOMRAM  00000
__Ldata                       data          00000
__LdataCOMRAM                 dataCOMRAM    00000
__Lend_init                   end_init      00000
__Lfarbss                     farbss        00000
__Lfardata                    fardata       00000
__Libigdata                   ibigdata      00000
__Lidata                      idata         00000
__LidataCOMRAM                idataCOMRAM   00000
__Lidloc                      idloc         00000
__Lifardata                   ifardata      00000
__Linit                       init          00000
__Lintcode                    intcode       00000
__Lintcode_body               intcode_body  00000
__Lintcodelo                  intcodelo     00000
__Lintentry                   intentry      00000
__Lintret                     intret        00000
__Lintsave_regs               intsave_regs  00000
__Lirdata                     irdata        00000
__Ljflash_buffer              jflash_buffer 0F800
__Lmediumconst                mediumconst   00000
__LnvBANK0                    nvBANK0       00000
__LnvCOMRAM                   nvCOMRAM      00000
__LnvFARRAM                   nvFARRAM      00000
__Lnvbit                      nvbit         00000
__Lnvrram                     nvrram        00000
__Lparam                      rparam        00000
__Lpowerup                    powerup       00000
__Lram                        ram           00000
__Lramtop                     ramtop        00F00
__Lrbit                       rbit          00000
__Lrbss                       rbss          00000
__Lrdata                      rdata         00000
__Lreset_vec                  reset_vec     00000
__Lrparam                     rparam        00000
__Lsfr                        sfr           00000
__Lsmallconst                 smallconst    00000
__Lspace_0                    (abs)         00000
__Lspace_1                    (abs)         00000
__Lspace_2                    (abs)         00000
__Lstack                      stack         00000
__Lstruct                     struct        00000
__Ltemp                       temp          00000
__Ltext                       text          00000
__Ltext0                      text0         00000
__Ltext1                      text1         00000
__Ltext10                     text10        00000
__Ltext11                     text11        00000
__Ltext12                     text12        00000
__Ltext13                     text13        00000
__Ltext14                     text14        00000
__Ltext15                     text15        00000
__Ltext16                     text16        00000
__Ltext17                     text17        00000
__Ltext2                      text2         00000
__Ltext3                      text3         00000
__Ltext4                      text4         00000
__Ltext5                      text5         00000
__Ltext6                      text6         00000
__Ltext7                      text7         00000
__Ltext8                      text8         00000
__Ltext9                      text9         00000
__S0                          (abs)         10000
__S1                          (abs)         0009B
__S2                          (abs)         00000
___awdiv                      text14        0F84C
___awdiv@counter              cstackCOMRAM  00005
___awdiv@dividend             cstackCOMRAM  00001
___awdiv@divisor              cstackCOMRAM  00003
___awdiv@quotient             cstackCOMRAM  00007
___awdiv@sign                 cstackCOMRAM  00006
___awtoft                     text5         0F544
___awtoft@c                   cstackCOMRAM  00009
___awtoft@sign                cstackCOMRAM  0000C
___ftmul                      text4         0FA42
___ftmul@cntr                 cstackCOMRAM  0001A
___ftmul@exp                  cstackCOMRAM  00016
___ftmul@f1                   cstackCOMRAM  0000D
___ftmul@f2                   cstackCOMRAM  00010
___ftmul@f3_as_product        cstackCOMRAM  00017
___ftmul@sign                 cstackCOMRAM  0001B
___ftpack                     text6         0F97C
___ftpack@arg                 cstackCOMRAM  00001
___ftpack@exp                 cstackCOMRAM  00004
___ftpack@sign                cstackCOMRAM  00005
___fttol                      text3         0FB44
___fttol@exp1                 cstackCOMRAM  0002A
___fttol@f1                   cstackCOMRAM  0001C
___fttol@lval                 cstackCOMRAM  00026
___fttol@sign1                cstackCOMRAM  00025
___inthi_sp                   stack         00000
___intlo_sp                   stack         00000
___param_bank                 (abs)         00010
___rparam_used                (abs)         00001
___sp                         stack         00000
__accesstop                   (abs)         00060
__activetblptr                (abs)         00002
__end_of_RtccWrOn             text17        0F50C
__end_of_RtccWriteDate        text16        0FE98
__end_of_RtccWriteTime        text15        0FD52
__end_of_Setup                text12        0F652
__end_of_Write_RTC            text13        0FFF8
__end_of___awdiv              text14        0F8E2
__end_of___awtoft             text5         0F580
__end_of___ftmul              text4         0FB44
__end_of___ftpack             text6         0FA42
__end_of___fttol              text3         0FC46
__end_of__initialization      cinit         0F5FE
__end_of_activar_led          text8         0F97C
__end_of_apagar_led           text11        0F6A6
__end_of_calcular_intensidad  text2         0F5C4
__end_of_encender_led         text10        0F764
__end_of_flash_leds           text7         0F84C
__end_of_intensidad_led       text9         0F704
__end_of_leer_intensidad      text1         0F544
__end_of_main                 text0         0F7C6
__initialization              cinit         0F5C4
__mediumconst                 mediumconst   00000
__pbitbssCOMRAM               bitbssCOMRAM  002F8
__pbssBANK0                   bssBANK0      00060
__pbssCOMRAM                  bssCOMRAM     0003A
__pcinit                      cinit         0F5C4
__pcstackCOMRAM               cstackCOMRAM  00001
__pdataCOMRAM                 dataCOMRAM    0004D
__pidataCOMRAM                idataCOMRAM   0F4EE
__pnvBANK0                    nvBANK0       00094
__pnvCOMRAM                   nvCOMRAM      00059
__ptext0                      text0         0F764
__ptext1                      text1         0F50C
__ptext10                     text10        0F704
__ptext11                     text11        0F652
__ptext12                     text12        0F608
__ptext13                     text13        0FE98
__ptext14                     text14        0F84C
__ptext15                     text15        0FC46
__ptext16                     text16        0FD52
__ptext17                     text17        0F4FA
__ptext2                      text2         0F580
__ptext3                      text3         0FB44
__ptext4                      text4         0FA42
__ptext5                      text5         0F544
__ptext6                      text6         0F97C
__ptext7                      text7         0F7C6
__ptext8                      text8         0F8E2
__ptext9                      text9         0F6A6
__ramtop                      ramtop        00F00
__size_of_RtccWrOn            (abs)         00000
__size_of_RtccWriteDate       (abs)         00000
__size_of_RtccWriteTime       (abs)         00000
__size_of_Setup               (abs)         00000
__size_of_Write_RTC           (abs)         00000
__size_of___awdiv             (abs)         00000
__size_of___awtoft            (abs)         00000
__size_of___ftmul             (abs)         00000
__size_of___ftpack            (abs)         00000
__size_of___fttol             (abs)         00000
__size_of_activar_led         (abs)         00000
__size_of_apagar_led          (abs)         00000
__size_of_calcular_intensidad (abs)         00000
__size_of_encender_led        (abs)         00000
__size_of_flash_leds          (abs)         00000
__size_of_intensidad_led      (abs)         00000
__size_of_leer_intensidad     (abs)         00000
__size_of_main                (abs)         00000
__smallconst                  smallconst    00000
_a                            bssCOMRAM     0003A
_activar_led                  text8         0F8E2
_anio                         dataCOMRAM    0004D
_anio_d                       nvCOMRAM      00059
_anio_u                       nvBANK0       00094
_apagar_led                   text11        0F652
_b                            bssCOMRAM     0003C
_buffer2                      bssBANK0      00060
_c                            bssBANK0      00090
_calcular_intensidad          text2         0F580
_dia                          dataCOMRAM    0004F
_dia_semana                   nvBANK0       00095
_diasem                       dataCOMRAM    00051
_encender_led                 text10        0F704
_fecha_d                      nvCOMRAM      0005A
_fecha_u                      nvBANK0       00096
_flag                         bitbssCOMRAM  002F8
_flash_leds                   text7         0F7C6
_hora                         dataCOMRAM    00053
_hora_d                       nvCOMRAM      0005B
_hora_u                       nvBANK0       00097
_i                            bssCOMRAM     0003E
_intensidad_led               text9         0F6A6
_j                            bssCOMRAM     00040
_k                            bssBANK0      00092
_key                          bssCOMRAM     00044
_leer_intensidad              text1         0F50C
_main                         text0         0F764
_mes                          dataCOMRAM    00055
_mes_d                        nvCOMRAM      0005C
_mes_u                        nvBANK0       00098
_minuto                       dataCOMRAM    00057
_minuto_d                     nvCOMRAM      0005D
_minuto_u                     nvBANK0       00099
_segundo                      bssCOMRAM     00042
_segundo_d                    nvCOMRAM      0005E
_segundo_u                    nvBANK0       0009A
activar_led@contador          cstackCOMRAM  00012
activar_led@id_led            cstackCOMRAM  0000E
activar_led@intensidad        cstackCOMRAM  0000C
apagar_led@led                cstackCOMRAM  00001
calcular_intensidad@voltage   cstackCOMRAM  0002B
encender_led@led              cstackCOMRAM  00001
end_of_initialization         cinit         0F5FE
flash_leds@contador           cstackCOMRAM  00034
flash_leds@intensidad         cstackCOMRAM  00032
intensidad_led@i              cstackCOMRAM  0000A
intensidad_led@intensidad     cstackCOMRAM  00007
intensidad_led@num_led        cstackCOMRAM  00005
intlevel0                     text          00000
intlevel1                     text          00000
intlevel2                     text          00000
intlevel3                     text          00000
leer_intensidad@voltage       cstackCOMRAM  00030
main@id_led                   cstackCOMRAM  00038
main@intensidad               cstackCOMRAM  00036
stackhi                       (abs)         00EBF
stacklo                       (abs)         0009B
start                         init          00000
start_initialization          cinit         0F5C4


FUNCTION INFORMATION:

 *************** function _main *****************
 Defined at:
		line 183 in file "main.c"
 Parameters:    Size  Location     Type
		None
 Auto vars:     Size  Location     Type
  id_led          2   55[COMRAM] int 
  intensidad      2   53[COMRAM] int 
 Return value:  Size  Location     Type
                  2  198[None  ] int 
 Registers used:
		wreg, fsr2l, fsr2h, status,2, status,0, prodl, prodh, cstack
 Tracked objects:
		On entry : 
		On exit  : 
		Unchanged: 
 Data sizes:     COMRAM   BANK0   BANK1   BANK2   BANK3   BANK4   BANK5   BANK6   BANK7   BANK8   BANK9  BANK10  BANK11  BANK12  BANK13  BANK14
      Params:         0       0       0       0       0       0       0       0       0       0       0       0       0       0       0       0
      Locals:         4       0       0       0       0       0       0       0       0       0       0       0       0       0       0       0
      Temps:          0       0       0       0       0       0       0       0       0       0       0       0       0       0       0       0
      Totals:         4       0       0       0       0       0       0       0       0       0       0       0       0       0       0       0
Total ram usage:        4 bytes
 Hardware stack levels required when called:    4
 This function calls:
		_Setup
		_activar_led
		_flash_leds
		_leer_intensidad
 This function is called by:
		Startup code after reset
 This function uses a non-reentrant model


 *************** function _leer_intensidad *****************
 Defined at:
		line 162 in file "main.c"
 Parameters:    Size  Location     Type
		None
 Auto vars:     Size  Location     Type
  voltage         2   47[COMRAM] int 
 Return value:  Size  Location     Type
                  2   44[COMRAM] int 
 Registers used:
		wreg, status,2, status,0, cstack
 Tracked objects:
		On entry : 
		On exit  : 
		Unchanged: 
 Data sizes:     COMRAM   BANK0   BANK1   BANK2   BANK3   BANK4   BANK5   BANK6   BANK7   BANK8   BANK9  BANK10  BANK11  BANK12  BANK13  BANK14
      Params:         2       0       0       0       0       0       0       0       0       0       0       0       0       0       0       0
      Locals:         2       0       0       0       0       0       0       0       0       0       0       0       0       0       0       0
      Temps:          1       0       0       0       0       0       0       0       0       0       0       0       0       0       0       0
      Totals:         5       0       0       0       0       0       0       0       0       0       0       0       0       0       0       0
Total ram usage:        5 bytes
 Hardware stack levels used:    1
 Hardware stack levels required when called:    3
 This function calls:
		_calcular_intensidad
 This function is called by:
		_main
 This function uses a non-reentrant model


 *************** function _calcular_intensidad *****************
 Defined at:
		line 158 in file "main.c"
 Parameters:    Size  Location     Type
  voltage         2   42[COMRAM] int 
 Auto vars:     Size  Location     Type
		None
 Return value:  Size  Location     Type
                  2   42[COMRAM] int 
 Registers used:
		wreg, status,2, status,0, cstack
 Tracked objects:
		On entry : 
		On exit  : 
		Unchanged: 
 Data sizes:     COMRAM   BANK0   BANK1   BANK2   BANK3   BANK4   BANK5   BANK6   BANK7   BANK8   BANK9  BANK10  BANK11  BANK12  BANK13  BANK14
      Params:         2       0       0       0       0       0       0       0       0       0       0       0       0       0       0       0
      Locals:         0       0       0       0       0       0       0       0       0       0       0       0       0       0       0       0
      Temps:          0       0       0       0       0       0       0       0       0       0       0       0       0       0       0       0
      Totals:         2       0       0       0       0       0       0       0       0       0       0       0       0       0       0       0
Total ram usage:        2 bytes
 Hardware stack levels used:    1
 Hardware stack levels required when called:    2
 This function calls:
		___awtoft
		___ftmul
		___fttol
 This function is called by:
		_leer_intensidad
 This function uses a non-reentrant model


 *************** function ___fttol *****************
 Defined at:
		line 44 in file "C:\Program Files (x86)\Microchip\xc8\v1.34\sources\common\fttol.c"
 Parameters:    Size  Location     Type
  f1              3   27[COMRAM] float 
 Auto vars:     Size  Location     Type
  lval            4   37[COMRAM] unsigned long 
  exp1            1   41[COMRAM] unsigned char 
  sign1           1   36[COMRAM] unsigned char 
 Return value:  Size  Location     Type
                  4   27[COMRAM] long 
 Registers used:
		wreg, status,2, status,0
 Tracked objects:
		On entry : 
		On exit  : 
		Unchanged: 
 Data sizes:     COMRAM   BANK0   BANK1   BANK2   BANK3   BANK4   BANK5   BANK6   BANK7   BANK8   BANK9  BANK10  BANK11  BANK12  BANK13  BANK14
      Params:         4       0       0       0       0       0       0       0       0       0       0       0       0       0       0       0
      Locals:         6       0       0       0       0       0       0       0       0       0       0       0       0       0       0       0
      Temps:          5       0       0       0       0       0       0       0       0       0       0       0       0       0       0       0
      Totals:        15       0       0       0       0       0       0       0       0       0       0       0       0       0       0       0
Total ram usage:       15 bytes
 Hardware stack levels used:    1
 This function calls:
		Nothing
 This function is called by:
		_calcular_intensidad
 This function uses a non-reentrant model


 *************** function ___ftmul *****************
 Defined at:
		line 62 in file "C:\Program Files (x86)\Microchip\xc8\v1.34\sources\common\ftmul.c"
 Parameters:    Size  Location     Type
  f1              3   12[COMRAM] float 
  f2              3   15[COMRAM] float 
 Auto vars:     Size  Location     Type
  f3_as_produc    3   22[COMRAM] unsigned um
  sign            1   26[COMRAM] unsigned char 
  cntr            1   25[COMRAM] unsigned char 
  exp             1   21[COMRAM] unsigned char 
 Return value:  Size  Location     Type
                  3   12[COMRAM] float 
 Registers used:
		wreg, status,2, status,0, cstack
 Tracked objects:
		On entry : 
		On exit  : 
		Unchanged: 
 Data sizes:     COMRAM   BANK0   BANK1   BANK2   BANK3   BANK4   BANK5   BANK6   BANK7   BANK8   BANK9  BANK10  BANK11  BANK12  BANK13  BANK14
      Params:         6       0       0       0       0       0       0       0       0       0       0       0       0       0       0       0
      Locals:         6       0       0       0       0       0       0       0       0       0       0       0       0       0       0       0
      Temps:          3       0       0       0       0       0       0       0       0       0       0       0       0       0       0       0
      Totals:        15       0       0       0       0       0       0       0       0       0       0       0       0       0       0       0
Total ram usage:       15 bytes
 Hardware stack levels used:    1
 Hardware stack levels required when called:    1
 This function calls:
		___ftpack
 This function is called by:
		_calcular_intensidad
 This function uses a non-reentrant model


 *************** function ___awtoft *****************
 Defined at:
		line 32 in file "C:\Program Files (x86)\Microchip\xc8\v1.34\sources\common\awtoft.c"
 Parameters:    Size  Location     Type
  c               2    8[COMRAM] int 
 Auto vars:     Size  Location     Type
  sign            1   11[COMRAM] unsigned char 
 Return value:  Size  Location     Type
                  3    8[COMRAM] float 
 Registers used:
		wreg, status,2, status,0, cstack
 Tracked objects:
		On entry : 
		On exit  : 
		Unchanged: 
 Data sizes:     COMRAM   BANK0   BANK1   BANK2   BANK3   BANK4   BANK5   BANK6   BANK7   BANK8   BANK9  BANK10  BANK11  BANK12  BANK13  BANK14
      Params:         3       0       0       0       0       0       0       0       0       0       0       0       0       0       0       0
      Locals:         1       0       0       0       0       0       0       0       0       0       0       0       0       0       0       0
      Temps:          0       0       0       0       0       0       0       0       0       0       0       0       0       0       0       0
      Totals:         4       0       0       0       0       0       0       0       0       0       0       0       0       0       0       0
Total ram usage:        4 bytes
 Hardware stack levels used:    1
 Hardware stack levels required when called:    1
 This function calls:
		___ftpack
 This function is called by:
		_calcular_intensidad
 This function uses a non-reentrant model


 *************** function ___ftpack *****************
 Defined at:
		line 62 in file "C:\Program Files (x86)\Microchip\xc8\v1.34\sources\common\float.c"
 Parameters:    Size  Location     Type
  arg             3    0[COMRAM] unsigned um
  exp             1    3[COMRAM] unsigned char 
  sign            1    4[COMRAM] unsigned char 
 Auto vars:     Size  Location     Type
		None
 Return value:  Size  Location     Type
                  3    0[COMRAM] float 
 Registers used:
		wreg, status,2, status,0
 Tracked objects:
		On entry : 
		On exit  : 
		Unchanged: 
 Data sizes:     COMRAM   BANK0   BANK1   BANK2   BANK3   BANK4   BANK5   BANK6   BANK7   BANK8   BANK9  BANK10  BANK11  BANK12  BANK13  BANK14
      Params:         5       0       0       0       0       0       0       0       0       0       0       0       0       0       0       0
      Locals:         0       0       0       0       0       0       0       0       0       0       0       0       0       0       0       0
      Temps:          3       0       0       0       0       0       0       0       0       0       0       0       0       0       0       0
      Totals:         8       0       0       0       0       0       0       0       0       0       0       0       0       0       0       0
Total ram usage:        8 bytes
 Hardware stack levels used:    1
 This function calls:
		Nothing
 This function is called by:
		___awtoft
		___ftmul
 This function uses a non-reentrant model


 *************** function _flash_leds *****************
 Defined at:
		line 129 in file "main.c"
 Parameters:    Size  Location     Type
  intensidad      2   49[COMRAM] int 
 Auto vars:     Size  Location     Type
  contador        2   51[COMRAM] int 
 Return value:  Size  Location     Type
		None               void
 Registers used:
		wreg, status,2, status,0, cstack
 Tracked objects:
		On entry : 
		On exit  : 
		Unchanged: 
 Data sizes:     COMRAM   BANK0   BANK1   BANK2   BANK3   BANK4   BANK5   BANK6   BANK7   BANK8   BANK9  BANK10  BANK11  BANK12  BANK13  BANK14
      Params:         2       0       0       0       0       0       0       0       0       0       0       0       0       0       0       0
      Locals:         2       0       0       0       0       0       0       0       0       0       0       0       0       0       0       0
      Temps:          0       0       0       0       0       0       0       0       0       0       0       0       0       0       0       0
      Totals:         4       0       0       0       0       0       0       0       0       0       0       0       0       0       0       0
Total ram usage:        4 bytes
 Hardware stack levels used:    1
 Hardware stack levels required when called:    2
 This function calls:
		_apagar_led
		_intensidad_led
 This function is called by:
		_main
 This function uses a non-reentrant model


 *************** function _activar_led *****************
 Defined at:
		line 142 in file "main.c"
 Parameters:    Size  Location     Type
  intensidad      2   11[COMRAM] int 
  id_led          2   13[COMRAM] PTR int 
		 -> main@id_led(2), 
 Auto vars:     Size  Location     Type
  contador        2   17[COMRAM] int 
 Return value:  Size  Location     Type
		None               void
 Registers used:
		wreg, fsr2l, fsr2h, status,2, status,0, cstack
 Tracked objects:
		On entry : 
		On exit  : 
		Unchanged: 
 Data sizes:     COMRAM   BANK0   BANK1   BANK2   BANK3   BANK4   BANK5   BANK6   BANK7   BANK8   BANK9  BANK10  BANK11  BANK12  BANK13  BANK14
      Params:         4       0       0       0       0       0       0       0       0       0       0       0       0       0       0       0
      Locals:         2       0       0       0       0       0       0       0       0       0       0       0       0       0       0       0
      Temps:          2       0       0       0       0       0       0       0       0       0       0       0       0       0       0       0
      Totals:         8       0       0       0       0       0       0       0       0       0       0       0       0       0       0       0
Total ram usage:        8 bytes
 Hardware stack levels used:    1
 Hardware stack levels required when called:    2
 This function calls:
		_apagar_led
		_intensidad_led
 This function is called by:
		_main
 This function uses a non-reentrant model


 *************** function _intensidad_led *****************
 Defined at:
		line 93 in file "main.c"
 Parameters:    Size  Location     Type
  num_led         2    4[COMRAM] int 
  intensidad      2    6[COMRAM] int 
 Auto vars:     Size  Location     Type
  i               2    9[COMRAM] int 
 Return value:  Size  Location     Type
		None               void
 Registers used:
		wreg, status,2, status,0, cstack
 Tracked objects:
		On entry : 
		On exit  : 
		Unchanged: 
 Data sizes:     COMRAM   BANK0   BANK1   BANK2   BANK3   BANK4   BANK5   BANK6   BANK7   BANK8   BANK9  BANK10  BANK11  BANK12  BANK13  BANK14
      Params:         4       0       0       0       0       0       0       0       0       0       0       0       0       0       0       0
      Locals:         2       0       0       0       0       0       0       0       0       0       0       0       0       0       0       0
      Temps:          1       0       0       0       0       0       0       0       0       0       0       0       0       0       0       0
      Totals:         7       0       0       0       0       0       0       0       0       0       0       0       0       0       0       0
Total ram usage:        7 bytes
 Hardware stack levels used:    1
 Hardware stack levels required when called:    1
 This function calls:
		_apagar_led
		_encender_led
 This function is called by:
		_flash_leds
		_activar_led
		_leer_teclado
 This function uses a non-reentrant model


 *************** function _encender_led *****************
 Defined at:
		line 71 in file "main.c"
 Parameters:    Size  Location     Type
  led             2    0[COMRAM] int 
 Auto vars:     Size  Location     Type
		None
 Return value:  Size  Location     Type
		None               void
 Registers used:
		wreg, status,2, status,0
 Tracked objects:
		On entry : 
		On exit  : 
		Unchanged: 
 Data sizes:     COMRAM   BANK0   BANK1   BANK2   BANK3   BANK4   BANK5   BANK6   BANK7   BANK8   BANK9  BANK10  BANK11  BANK12  BANK13  BANK14
      Params:         2       0       0       0       0       0       0       0       0       0       0       0       0       0       0       0
      Locals:         0       0       0       0       0       0       0       0       0       0       0       0       0       0       0       0
      Temps:          2       0       0       0       0       0       0       0       0       0       0       0       0       0       0       0
      Totals:         4       0       0       0       0       0       0       0       0       0       0       0       0       0       0       0
Total ram usage:        4 bytes
 Hardware stack levels used:    1
 This function calls:
		Nothing
 This function is called by:
		_intensidad_led
 This function uses a non-reentrant model


 *************** function _apagar_led *****************
 Defined at:
		line 82 in file "main.c"
 Parameters:    Size  Location     Type
  led             2    0[COMRAM] int 
 Auto vars:     Size  Location     Type
		None
 Return value:  Size  Location     Type
		None               void
 Registers used:
		wreg, status,2, status,0
 Tracked objects:
		On entry : 
		On exit  : 
		Unchanged: 
 Data sizes:     COMRAM   BANK0   BANK1   BANK2   BANK3   BANK4   BANK5   BANK6   BANK7   BANK8   BANK9  BANK10  BANK11  BANK12  BANK13  BANK14
      Params:         2       0       0       0       0       0       0       0       0       0       0       0       0       0       0       0
      Locals:         0       0       0       0       0       0       0       0       0       0       0       0       0       0       0       0
      Temps:          2       0       0       0       0       0       0       0       0       0       0       0       0       0       0       0
      Totals:         4       0       0       0       0       0       0       0       0       0       0       0       0       0       0       0
Total ram usage:        4 bytes
 Hardware stack levels used:    1
 This function calls:
		Nothing
 This function is called by:
		_intensidad_led
		_flash_leds
		_activar_led
 This function uses a non-reentrant model


 *************** function _Setup *****************
 Defined at:
		line 39 in file "main.c"
 Parameters:    Size  Location     Type
		None
 Auto vars:     Size  Location     Type
		None
 Return value:  Size  Location     Type
		None               void
 Registers used:
		wreg, fsr2l, fsr2h, status,2, status,0, prodl, prodh, cstack
 Tracked objects:
		On entry : 
		On exit  : 
		Unchanged: 
 Data sizes:     COMRAM   BANK0   BANK1   BANK2   BANK3   BANK4   BANK5   BANK6   BANK7   BANK8   BANK9  BANK10  BANK11  BANK12  BANK13  BANK14
      Params:         0       0       0       0       0       0       0       0       0       0       0       0       0       0       0       0
      Locals:         0       0       0       0       0       0       0       0       0       0       0       0       0       0       0       0
      Temps:          0       0       0       0       0       0       0       0       0       0       0       0       0       0       0       0
      Totals:         0       0       0       0       0       0       0       0       0       0       0       0       0       0       0       0
Total ram usage:        0 bytes
 Hardware stack levels used:    1
 Hardware stack levels required when called:    3
 This function calls:
		_Write_RTC
 This function is called by:
		_main
 This function uses a non-reentrant model


 *************** function _Write_RTC *****************
 Defined at:
		line 74 in file "C:/Archivos de programa/Unimic/unmc_01/headers\unmc_rtcc_01.h"
 Parameters:    Size  Location     Type
		None
 Auto vars:     Size  Location     Type
		None
 Return value:  Size  Location     Type
		None               void
 Registers used:
		wreg, fsr2l, fsr2h, status,2, status,0, prodl, prodh, cstack
 Tracked objects:
		On entry : 
		On exit  : 
		Unchanged: 
 Data sizes:     COMRAM   BANK0   BANK1   BANK2   BANK3   BANK4   BANK5   BANK6   BANK7   BANK8   BANK9  BANK10  BANK11  BANK12  BANK13  BANK14
      Params:         0       0       0       0       0       0       0       0       0       0       0       0       0       0       0       0
      Locals:         0       0       0       0       0       0       0       0       0       0       0       0       0       0       0       0
      Temps:          0       0       0       0       0       0       0       0       0       0       0       0       0       0       0       0
      Totals:         0       0       0       0       0       0       0       0       0       0       0       0       0       0       0       0
Total ram usage:        0 bytes
 Hardware stack levels used:    1
 Hardware stack levels required when called:    2
 This function calls:
		_RtccWrOn
		_RtccWriteDate
		_RtccWriteTime
		___awdiv
 This function is called by:
		_Setup
 This function uses a non-reentrant model


 *************** function ___awdiv *****************
 Defined at:
		line 8 in file "C:\Program Files (x86)\Microchip\xc8\v1.34\sources\common\awdiv.c"
 Parameters:    Size  Location     Type
  dividend        2    0[COMRAM] int 
  divisor         2    2[COMRAM] int 
 Auto vars:     Size  Location     Type
  quotient        2    6[COMRAM] int 
  sign            1    5[COMRAM] unsigned char 
  counter         1    4[COMRAM] unsigned char 
 Return value:  Size  Location     Type
                  2    0[COMRAM] int 
 Registers used:
		wreg, status,2, status,0
 Tracked objects:
		On entry : 
		On exit  : 
		Unchanged: 
 Data sizes:     COMRAM   BANK0   BANK1   BANK2   BANK3   BANK4   BANK5   BANK6   BANK7   BANK8   BANK9  BANK10  BANK11  BANK12  BANK13  BANK14
      Params:         4       0       0       0       0       0       0       0       0       0       0       0       0       0       0       0
      Locals:         4       0       0       0       0       0       0       0       0       0       0       0       0       0       0       0
      Temps:          0       0       0       0       0       0       0       0       0       0       0       0       0       0       0       0
      Totals:         8       0       0       0       0       0       0       0       0       0       0       0       0       0       0       0
Total ram usage:        8 bytes
 Hardware stack levels used:    1
 This function calls:
		Nothing
 This function is called by:
		_Write_RTC
 This function uses a non-reentrant model


 *************** function _RtccWriteTime *****************
 Defined at:
		line 34 in file "C:\Program Files (x86)\Microchip\xc8\v1.34\sources\pic18\plib\rtcc\RtccWriteTime.c"
 Parameters:    Size  Location     Type
  pTm             2    0[COMRAM] PTR const struct .
		 -> RtccTime(4), 
  di              1    2[COMRAM] enum E7121
 Auto vars:     Size  Location     Type
  tempHourWDay    2    9[COMRAM] struct .
  tempMinSec      2    7[COMRAM] struct .
  wasWrEn         1    6[COMRAM] enum E7121
  wasAlrm         1    5[COMRAM] enum E7121
  wasOn           1    4[COMRAM] enum E7121
 Return value:  Size  Location     Type
                  1    wreg      enum E7337
 Registers used:
		wreg, fsr2l, fsr2h, status,2, status,0, cstack
 Tracked objects:
		On entry : 
		On exit  : 
		Unchanged: 
 Data sizes:     COMRAM   BANK0   BANK1   BANK2   BANK3   BANK4   BANK5   BANK6   BANK7   BANK8   BANK9  BANK10  BANK11  BANK12  BANK13  BANK14
      Params:         3       0       0       0       0       0       0       0       0       0       0       0       0       0       0       0
      Locals:         7       0       0       0       0       0       0       0       0       0       0       0       0       0       0       0
      Temps:          1       0       0       0       0       0       0       0       0       0       0       0       0       0       0       0
      Totals:        11       0       0       0       0       0       0       0       0       0       0       0       0       0       0       0
Total ram usage:       11 bytes
 Hardware stack levels used:    1
 Hardware stack levels required when called:    1
 This function calls:
		_RtccWrOn
 This function is called by:
		_Write_RTC
 This function uses a non-reentrant model


 *************** function _RtccWriteDate *****************
 Defined at:
		line 35 in file "C:\Program Files (x86)\Microchip\xc8\v1.34\sources\pic18\plib\rtcc\RtccWriteDate.c"
 Parameters:    Size  Location     Type
  pDt             2    0[COMRAM] PTR const struct .
		 -> RtccDate(4), 
  di              1    2[COMRAM] enum E7121
 Auto vars:     Size  Location     Type
  tempHourWDay    2   11[COMRAM] struct .
  tempDayMonth    2    9[COMRAM] struct .
  tempYear        2    6[COMRAM] struct .
  wasWrEn         1    8[COMRAM] enum E7121
  wasAlrm         1    5[COMRAM] enum E7121
  wasOn           1    4[COMRAM] enum E7121
 Return value:  Size  Location     Type
                  1    wreg      enum E7337
 Registers used:
		wreg, fsr2l, fsr2h, status,2, status,0, cstack
 Tracked objects:
		On entry : 
		On exit  : 
		Unchanged: 
 Data sizes:     COMRAM   BANK0   BANK1   BANK2   BANK3   BANK4   BANK5   BANK6   BANK7   BANK8   BANK9  BANK10  BANK11  BANK12  BANK13  BANK14
      Params:         3       0       0       0       0       0       0       0       0       0       0       0       0       0       0       0
      Locals:         9       0       0       0       0       0       0       0       0       0       0       0       0       0       0       0
      Temps:          1       0       0       0       0       0       0       0       0       0       0       0       0       0       0       0
      Totals:        13       0       0       0       0       0       0       0       0       0       0       0       0       0       0       0
Total ram usage:       13 bytes
 Hardware stack levels used:    1
 Hardware stack levels required when called:    1
 This function calls:
		_RtccWrOn
 This function is called by:
		_Write_RTC
 This function uses a non-reentrant model


 *************** function _RtccWrOn *****************
 Defined at:
		line 21 in file "C:\Program Files (x86)\Microchip\xc8\v1.34\sources\pic18\plib\rtcc\RtccWrOn.c"
 Parameters:    Size  Location     Type
		None
 Auto vars:     Size  Location     Type
  data            2    0        unsigned int 
 Return value:  Size  Location     Type
		None               void
 Registers used:
		wreg, status,2
 Tracked objects:
		On entry : 
		On exit  : 
		Unchanged: 
 Data sizes:     COMRAM   BANK0   BANK1   BANK2   BANK3   BANK4   BANK5   BANK6   BANK7   BANK8   BANK9  BANK10  BANK11  BANK12  BANK13  BANK14
      Params:         0       0       0       0       0       0       0       0       0       0       0       0       0       0       0       0
      Locals:         0       0       0       0       0       0       0       0       0       0       0       0       0       0       0       0
      Temps:          0       0       0       0       0       0       0       0       0       0       0       0       0       0       0       0
      Totals:         0       0       0       0       0       0       0       0       0       0       0       0       0       0       0       0
Total ram usage:        0 bytes
 Hardware stack levels used:    1
 This function calls:
		Nothing
 This function is called by:
		_Write_RTC
		_RtccWriteDate
		_RtccWriteTime
 This function uses a non-reentrant model



MODULE INFORMATION

Module		Function		Class		Link	Load	Size
C:\Program Files (x86)\Microchip\xc8\v1.34\sources\pic18\plib\rtcc\RtccWriteTime.c
		_RtccWriteTime 		CODE           	FC46	0000	269

C:\Program Files (x86)\Microchip\xc8\v1.34\sources\pic18\plib\rtcc\RtccWriteTime.c estimated size: 269

C:\Program Files (x86)\Microchip\xc8\v1.34\sources\common\float.c
		___ftpack      		CODE           	F97C	0000	199

C:\Program Files (x86)\Microchip\xc8\v1.34\sources\common\float.c estimated size: 199

C:\Program Files (x86)\Microchip\xc8\v1.34\sources\pic18\plib\rtcc\RtccWrOn.c
		_RtccWrOn      		CODE           	F4FA	0000	19

C:\Program Files (x86)\Microchip\xc8\v1.34\sources\pic18\plib\rtcc\RtccWrOn.c estimated size: 19

C:\Program Files (x86)\Microchip\xc8\v1.34\sources\common\awtoft.c
		___awtoft      		CODE           	F544	0000	61

C:\Program Files (x86)\Microchip\xc8\v1.34\sources\common\awtoft.c estimated size: 61

C:/Archivos de programa/Unimic/unmc_01/headers\unmc_rtcc_01.h
		_Write_RTC     		CODE           	FE98	0000	353

C:/Archivos de programa/Unimic/unmc_01/headers\unmc_rtcc_01.h estimated size: 353

C:\Program Files (x86)\Microchip\xc8\v1.34\sources\common\ftmul.c
		___ftmul       		CODE           	FA42	0000	259

C:\Program Files (x86)\Microchip\xc8\v1.34\sources\common\ftmul.c estimated size: 259

shared
		__initializatio		CODE           	F5C4	0000	59

shared estimated size: 59

C:\Program Files (x86)\Microchip\xc8\v1.34\sources\common\awdiv.c
		___awdiv       		CODE           	F84C	0000	151

C:\Program Files (x86)\Microchip\xc8\v1.34\sources\common\awdiv.c estimated size: 151

C:\Program Files (x86)\Microchip\xc8\v1.34\sources\pic18\plib\rtcc\RtccWriteDate.c
		_RtccWriteDate 		CODE           	FD52	0000	327

C:\Program Files (x86)\Microchip\xc8\v1.34\sources\pic18\plib\rtcc\RtccWriteDate.c estimated size: 327

C:\Program Files (x86)\Microchip\xc8\v1.34\sources\common\fttol.c
		___fttol       		CODE           	FB44	0000	259

C:\Program Files (x86)\Microchip\xc8\v1.34\sources\common\fttol.c estimated size: 259

main.c
		_calcular_inten		CODE           	F580	0000	69
		_leer_intensida		CODE           	F50C	0000	57
		_intensidad_led		CODE           	F6A6	0000	95
		_main          		CODE           	F764	0000	99
		_encender_led  		CODE           	F704	0000	97
		_activar_led   		CODE           	F8E2	0000	155
		_flash_leds    		CODE           	F7C6	0000	135
		_Setup         		CODE           	F608	0000	75
		_apagar_led    		CODE           	F652	0000	85

main.c estimated size: 867

