Microchip MPLAB XC8 Compiler V1.34 ()

Linker command line:

--edf=C:\Program Files (x86)\Microchip\xc8\v1.34\dat\en_msgs.txt -cs \
  -h+dist/default/production\PIC_ILUMINACION.production.sym \
  --cmf=dist/default/production\PIC_ILUMINACION.production.cmf -z \
  -Q18F26J50 -oC:\Users\ddavi\AppData\Local\Temp\s5d0.6 \
  -Mdist/default/production/PIC_ILUMINACION.production.map -E1 -ver=XC8 \
  -ASTACK=074h-0ebfh -pstack=STACK -ACODE=00h-0FFF7h -ACONST=00h-0FFF7h \
  -ASMALLCONST=0F00h-0FFFhx240,0FF00h-0FFF7h -AMEDIUMCONST=0F00h-0FFF7h \
  -ACOMRAM=01h-05Fh -AABS1=00h-0EBFh -ABIGRAM=01h-0EBFh \
  -ARAM=060h-0FFh,0100h-01FFhx13,0E00h-0EBFh -ABANK0=060h-0FFh \
  -ABANK1=0100h-01FFh -ABANK2=0200h-02FFh -ABANK3=0300h-03FFh \
  -ABANK4=0400h-04FFh -ABANK5=0500h-05FFh -ABANK6=0600h-06FFh \
  -ABANK7=0700h-07FFh -ABANK8=0800h-08FFh -ABANK9=0900h-09FFh \
  -ABANK10=0A00h-0AFFh -ABANK11=0B00h-0BFFh -ABANK12=0C00h-0CFFh \
  -ABANK13=0D00h-0DFFh -ABANK14=0E00h-0EBFh \
  -ASFR=0EC0h-0EFFh,0F00h-0F5Fh,0F60h-0FFFh \
  -preset_vec=00h,intcode,intcodelo,powerup,init,end_init -pramtop=0F00h \
  -psmallconst=SMALLCONST -pmediumconst=MEDIUMCONST -pconst=CONST \
  -AFARRAM=00h-00h -ACONFIG=0FFF8h-0FFFFh -pconfig=CONFIG \
  -pjflash_buffer=0F800h \
  -prdata=COMRAM,nvrram=COMRAM,nvbit=COMRAM,rbss=COMRAM,rbit=COMRAM \
  -pfarbss=FARRAM,fardata=FARRAM,nvFARRAM=FARRAM \
  -pintsave_regs=BIGRAM,bigbss=BIGRAM,bigdata=BIGRAM -pbss=RAM \
  -pidata=CODE,irdata=CODE,ibigdata=CODE,ifardata=CODE -prparam=COMRAM \
  C:\Users\ddavi\AppData\Local\Temp\s5d0.obj \
  dist/default/production\PIC_ILUMINACION.production.obj 

Object code version is 3.11

Machine type is 18F26J50

Call graph: (short form)




                Name                               Link     Load   Length Selector   Space Scale
C:\Users\ddavi\AppData\Local\Temp\s5d0.obj
                end_init                              0        0        4        0       0
                config                             FFF8     FFF8        8     FFF8       0
dist/default/production\PIC_ILUMINACION.production.obj
                smallconst                          F00      F00        6      780       0
                text11                             1570     1570       12      783       0
                text10                             104E     104E      146      783       0
                text9                              1194     1194      10C      783       0
                text8                              1374     1374       96      783       0
                text7                               F06      F06      148      783       0
                text6                              14D6     14D6       38      783       0
                text5                              1544     1544       2C      783       0
                text4                              150E     150E       36      783       0
                text3                              1494     1494       42      783       0
                text2                              140A     140A       46      783       0
                text1                              12A0     12A0       D4      783       0
                text0                              1582     1582       10      783       0
                cstackCOMRAM                         41       41        D        1       1
                bssBANK0                             60       60       14       60       1
                dataCOMRAM                           4E       4E        C        1       1
                bssCOMRAM                             1        1       33        1       1
                bitbssCOMRAM                        2D0       5A        1        1       1     8
                cinit                              1450     1450       44      783       0
                nvCOMRAM                             34       34        D        1       1
                idataCOMRAM                        1592     1592        C      783       0

TOTAL           Name                               Link     Load   Length     Space
        CLASS   STACK          

        CLASS   CODE           
                end_init                              0        0        4         0
                text11                             1570     1570       12         0
                text10                             104E     104E      146         0
                text9                              1194     1194      10C         0
                text8                              1374     1374       96         0
                text7                               F06      F06      148         0
                text6                              14D6     14D6       38         0
                text5                              1544     1544       2C         0
                text4                              150E     150E       36         0
                text3                              1494     1494       42         0
                text2                              140A     140A       46         0
                text1                              12A0     12A0       D4         0
                text0                              1582     1582       10         0
                cinit                              1450     1450       44         0
                idataCOMRAM                        1592     1592        C         0

        CLASS   CONST          

        CLASS   SMALLCONST     
                smallconst                          F00      F00        6         0

        CLASS   MEDIUMCONST    

        CLASS   COMRAM         
                cstackCOMRAM                         41       41        D         1
                dataCOMRAM                           4E       4E        C         1
                bssCOMRAM                             1        1       33         1
                bitbssCOMRAM                        2D0       5A        1         1
                nvCOMRAM                             34       34        D         1

        CLASS   ABS1           

        CLASS   BIGRAM         

        CLASS   RAM            

        CLASS   BANK0          
                bssBANK0                             60       60       14         1

        CLASS   BANK1          

        CLASS   BANK2          

        CLASS   BANK3          

        CLASS   BANK4          

        CLASS   BANK5          

        CLASS   BANK6          

        CLASS   BANK7          

        CLASS   BANK8          

        CLASS   BANK9          

        CLASS   BANK10         

        CLASS   BANK11         

        CLASS   BANK12         

        CLASS   BANK13         

        CLASS   BANK14         

        CLASS   SFR            

        CLASS   FARRAM         

        CLASS   CONFIG         
                config                             FFF8     FFF8        8         0

        CLASS   IDLOC          



SEGMENTS        Name                           Load    Length   Top    Selector   Space  Class

                reset_vec                      000000  000004  000004         0       0  CODE    
                bssCOMRAM                      000001  00005A  00005B         1       1  COMRAM  
                bssBANK0                       000060  000014  000074        60       1  BANK0   
                smallconst                     000F00  000006  000F06       780       0  SMALLCON
                text7                          000F06  000698  00159E       783       0  CODE    
                config                         00FFF8  000008  010000      FFF8       0  CONFIG  


UNUSED ADDRESS RANGES

        Name                Unused          Largest block    Delta
        BANK0            00074-000FF              8C
        BANK1            00100-001FF             100
        BANK10           00A00-00AFF             100
        BANK11           00B00-00BFF             100
        BANK12           00C00-00CFF             100
        BANK13           00D00-00DFF             100
        BANK14           00E00-00EBF              C0
        BANK2            00200-002FF             100
        BANK3            00300-003FF             100
        BANK4            00400-004FF             100
        BANK5            00500-005FF             100
        BANK6            00600-006FF             100
        BANK7            00700-007FF             100
        BANK8            00800-008FF             100
        BANK9            00900-009FF             100
        BIGRAM           0005B-0005F               5
                         00074-00EBF             E4C
        CODE             00004-00EFF             EFC
                         0159E-0FFF7            EA5A
        COMRAM           0005B-0005F               5
        CONST            00004-00EFF             EFC
                         0159E-0FFF7            EA5A
        MEDIUMCONST      0159E-0FFF7            EA5A
        RAM              00074-00EBF             100
        SFR              00EC0-00FFF              60
        SMALLCONST       0159E-0FFF7             100
        STACK            00074-00EBF             E4C

                                  Symbol Table

?___awdiv                    cstackCOMRAM  00041
RtccWriteDate@di             cstackCOMRAM  00043
RtccWriteDate@pDt            cstackCOMRAM  00041
RtccWriteDate@tempDayMonth   cstackCOMRAM  0004A
RtccWriteDate@tempHourWDay   cstackCOMRAM  0004C
RtccWriteDate@tempYear       cstackCOMRAM  00047
RtccWriteDate@wasAlrm        cstackCOMRAM  00046
RtccWriteDate@wasOn          cstackCOMRAM  00045
RtccWriteDate@wasWrEn        cstackCOMRAM  00049
RtccWriteTime@di             cstackCOMRAM  00043
RtccWriteTime@pTm            cstackCOMRAM  00041
RtccWriteTime@tempHourWDay   cstackCOMRAM  0004A
RtccWriteTime@tempMinSec     cstackCOMRAM  00048
RtccWriteTime@wasAlrm        cstackCOMRAM  00046
RtccWriteTime@wasOn          cstackCOMRAM  00045
RtccWriteTime@wasWrEn        cstackCOMRAM  00047
_ALRMCFGbits                 (abs)         00F91
_ANCON0                      (abs)         00F48
_ANCON1                      (abs)         00F49
_EECON2                      (abs)         00FA7
_INTCONbits                  (abs)         00FF2
_LATAbits                    (abs)         00F89
_LATBbits                    (abs)         00F8A
_LCD_INIT_STRING             smallconst    00F01
_OSCCONbits                  (abs)         00FD3
_OSCTUNEbits                 (abs)         00F9B
_PIE3bits                    (abs)         00FA3
_PORTAbits                   (abs)         00F80
_RTCCFG                      (abs)         00F3F
_RTCCFGbits                  (abs)         00F3F
_RTCVALH                     (abs)         00F99
_RTCVALL                     (abs)         00F98
_RtccAlrmTimeDate            bssCOMRAM     00001
_RtccDate                    bssCOMRAM     0002C
_RtccTime                    bssCOMRAM     00030
_RtccTimeDate                bssCOMRAM     00009
_RtccTimeVal                 bssCOMRAM     00019
_RtccWrOn                    text11        01570
_RtccWriteDate               text10        0104E
_RtccWriteTime               text9         01194
_Rtcc_read_TimeDate          bssCOMRAM     00011
_Setup                       text6         014D6
_T1CONbits                   (abs)         00FCD
_TRISA                       (abs)         00F92
_TRISB                       (abs)         00F93
_TRISBbits                   (abs)         00F93
_TRISC                       (abs)         00F94
_Write_RTC                   text7         00F06
__CFG_CP0$OFF                (abs)         00000
__CFG_CPUDIV$OSC1            (abs)         00000
__CFG_DSBOREN$OFF            (abs)         00000
__CFG_DSWDTEN$OFF            (abs)         00000
__CFG_DSWDTOSC$INTOSCREF     (abs)         00000
__CFG_DSWDTPS$G2             (abs)         00000
__CFG_FCMEN$OFF              (abs)         00000
__CFG_IESO$OFF               (abs)         00000
__CFG_IOL1WAY$OFF            (abs)         00000
__CFG_LPT1OSC$OFF            (abs)         00000
__CFG_MSSP7B_EN$MSK7         (abs)         00000
__CFG_OSC$INTOSC             (abs)         00000
__CFG_PLLDIV$1               (abs)         00000
__CFG_RTCOSC$T1OSCREF        (abs)         00000
__CFG_STVREN$ON              (abs)         00000
__CFG_T1DIG$ON               (abs)         00000
__CFG_WDTEN$OFF              (abs)         00000
__CFG_WDTPS$32768            (abs)         00000
__CFG_WPCFG$OFF              (abs)         00000
__CFG_WPDIS$OFF              (abs)         00000
__CFG_XINST$OFF              (abs)         00000
__HRAM                       (abs)         00000
__Habs1                      abs1          00000
__Hbank0                     bank0         00000
__Hbank1                     bank1         00000
__Hbank10                    bank10        00000
__Hbank11                    bank11        00000
__Hbank12                    bank12        00000
__Hbank13                    bank13        00000
__Hbank14                    bank14        00000
__Hbank2                     bank2         00000
__Hbank3                     bank3         00000
__Hbank4                     bank4         00000
__Hbank5                     bank5         00000
__Hbank6                     bank6         00000
__Hbank7                     bank7         00000
__Hbank8                     bank8         00000
__Hbank9                     bank9         00000
__Hbigbss                    bigbss        00000
__Hbigdata                   bigdata       00000
__Hbigram                    bigram        00000
__HbitbssCOMRAM              bitbssCOMRAM  00000
__Hbss                       bss           00000
__HbssBANK0                  bssBANK0      00000
__HbssCOMRAM                 bssCOMRAM     00000
__Hcinit                     cinit         00000
__Hclrtext                   clrtext       00000
__Hcomram                    comram        00000
__Hconfig                    config        10000
__Hconst                     const         00000
__HcstackCOMRAM              cstackCOMRAM  00000
__Hdata                      data          00000
__HdataCOMRAM                dataCOMRAM    00000
__Hend_init                  end_init      00004
__Hfarbss                    farbss        00000
__Hfardata                   fardata       00000
__Hibigdata                  ibigdata      00000
__Hidata                     idata         00000
__HidataCOMRAM               idataCOMRAM   00000
__Hidloc                     idloc         00000
__Hifardata                  ifardata      00000
__Hinit                      init          00000
__Hintcode                   intcode       00000
__Hintcode_body              intcode_body  00000
__Hintcodelo                 intcodelo     00000
__Hintentry                  intentry      00000
__Hintret                    intret        00000
__Hintsave_regs              intsave_regs  00000
__Hirdata                    irdata        00000
__Hjflash_buffer             jflash_buffer 0F800
__Hmediumconst               mediumconst   00000
__HnvCOMRAM                  nvCOMRAM      00000
__HnvFARRAM                  nvFARRAM      00000
__Hnvbit                     nvbit         00000
__Hnvrram                    nvrram        00000
__Hparam                     rparam        00000
__Hpowerup                   powerup       00000
__Hram                       ram           00000
__Hramtop                    ramtop        00F00
__Hrbit                      rbit          00000
__Hrbss                      rbss          00000
__Hrdata                     rdata         00000
__Hreset_vec                 reset_vec     00000
__Hrparam                    rparam        00000
__Hsfr                       sfr           00000
__Hsmallconst                smallconst    00F06
__Hspace_0                   (abs)         10000
__Hspace_1                   (abs)         002D1
__Hspace_2                   (abs)         00000
__Hstack                     stack         00000
__Hstruct                    struct        00000
__Htemp                      temp          00000
__Htext                      text          00000
__Htext0                     text0         00000
__Htext1                     text1         00000
__Htext10                    text10        00000
__Htext11                    text11        00000
__Htext2                     text2         00000
__Htext3                     text3         00000
__Htext4                     text4         00000
__Htext5                     text5         00000
__Htext6                     text6         00000
__Htext7                     text7         00000
__Htext8                     text8         00000
__Htext9                     text9         00000
__LRAM                       (abs)         00001
__Labs1                      abs1          00000
__Lbank0                     bank0         00000
__Lbank1                     bank1         00000
__Lbank10                    bank10        00000
__Lbank11                    bank11        00000
__Lbank12                    bank12        00000
__Lbank13                    bank13        00000
__Lbank14                    bank14        00000
__Lbank2                     bank2         00000
__Lbank3                     bank3         00000
__Lbank4                     bank4         00000
__Lbank5                     bank5         00000
__Lbank6                     bank6         00000
__Lbank7                     bank7         00000
__Lbank8                     bank8         00000
__Lbank9                     bank9         00000
__Lbigbss                    bigbss        00000
__Lbigdata                   bigdata       00000
__Lbigram                    bigram        00000
__LbitbssCOMRAM              bitbssCOMRAM  00000
__Lbss                       bss           00000
__LbssBANK0                  bssBANK0      00000
__LbssCOMRAM                 bssCOMRAM     00000
__Lcinit                     cinit         00000
__Lclrtext                   clrtext       00000
__Lcomram                    comram        00000
__Lconfig                    config        0FFF8
__Lconst                     const         00000
__LcstackCOMRAM              cstackCOMRAM  00000
__Ldata                      data          00000
__LdataCOMRAM                dataCOMRAM    00000
__Lend_init                  end_init      00000
__Lfarbss                    farbss        00000
__Lfardata                   fardata       00000
__Libigdata                  ibigdata      00000
__Lidata                     idata         00000
__LidataCOMRAM               idataCOMRAM   00000
__Lidloc                     idloc         00000
__Lifardata                  ifardata      00000
__Linit                      init          00000
__Lintcode                   intcode       00000
__Lintcode_body              intcode_body  00000
__Lintcodelo                 intcodelo     00000
__Lintentry                  intentry      00000
__Lintret                    intret        00000
__Lintsave_regs              intsave_regs  00000
__Lirdata                    irdata        00000
__Ljflash_buffer             jflash_buffer 0F800
__Lmediumconst               mediumconst   00000
__LnvCOMRAM                  nvCOMRAM      00000
__LnvFARRAM                  nvFARRAM      00000
__Lnvbit                     nvbit         00000
__Lnvrram                    nvrram        00000
__Lparam                     rparam        00000
__Lpowerup                   powerup       00000
__Lram                       ram           00000
__Lramtop                    ramtop        00F00
__Lrbit                      rbit          00000
__Lrbss                      rbss          00000
__Lrdata                     rdata         00000
__Lreset_vec                 reset_vec     00000
__Lrparam                    rparam        00000
__Lsfr                       sfr           00000
__Lsmallconst                smallconst    00F00
__Lspace_0                   (abs)         00000
__Lspace_1                   (abs)         00000
__Lspace_2                   (abs)         00000
__Lstack                     stack         00000
__Lstruct                    struct        00000
__Ltemp                      temp          00000
__Ltext                      text          00000
__Ltext0                     text0         00000
__Ltext1                     text1         00000
__Ltext10                    text10        00000
__Ltext11                    text11        00000
__Ltext2                     text2         00000
__Ltext3                     text3         00000
__Ltext4                     text4         00000
__Ltext5                     text5         00000
__Ltext6                     text6         00000
__Ltext7                     text7         00000
__Ltext8                     text8         00000
__Ltext9                     text9         00000
__S0                         (abs)         10000
__S1                         (abs)         00074
__S2                         (abs)         00000
___awdiv                     text8         01374
___awdiv@counter             cstackCOMRAM  00045
___awdiv@dividend            cstackCOMRAM  00041
___awdiv@divisor             cstackCOMRAM  00043
___awdiv@quotient            cstackCOMRAM  00047
___awdiv@sign                cstackCOMRAM  00046
___inthi_sp                  stack         00000
___intlo_sp                  stack         00000
___param_bank                (abs)         00010
___rparam_used               (abs)         00001
___sp                        stack         00000
__accesstop                  (abs)         00060
__activetblptr               (abs)         00002
__end_of_LCD_INIT_STRING     smallconst    00F05
__end_of_RtccWrOn            text11        01582
__end_of_RtccWriteDate       text10        01194
__end_of_RtccWriteTime       text9         012A0
__end_of_Setup               text6         0150E
__end_of_Write_RTC           text7         0104E
__end_of___awdiv             text8         0140A
__end_of__initialization     cinit         0148A
__end_of_activar_retardo     text5         01570
__end_of_apagar_led          text4         01544
__end_of_encender_led        text3         014D6
__end_of_intensidad_led      text2         01450
__end_of_leer_teclado        text1         01374
__end_of_main                text0         01592
__initialization             cinit         01450
__mediumconst                mediumconst   00000
__pbitbssCOMRAM              bitbssCOMRAM  002D0
__pbssBANK0                  bssBANK0      00060
__pbssCOMRAM                 bssCOMRAM     00001
__pcinit                     cinit         01450
__pcstackCOMRAM              cstackCOMRAM  00041
__pdataCOMRAM                dataCOMRAM    0004E
__pidataCOMRAM               idataCOMRAM   01592
__pnvCOMRAM                  nvCOMRAM      00034
__psmallconst                smallconst    00F00
__ptext0                     text0         01582
__ptext1                     text1         012A0
__ptext10                    text10        0104E
__ptext11                    text11        01570
__ptext2                     text2         0140A
__ptext3                     text3         01494
__ptext4                     text4         0150E
__ptext5                     text5         01544
__ptext6                     text6         014D6
__ptext7                     text7         00F06
__ptext8                     text8         01374
__ptext9                     text9         01194
__ramtop                     ramtop        00F00
__size_of_RtccWrOn           (abs)         00000
__size_of_RtccWriteDate      (abs)         00000
__size_of_RtccWriteTime      (abs)         00000
__size_of_Setup              (abs)         00000
__size_of_Write_RTC          (abs)         00000
__size_of___awdiv            (abs)         00000
__size_of_activar_retardo    (abs)         00000
__size_of_apagar_led         (abs)         00000
__size_of_encender_led       (abs)         00000
__size_of_intensidad_led     (abs)         00000
__size_of_leer_teclado       (abs)         00000
__size_of_main               (abs)         00000
__smallconst                 smallconst    00F00
_a                           bssCOMRAM     0001D
_activar_retardo             text5         01544
_anio                        dataCOMRAM    0004E
_anio_d                      nvCOMRAM      00034
_anio_u                      nvCOMRAM      00035
_apagar_led                  text4         0150E
_b                           bssCOMRAM     0001F
_buffer2                     bssBANK0      00060
_c                           bssCOMRAM     00021
_dia                         dataCOMRAM    00050
_dia_semana                  nvCOMRAM      00036
_diasem                      dataCOMRAM    00052
_encender_led                text3         01494
_fecha_d                     nvCOMRAM      00037
_fecha_u                     nvCOMRAM      00038
_flag                        bitbssCOMRAM  002D0
_hora                        dataCOMRAM    00054
_hora_d                      nvCOMRAM      00039
_hora_u                      nvCOMRAM      0003A
_i                           bssCOMRAM     00023
_intensidad_led              text2         0140A
_j                           bssCOMRAM     00025
_k                           bssCOMRAM     00027
_key                         bssCOMRAM     0002B
_leer_teclado                text1         012A0
_main                        text0         01582
_mes                         dataCOMRAM    00056
_mes_d                       nvCOMRAM      0003B
_mes_u                       nvCOMRAM      0003C
_minuto                      dataCOMRAM    00058
_minuto_d                    nvCOMRAM      0003D
_minuto_u                    nvCOMRAM      0003E
_segundo                     bssCOMRAM     00029
_segundo_d                   nvCOMRAM      0003F
_segundo_u                   nvCOMRAM      00040
activar_retardo@cant_retardo cstackCOMRAM  00041
activar_retardo@i            cstackCOMRAM  00044
apagar_led@led               cstackCOMRAM  00041
encender_led@led             cstackCOMRAM  00041
end_of_initialization        cinit         0148A
intensidad_led@intensidad    cstackCOMRAM  00048
intensidad_led@num_led       cstackCOMRAM  00046
intlevel0                    text          00000
intlevel1                    text          00000
intlevel2                    text          00000
intlevel3                    text          00000
stackhi                      (abs)         00EBF
stacklo                      (abs)         00074
start                        init          00000
start_initialization         cinit         01450


FUNCTION INFORMATION:

 *************** function _main *****************
 Defined at:
		line 128 in file "main.c"
 Parameters:    Size  Location     Type
		None
 Auto vars:     Size  Location     Type
		None
 Return value:  Size  Location     Type
                  2  163[None  ] int 
 Registers used:
		wreg, fsr2l, fsr2h, status,2, status,0, prodl, prodh, cstack
 Tracked objects:
		On entry : 
		On exit  : 
		Unchanged: 
 Data sizes:     COMRAM   BANK0   BANK1   BANK2   BANK3   BANK4   BANK5   BANK6   BANK7   BANK8   BANK9  BANK10  BANK11  BANK12  BANK13  BANK14
      Params:         0       0       0       0       0       0       0       0       0       0       0       0       0       0       0       0
      Locals:         0       0       0       0       0       0       0       0       0       0       0       0       0       0       0       0
      Temps:          0       0       0       0       0       0       0       0       0       0       0       0       0       0       0       0
      Totals:         0       0       0       0       0       0       0       0       0       0       0       0       0       0       0       0
Total ram usage:        0 bytes
 Hardware stack levels required when called:    4
 This function calls:
		_Setup
		_leer_teclado
 This function is called by:
		Startup code after reset
 This function uses a non-reentrant model


 *************** function _leer_teclado *****************
 Defined at:
		line 102 in file "main.c"
 Parameters:    Size  Location     Type
		None
 Auto vars:     Size  Location     Type
		None
 Return value:  Size  Location     Type
		None               void
 Registers used:
		wreg, status,2, status,0, cstack
 Tracked objects:
		On entry : 
		On exit  : 
		Unchanged: 
 Data sizes:     COMRAM   BANK0   BANK1   BANK2   BANK3   BANK4   BANK5   BANK6   BANK7   BANK8   BANK9  BANK10  BANK11  BANK12  BANK13  BANK14
      Params:         0       0       0       0       0       0       0       0       0       0       0       0       0       0       0       0
      Locals:         0       0       0       0       0       0       0       0       0       0       0       0       0       0       0       0
      Temps:          0       0       0       0       0       0       0       0       0       0       0       0       0       0       0       0
      Totals:         0       0       0       0       0       0       0       0       0       0       0       0       0       0       0       0
Total ram usage:        0 bytes
 Hardware stack levels used:    1
 Hardware stack levels required when called:    2
 This function calls:
		_intensidad_led
 This function is called by:
		_main
 This function uses a non-reentrant model


 *************** function _intensidad_led *****************
 Defined at:
		line 93 in file "main.c"
 Parameters:    Size  Location     Type
  num_led         2    5[COMRAM] int 
  intensidad      2    7[COMRAM] int 
 Auto vars:     Size  Location     Type
		None
 Return value:  Size  Location     Type
		None               void
 Registers used:
		wreg, status,2, status,0, cstack
 Tracked objects:
		On entry : 
		On exit  : 
		Unchanged: 
 Data sizes:     COMRAM   BANK0   BANK1   BANK2   BANK3   BANK4   BANK5   BANK6   BANK7   BANK8   BANK9  BANK10  BANK11  BANK12  BANK13  BANK14
      Params:         4       0       0       0       0       0       0       0       0       0       0       0       0       0       0       0
      Locals:         0       0       0       0       0       0       0       0       0       0       0       0       0       0       0       0
      Temps:          2       0       0       0       0       0       0       0       0       0       0       0       0       0       0       0
      Totals:         6       0       0       0       0       0       0       0       0       0       0       0       0       0       0       0
Total ram usage:        6 bytes
 Hardware stack levels used:    1
 Hardware stack levels required when called:    1
 This function calls:
		_activar_retardo
		_apagar_led
		_encender_led
 This function is called by:
		_leer_teclado
 This function uses a non-reentrant model


 *************** function _encender_led *****************
 Defined at:
		line 68 in file "main.c"
 Parameters:    Size  Location     Type
  led             2    0[COMRAM] int 
 Auto vars:     Size  Location     Type
		None
 Return value:  Size  Location     Type
		None               void
 Registers used:
		wreg, status,2, status,0
 Tracked objects:
		On entry : 
		On exit  : 
		Unchanged: 
 Data sizes:     COMRAM   BANK0   BANK1   BANK2   BANK3   BANK4   BANK5   BANK6   BANK7   BANK8   BANK9  BANK10  BANK11  BANK12  BANK13  BANK14
      Params:         2       0       0       0       0       0       0       0       0       0       0       0       0       0       0       0
      Locals:         0       0       0       0       0       0       0       0       0       0       0       0       0       0       0       0
      Temps:          2       0       0       0       0       0       0       0       0       0       0       0       0       0       0       0
      Totals:         4       0       0       0       0       0       0       0       0       0       0       0       0       0       0       0
Total ram usage:        4 bytes
 Hardware stack levels used:    1
 This function calls:
		Nothing
 This function is called by:
		_intensidad_led
 This function uses a non-reentrant model


 *************** function _apagar_led *****************
 Defined at:
		line 76 in file "main.c"
 Parameters:    Size  Location     Type
  led             2    0[COMRAM] int 
 Auto vars:     Size  Location     Type
		None
 Return value:  Size  Location     Type
		None               void
 Registers used:
		wreg, status,2, status,0
 Tracked objects:
		On entry : 
		On exit  : 
		Unchanged: 
 Data sizes:     COMRAM   BANK0   BANK1   BANK2   BANK3   BANK4   BANK5   BANK6   BANK7   BANK8   BANK9  BANK10  BANK11  BANK12  BANK13  BANK14
      Params:         2       0       0       0       0       0       0       0       0       0       0       0       0       0       0       0
      Locals:         0       0       0       0       0       0       0       0       0       0       0       0       0       0       0       0
      Temps:          2       0       0       0       0       0       0       0       0       0       0       0       0       0       0       0
      Totals:         4       0       0       0       0       0       0       0       0       0       0       0       0       0       0       0
Total ram usage:        4 bytes
 Hardware stack levels used:    1
 This function calls:
		Nothing
 This function is called by:
		_intensidad_led
 This function uses a non-reentrant model


 *************** function _activar_retardo *****************
 Defined at:
		line 84 in file "main.c"
 Parameters:    Size  Location     Type
  cant_retardo    2    0[COMRAM] int 
 Auto vars:     Size  Location     Type
  i               2    3[COMRAM] int 
 Return value:  Size  Location     Type
		None               void
 Registers used:
		wreg, status,2, status,0
 Tracked objects:
		On entry : 
		On exit  : 
		Unchanged: 
 Data sizes:     COMRAM   BANK0   BANK1   BANK2   BANK3   BANK4   BANK5   BANK6   BANK7   BANK8   BANK9  BANK10  BANK11  BANK12  BANK13  BANK14
      Params:         2       0       0       0       0       0       0       0       0       0       0       0       0       0       0       0
      Locals:         2       0       0       0       0       0       0       0       0       0       0       0       0       0       0       0
      Temps:          1       0       0       0       0       0       0       0       0       0       0       0       0       0       0       0
      Totals:         5       0       0       0       0       0       0       0       0       0       0       0       0       0       0       0
Total ram usage:        5 bytes
 Hardware stack levels used:    1
 This function calls:
		Nothing
 This function is called by:
		_intensidad_led
 This function uses a non-reentrant model


 *************** function _Setup *****************
 Defined at:
		line 39 in file "main.c"
 Parameters:    Size  Location     Type
		None
 Auto vars:     Size  Location     Type
		None
 Return value:  Size  Location     Type
		None               void
 Registers used:
		wreg, fsr2l, fsr2h, status,2, status,0, prodl, prodh, cstack
 Tracked objects:
		On entry : 
		On exit  : 
		Unchanged: 
 Data sizes:     COMRAM   BANK0   BANK1   BANK2   BANK3   BANK4   BANK5   BANK6   BANK7   BANK8   BANK9  BANK10  BANK11  BANK12  BANK13  BANK14
      Params:         0       0       0       0       0       0       0       0       0       0       0       0       0       0       0       0
      Locals:         0       0       0       0       0       0       0       0       0       0       0       0       0       0       0       0
      Temps:          0       0       0       0       0       0       0       0       0       0       0       0       0       0       0       0
      Totals:         0       0       0       0       0       0       0       0       0       0       0       0       0       0       0       0
Total ram usage:        0 bytes
 Hardware stack levels used:    1
 Hardware stack levels required when called:    3
 This function calls:
		_Write_RTC
 This function is called by:
		_main
 This function uses a non-reentrant model


 *************** function _Write_RTC *****************
 Defined at:
		line 74 in file "C:/Archivos de programa/Unimic/unmc_01/headers\unmc_rtcc_01.h"
 Parameters:    Size  Location     Type
		None
 Auto vars:     Size  Location     Type
		None
 Return value:  Size  Location     Type
		None               void
 Registers used:
		wreg, fsr2l, fsr2h, status,2, status,0, prodl, prodh, cstack
 Tracked objects:
		On entry : 
		On exit  : 
		Unchanged: 
 Data sizes:     COMRAM   BANK0   BANK1   BANK2   BANK3   BANK4   BANK5   BANK6   BANK7   BANK8   BANK9  BANK10  BANK11  BANK12  BANK13  BANK14
      Params:         0       0       0       0       0       0       0       0       0       0       0       0       0       0       0       0
      Locals:         0       0       0       0       0       0       0       0       0       0       0       0       0       0       0       0
      Temps:          0       0       0       0       0       0       0       0       0       0       0       0       0       0       0       0
      Totals:         0       0       0       0       0       0       0       0       0       0       0       0       0       0       0       0
Total ram usage:        0 bytes
 Hardware stack levels used:    1
 Hardware stack levels required when called:    2
 This function calls:
		_RtccWrOn
		_RtccWriteDate
		_RtccWriteTime
		___awdiv
 This function is called by:
		_Setup
 This function uses a non-reentrant model


 *************** function ___awdiv *****************
 Defined at:
		line 8 in file "C:\Program Files (x86)\Microchip\xc8\v1.34\sources\common\awdiv.c"
 Parameters:    Size  Location     Type
  dividend        2    0[COMRAM] int 
  divisor         2    2[COMRAM] int 
 Auto vars:     Size  Location     Type
  quotient        2    6[COMRAM] int 
  sign            1    5[COMRAM] unsigned char 
  counter         1    4[COMRAM] unsigned char 
 Return value:  Size  Location     Type
                  2    0[COMRAM] int 
 Registers used:
		wreg, status,2, status,0
 Tracked objects:
		On entry : 
		On exit  : 
		Unchanged: 
 Data sizes:     COMRAM   BANK0   BANK1   BANK2   BANK3   BANK4   BANK5   BANK6   BANK7   BANK8   BANK9  BANK10  BANK11  BANK12  BANK13  BANK14
      Params:         4       0       0       0       0       0       0       0       0       0       0       0       0       0       0       0
      Locals:         4       0       0       0       0       0       0       0       0       0       0       0       0       0       0       0
      Temps:          0       0       0       0       0       0       0       0       0       0       0       0       0       0       0       0
      Totals:         8       0       0       0       0       0       0       0       0       0       0       0       0       0       0       0
Total ram usage:        8 bytes
 Hardware stack levels used:    1
 This function calls:
		Nothing
 This function is called by:
		_Write_RTC
 This function uses a non-reentrant model


 *************** function _RtccWriteTime *****************
 Defined at:
		line 34 in file "C:\Program Files (x86)\Microchip\xc8\v1.34\sources\pic18\plib\rtcc\RtccWriteTime.c"
 Parameters:    Size  Location     Type
  pTm             2    0[COMRAM] PTR const struct .
		 -> RtccTime(4), 
  di              1    2[COMRAM] enum E7121
 Auto vars:     Size  Location     Type
  tempHourWDay    2    9[COMRAM] struct .
  tempMinSec      2    7[COMRAM] struct .
  wasWrEn         1    6[COMRAM] enum E7121
  wasAlrm         1    5[COMRAM] enum E7121
  wasOn           1    4[COMRAM] enum E7121
 Return value:  Size  Location     Type
                  1    wreg      enum E7337
 Registers used:
		wreg, fsr2l, fsr2h, status,2, status,0, cstack
 Tracked objects:
		On entry : 
		On exit  : 
		Unchanged: 
 Data sizes:     COMRAM   BANK0   BANK1   BANK2   BANK3   BANK4   BANK5   BANK6   BANK7   BANK8   BANK9  BANK10  BANK11  BANK12  BANK13  BANK14
      Params:         3       0       0       0       0       0       0       0       0       0       0       0       0       0       0       0
      Locals:         7       0       0       0       0       0       0       0       0       0       0       0       0       0       0       0
      Temps:          1       0       0       0       0       0       0       0       0       0       0       0       0       0       0       0
      Totals:        11       0       0       0       0       0       0       0       0       0       0       0       0       0       0       0
Total ram usage:       11 bytes
 Hardware stack levels used:    1
 Hardware stack levels required when called:    1
 This function calls:
		_RtccWrOn
 This function is called by:
		_Write_RTC
 This function uses a non-reentrant model


 *************** function _RtccWriteDate *****************
 Defined at:
		line 35 in file "C:\Program Files (x86)\Microchip\xc8\v1.34\sources\pic18\plib\rtcc\RtccWriteDate.c"
 Parameters:    Size  Location     Type
  pDt             2    0[COMRAM] PTR const struct .
		 -> RtccDate(4), 
  di              1    2[COMRAM] enum E7121
 Auto vars:     Size  Location     Type
  tempHourWDay    2   11[COMRAM] struct .
  tempDayMonth    2    9[COMRAM] struct .
  tempYear        2    6[COMRAM] struct .
  wasWrEn         1    8[COMRAM] enum E7121
  wasAlrm         1    5[COMRAM] enum E7121
  wasOn           1    4[COMRAM] enum E7121
 Return value:  Size  Location     Type
                  1    wreg      enum E7337
 Registers used:
		wreg, fsr2l, fsr2h, status,2, status,0, cstack
 Tracked objects:
		On entry : 
		On exit  : 
		Unchanged: 
 Data sizes:     COMRAM   BANK0   BANK1   BANK2   BANK3   BANK4   BANK5   BANK6   BANK7   BANK8   BANK9  BANK10  BANK11  BANK12  BANK13  BANK14
      Params:         3       0       0       0       0       0       0       0       0       0       0       0       0       0       0       0
      Locals:         9       0       0       0       0       0       0       0       0       0       0       0       0       0       0       0
      Temps:          1       0       0       0       0       0       0       0       0       0       0       0       0       0       0       0
      Totals:        13       0       0       0       0       0       0       0       0       0       0       0       0       0       0       0
Total ram usage:       13 bytes
 Hardware stack levels used:    1
 Hardware stack levels required when called:    1
 This function calls:
		_RtccWrOn
 This function is called by:
		_Write_RTC
 This function uses a non-reentrant model


 *************** function _RtccWrOn *****************
 Defined at:
		line 21 in file "C:\Program Files (x86)\Microchip\xc8\v1.34\sources\pic18\plib\rtcc\RtccWrOn.c"
 Parameters:    Size  Location     Type
		None
 Auto vars:     Size  Location     Type
  data            2    0        unsigned int 
 Return value:  Size  Location     Type
		None               void
 Registers used:
		wreg, status,2
 Tracked objects:
		On entry : 
		On exit  : 
		Unchanged: 
 Data sizes:     COMRAM   BANK0   BANK1   BANK2   BANK3   BANK4   BANK5   BANK6   BANK7   BANK8   BANK9  BANK10  BANK11  BANK12  BANK13  BANK14
      Params:         0       0       0       0       0       0       0       0       0       0       0       0       0       0       0       0
      Locals:         0       0       0       0       0       0       0       0       0       0       0       0       0       0       0       0
      Temps:          0       0       0       0       0       0       0       0       0       0       0       0       0       0       0       0
      Totals:         0       0       0       0       0       0       0       0       0       0       0       0       0       0       0       0
Total ram usage:        0 bytes
 Hardware stack levels used:    1
 This function calls:
		Nothing
 This function is called by:
		_Write_RTC
		_RtccWriteDate
		_RtccWriteTime
 This function uses a non-reentrant model



MODULE INFORMATION

Module		Function		Class		Link	Load	Size
C:\Program Files (x86)\Microchip\xc8\v1.34\sources\pic18\plib\rtcc\RtccWriteTime.c
		_RtccWriteTime 		CODE           	1194	0000	269

C:\Program Files (x86)\Microchip\xc8\v1.34\sources\pic18\plib\rtcc\RtccWriteTime.c estimated size: 269

C:\Program Files (x86)\Microchip\xc8\v1.34\sources\pic18\plib\rtcc\RtccWrOn.c
		_RtccWrOn      		CODE           	1570	0000	19

C:\Program Files (x86)\Microchip\xc8\v1.34\sources\pic18\plib\rtcc\RtccWrOn.c estimated size: 19

C:/Archivos de programa/Unimic/unmc_01/headers\unmc_rtcc_01.h
		_Write_RTC     		CODE           	0F06	0000	329

C:/Archivos de programa/Unimic/unmc_01/headers\unmc_rtcc_01.h estimated size: 329

shared
		_LCD_INIT_STRIN		SMALLCONST     	0F01	0000	5
		__initializatio		CODE           	1450	0000	59

shared estimated size: 64

C:\Program Files (x86)\Microchip\xc8\v1.34\sources\common\awdiv.c
		___awdiv       		CODE           	1374	0000	151

C:\Program Files (x86)\Microchip\xc8\v1.34\sources\common\awdiv.c estimated size: 151

C:\Program Files (x86)\Microchip\xc8\v1.34\sources\pic18\plib\rtcc\RtccWriteDate.c
		_RtccWriteDate 		CODE           	104E	0000	327

C:\Program Files (x86)\Microchip\xc8\v1.34\sources\pic18\plib\rtcc\RtccWriteDate.c estimated size: 327

main.c
		_intensidad_led		CODE           	140A	0000	71
		_main          		CODE           	1582	0000	17
		_encender_led  		CODE           	1494	0000	67
		_leer_teclado  		CODE           	12A0	0000	213
		_Setup         		CODE           	14D6	0000	57
		_apagar_led    		CODE           	150E	0000	55
		_activar_retard		CODE           	1544	0000	45

main.c estimated size: 525

